学校
先生
人気
一人
大学
二人
入力
文字
学生
人生
本日
大人
一日
本人
天気
先日
女子
空気
二十
本文
見学
年金
山口
花火
中学
文学
大手
男子
青年
休日
人口
上手
男女
入学
左右
三十
入手
本気
山田
山本
一本
中小
日中
十二
下車
一生
十一
下手
王子
三人
出力
五十
四十
土日
森林
町村
右手
上下
十六
入口
赤字
学年
出口
左手
正月
花見
小川
一見
人目
入金
先月
女王
青空
青山
上田
年月
土木
中山
六十
本音
青木
山下
年中
中日
小学
学力
天下
三日
川口
一目
八十
水中
大山
本名
五月
七夕
火山
空中
中田
本田
夕日
小山
大名
名人
本年
一口
大気
下山
大雨
山中
大字
七十
二百
手足
白石
千人
金子
上空
中年
本校
山手
空手
百人
目玉
気力
水田
川上
見本
年上
小生
本学
玉子
水上
子犬
九十
月日
本土
白人
出土
四人
出生
大小
三百
空白
火力
町名
大石
人中
上人
大川
右上
中立
天文
下町
大王
天空
年下
五百
九月
七日
大木
村人
力学
大口
三千
下田
小雨
二千
左上
土手
小口
天草
人名
名目
金山
五人
十字
草花
右下
右足
文中
左足
手口
一足
足音
雨天
町立
人力
下水
下見
校正
水木
先人
山村
草木
雨水
月中
山車
立花
八百
山川
王女
名山
九九
車中
一文
小町
山林
本山
左下
名水
大金
大空
目先
人文
一二
千本
一八
五千
二三
竹林
白金
名字
人出
人手
四百
三男
小人
先手
下校
足下
水虫
木目
水気
月見
水草
山上
出先
生花
一手
二子
手先
一一
町中
一円
日日
正気
一気
小一
水車
一六
一千
天上
天王
石山
手本
六百
目下
木立
出水
白子
火花
水力
七百
名手
小石
先天
月下
千石
日月
火口
白木
五目
一名
三四
水生
文人
山水
早口
一字
入山
花月
子女
四六
四千
中空
学名
早目
本木
天子
白玉
女中
水玉
大目
水口
出火
赤木
花王
目白
八千
九六
町人
赤子
山名
女人
大日
水月
天女
入校
四五
手下
口先
七草
夕立
右目
大本
花木
小花
立木
左目
二八
中二
日出
金目
大大
出玉
六千
白水
中火
天日
出金
四大
名月
三五
水子
休校
糸口
先見
雨音