自分
場合
時間
今日
会社
今回
生活
出来
名前
今年
地図
中心
音楽
大会
計画
今後
高校
年間
週間
海外
土地
交通
回答
国内
会場
地元
当社
午後
社長
先頭
活用
上記
気分
外国
下記
空間
自体
電子
計算
工場
国家
電車
多数
午前
市内
電気
分野
組合
会長
本当
当日
少女
時点
今週
来年
毎年
本来
多分
前回
半分
会話
作家
用語
一体
万人
後半
今月
記入
会計
市長
出場
売買
数字
人数
当店
夕方
一回
母親
多少
学会
原作
心理
外科
文書
言語
国会
先週
引用
前日
手紙
合計
中止
作用
家電
朝食
父親
本体
店長
兄弟
夕食
思考
来週
直後
店内
同一
回数
手当
前半
市立
手前
本社
直前
体力
台風
毎回
何回
今朝
来店
科目
毎月
走行
毎週
半年
音声
地上
今夜
入門
昼食
新人
近年
売上
人工
大体
同社
地点
数学
帰国
電池
日曜
本店
姉妹
本書
何人
内科
学科
同時
入会
強力
電力
王国
半角
外交
黄色
用紙
自立
国土
新年
先行
出店
青春
早朝
店頭
前記
歌手
親切
自作
店名
立地
本番
校長
手間
点数
親父
社内
天才
同人
上場
日時
外出
絵画
大半
心地
肉体
合同
前年
手元
国語
夜間
入社
来場
日米
外来
弟子
何時
生理
後日
土曜
合理
分子
数十
日数
来月
正体
正当
足元
通学
立体
歩行
一同
分間
工学
小売
公立
町内
回線
車内
直線
本線
体内
地理
少数
目線
同行
地形
歩道
同日
気楽
名作
野生
千万
間近
出番
空室
画家
会合
人前
後方
原点
親友
出前
気合
同年
新書
牛肉
算出
当方
前方
強引
年数
数百
外見
本作
新車
休止
語学
前作
合間
計上
元年
月曜
方言
何十
歌声
外人
百科
円高
音色
車線
切手
長女
一点
教科
大声
番地
生体
曜日
野外
金曜
人体
通話
社名
万一
海水
家計
名言
茶色
自力
長文
同市
声明
北東
番手
車体
用地
明細
外食
内外
道中
毎朝
南西
入国
自国
親方
台数
活力
売店
黒人
公社
強風
年内
国交
書道
作文
円分
前線
風水
弱点
入園
手首
当分
何日
日夜
光学
土台
本数
活気
父母
合体
月間
古書
通算
数千
風土
白色
王朝
半日
多大
何気
学長
半数
晴天
合金
黒字
細工
自家
算数
国王
書記
強行
目前
赤色
食後
夏場
番外
時空
内心
南東
王道
直売
国体
食用
分科
用水
足場
名門
点目
口元
水曜
天体
作目
木工
母校
作画
多用
国外
生後
山行
手話
組立
今時
遠足
年分
空母
色気
古今
理学
合図
新春
明白
原画
同点
直近
円形
何百
里親
売春
新米
原文
同名
馬車
木曜
電線
場内
活字
足首
強気
岩場
近場
思春
引手
顔色
頭上
台本
生前
一読
風力
校内
日朝
見当
白書
光線
自生
冬場
口頭
社交
心中
交番
文体
茶道
一線
首長
前夜
通気
社外
近日
本国
羽目
回帰
汽車
図形
入店
学内
口内
黒色
名店
火曜
男前
羽毛
同月
地中
音頭
日食
年長
用心
風車
方角
室長
親王
海中
少子
太刀
本会
食道
当番
色紙
朝市
点字
白紙
元来
体外
一新
国歌
出社
明言
当人
売場
直下
家出
作風
台地
昼前
作中
回生
本心
肉食
朝顔
矢先
園長
歌人
自前
組長
細心
文言
書体
朝夕
行楽
昼夜
食肉
年会
耳元
何千
市電
人道
番線
春先
外道
気長
何分
生計
今作
出家
同国
名声
前月
見聞
弱体
多角
書名
台車
原生
小顔
遠出
公用
母国
人魚
会食
同校
校歌
今春
手記
年来
前走
元本
馬力
本紙
一室
気体
売国
今夏
親近
強大
白米
手羽
先方
教頭
後見
市外
四角
通夜
町家
半生
黒毛
雪国
読本
近海
地内
弱気
三線
茶室
後手
理工
引数
週休
記名
場外
社寺
後場
入室
近親
目元
船内
小声
番台
自室
毛糸
出国
今秋
出頭
内地
当直
力強
絵図
南高
原本
出船
考古
自公
船体
土間
弱火
算入
何万
弓道
数理
体長
野心
自白
同店
直角
音読
引当
車台
線形
戸数
親交
細道
当会
町会
公売
左記
名画
草食
王家
生長
小心
母音
時分
分校
合算
小道
公家
王室
線上
家人
年少
分光
字体
新日
細分
自画
土用
父兄
知力
外気
声楽
小魚
強弱
国力
茶会
夜食
番頭
国名
古文
前科
店先
親日
買春
何色
同町
遠心
直立
弱小
姉弟
外車
自走
後年
子分
家来
岩魚
合作
出自
水場
交友
前足
広角
三色
遠目
新風
風光
母方
秋風
出方
頭数
上体
地魚
毛先
古紙
家元
通風
台紙
公金
立会
気道
点心
風雨
原石
後記
三時
太字
立国
雪道
食前
新茶
竹刀
立春
分家
木馬
活魚
分数
星雲
校門
電光
黒船
下図
目頭
車高
下線
同会
手引
右記
声高
同室
強火
工大
来社
古風
社中
当行
西北
花色
室外