自分
場合
時間
今日
会社
今回
生活
出来
社会
人間
電話
名前
一番
今年
中国
地図
日記
中心
明日
音楽
大会
計画
毎日
今後
高校
地方
当時
大切
市場
公園
番組
年間
元気
週間
海外
新聞
土地
十分
交通
回答
科学
教室
国内
会場
地元
一方
当社
午後
社長
先頭
中古
活用
上記
気分
外国
下記
友人
空間
少年
自体
電子
計算
工場
国家
電車
多数
午前
市内
電気
分野
組合
会長
本当
一切
当日
少女
時点
今週
日間
正直
来年
毎年
立場
本来
多分
前回
半分
会話
楽天
作家
用語
一言
一体
一時
万人
前後
後半
今月
記入
会計
市長
出場
売買
数字
人数
当店
時計
夕方
通知
一回
母親
多少
大分
広場
学会
国道
原作
人形
心理
外科
文書
言語
国会
国立
先週
山形
東北
引用
前日
手紙
親子
合計
中止
作用
家電
教会
地下
朝食
書店
父親
本体
店長
兄弟
夕食
学園
思考
来週
絵本
直後
店内
一歩
同一
回数
手当
前半
市立
手前
本社
生地
直前
体力
台風
毎回
会見
何回
今朝
中間
来店
科目
毎月
東海
室内
工作
走行
毎週
半年
音声
地上
今夜
読書
見方
入門
昼食
新作
新人
近年
売上
人工
大体
同社
入場
地点
朝日
何人
数学
帰国
電池
日曜
高原
本店
水道
姉妹
本書
内科
学科
同時
入会
強力
地名
電力
王国
昼間
半角
外交
水分
黄色
用紙
自立
国土
自社
新年
先行
出店
青春
早朝
店頭
前記
歌手
親切
大地
自作
店名
立地
原理
本番
黄金
校長
長年
日光
林道
手間
点数
親父
社内
天才
同人
長男
行方
上場
日時
外出
絵画
図書
大半
知人
夜中
心地
肉体
合同
前年
手元
国語
文明
夜間
入社
来場
日米
外来
百万
弟子
海上
何時
生理
一家
後日
土曜
合理
分子
数十
日数
来月
正体
天国
正当
足元
道場
通学
立体
歩行
高山
一同
分間
工学
小売
公立
町内
明記
回線
車内
直線
東方
本線
体内
地理
少数
通行
目線
同行
地形
南北
歩道
同日
来日
気楽
名作
町長
野生
東西
当地
千万
通用
間近
三角
出番
空室
画家
会合
人前
後方
一行
原点
親友
出前
気合
同年
公正
新書
牛肉
算出
広大
原子
当方
前方
強引
年数
馬場
本場
数百
外見
本作
新車
休止
語学
前作
合間
理科
計上
元年
月曜
方言
何十
野田
歌声
古本
外人
百科
円高
音色
西口
車線
切手
長女
本家
一点
教科
大国
大工
母子
高木
大声
百合
番地
目黒
生体
曜日
野外
小麦
北上
春日
金曜
一夜
人体
白鳥
金魚
通話
山道
社名
万一
海水
家計
名言
茶色
一角
野鳥
自力
長文
同市
声明
北東
番手
上京
車体
用地
南海
明細
外食
内外
道中
野口
毎朝
南西
里山
入国
自国
親方
台数
白馬
読売
楽園
活力
北西
中元
上方
売店
大社
黒人
公社
強風
年内
国交
書道
山間
金色
作文
前線
風水
万年
弱点
入園
手首
当分
何日
日夜
小池
光学
土台
本数
台場
活気
船長
父母
古来
東口
合体
星空
月間
古書
大作
新田
直行
通算
小鳥
遠方
数千
風土
白色
王朝
半日
多大
何気
高台
学長
谷川
半数
南国
晴天
北方
合金
土方
黒字
細工
大家
天地
夜空
地道
自家
算数
国王
草原
書記
強行
目前
北口
下地
南口
赤色
一色
食後
市中
青色
夏場
番外
家内
山地
古川
時空
内心
山内
南東
内野
田園
中原
王道
風船
直売
国体
食用
直通
出馬
分科
手形
用水
足場
名門
点目
大雪
口元
白黒
水色
夜行
水曜
天体
作目
木工
母校
新入
作画
多用
園内
国外
山野
生後
山行
手話
組立
今時
今一
四方
遠足
半田
新生
花園
空母
色気
出走
古今
南方
理学
谷口
合図
新春
明白
南下
外野
原画
同点
直近
円形
正午
何百
里親
朝一
売春
車道
新米
原文
同名
馬車
木曜
電線
場内
活字
村長
地場
中西
東名
足首
下方
強気
岩場
近場
思春
引手
顔色
頭上
台本
何本
生前
一読
風力
校内
日朝
公明
見当
白書
光線
自生
冬場
口頭
社交
心中
市町
交番
文体
近道
茶道
一線
首長
前夜
文科
通気
社外
丸太
門前
母体
近日
本国
朝方
羽目
回帰
本市
汽車
図形
入店
道内
学内
口内
黒色
黒木
番長
名店
火曜
男前
羽毛
同月
地中
道理
親分
川原
音頭
日食
年長
用心
月光
風車
方角
室長
千秋
親王
海中
谷間
半月
少子
太刀
本会
食道
当番
色紙
兄妹
朝市
点字
中高
古道
白紙
知見
元来
体外
雪山
本丸
一新
国歌
出社
明言
当人
売場
直下
台頭
家出
来春
野中
金星
岩石
作風
西方
一丸
台地
昼前
八雲
作中
回生
本心
西南
大門
肉食
山門
朝顔
矢先
園長
歌人
自前
組長
細心
国分
文言
書体
寺社
朝夕
行楽
昼夜
空海
食肉
北海
年会
一心
耳元
北国
何千
太子
市電
人道
番線
春先
外道
気長
遠山
何分
生計
野原
今作
出家
太一
春秋
同国
名声
内海
道楽
前月
大丸
見聞
弱体
多角
書名
赤羽
点火
一門
台車
下野
原生
小顔
遠出
同心
六角
花道
公用
小国
母国
野山
正門
大黒
西京
大方
市道
天理
人魚
会食
同校
山里
校歌
今春
千鳥
手記
年来
前走
上戸
野草
山寺
元本
馬力
本紙
一室
気体
売国
今夏
親近
家中
強大
白米
手羽
先方
教頭
秋冬
後見
春夏
公言
市外
四角
通夜
町家
月夜
大海
半生
黒毛
春風
雪国
父子
読本
近海
地内
公道
弱気
三線
茶室
後手
理工
引数
週休
日当
記名
場外
大通
社寺
後場
高見
入室
大船
西国
近親
目元
高音
船内
光明
公文
小声
光子
番台
自室
早春
毛糸
出国
今秋
出頭
内地
当直
北風
時雨
高地
力強
絵図
南高
原本
風間
出船
通年
小雪
考古
自公
太古
船体
土間
弱火
本道
万里
算入
何万
秋月
東南
弓道
五行
東上
数理
海道
体長
野心
海原
小春
自白
同店
直角
音読
引当
見地
木戸
車台
線形
一分
鳴子
一元
戸数
親交
細道
当会
麦茶
町会
公売
力作
左記
船頭
名画
草食
絵馬
王家
新道
生長
小心
色白
一声
赤毛
母音
時分
五色
中道
分校
合算
小道
野手
赤星
公家
新月
寺町
東国
船上
金時
王室
高遠
線上
古木
家人
前場
年少
分光
春雨
白地
字体
新日
細分
自画
水門
土用
父兄
新市
谷中
南風
知力
花形
外気
生家
声楽
小魚
強弱
本分
一風
文楽
国力
親水
茶会
夜食
番頭
国名
古文
林家
大麦
前科
間口
大台
店先
親日
買春
何色
同町
雲海
明星
里子
自明
遠心
直立
弱小
元日
原木
姉弟
角地
外車
東風
自走
遠近
後年
子分
村内
家来
大前
岩魚
黒石
合作
木場
出自
大岩
水場
交友
前足
広角
西海
遠目
水鳥
新風
大道
風光
母方
秋風
出方
七色
文教
林間
頭数
上体
地魚
毛先
古紙
家元
黒子
赤道
通風
台紙
国原
公金
原野
立会
気道
谷町
点心
三毛
風雨
原石
海馬
石室
後記
国人
入道
田楽
太字
上地
立国
八方
雪道
食前
新店
新茶
竹刀
立春
左近
分家
木馬
山海
活魚
分数
星雲
海草
小夜
校門
電光
草地
黒船
下図
目頭
車高
文理
下線
長生
青海
岩山
同会
手引
右記
声高
同室
強火
夜半
工大
南山
数多
寺内
同大
来社
古風
長大
社中
当行
西北
日用
花色
室外