情報
表示
可能
内容
現在
個人
質問
女性
対応
画像
物件
状態
技術
機能
評価
基本
調査
価格
条件
設定
実際
効果
報告
保険
経験
理解
対象
営業
結構
過去
広告
事件
程度
保護
経営
資料
規定
責任
国際
移動
製品
制度
指導
運営
編集
非常
総合
業務
絶対
判断
団体
政府
原因
表現
建築
男性
投資
意識
知識
設置
準備
組織
限定
消費
直接
実現
興味
事務
構造
主義
規約
解決
事故
基準
検査
転職
整備
製造
採用
美容
解説
取得
感謝
職員
現場
授業
設計
素材
出演
現実
新規
構成
資格
在庫
禁止
出版
有効
導入
提案
医師
反応
金額
保証
設備
修正
研修
制作
回復
日常
想像
費用
複数
講演
新築
再生
平均
適用
提出
伝統
確保
防止
現状
主張
事情
報道
資金
手術
許可
本格
正確
現地
無断
一応
証明
体制
戦略
犯罪
表情
制限
最適
確実
増加
停止
合格
性格
復活
独自
規制
大型
予防
講師
集団
効率
教師
条例
独立
夫婦
設立
要素
実績
航空
資産
感情
接続
物質
品質
評判
支持
芸術
快適
周囲
公演
職場
同士
田舎
構築
演出
何故
活性
標準
原則
減少
神経
移転
受賞
測定
職業
経過
確定
所属
災害
適切
規則
武器
適当
現象
得意
財産
保育
輸入
個別
支配
所得
態度
機構
財政
義務
出張
指示
性能
記述
資本
開設
格安
好評
競技
雑貨
強制
自殺
金属
解消
明確
損害
文句
個性
常識
保健
日程
成績
美術
過程
期限
特性
保管
殺人
事態
複雑
限界
統合
芸能
形態
支給
再度
実態
経由
配布
支部
習慣
面接
通過
通報
税金
検証
独特
燃料
予測
判決
支店
復帰
総会
布団
確立
血液
前提
講習
講義
現金
検定
性質
衛生
統計
査定
広報
応用
受講
演技
食堂
仏教
入居
判定
小型
観測
在住
防衛
要因
在日
総理
再現
救急
再開
現役
出現
移行
予報
総務
申告
素人
確率
主婦
新型
提示
余計
格好
容易
無効
留学
予告
条約
消防
防災
特許
輸送
犯人
有限
編成
容量
形状
幹部
開示
修行
解放
分布
保有
業績
幹事
不可
正解
適正
帰属
付属
主演
解散
招待
本質
速報
分解
水準
経費
暴力
往復
輸出
大勢
判明
財団
週刊
圧力
意義
任意
実質
河川
逆転
見解
本件
複製
得点
賛成
単独
容器
点検
酸素
火災
花粉
移植
総額
相性
工程
告白
個室
謝罪
制服
職種
貿易
婦人
飼育
重複
愛情
財布
酸化
軽減
書士
刊行
構想
才能
意志
現行
件数
防犯
検出
省略
職務
財務
確信
体質
説得
史上
告知
新刊
雑談
戦士
規格
損失
加減
属性
新設
精度
高額
複合
類似
守備
人格
寄付
制定
実務
課税
不快
情熱
真似
改修
計測
要件
衛星
再建
境界
解明
比率
兵士
技能
原告
情勢
絶望
殺害
格差
学術
接種
肥料
暴走
生態
支出
眼鏡
基金
答弁
予備
証言
混雑
接客
提言
習得
変態
清潔
混合
賞味
自演
個体
決断
政令
市営
再会
夢中
貸切
出資
適応
修復
養護
常連
演説
住居
限度
気象
高価
液体
学歴
感性
典型
貯金
大賞
球団
眼科
共演
夫妻
破損
不能
識別
民営
移住
車検
苦情
酒造
破産
工務
備考
案件
演習
復旧
復元
仮面
性別
横断
中断
接近
的確
校舎
課程
祖父
要領
国境
先祖
月額
上限
資材
経路
仮想
断熱
標識
本編
停車
血圧
主導
絶賛
常時
入賞
任務
特価
接着
志望
月刊
解答
同居
応答
祖母
完備
守護
全額
主任
適合
燃焼
営利
切断
検察
消毒
実在
実証
名義
良質
解約
不在
増大
技法
経歴
経理
無職
交際
軍団
志向
採取
快速
断念
半額
比例
風情
必殺
続編
適度
再発
賛同
辞任
暗殺
歴代
上質
社団
水質
独身
規程
電圧
再編
団子
戦術
安価
友情
絶品
労務
中毒
根性
複写
日刊
燃費
準用
統制
動脈
所在
間接
特製
代謝
絶景
基調
防水
木製
移民
構図
採点
急性
定額
雑記
運輸
同条
制約
外資
航海
公布
弁護
短編
単価
有価
留意
炭素
提起
低減
税制
油断
前述
解禁
税務
悪質
炭酸
先程
酸味
統治
告発
先制
許容
体型
会費
残留
肥満
順序
安易
絶好
急増
同情
基板
改築
造形
雑草
任命
暴行
領土
効能
上演
仏像
増税
税率
書評
初版
低迷
快感
自在
可決
和解
元祖
物価
自衛
性的
材質
任期
製薬
粉末
犯行
因子
住職
増進
移設
構内
倍率
明示
賞品
減額
護衛
効力
余談
接待
音質
実情
総研
人件
過失
救出
特設
定価
発現
画質
保留
断然
心得
飼料
前条
理性
功績
製法
物資
証人
心境
賞金
史料
仮定
原価
伝授
転移
気圧
余分
日報
在学
価額
長編
支社
力士
色素
断面
貸付
提唱
団長
増強
質感
事象
判例
告示
興行
仮説
過言
駅舎
鉱山
現物
断言
態勢
編入
格別
税額
税法
心情
証書
協賛
作製
委任
厚労
法務
復習
健在
採集
選任
倍増
元素
仮名
団結
増設
損益
無能
行程
起因
散布
精力
判別
均等
減量
知能
後編
雑魚
前編
受容
観賞
開講
点在
教団
精算
墓石
定評
特技
故意
念仏
正統
地質
演歌
法規
団員
悪夢
同志
鉱物
在来
資質
応対
一眼
術後
相応
実演
無罪
軽快
情景
宿舎
人妻
公務
高圧
質量
快楽
入団
貸出
国防
素顔
率直
義母
造成
知性
不備
多額
牧師
法制
因果
人質
最寄
常任
接点
役職
評議
版画
毛布
現職
技師
貸家
経年
対比
編曲
支所
停電
保温
時価
朝刊
混入
公営
接合
減税
理容
支度
間際
演算
過度
図解
挙句
故人
常温
差額
総数
塩素
夕刊
参政
救命
絶大
運勢
半減
幹線
配備
祖国
公示
調停
伝導
応急
都営
山脈
防火
静脈
貧血
反則
体勢
備品
採算
公団
織物
原型
提灯
体格
人情
精製
外務
金型
可動
公判
乗務
採決
一報
政界
新婦
雑学
楽団
実技
時効
失格
出費
基点
読解
悪性
史実
通告
個数
断定
地検
基幹
防具
酸性
有罪
精子
貸借
配属
運航
国営
志願
減速
暴言
毒性
県境
検事
辞職
圧勝
迷宮
公告
会報
武術
駅弁
造船
労災
経常
気質
総勢
演目
中略
師事
極限
求職
寄生
損保
適性
肥大
増額
独断
地価
検知
前衛
混同
中性
絶版
常務
転居
人脈
祖先
血統
解読
条文
混在
直営
学費
責務
眼下
欠損
適量
報復
包囲
変容
信条
暗示
暴落
文脈
自費
居間
師団
往来
応力
氷河
暴動
中型
境地
常設
設営
開演
件名
関税
枝豆
保養
実費
陽性
戦犯
実効
発刊
修業
反復
電解
対価
義父
精米
近接
教祖
仮設
賞賛
病状
国益
指圧
増減
罪悪
造園
画素
移管
立証
角質
業態
上告
移入
制圧
支流
修得
解任
分断
総体
品格
県政
適格
招集
交易
容積
航行
寄席
気絶
愛護
支柱
受益
政務
総統
月経
語句
現像
病態
法師
防音
支局
効用
在留
減価
領主
後任
平常
比重
在職
死因
精液
増築
余程
慣習
花弁
官能
精通
旅費
防寒
個所
重賞
良識
女史
精油
競演
変質
神仏
電報
過大
炭鉱
現世
殺虫
根幹
後述
格言
勝率
雑感
過労
合弁
製本
増資
布教
禁断
断固
本性
賛美
下限
復刊
留置
一句
演題
銅像
講堂
送検
常備
迷路
防護
談義
財界
明快
風格
金賞
貸金
迷走
節句
初演
独学
反逆
殺意
製鉄
眼前
全編
往生
新旧
農政
相殺
素手
農耕
国税
士官
移送
断絶
快挙
新報
版元
上述
動態
検挙
布告
仏具
調製
快勝
居室
職歴
類型
打破
国務
素質
旧道
断食
新版
横領
鉱石
一因
何個
能率
得票
貧弱
図版
具現
利率
出航
物性
増量
受精
率先
仏法
性器
歴任
役務
義歯
領地
士気
技量
食費
教示
手技
定型
絶句
健常
輸血
師走
防備
成型
眼球
永続
禁物
県営
米粉
買得
接戦
加圧
同性
判事
適時
非行
再興
中絶
快調
油圧
手際
護岸
報知
内職
可変
音程
書留
設問
水性
大判
謝礼
等価
打率
毒素
公職
型紙
変性
境目
管制
修験
休職
型式
塩基
別格
授賞
質屋
増員
混浴
習性
料率
採血
別居
政局
軍師
用件
肉厚
留保
墓所
史観
増刊
再三
適法
辺境
逆行
演芸
移築
形容
必修
夢想
流布
特質
余命
時限
肉眼
往路
興業
知財
経口
故事
去勢
営農
年額
質素
代弁
再考
精査
節税
軍勢
句集
英検
見識
遊技
暗証
評定
照準
一過
公費
構文
体現
往年
墓場
講話
罪人
序章
逆流
根絶
旧約
母性
教職
志士
告別
造営
少額
不評
急務
能楽
国技
学資
市制
同額
弁明
非道
増産
型番
総連
破局
在外
厚手
液状
面識
破格
暴風
示談
過多
非情
慣行
雑用
導電
本職
鉱業
熱演
妻子
留年
講和
続報
旅情
過熱
可燃
再来
寄港
失態
増益
変則
賛助
減点
余力
軍備
導師
再起
確約
接地
木質
確証
復路
格付
防虫
製材
良型
首領
救護
公設
寄進
任用
領有
好適
貯水
製図
改編
体液
手製
球技
形質
町営
船団
整復
旅団
保冷
検体
内在
検品
複線
戦績
引率
平素
読破
経産
総代
迷信
態様
横暴
布地
敗因
共犯
青銅
実測
技工
禁書
断続
雑種
弁理
石像
神職
修練
旧型
講談
逆光
逆境
統率
造作
開祖
学識
護身
旧来
史的
着任
序曲
総量
余興
制止
水圧
損金
燃油
旧制
格式
主眼
殺生
社保
混迷
略歴
前職
市税
小判
能動
定率
気性
賞状
無常
織布
全容
同義
解毒
査察
主務
居候
薬効
初任
造語
有毒
学士
失効
人型
紀要
息災
電停
休刊
素足
老師
肉質
殺気
格調
表象
雑多
得体
一団
失禁
管財
例示
講評
法政
公報
仏事
時報
税別
実像
慣用
混血
飼養
義兄
居合
評点
毒物
総力
品性
序列
主幹
義姉
逆手
開眼
解法
保身
苦境
季刊
素案
不織
不潔
暴挙
築造
支線
真価
終演
平易
武具
混戦
製紙
過食
往時
塩酸
順応
再選
前略
立像
前任
停戦
再燃
官報
新任
温厚
額面
弁解
発効
書状
制動
常緑
鉄製
似非
布石
師弟
製粉
独走
自賛
基底
人造
野性
政調
後衛
写経
再読
木版
貯留
教務
節減
快気
原状
属国
考証
減圧
識者
読経