紹介
販売
投稿
環境
詳細
状況
変更
普通
更新
一般
医療
連絡
彼女
店舗
支援
治療
影響
応援
攻撃
途中
結婚
宿泊
比較
是非
記憶
行為
介護
事項
特徴
被害
活躍
項目
記載
派遣
到着
依頼
漫画
舞台
距離
範囲
趣味
通販
年齢
満載
普段
指摘
瞬間
地震
高齢
転載
維持
信頼
先輩
突然
違反
迷惑
沢山
継続
戦闘
恋愛
自慢
微妙
獲得
歓迎
傾向
破壊
太郎
皮膚
名称
療法
乾燥
相互
新鮮
巨大
一瞬
申込
抵抗
箇所
売却
制御
証拠
刺激
普及
連載
一致
面倒
大幅
拠点
解釈
我慢
一杯
考慮
用途
玄関
恋人
配慮
真剣
支払
振興
回避
透明
別途
爆発
振込
需要
恐怖
執行
信仰
被告
脂肪
攻略
根拠
豆腐
遺跡
全般
離婚
給与
冒険
監視
優秀
臨床
敷地
取扱
基盤
中継
近隣
依存
抜群
閉鎖
援助
執筆
監査
鑑賞
知恵
避難
巨人
原稿
遠慮
添加
奇跡
名誉
分離
汚染
禁煙
象徴
対抗
違法
為替
拍手
太鼓
彼氏
菓子
突入
突破
帽子
休暇
税込
抗議
屋敷
描写
先端
前項
経緯
慎重
接触
継承
添付
趣旨
鑑定
多彩
野郎
芝居
迫力
疲労
今更
矛盾
樹脂
濃度
刺身
振動
侵害
不況
実況
警戒
恒例
侵入
徴収
尾根
老舗
隣接
後輩
仲介
脚本
端末
強烈
爆笑
極端
防御
中旬
冒頭
発掘
敷金
脱出
関与
離島
市販
下旬
開拓
慢性
耐震
到達
濃厚
一環
浸透
送迎
言及
奥様
爆弾
倒産
浮気
腰痛
闘争
耐久
図鑑
蓄積
与党
目撃
振替
英雄
通称
劣化
疑惑
斜面
風俗
独占
魚介
療養
投与
名刺
感触
打撃
侵略
露出
偉大
代替
奴隷
格闘
祈願
柔道
占領
威力
奇妙
奮闘
騒動
粒子
選抜
繁殖
大抵
脱毛
原爆
海鮮
途端
自称
遠征
装飾
被災
惑星
印鑑
絶妙
外壁
含有
悲惨
敏感
三郎
付与
後継
駆使
起訴
壁紙
沈黙
理屈
玄米
髪型
丈夫
薬剤
上旬
舗装
色彩
駆除
足跡
終盤
優雅
増殖
甘味
昼寝
専攻
煙草
騒音
地盤
儀式
引越
寄与
到来
調剤
握手
倉敷
途上
現況
洗剤
剣道
勧告
中盤
本舗
冷却
民俗
駆動
後援
運搬
強盗
右翼
追及
圧倒
史跡
捕獲
跡地
介入
坊主
音響
圧迫
序盤
浮上
権威
飛躍
反撃
好奇
芝生
巡回
御礼
左翼
搬送
傾斜
乾杯
稲荷
退屈
即日
遅刻
相違
離脱
一撃
繁栄
骨盤
溶接
襲撃
同項
皆無
射撃
監修
座敷
堤防
突撃
転倒
恐縮
暴露
事柄
追跡
驚異
養殖
雄大
圏内
速攻
人柄
五郎
鮮明
中堅
交響
半端
御飯
遅延
直撃
神殿
婚約
噴火
豪雨
歌謡
千歳
連鎖
遊戯
愛称
彼方
返却
露天
盛況
岩盤
搬入
二郎
新婚
端子
耐性
苦悩
罰金
救援
被爆
小僧
煮物
授与
礼儀
縁起
鉛筆
舞踊
絵柄
交互
光沢
到底
総称
盗難
中途
陰陽
殺到
震災
山陰
豪快
漫才
宮殿
震度
平凡
歓声
砂浜
旨味
環状
猛暑
贈答
思惑
民謡
逃亡
弾圧
地雷
寝具
巡礼
声援
撃破
恩恵
繁盛
近況
就寝
承継
爆撃
侵攻
三振
唐突
屈指
反響
面影
不振
金髪
電撃
是正
自爆
抗体
紫色
寝室
多忙
御所
弾力
鮮度
即座
出撃
援護
呼称
四郎
寄贈
逃走
踏切
称号
獣医
瞬時
黒髪
荒木
城跡
規範
却下
無縁
尽力
腐敗
焼却
製剤
要項
白髪
条項
必需
起床
殿下
吹雪
猛烈
加齢
維新
狂気
御覧
陣営
仮称
贈与
壁面
更生
量販
噴出
点滴
介助
執着
要旨
婚活
攻防
改称
強豪
鉄砲
静寂
脱線
大沢
百姓
貯蓄
寝台
即時
眠気
因縁
濃縮
空襲
反抗
殿堂
彼岸
新郎
尋常
凶悪
処罰
初恋
致命
一端
微笑
困惑
貸与
本殿
幾度
提訴
歳出
執事
獲物
剣士
特攻
生殖
右腕
熱狂
罰則
切替
準拠
匹敵
前髪
微細
激怒
鮮魚
絶叫
健闘
狂言
稲葉
師範
激突
歳入
一途
絶縁
爆破
抗生
趣向
老朽
万歳
脱退
抜本
合致
征服
闘病
水彩
涙目
日陰
歳月
脱却
溶解
御前
渡航
連峰
左腕
家紋
日露
歓喜
耐熱
逃避
小柄
脂質
川端
狭間
拍子
千尋
増幅
溶液
出陣
弾丸
道端
略称
浮遊
山奥
監禁
透過
闘士
占拠
紋章
歳暮
即位
腐食
床下
未婚
摘発
末端
童謡
再婚
海浜
御殿
過敏
戯言
輩出
撃退
所為
浸水
捕手
需給
項中
撃沈
寄稿
即決
倒壊
添乗
投影
突出
発端
隠居
人影
露店
悪戯
渡来
病床
惨敗
途方
露骨
突起
占有
扇子
弾性
御用
樹齢
姓名
噴水
両端
巨額
何歳
躍進
胴体
脱衣
初旬
出稿
賞与
両替
依然
三脚
震源
隣人
迫害
告訴
溶岩
鼓動
仮眠
奥義
脱税
屈折
本陣
迎撃
異端
大粒
微量
攻勢
先駆
脱落
抗争
薄毛
舞踏
逆襲
市況
触手
皮脂
主旨
摘出
幾何
脱走
突発
巡査
丹念
採掘
長尾
対称
外為
指紋
描画
右肩
製菓
敷居
淡水
殿様
両腕
脱力
浜辺
監理
突進
祈念
釈放
即効
希薄
煙突
旧暦
荒野
憶測
茶髪
発狂
西暦
波紋
波及
毛髪
致死
壁画
薄型
躍動
発砲
拠出
尋問
離職
即興
漁獲
寝坊
珍味
抱負
誤爆
桃山
模範
空欄
社殿
失恋
脱水
水沢
再販
富豪
押印
微小
新鋭
兼用
即売
戯曲
噴射
即死
床屋
油脂
盆地
偉人
狩人
不眠
語尾
交替
稲作
追撃
端的
彩色
抵当
執念
拍車
大砲
木陰
結露
溶剤
石畳
決闘
儀礼
払込
微分
鉄塔
敷設
注釈
越冬
末尾
砲撃
仰天
暗黙
供与
備蓄
鳥獣
端数
抜歯
広範
熱烈
堅調
優越
精鋭
堅実
耐火
花柄
世襲
吐息
桃色
水滴
御座
車載
沈下
離陸
心拍
打倒
幾分
感嘆
徴兵
更正
縁側
固執
右端
乱舞
貴殿
連泊
汚職
脱帽
傷跡
奇麗
劣等
互角
円盤
腕前
奇襲
草刈
抵触
手腕
脱皮
搬出
刺客
敬称
不詳
冬眠
爆音
魚雷
生鮮
城壁
汚水
人為
違憲
直販
老齢
一躍
美脚
物販
拝殿
里芋
弾道
左端
援軍
砂丘
召集
積載
祝儀
兼任
隣国
雑煮
寝床
岸壁
短絡
剣術
婚礼
沈着
縁日
陣内
進撃
本稿
鈍感
巨木
池沼
凡人
暇人
即刻
小紋
線維
豪族
威圧
寝言
復縁
図柄
更衣
傍観
息吹
甘口
難儀
栄誉
甘酒
障壁
役柄
入稿
追突
侵食
被疑
落雷
血縁
踏襲
恒久
威厳
奥歯
水稲
足腰
箇条
抗原
凶暴
死闘
奥山
奥底
水溶
花咲
折込
凶器
刺青
大奥
招致
陣痛
繁忙
内需
服飾
着脱
小粒
気迫
誇張
防腐
作為
空爆
惨事
猛毒
舌鼓
演舞
同姓
即席
松陰
湖沼
行儀
稲田
額縁
元凶
雷雨
療育
巡視
捕食
刀剣
形跡
奇形
販路
盗作
使途
襲来
網戸
威勢
触発
造影
隣町
発汗
稲妻
金網
希釈
恋心
偉業
弾薬
凡例
陰性
般若
輝度
修飾
狩場
舞子
共闘
執務
寝顔
雅楽
柔術
角煮
薄手
脚光
余暇
幾多
御子
流儀
帰途
白濁
監事
汚物
渡米
散髪
幅広
布陣
濃密
緯度
耐用
退陣
山吹
後尾
狂人
押収
南端
離党
見込
我輩
陣地
前途
賦課
優劣
鑑別
渡船
忘却
赤帽
堅持
透視
乱闘
兼務
背丈
奇数
沈殿
圏外
御大
物騒
砲弾
干拓
即答
脱字
継手
傍点
共振
襲名
豪雪
近傍
持込
快眠
闘志
交尾
強迫
噴霧
名盤
煮干
倒木
頭髪
道幅
丹精
間柄
迷彩
爆走
見舞
繰越
黙認
奇抜
鎖国
惨状
本拠
橋脚
軽微
本剤
山芋
次項
安眠
和柄
西端
手柄
玄人
攻守
弾幕
砲台
行脚
兼業
万端
早寝
世俗
陣屋
薄味
振付
突風
荒波
小幅
身柄
鮮烈
端午
損壊
避暑
路肩
耐力
敗訴
名鑑
脚色
離宮
別姓
釈明
戒名
騒然
長髪
腕輪
停泊
野獣
拡幅
跳躍
勝訴
西陣
歓送
雌雄
乾物
確執
軒先
退避
鬼門
劣悪
先般
端部
更地
美麗
白壁
風刺
気鋭
過渡
満杯
短剣
鎖骨
汚損
恵方
律儀
被弾
理髪
高脂
惨劇
朱色
縁組
家柄
微熱
追憶
陰影
奥深
激闘
占用
御宿
御堂
体罰
朝霧
脈絡
参与
歓談
品薄
介在
鋭意
汚濁
文豪
真壁
横幅
切迫
会釈
床材
失脚
猛者
主砲
諸般
暗躍
枯葉
東端
雷神
油彩
箇月