掲載
企業
施設
開催
携帯
実施
選択
終了
募集
撮影
契約
交換
企画
請求
了承
駐車
削除
福祉
魅力
申請
基礎
当該
概要
書籍
応募
逮捕
該当
施行
審査
閲覧
細胞
連携
上昇
魔法
雇用
主催
特殊
掃除
措置
寿司
緊張
免許
緊急
削減
促進
風邪
完了
施工
邪魔
休憩
変換
視聴
収穫
工房
委託
顧客
崩壊
衝撃
豪華
塗装
葬儀
審議
転換
翻訳
地獄
要請
覚悟
偶然
哲学
分譲
滞在
刑事
訂正
概念
悪魔
提携
帝国
満喫
債務
宴会
怪我
抽選
後悔
随分
排出
既存
師匠
犠牲
誘導
冷凍
債権
抑制
譲渡
純粋
清掃
抽出
緩和
幻想
騎士
随時
欧米
施策
如何
液晶
喫煙
匿名
免責
冗談
死刑
糖尿
消滅
排除
摂取
遭遇
締結
衝突
一貫
引換
排水
承諾
擁護
古墳
国籍
控除
信託
将棋
乙女
喫茶
彫刻
魔女
廊下
肝心
審判
結晶
寿命
放棄
容赦
霊園
連邦
孤独
克服
虐待
解雇
軌道
双方
了解
顧問
間隔
移籍
募金
紛争
施術
酵素
焦点
貧乏
皇帝
勧誘
食卓
妨害
公募
発酵
粘着
魔術
拘束
凍結
郊外
近郊
改訂
阻止
奉仕
暖房
華麗
名簿
勘弁
魔王
脅威
啓発
双子
豚肉
召喚
山岳
海賊
長寿
仏壇
虐殺
潜在
大胆
不審
遂行
抜粋
昇格
開封
魅了
陶芸
幽霊
硬化
膨大
陶器
女房
切符
掲示
国債
採択
封印
肝臓
円滑
免除
優遇
葬式
塗料
瀬戸
水晶
修了
分裂
絶滅
在籍
暫定
衝動
紛失
待遇
花嫁
排気
騎手
湿度
娯楽
卸売
請負
分泌
同伴
潜水
遵守
陰謀
酵母
食糧
戸籍
精霊
架空
北斗
家畜
軌跡
鶏肉
受託
書房
怪獣
藩主
処刑
負債
控訴
官房
手袋
慰安
誘惑
魔力
遠隔
配偶
誘致
換算
港湾
赴任
窒素
奉納
阻害
審美
動揺
湖畔
全滅
衰退
湿気
団塊
脅迫
勘定
粘土
許諾
聴取
卓球
辛口
湿原
横綱
錯覚
畜産
滅多
抽象
疾病
突如
怪物
高架
隔離
滑走
特撮
無双
解凍
試聴
浪人
換気
凝縮
販促
壊滅
伐採
激励
肝炎
火葬
保湿
炎上
聴覚
停滞
修繕
冷房
滅亡
繁華
孤立
丘陵
滞納
全裸
奉行
締切
契機
出没
既婚
未遂
花壇
請願
意匠
粘膜
墜落
魔物
債券
遭難
無謀
超過
湾岸
常駐
駐在
傍聴
要綱
沈没
苗字
塗布
伴奏
炊飯
装甲
貫通
捕鯨
胎児
福袋
放浪
地鶏
怪談
互換
潜入
簿記
破棄
肺炎
参謀
抑止
昇進
賢者
施主
邦楽
慰霊
概算
魅惑
巨匠
膨張
疾走
石碑
盗賊
帳簿
降伏
海峡
平穏
狩猟
誘発
喚起
諮問
輪郭
催眠
刑法
置換
減免
随所
騎乗
陳情
討伐
慰謝
高揚
怪人
既出
満了
心霊
換金
芳香
共催
回廊
掘削
伏線
鎮座
愛顧
奪取
埋葬
霊場
乗換
伸縮
豚骨
欠如
衰弱
符号
破滅
屈辱
湿地
孤児
取締
社債
大概
排卵
硬直
幼稚
盗聴
争奪
葬祭
飽和
同胞
陳列
超人
恐慌
破裂
某所
桑田
鬼畜
車掌
埋蔵
合掌
鎮痛
同封
網膜
付随
超越
錯誤
帝王
封鎖
抑圧
南蛮
祭壇
双葉
慈悲
隆盛
霊的
没頭
覆面
封入
魔界
昇給
骨髄
処遇
搾取
点滅
間伐
縫製
緊迫
棄却
潜伏
託児
浪漫
境遇
切削
勘案
潤滑
投棄
粗末
賢明
随一
読了
添削
甲板
残虐
薄膜
模倣
邦画
画廊
盗撮
大吉
被覆
邪悪
感慨
早苗
御免
鋳造
既成
一掃
如来
果敢
卓上
漂流
略奪
延伸
日没
憎悪
聖霊
難聴
審理
騎馬
没収
辛抱
自虐
怪奇
随筆
浪費
昇降
口癖
霊感
苗木
概略
埋立
藩士
聴衆
交錯
回顧
棋士
完封
自炊
邦人
撃墜
疾風
超絶
霊能
巧妙
催促
角膜
水没
敢行
卓越
悪霊
桑原
稚魚
駐留
雪崩
紙袋
漂白
凝固
布施
落胆
概況
共謀
鍛錬
魔神
幻覚
加湿
音符
零細
多湿
起伏
魔人
委嘱
免職
陳述
遺棄
老婆
城郭
歌姫
束縛
強奪
横軸
火炎
追随
餓鬼
埋没
黒豚
硬度
遅滞
辛味
足袋
強硬
移譲
電卓
詠唱
虚構
自滅
裸足
大綱
御霊
昇華
魔道
鼻炎
嘱託
転嫁
殺伐
掌握
凝視
忌避
戦没
雑炊
硬質
検閲
廉価
排他
不滅
幻影
如月
真髄
高瀬
本籍
監獄
緩衝
催事
言霊
鎮守
催行
霊界
延滞
皆既
擁立
転覆
卑劣
野蛮
本邦
刑罰
必携
塩辛
追伸
免税
謀略
崩落
欠乏
辛子
硬式
胃袋
亡霊
騎兵
邪気
没後
免震
内膜
餓死
怠慢
生憎
錠剤
窒息
減衰
鋳物
封建
法華
警鐘
回忌
裁縫
硬貨
預託
入籍
架橋
気概
夢幻
誘引
続伸
既得
鎮圧
孤高
胎内
排尿
綱領
勇敢
技巧
緊密
女帝
陳腐
昇順
登壇
粘度
棄権
孤島
不吉
締約
畜生
主軸
下請
奉公
激辛
死滅
昇天
没落
仕掛
稲穂
尿道
霊魂
漂着
摂理
水墨
随意
排便
不穏
帝都
怪盗
摂食
拘置
埋設
虚弱
施肥
生粋
皮膜
浪士
紺色
概観
魔族
禁忌
奇怪
急募
布袋
暖炉
憂慮
重篤
帝京
虚無
掛金
掛軸
歌碑
譲歩
隆起
帆船
伸長
求刑
霊夢
受刑
如実
炊事
陰湿
滅失
偶数
英霊
肝要
虚空
聴講
精巧
壇上
公聴
鎮静
再審
鍛造
概説
養鶏
佳作
令嬢
既製
魔導
山賊
凝集
空虚
猟奇
排斥
征伐
粗大
密封
王冠
織姫
美姫
育苗
精錬
胞子
施錠
抑留
既設
啓示
吉兆
山伏
多孔
邪道
利潤
満悦
重鎮
種苗
湿布
悲哀
実刑
基軸
一概
穂先
尿酸
信奉
縦貫
誘電