検索
購入
一緒
監督
患者
金融
充実
風呂
分析
馬鹿
診療
挑戦
症状
診断
挨拶
実践
余裕
丁寧
無駄
合併
唯一
栽培
化粧
弊社
廃止
解析
貢献
駄目
購読
履歴
妊娠
焼酎
交渉
洗濯
徹底
旦那
銘柄
矯正
把握
妄想
必須
疾患
捜査
一括
充分
搭載
生涯
廃棄
堪能
訴訟
披露
拒否
詐欺
報酬
循環
山梨
繊維
椅子
推薦
完璧
探偵
稽古
睡眠
麻生
賠償
渋滞
日頃
融資
官僚
補償
同僚
文献
過剰
受診
推奨
相撲
免疫
一旦
拉致
診察
洗浄
倫理
懸念
撤退
頻繁
検診
表彰
迅速
融合
土壌
返還
親戚
水槽
一斉
挿入
充電
隙間
柔軟
傑作
併用
破綻
機嫌
昆虫
庶民
発症
昆布
還元
別荘
妥当
繊細
素朴
年頃
妖怪
頻度
偏差
無償
腫瘍
媒体
曖昧
所詮
逸品
撤去
抹茶
探索
麻酔
釣果
浄化
症例
今頃
細菌
嫉妬
忍者
艦隊
渓谷
洞窟
石垣
船舶
懇談
偽装
砂漠
眺望
頂戴
肯定
妖精
帰還
不倫
玩具
網羅
三昧
憂鬱
附属
洪水
紳士
不妊
教諭
併設
附則
愚痴
弥生
日韓
管轄
縄文
楽譜
懐石
捜索
吟醸
示唆
制覇
稼働
情緒
醸造
発祥
炎症
爽快
下痢
肖像
秩序
消耗
妊婦
欠陥
美肌
蛍光
山荘
喪失
泥棒
封筒
懇親
戦艦
漬物
本棚
干渉
模索
献金
過疎
偏見
恐竜
釣行
渓流
触媒
中核
貼付
懲役
妥協
補充
高騰
硫黄
壮大
総括
麻薬
病棟
健診
津波
僧侶
奨励
愉快
懸賞
虚偽
靴下
拡充
囲碁
呪文
残酷
治癒
浴槽
償却
顕著
培養
暗闇
閑静
藤本
尻尾
真珠
扶養
解剖
変遷
挫折
猶予
廃車
搭乗
手頃
稼動
殺菌
覚醒
過酷
包括
法廷
厄介
模擬
撤回
斬新
腎臓
重症
追悼
沸騰
連覇
誘拐
普遍
内緒
奨学
嫌悪
摩擦
主宰
川柳
刃物
痴漢
懲戒
消臭
月頃
補佐
褒美
山麓
遮断
料亭
閣僚
拒絶
懸命
徹夜
真摯
汎用
毀損
勾配
献立
履修
口臭
見頃
抗菌
挑発
子猫
葛藤
購買
大麻
中枢
牛丼
大佐
杉山
初詣
浄水
婚姻
股間
斎場
近頃
冥福
片隅
遍路
贈呈
進捗
叔父
頑固
余韻
刹那
缶詰
下駄
併合
元旦
研磨
清浄
窃盗
韓流
偽造
拳銃
謙虚
均衡
履行
貨幣
透析
旺盛
朝廷
出汁
拷問
定款
償還
果汁
粉砕
堆肥
閉塞
棚田
吟味
還暦
索引
捕虜
片岡
語彙
統括
傘下
仙人
変貌
亜鉛
結核
賭博
累計
危惧
堆積
要塞
発泡
偵察
和尚
翻弄
適宜
核心
自粛
泡盛
充填
蜂蜜
今宵
呉服
撤廃
由緒
還付
脊髄
罵倒
桟橋
傲慢
釣具
失踪
軍艦
隠蔽
宮廷
邸宅
金剛
献血
旋律
弊害
伯爵
振袖
勃起
系譜
撤収
褐色
梗塞
租税
竜馬
唾液
壮絶
浄土
緒方
崇拝
秀逸
海藻
駆逐
派閥
競艇
瑠璃
盆栽
官邸
嫌気
乞食
勃発
痕跡
緻密
勲章
親睦
黒猫
挿絵
艦長
寄附
半袖
抹消
献上
叔母
湧水
富裕
堀川
旋回
剥離
威嚇
脇役
真偽
麻布
梨花
特捜
鳥肌
忍耐
紙幣
酪農
爆睡
撲滅
植栽
鍛冶
空洞
満塁
頑丈
約款
媒介
括弧
偽善
避妊
偽物
侮辱
長袖
代償
滑稽
感銘
干潟
柳川
糾弾
蛇口
廃業
明瞭
癒着
音痴
硫酸
逸脱
亀裂
荒廃
書斎
竜王
除菌
宛名
煩悩
男爵
入江
氾濫
筒井
軟骨
参詣
硝子
寛容
哀愁
遺憾
享受
生還
長靴
清涼
漆黒
軍曹
亭主
沙汰
眉毛
貝塚
少佐
剰余
来賓
逸話
頒布
裕福
進呈
美貌
拙者
擬似
訃報
抹殺
漆器
青汁
素肌
黒酢
凹凸
悪臭
休診
麺類
大尉
嫌味
鍵盤
銃撃
犬猫
譜面
融通
狙撃
年俸
堕落
累積
払拭
財閥
露呈
臆病
窮屈
有償
垣根
陥落
囚人
貝殻
廃絶
煎餅
修羅
廃線
頻発
剛性
献身
汚泥
充当
三塁
潰瘍
廃人
下肢
萎縮
尚更
塾長
全貌
裾野
水仙
熟睡
駐屯
神棚
数珠
余剰
円筒
扶助
偏向
銃弾
草履
洞察
便宜
奔走
患部
盗塁
溶融
眉間
遷移
血栓
王妃
顕彰
大蛇
謄本
歯茎
気泡
伯父
平衡
荘厳
冷麺
両脇
新譜
整頓
一塁
安泰
痩身
体臭
采配
奪還
花瓶
納涼
煎茶
珠玉
閑散
直轄
偽者
友禅
麻呂
盲目
製麺
覇権
土鍋
充足
恐喝
軽蔑
塩尻
総督
薬膳
賜物
硫化
出塁
比喩
風貌
打診
儒教
羅列
平岡
剥奪
禅師
小鉢
虹色
宛先
充満
軟弱
遷都
早慶
旋風
疎通
飢餓
銘菓
錦糸
恣意
摩耗
懐中
睡魔
風鈴
中尉
疲弊
破砕
書棚
枯渇
覇者
枠内
擬人
雪渓
禅寺
艦船
青柳
重曹
窮地
灯籠
初診
脊椎
悠久
雑巾
巾着
残骸
泥沼
弦楽
二塁
逝去
捻挫
死骸
中韓
誓約
軟式
画伯
督促
竜巻
貪欲
醸成
四肢
宰相
長蛇
晩酌
塾生
呪縛
駄文
懇願
凸凹
産廃
蛇足
冷酷
乳腺
喝采
嘲笑
甲羅
酢酸
困窮
批准
地殻
断崖
嗅覚
中頃
検疫
溶媒
問診
呪術
少尉
奔放
懐疑
疫学
水筒
素麺
疫病
肢体
麻婆
戦慄
顕在
銘酒
思索
豚汁
廃校
酷使
硝酸
玉砕
召還
提督
日傘
疎開
奈落
急須
肌着
憤慨
公爵
寛大
甚大
天丼
打撲
甲殻
哺乳
崇高
元帥
詐称
二股
診査
鉄拳
艦艇
象牙
枕元
捻出
懸案
蚊帳
餌食
稚拙
脱臭
弁償
勇壮
非核
斑点
家督
所轄
駄作
謹慎
護摩
郷愁
法曹
座禅
産駒
窯元
筋腫
泥酔
補填
塩釜
鬱病
妖艶
脱臼
怨念
斉唱
中佐
土塁
覇王
廃盤
偏光
咽頭
巣窟
罵声
伯母
酷似
怠惰
滅菌
腰椎
杉原
送還
湧出
急騰
沙羅
怨霊
球菌
見附
愛猫
捕捉
滋養
釜飯
煮汁
昼頃
側溝
臭気
肉汁
遮光
上棟
培地
亜種
懲罰
賄賂
雑菌
頭巾
宣誓
鹿角
浮腫
強壮
型枠
留袖
磨耗
一遍
酷評
肌色
下僕
韓日
妖魔
煩雑
拳法
石臼