骨董品
楕円形
未曾有
胡蝶蘭
赤裸々
珪藻土
蜃気楼
天麩羅
長襦袢
脳味噌
倦怠感
肛門科
前々回
烏帽子
膀胱炎
水芭蕉
几帳面
手榴弾
柑橘系
駄洒落
絆創膏
黎明期
鍼灸師
排泄物
柑橘類
珊瑚礁
前哨戦
水銀燈
御馳走
馬鈴薯
膠原病
大腿骨
下手糞
腱鞘炎
自然薯
卑怯者
梁山泊
蕁麻疹
抗癌剤
副鼻腔
跨線橋
金木犀
水餃子
縞模様
嗜好品
動脈瘤
白味噌
静脈瘤
扁桃腺
晩餐会
大腸癌
蝦夷地
豆板醤
琥珀色
菩提樹
皆々様
三叉路
流鏑馬
癌細胞
防空壕
担々麺
大島紬
枢機卿
出鱈目
分水嶺
蟹工船
大喧嘩
甲斐性
石楠花
複々線
痴呆症
白無垢
獅子座
嗜好性
阿闍梨
胡麻油
葡萄酒
霊柩車
土蜘蛛
大銀杏
綺麗事
骨董市
曼陀羅
赤味噌
猛禽類
酢味噌
梱包材
蓄膿症
薔薇色
烏骨鶏
御神輿
賽銭箱
青海苔
獅子頭
辛味噌
万々歳
五月蠅
水疱瘡
年甲斐
撥水性
短篇集
生牡蠣
竣工式
焼夷弾
贔屓目
聾学校
骨董屋
蕎麦粉
口喧嘩
白薔薇
頚動脈
菩薩像
常套句
割烹着
茉莉花
猜疑心
牡羊座
食道癌
矮小化
天秤座
頸動脈
嘘八百
螺旋状
段々畑
蝋人形
蕎麦湯
贅沢品
陀羅尼
杜仲茶
曾祖父
喧嘩腰
牡牛座
内々定
生醤油
罹患率
月桂樹
鳥瞰図
紅生姜
拮抗薬
蒲公英
操縦桿
不恰好
月桂冠
水羊羹
唐獅子
復讐心
新嘗祭
菩提心
八咫烏
蝉時雨
祈祷師
朧月夜
倦怠期
諜報員
化膿性
蟻地獄
膝栗毛
伊達巻
燕尾服
厩務員
筑前煮
臍帯血
小綺麗
酢醤油
脳溢血
薩摩芋
輻射熱
捕物帖
分娩室
祭囃子
鍾乳石
挺身隊
風呂桶
曾祖母
都々逸
蒸溜所
吾亦紅
急先鋒
山椒魚
田吾作
超弩級
蕎麦処
牽引役
落伍者
強姦魔
形而上
乖離率
下剋上
扁桃炎
藁人形
胚芽米
黒薔薇
囃子方
大嘗祭
炭疽菌
強姦罪
胚移植
寂寥感
操舵室
菖蒲湯
躁鬱病
常磐津
涅槃図
新蕎麦
獅子王
夾竹桃
黄昏時
義捐金
集塵機
御伽噺
三角錐
鼻高々
障碍者
肌襦袢
胚盤胞
牽引車
末梢血
葡萄畑
寒冷紗
肝臓癌
顆粒球
呑兵衛
阿羅漢
伊予柑
遣隋使
甲斐犬
出囃子
金屏風
新生姜
獅子吼
熨斗紙
子宮癌
直腸癌
芭蕉布
中華粥
蕎麦店
末期癌
盂蘭盆
抒情詩
屏風絵
伊達男
姑獲鳥
滲出性
敵愾心
飛翔体
牡丹餅
常夜燈
紅薔薇
橋頭堡
蘭学者
弛緩剤
卓袱台
榴弾砲
翌々月
稟議書
水飛沫
紫宸殿
白胡麻
赤紫蘇
無精髭
勿忘草
準強姦
嚢胞性
血飛沫
人情噺
水茄子
蛋白尿
天秤棒
発癌性
膵臓癌
座敷牢
辻説法
千歳飴
敏捷性
聖餐式
悲愴感
緑膿菌
不甲斐
生椎茸
黒蜥蜴
翌々年
三羽烏
兵部卿
膀胱癌
肩胛骨
走馬燈
好々爺
瑞宝章
俯瞰的
玉蜀黍
岩海苔
罹患者
啄木鳥
涅槃像
甘味噌
二重瞼
日之出
綺羅星
揚羽蝶
蒙古斑
漆喰壁
胆嚢炎
涅槃会
青紫蘇
濾過器
萌黄色
紡錘形
明晰夢
腎盂炎
闖入者
鴨南蛮
補陀落
屈腱炎
婆娑羅
仰臥位
鎖帷子
銘々皿
鳩時計
骨董店
庵治石
琉球語
細菌叢
角閃石
姦通罪
甲斐路
栗饅頭
小豆粥
高野槙
蛍烏賊
小豆餡
前々年
菩提所
木乃伊
幌馬車
浅葱色
弘済会
半同棲
麻雀卓
抒情歌
矩形波
柚子茶
吐瀉物
神祇官
補陀洛
半襦袢
壬生菜
攘夷論
宇宙塵
鬼蜘蛛
海苔巻
烏天狗
生餃子
生甲斐
啓蒙的
君子蘭
扁平足
鼠径部
攪拌機
新玉葱
殺鼠剤
皮膚癌
胆管癌
御神籤
取水堰
燕子花
口腔癌
欺瞞性
進行癌
頸肩腕
夾雑物
伊呂波
見廻組
薔薇族
罹災者
箝口令
滲出液
腓腹筋
猥褻物
牡丹雪
真只中
高楊枝
蓮華草
先代萩
麒麟児
伊勢茶
秋海棠
巫女舞
野狐禅
五月蝿
四十雀
唐茄子
人智学
旭日旗
野薔薇
偃月刀
尿蛋白
外痔核
孔雀石
蕎麦畑
石膏型
真田紐
蝦夷鹿
内裏雛
阿波弁
胆嚢癌
俯瞰図
楕円体
喉頭癌
已然形
式部卿
姨捨山
漕艇場
両天秤
形而下
金無垢
大賀蓮
閃緑岩
底曳網
藪医者
閻浮提
菩薩道
咽頭癌
甜麺醤
潮汐表
潮汐力
顆粒剤
巫女姫
籐椅子
赤蜻蛉
演繹法
天疱瘡
楕円型
天鵞絨
緋寒桜
山梔子
齧歯類
狸囃子
縄梯子
顛末書
祈祷書
洒落本
蜻蛉玉
神嘗祭
水垢離
牡蠣鍋
金剛杵
糞味噌
座蒲団
島嶼国
四角錐
化膿菌
珊瑚海
銀木犀
間歇泉
薔薇柄
耶蘇教
荏胡麻
凌霄花
紅蜘蛛
浚渫船
霍公鳥
葡萄色
甜菜糖
偶蹄類
菠薐草
芋羊羹
掻痒症
物見櫓
牽牛星
布海苔
火山礫
炸裂弾
高蒔絵
牢名主
清楚系
肉襦袢
教誨師
甲冑師
阿字観
大腿筋
嬉野茶
閻魔王
産褥期
胃痙攣
熨斗袋
宮神輿
揺籃期
小判鮫
胡麻塩
生海苔
醍醐桜
蕎麦茶
安全牌
権禰宜
盧遮那
膿痂疹
蝋細工
小手毬
巫山戯
誘蛾灯
稀少性
雁皮紙
自在鉤
御稜威
炭疽病
閻魔帳
前々月
竜舌蘭
熨斗目
姥捨山
閃光弾
外套膜
小倉餡
按察使
蝶形骨
糠味噌
土饅頭
撹拌機
紋白蝶
桐一葉
御蔭様
霰粒腫
小児癌
神経鞘
頸椎症
肋膜炎
不精髭
粉微塵
頭陀袋
白髪葱
牢屋敷
扁平率
蝙蝠傘
御洒落
腋臭症
緘黙症
米茄子
笹竜胆
衒学的
木阿弥
独擅場
藁半紙
胆道癌
値嵩株
擲弾筒
伊達者
曳光弾
対話篇
肋軟骨
總本店
獅子唐
寿司桶
位牌堂
猩紅熱
法蓮草
糞親父
種々相
吻合術
屠蘇散
乾海苔
牌効率
孵卵器
宮内卿
自彊術
栗名月
操舵手
桶風呂
梯子段
牡蠣殻
海鼠壁
厭世観
旭日章
制癌剤
萌葱色
学生鞄
割烹店
猪武者
悉皆屋
経帷子
麻雀店
男伊達
篆刻家
芥子粒
辻馬車
小糠雨
芋蔓式
阿僧祇
山毛欅
曼茶羅
駕籠屋
菩薩戒
煽情的
雛菓子
丸茄子
白燐弾
大臀筋
装蹄師
翌々週
波飛沫
山翡翠
蔓植物
朱鷺色
被曝者
巫女姿
涅槃仏
長茄子
笹百合
何首烏
青薔薇
格子縞
一重瞼
獅子宮
撥音便
洒落者
依怙地
蜘蛛糸
大鋸屑
針生姜
黄櫨染
傀儡子
吾妹子
内胚葉
赤薔薇
平蜘蛛
槍烏賊
一闡提
軟膏剤
茄子紺
転轍機
濾過機
蜜柑色
方向舵
金鳳花
常磐木
籐製品
検屍官
狸親父
蔦紅葉
私掠船
嚥下食
亜砒酸
倶舎論
慰藉料
青林檎
赤茄子
錐体路
最尤法
御伽話
輜重兵
鞭毛虫
海鼠腸
国衙領
外務卿
膠着語
御神燈
身贔屓
水疱性
珊瑚樹
連子鯛
青柚子
好好爺
行々子
平家蟹
肺腺癌
真桑瓜
八重葎
蛋白石
水疱症
揚雲雀
山親爺
食用蛙
民部卿
嚢胞腎
屠畜場
小柴垣
肝膿瘍
杓文字
誣告罪
滑腔砲
赤珊瑚
琉球藍
湯帷子
海苔網
鐵工所
燻製器
布袋葵
陸繋島
猪口才
天水桶
肋間筋
健啖家
燐灰石
藪柑子
人面瘡
片口鰯
餃子鍋
真牡蠣
延胡索
仕込杖
蘇生後
両棲類
熨斗鮑
藁屋根
磯巾着
菖蒲酒
鱈場蟹
蕎麦汁
芥子菜
顔馴染
浅茅生
花茗荷
骨粗鬆
蝦夷松
梯子車
樺太犬
疥癬虫
癇癪玉
兌換券
廣貫堂
魚鱗癬
下睫毛
真魚鰹
土生姜
板海苔
段梯子
瀝青炭
性淘汰
鎮咳剤
梯子酒
殿様蛙
煉羊羹
杜鵑草
墨烏賊
吃水線
蕎麦殻
中心窩
御伽衆
駄法螺
木天蓼
弩級艦
莢豌豆
警邏隊
烏羽玉
堰止湖
熔鉱炉
贋作者
鎮痙剤
惚気話
野兎病
瓜実顔
吃音症
安堵状
貧乏籤
伊佐木
小綬鶏
百合鴎
仔山羊
優婆夷
山牛蒡
昇降舵
青瓢箪
商売仇
摩訶衍
白孔雀
寧々家
聖譚曲
外蒙古
似而非
管絃楽
巴旦杏
鼠蹊部
蒟蒻芋
吾木香
嘔吐症
膣痙攣
芥子色
金雀枝
蹄葉炎
蜘蛛手
尖鋭化
止瀉薬
煽動者
葛饅頭
野葡萄
紡錘体
黍団子
花魁草
手薬煉
匍匐茎
甜面醤
温罨法
麝香猫
天瓜粉
冷罨法
御陀仏
分娩費
糸蒟蒻
前々職
溢流性
火蜥蜴
焼石膏
牢役人
下腿骨
絃楽器
除塵機
早駕籠
蒸溜酒
紅葉葵
兎小屋
孀婦岩
操舵輪
麒麟草
儀仗兵
独楽鼠
檳榔樹
螺旋形
薩長土
毘婆沙
規矩術
狗尾草
狐狗狸
味噌豆
神祇伯
莫大小
雁来紅
囃子詞
煽動的
雀卵斑
伏臥位
斬奸状
三昧耶
笹蒲鉾
鱗翅類
瓢鮎図
穿孔機
孟蘭盆
伽藍堂
私娼窟
徘徊者
自棄糞
栗御飯
葡萄糖
饂飩粉
薮柑子
水蜘蛛
蒲鉾形
葡萄茶
孔雀草
白蓮教
絨毛癌
普陀落
神輿洗
肛門期
毛嚢炎
海苔味
膃肭臍
肺膿瘍
蔓薔薇
旅篭屋
鯣烏賊
訓詁学
庚申待
飼葉桶
手毬花
雰圍氣
蝦蟇口
火熨斗
膿疱性
轆轤首
金釘流
棊子麺
膵臓炎
牛蒡子
竹蜻蛉
鳩羽色
御蔭祭
八目鰻
姫女苑
茶屋辻
唐芥子
毛氈苔
馬糞紙
薮医者
帰謬法
朝鮮飴
抛物線
堆厩肥
昔馴染
蛸配当
五十雀
流暢性
牡蠣飯
青豌豆
此方側
内熨斗
苔清水
外熨斗
蝙蝠男
地蜘蛛
補綴科
毛繻子
淋巴腺
茅台酒
隼人瓜
微塵子
白膠木
蛸坊主
万々一
尿管癌
姥百合
愛嬌者
青珊瑚
鱗片葉
珪長質
糸蜻蛉
薔薇水
瓦斯灯
挺対協
筍医者
黄金柑
辻強盗
翰林院
鬼胡桃
稚仔魚
真子鰈
嬶天下
手鞠花
黄蜀葵
枕屏風
小獅子
茶毒蛾
角閃岩
浮塵子
牡蠣貝
直腸瘤
末梢的
朦朧体
酢牡蠣
元嘉暦
治部卿
歌舞妓
胡頽子
有蹄類
鰭脚類
岩躑躅
醤油粕
海軍卿
琉球犬
咬合性
翠緑玉
三毬杖
尾骶骨
芙蓉峰
牡蠣油
讚美歌
蜘蛛膜
鼠咬症
女伊達
鴨跖草
薔薇窓
藁工品
白珊瑚
莢隠元
煽動家
花一匁
含嗽剤
野牡丹
石榴口
早苗饗
肛門痛
御雛様
山躑躅
川蜻蛉
蘇悉地
盧舎那