前首相
出発地
気動車
相談役
対向車
薬学部
用品店
長期化
立体感
部外者
大家族
新事業
体重計
紙一重
実習生
大全集
科学部
体温計
名言集
全画面
高等部
話題作
指定日
野次馬
生化学
教育学
中級者
黄緑色
出場者
見学者
作業服
人事部
作業者
相当数
上級生
調整中
人間界
流動化
意味深
文章力
理事国
多数決
小旅行
発注者
南東部
工業化
引出物
女学院
送電線
東海岸
高速道
下級生
銀行員
内科医
土石流
後日談
草野球
一大事
安楽死
当局者
天文館
都市化
出題者
生命線
同意書
真夏日
家具屋
終着駅
内出血
公開日
他大学
医学生
番記者
発言者
世代間
重合体
少年院
発明者
配送日
平面図
注文書
期日前
問題化
新発見
学生服
和歌集
人間味
仕入先
表題作
広小路
運動部
原油高
調度品
写真部
見世物
歯学部
大黒柱
始業式
受取人
実物大
全国一
旅行業
高速船
調理場
全社員
立役者
青年期
取引業
平行線
予想図
発見者
国交相
発想力
野球界
実社会
下半期
住所地
長丁場
本調子
円相場
文庫化
研究生
水商売
食事代
飲食物
二刀流
運送業
指定校
登下校
植物油
分配金
国有化
光化学
商学部
始球式
写真屋
身代金
南半球
作業着
終業式
読後感
羽子板
大神宮
登山家
商工業
問題外
火事場
練習後
筆記具
世間体
学部長
商売人
注文者
自習室
運動家
畑仕事
大部屋
名勝負
全客室
船着場
山火事
全国紙
一等地
鉄工所
波止場
小京都
出身校
先行者
水泳部
病理学
実行力
明文化
仕事先
飲食業
開発部
電話代
近親者
都市間
農林業
全速力
代表曲
農村部
道具屋
一神教
農用地
所持者
発言力
黒字化
大仕事
中西部
相手先
大発見
社会化
国有林
県人会
緑黄色
年長者
分社化
練習曲
文化部
病医院
実写化
相部屋
犬小屋
決定力
農水相
公取委
人工物
出発駅
開発力
入園式
部屋着
商業地
調整池
内服薬
北半球
注意力
大天使
見物人
広島風
世話役
横文字
勝手口
深海魚
美男子
来館者
面白味
中等部
植木屋
百物語
銀世界
小気味
力仕事
同乗者
大発生
早見表
正式名
医学書
古物商
作者名
新開地
電車区
後進国
新都市
農山村
八重歯
工業所
人工島
代用品
中二病
対角線
安定度
同期生
音楽界
理化学
水道代
放水路
受発注
両国間
実行時
始発駅
海水温
洋品店
決算日
化学品
高山病
日和見
実体化
決算期
申立書
問題作
仕事用
流行歌
練習生
食前酒
書店員
前頭葉
子宮口
公開前
入母屋
実用品
合宿所
血友病
大道具
発生日
公教育
安息日
通知表
地球外
少年期
放送部
出発式
中学部
野生化
七面鳥
多角化
予言者
神学校
大学祭
羽二重
理由書
入社式
古道具
市場化
新事実
神通力
都市名
出荷日
四死球
流通業
小学部
放物線
想定内
発行人
宮大工
重工業
自走式
医科学
決勝点
指南書
美人画
下世話
社会面
多次元
道具箱
帰国者
世界新
遊水地
新社屋
作業車
時代物
多面体
合意書
期間工
門外漢
商用車
文書化
生活苦
洋画家
等高線
安山岩
青写真
定式化
家具店
重点化
午前様
待合所
市当局
宿根草
登記所
都会人
実習室
安定期
光学式
先進地
年代記
軽音楽
事業家
薬理学
木目調
弓道部
真昼間
高速度
申出書
意気地
五月病
一刀流
業界紙
起工式
化学科
放送後
絵空事
多神教
前知事
当番医
行商人
明日葉
動力学
化学者
文科相
新名所
国有地
高調波
上申書
客商売
上下動
文具店
糸球体
農学校
気分屋
少数者
調子者
安近短
調理員
学習館
高等科
社員数
昼食代
開発元
部次長
形式上
高速代
引受人
陽明学
春場所
皮算用
数秒間
天上界
運送屋
植物学
社交界
反作用
中南部
新聞屋
銀行家
大荷物
一次会
長屋門
人物画
強打者
反発力
代理業
県交通
学院長
旅客船
二人旅
取水口
半自動
新教育
調理室
自由形
中央口
入植者
色温度
火薬庫
庭仕事
感動作
列車内
飲食代
国鉄色
真実味
指南役
新聞部
古生物
勝負事
元代表
左打者
大回転
漢数字
助太刀
馬小屋
体外式
夜想曲
定員数
代行者
陽電子
反対語
教育大
発送先
見本帳
当事国
炭化物
教会員
女体化
美食家
一身上
夏場所
園遊会
四十路
外用薬
国学者
進水式
入国者
新代表
取調室
仕事前
放送室
西洋風
鉄道員
長打力
文学界
町医者
来園者
投手力
大予言
目安箱
本場所
秋場所
市有地
薬局方
出向者
平方根
後発品
流動食
顔見世
回転体
全人代
化学式
手工業
豆電球
神学者
大食漢
葉緑体
出世作
前画面
学問所
公使館
金相場
家具調
太陽風
配線板
海運業
式次第
体育科
山仕事
両方向
文筆家
自由業
前理事
全面安
路面店
音楽部
調理人
多様体
入植地
代理母
千代紙
絵本館
定足数
電話局
夜間部
左投手
三遊間
三次会
筆記体
入出庫
原始林
動物学
起電力
来場所
右打者
自主練
間仕切
道路橋
羊皮紙
全体図
交通路
家庭医
銀行業
新方式
工業国
家電品
仕事着
真人間
指人形
水温計
画一化
茶道部
内申書
三重苦
配線図
部門長
銀行名
予想屋
水平面
中生代
物自体
都大路
公有地
月世界
入力者
新住所
期間外
開始年
指定医
美人局
学用品
水仕事
学生部
肉体美
一両日
代行業
出身国
柱時計
重化学
年金者
高身長
勉強家
集計表
学校医
交通部
仕立屋
羽目板
水和物
運動員
水泳場
書道部
百合根
高度計
点鼻薬
漢方医
小間物
予科練
世話係
生返事
西洋館
勝負所
理想化
教習車
古生代
当年度
金時豆
放生会
植木市
前受金
発光体
大寒波
向学心
定住者
子宮外
重力波
屋内外
実業界
工具箱
見取図
外交員
三角州
幸福度
帰着日
多重化
部屋代
転入生
黒豆茶
定期代
終止形
起算日
病理医
部局長
円運動
転車台
道路族
医科大
助言者
明細表
工作所
中医薬
作業船
一本橋
火口湖
他部門
青海波
仕事面
二重丸
高高度
一番館
出向先
運動学
他事業
使用日
区長会
野放図
代数学
県立高
元理事
百面相
中前打
回転子
文明化
有理数
鳥小屋
先場所
大火事
原画集
入場曲
自負心
当直医
宿日直
進化形
角速度
社会悪
新生代
立面図
元外相
動物記
発生学
真四角
定番曲
出世魚
練習船
南氷洋
正面図
発注書
速度計
火山島
五十路
軽工業
下車駅
行列式
小役人
一丁前
教習生
都区部
月行事
相談先
下宿屋
油絵具
算命学
新古品
学級会
銀白色
身体上
小豆色
食品館
中年期
風速計
名勝地
曲線美
秋冬物
火打石
深緑色
同意語
教育家
風土病
問答集
牛小屋
元部長
同部屋
神学生
医大生
動力車
自作農
丁字路
工学者
学習帳
大時代
急病人
大商人
乗下車
西洋化
外注化
世話物
電車代
取引日
左前打
口八丁
西洋画
内通者
乗船場
筆頭者
天文部
庭球場
羽根車
表面波
返送先
多方向
真冬日
元役員
女言葉
光速度
小荷物
配電線
乗車駅
内面化
神話学
急角度
道楽者
自由帳
小作農
自動式
転入学
目出度
電流計
光度計
黄表紙
毛様体
秋日和
苦学生
一等国
千両箱
役者絵
出品酒
小屋組
集金人
三角波
代書屋
内定後
平和学
目医者
動物界
写真店
村役人
漢字力
大和絵
切手代
記名式
自由詩
八面体
動物化
新文化
都立高
鉄道橋
局長級
半音階
漢学者
世界化
代休日
区間新
出走表
寺小屋
生物界
一等星
場所代
農工大
所定外
大発会
農業国
後半期
転写紙
時間表
荷受人
書記局
長短打
外仕事
主計局
決勝打
男言葉
出来物
一人客
汽水湖
大和心
二度見
人間業
入出荷
京言葉
活動度
前半期
屋根面
近代詩
丸木橋
申入書
半馬身
小学区
学院生
五大湖
六面体
鉄火場
外来者
研究心
出世頭
上下階
発火点
同調者
下宿人
商業界
深夜業
鉄面皮
和漢薬
部屋名
橋本病
流行色
上下流
後発薬
病院船
小麦畑
学外者
星取表
流星雨
大福帳
他社様
問屋場
練習所
食後酒
赤身肉
矢羽根
集出荷
有体物
実用車
海洋学
指文字
里神楽
決算月
時定数
悪平等
元局長
流線形
起算点
運送人
君主国
一人酒
交代式
駅馬車
三角柱
回転角
自立度
間氷期
暗緑色
東洋学
分水界
水路橋
入院者
育休中
五味子
運動野
中国酒
春夏物
光重合
町火消
原油安
運用時
暗黒界
高島田
黒死病
前後期
終電車
仕切板
様式化
病院代
出向中
実父母
小野路
空手着
国言葉
進行係
中新世
暗赤色
実運用
多幸感
植生図
文字式
言葉数
活用度
小夜曲
校正者
前外相
短音階
開始月
高級紙
登山部
小売商
横回転
長命草
定期金
区間外
元係長
有声音
大時化
古代学
三和土
後見役
水道業
番小屋
軽合金
調整金
終列車
指定市
太平楽
所定内
中国化
死生学
休業者
教育書
有病者
重母音
地方区
遊女屋
五倍子
算定式
作動薬
短水路
川根茶
銀時計
屋根板
薬用酒
工業地
耳学問
親和力
受注日
旅行家
対角化
大宮人
動物相
白小豆
反対色
工事代
運動着
反意語
配水場
新体詩
板屋根
転出先
生命表
京都風
運転区
入出港
元知事
記事化
死火山
神話化
荷物車
下見板
人面魚
送配電
古強者
八十路
速記者
旅役者
絵図面
多島海
落第点
記者室
屋根屋
植物界
記号学
漢文学
自分事
二期作
主力組
大立者
家庭薬
部品化
送金先
集荷場
店屋物
米問屋
人相学
南京豆
部門内
水茶屋
落第生
配分金
教区長
子山羊
字体表
白紙化
西半球
後頭葉
医学所
中切歯
六十路
出向元
二部作
代行人
社員用
定着物
分子式
手道具
重合度
波動水
新様式
口入屋
水銀柱
打太刀
当世風
一親等
長音階
流速計
空想家
進行波
面白話
体育学
黒山羊
次画面
主題図
天主教
海洋国
代行屋
人面犬
社有地
商売気
家族数
道化者
丸屋根
大和茶
空想力
人工湖
鉄平石
反陽子
酒問屋
自身番
神道家
中全会
屋台店
電線路
行動化
三度豆
緑柱石
前部長
医学館
半二重
土用波
名物男
農学者
文章家
代用食
東洋風
病弱者
回転計
屋根雪
一等車
平面波
次元界
旅商人
草屋根
流動体
代言人
大角豆
代書人
鉄工業
中高速
帰去来
教育相
町役人
整流子
他所者
平方和
鉄道業
公倍数
短時日
工業港
所作事
算出式
平土間
開発学
炭水車
新生面
神楽歌
夕食代
上下院
感化院
犬追物
書道界
話言葉
小間使
同意者
洋服代
小子化
空運業
豆名月
着道楽
大学路
理想家
火工品
内反足
朝食代
流出入
立待月
有所見
大業物
元所長
真空計
歌祭文
下手物
形式美
決明子
調整日
部門毎
出国者
公有化
調整者
作庭家
線形化
安全学
鉄刀木
動作主
重力子
式三番
部屋係
手文庫
島内外
地球化
出入港
学内者
前所長
局所化
知行所
等深線
動物体
元頭取
前走者
太陽年
日配品
油送船
原生代
予想紙
対話者
二等車
開集合
平方数
男部屋
文教族
公安委
工作者
湯文字
自由国
地電流
休祭日
文章語
前局長
配送所
紙工品
県立校
船問屋
書院番
都市銀
写生文
仕事日
旅客車
仕出屋
前頭取
有気音
感光紙
合計表
女部屋
食人族
手間代
時代色
出放題
意想外
開院式
和漢洋
薬問屋
指定者
番号表
農業家
土木局
緑色岩
火山湖
放送業
入社者
島四国
海運局
小具足
外食業
仕立物
指南車
洋学校
回送車
都市美
都立校
自部門
深夜族
意見者
算定表
上級車
根出葉
向心力
乗下船
多重度
道具方
交通死
用部屋
代理商
文明病
写真業
赤屋根
中世代
生薬学
感動度
家族名
東半球
医原病
旅行日
東西屋
局外者
古筆切
商品学
新発意
研究医
消息通
倍数体
集合物
始新世
作業代
重役室
止水板
化学車
夜会服
上調子
出場所
面談日
引落日
取消日
乗心地
指南番
正気度
開村式
新元号
板目紙
海空港
小意気
多角柱
作詩家
新全集
同族体
速算表
中仕切
配送業
発電力
真田虫
歯学科
鼻音化
洋式化
売気配
受理日
集配人
和集合
短命化
太陽時
電力所
赤小豆
風向計
漢文体
四角豆
上級相
正反合
対州馬
意向書
部屋住
広目屋
大和歌
軽気球
前日談
洋風画
下相談
花大根
薬物学
七十路
公定力
自習者
米国化
木炭紙
電子波
四十物
部屋子
合同式
農工業
送配水
全真教
公文所
正月屋
調整分
下仕事
農水族
指定月
葉茶屋
全日中
取組後
田平子
有理化
区画化
本土化
角度計
真行草
小発作
全紙面
球面波
乗馬服
使役犬
平野水
出荷物
通知者
水先区
箱馬車
島言葉
薬力学
売春業
一等親
細工所
仕入書
月面車
暗黒色
医化学
社用族
生世話
切取線
平行調
角力取
内内定
公用化
所有主
虫部屋
古代湖
活動化
所番地
町小路
水平角
細工品
調理酒
実語教
元次長
買気配
君子人
長短期
水面計
地方病
水運業
自由港
集金員
安息角
区内外
仕入帳
大人化
強化米
色深度
根切虫
直交化
消息文
工具書
先発薬
主力車
取引場
分数式
有形物
送受話
本様式
豆板銀
追羽根
橋名板
六神通
薬味酒
平面体
赤道祭
銀馬車
小品文
石炭車
平屋根
公調委
太刀持
親族会
円屋根
入院代
円急落
里言葉
内進生
短日月
前葉体
病理科
糸切歯
社員名
来日者
着火点
短長打
茶屋酒
雪氷学
大物車
列車区
農工高
直線美