大音量
必勝法
体験会
手土産
水不足
無愛想
都議会
建物内
不用意
栄養分
配達員
初当選
府知事
両生類
副市長
相関図
水無月
知事選
年初来
新機種
正念場
文学的
悲観的
低反発
道府県
副知事
別問題
天才的
代表選
不健康
土産屋
国産車
労働法
栄養学
管楽器
低周波
試験的
一体的
飛行船
定期便
関心事
英国人
学問的
世帯主
愛好会
副産物
貨物船
衣食住
新参者
無人駅
重要度
課題曲
選考会
低身長
好都合
戦利品
成人病
差出人
省力化
梅雨時
重労働
副部長
生産力
英文法
対外的
投開票
自治労
投票者
副理事
不知火
生産物
冷暗所
重量感
利活用
未知数
道交法
区議会
空間的
漁業者
風景画
女生徒
組合法
特別区
活動的
印刷所
配達日
共通語
自然林
外来種
新人戦
九谷焼
失敗談
相手側
京野菜
来週末
代議員
訓練所
機内食
定位置
遊牧民
電器店
原動機
先月末
選挙人
十字軍
不死鳥
大勝利
音楽隊
三輪車
最年長
不死身
感無量
全国初
仕事量
野良犬
自然食
周産期
民族的
入館料
選挙後
運命的
順不同
太陽熱
副代表
流動的
参列者
印刷機
戦時下
塩化物
初級者
一目散
外国産
局地的
関東軍
電動機
都議選
競輪場
問題児
書記官
大事典
生産品
単身者
先天的
配水管
大学側
約束事
自然的
協力隊
戦力外
原産国
不親切
予選会
入園料
年代別
卒業者
神無月
集成材
返信用
分子量
高金利
同位体
果実酒
農機具
土産品
特例法
愛国者
案山子
試験管
変電所
名人戦
給油所
美顔器
新成人
周辺部
米国産
古戦場
調理器
画一的
機種変
市街化
中立的
土建屋
自国民
無記名
日光浴
好景気
今日的
不勉強
加速器
半身浴
生産的
特約店
市議選
一輪車
特待生
無自覚
少年法
好青年
求心力
都会的
卒園式
共重合
表面積
管理課
管理部
健康体
梅雨空
光通信
生産国
熱帯夜
道産子
給料表
連帯感
利用日
周期的
魚貝類
別行動
初会合
空中戦
産科医
室外機
参加料
合唱曲
住所録
外輪山
一元的
長期戦
他府県
放送法
自然石
努力家
国産材
代表戦
二極化
別次元
最小化
受動的
新卒者
受信者
内面的
愛犬家
食塩水
自然光
通信料
学芸会
合法化
国内法
電力量
入浴料
思考法
助産院
右大臣
無重力
昨年来
陸海軍
左大臣
産業医
法学者
不足分
単年度
無利息
熱気球
高飛車
仲見世
参事官
観念的
未利用
社交的
出荷量
一定量
明細票
特等席
大所帯
戦勝国
無計画
愛読書
手付金
副首相
副学長
登録日
電気街
農地法
未加入
雪合戦
都府県
単語帳
加工業
目的物
東大卒
中間的
送信機
無利子
案内役
消去法
小市民
七変化
周辺国
英作文
大司教
心血管
手続法
部落民
死生観
試験日
重量級
試験官
公選法
大分類
法医学
信用度
外交的
未回答
受験票
牧歌的
進歩的
未記入
中期的
不出来
好戦的
新大陸
帰省中
固定的
固有種
最終便
相続分
機関区
言語的
銀行印
車海老
走馬灯
季節風
産油国
文法的
実験台
無力感
不要品
敗戦国
不明点
国産品
国連軍
不連続
地方選
計量器
試飲会
産官学
和楽器
不健全
青果物
副校長
自治州
借受人
不時着
自立的
給湯室
不成立
電信柱
遊漁船
民族学
送信先
不満足
遠近法
未発売
勝利者
大学卒
陸海空
市民的
受験料
後天的
府議会
内部的
白兵戦
苦労人
楽天的
自覚的
健康食
老人会
動物的
投手戦
心地良
給水管
目的語
初場所
有利子
副読本
元気印
通行料
希土類
同日付
達成度
写真機
清算人
回想録
関連法
内大臣
平面的
低農薬
商標法
好材料
無花果
固形物
予算的
始末書
電波法
無投票
練習量
全天候
副主席
写実的
不始末
計算法
自然数
強行軍
悪材料
立法府
記入例
行動的
訓練生
主戦場
地上戦
風水害
飛行隊
内向的
追体験
風雲児
信号場
決死隊
土産話
県議選
兵児帯
不整合
自然美
新馬戦
町長選
自然観
朝飯前
極悪人
銀行法
通信局
上位者
合唱部
青信号
人事課
試金石
役不足
二等兵
法定外
無機物
無害化
観世音
登記法
愛弟子
予約日
工業的
英文学
初七日
特別法
配達人
初登板
運動器
通行量
菜種油
分類学
必要悪
学協会
英語科
中隊長
理知的
予約金
手工芸
心理戦
小隊長
印画紙
副次的
観光業
新戦力
分光法
歩行器
協力金
会計法
管理官
道路法
副所長
席次表
連勝中
口約束
大量死
旅芸人
人種的
固定客
量子化
文芸部
説明的
土産店
日章旗
無人化
意固地
投機的
産土神
通信業
不等式
多元的
失望感
満期日
貨物駅
送風機
連結器
完成車
一面的
高校卒
試算表
別働隊
軽量級
気苦労
根菜類
借家法
代官所
東洋的
外野席
民生用
不道徳
調整法
受付日
天然林
大車輪
発動機
老年期
地動説
伝道者
月単位
無法者
発作的
回転灯
表記法
副音声
通信員
陸運局
連合体
有機米
最軽量
低用量
学年末
低次元
自然法
信号所
四輪車
入管法
出初式
不活化
岩清水
必読書
記念物
高山帯
発熱量
連隊長
料理酒
無生物
順位戦
部課長
一発芸
不定形
管理業
発信機
感知器
最多勝
連用形
無一文
記念祭
公開法
博物学
借家人
新人類
友好国
公会議
寒冷化
給水所
天動説
不戦勝
仲買人
熱血漢
直観的
自然人
助産所
金本位
物理量
道徳心
不調和
倉庫業
天然色
練習機
学生街
流量計
別天地
選挙中
未分化
養魚場
市街戦
関係先
小便器
不起立
方面隊
加算金
国産化
電位差
伝送路
三太夫
無気味
病虫害
冷戦後
分類法
競争心
英文科
連体形
問屋街
熱帯林
反動的
米英軍
機関長
不夜城
日単位
水銀灯
不要物
改札内
軍令部
短大卒
急進的
国会法
反省文
村議会
当選後
前照灯
印刷局
機関室
副町長
機械室
徒競走
集合的
機械科
改正点
好事家
大隊長
開発課
有機体
選手村
雪不足
栄養食
千社札
配位子
二重唱
軍楽隊
最大数
重戦車
海老天
民族間
王位戦
最後部
分配器
名店街
差別語
差別者
内発的
未達成
原体験
空梅雨
出願者
計算量
不案内
養父母
来月末
無分別
産出量
気化熱
目分量
試着室
印紙代
活動量
新石器
静物画
変成岩
仕置人
周期表
特定日
路側帯
反日的
計量法
信書便
毛細管
対位法
各期間
民間薬
暗黒街
野生児
分度器
発声法
名人芸
関係式
小説化
昨日来
貨物車
森林法
副局長
民有地
未開発
健康度
自然学
重火器
言行録
人生訓
打算的
命令形
固定給
末期的
黄信号
不出馬
緑地帯
景観法
小海老
火成岩
道議会
林産物
会計課
工芸家
建物名
多極化
教養部
初中級
新建材
大敗北
落葉松
発信器
原初的
試験地
健康美
各会社
集約的
不世出
不整地
初等部
放牧場
未来図
倉庫番
時間給
運用法
国産米
機械語
安全帯
法親王
所司代
固形化
両成敗
参照先
公式的
兵学校
右左折
九官鳥
肉感的
無作法
外面的
側面図
地中熱
学卒者
不戦敗
貨客船
不等号
共感覚
教養人
刷毛目
自然死
分隊長
一等兵
室内灯
分類表
海軍力
追試験
投機家
作業機
石清水
群青色
側頭葉
試験紙
副教材
人差指
速記録
前期末
底意地
食養生
初安打
失敗学
親日的
未決定
海老根
焼死体
未然形
町議選
小作料
運送便
感覚器
大局観
元軍人
最終作
五輪後
対戦中
無試験
年金課
老年者
持参金
共有地
歩合給
実験所
正書法
中国戦
内野席
機関部
小径車
分光器
散文詩
主要部
給湯機
人類愛
労働日
産直市
博多帯
火山帯
電算機
受験日
投票区
週単位
学芸大
借入先
感想戦
手芸部
休養林
立案者
無礼者
投光器
事業課
加入員
会議用
調節池
未来形
失血死
実定法
関係図
天才児
側用人
英語学
正一位
代数的
無化調
果菜類
受発信
参加日
命令者
昼行灯
局地戦
大卒者
中量級
管理表
産業的
漁業法
英字紙
牧羊犬
極楽鳥
高冷地
学校令
決議文
黄熱病
治工具
治験薬
木工芸
満天星
軍事化
牧場長
新住民
副参事
歌唱法
無記入
変光星
中労委
民芸館
雨量計
追求心
地衣類
無水物
集散地
真最中
調整器
産業祭
孫弟子
取材力
通信路
着陸料
成文法
不信心
万国博
低体重
大目付
観光者
発行機
節度使
実体法
無理数
感熱紙
水道料
底辺校
無一物
来年末
無感覚
水位計
利他的
試合日
好人物
小火器
産出国
器楽曲
連合野
公害病
開戦後
外国法
地労委
太極旗
足温器
案内者
給水車
節分草
松果体
対極的
園芸家
成功談
試合場
天長節
初打席
手不足
無業者
官公労
共感的
当選金
参加数
無用心
副園長
共産化
商工課
不用心
児童期
関東馬
通信量
集魚灯
水平的
公共心
軽種馬
特定国
不養生
育成課
挙式日
全住民
文芸家
野生的
文字種
深成岩
不作法
競馬法
通信中
海草類
草競馬
手続的
地方隊
整流器
伝馬船
国民軍
予約席
陸屋根
説教者
電気量
入力例
合成語
民事法
女官長
薬種商
三色旗
大学令
他国民
不美人
不品行
功名心
特別車
起重機
散文的
葉菜類
単数形
元大臣
受信器
参会者
先験的
打席数
受信箱
配置薬
成年者
未指定
二人静
英米法
帯番組
産休中
無医村
着陸船
期末日
観月会
二元的
目付役
徒労感
船員法
標本化
競争法
変声期
実労働
出血熱
農漁業
光量子
電熱器
早明戦
内国産
副頭取
借受者
養老院
方位角
府県連
取材日
日英語
電機子
令夫人
土建業
固定子
月光浴
前大臣
陸運業
残日数
自民族
試合球
借地料
加熱器
完新世
一人静
地公法
線量計
取水量
電子戦
大博打
共産国
無声音
観光学
司法官
万灯会
老人力
全体量
加算器
関西馬
生兵法
消音器
国大協
不動心
軍用車
機械油
血清学
無配当
軍管区
梅雨寒
積分学
旗指物
交戦国
正五位
手信号
元課長
単一化
不動点
投石器
通産相
労働量
村長選
信号灯
共進化
銀本位
内陸国
原子量
法学科
無定見
水産学
地区労
国土法
軍用犬
不出場
上達部
改良種
軍事学
口達者
変化形
一意的
生産業
反戦歌
人民服
大戦果
不足金
少国民
労働歌
会社印
運送料
管理力
公法人
人事官
短波帯
農漁村
直通便
試験車
戦病死
分節化
水中戦
養生所
家族観
加工紙
無器用
対戦国
満天下
通時的
未開地
副課長
全労協
熱機関
後部席
光電管
借用語
町村議
主計官
人別帳
合目的
受付印
不束者
理事官
土産代
小器用
算出法
気化器
鏡文字
始発便
教会法
弱材料
親和的
世帯別
予約語
功労金
電信機
考課者
漁労長
注入器
不変量
帯曲輪
飛鳥京
特定物
海老茶
水平器
育種家
野良着
残念会
記数法
作曲法
男所帯
回転機
外輪船
六観音
気候学
発議者
飲料品
入漁料
春節祭
共時的
風信子
育成力
愛書家
変成器
相続法
自然児
不調法
雪花菜
兵法家
農水産
頭足類
熱化学
出産日
主要港
合成紙
共感力
大司馬
試験料
好男子
不正直
国民服
未入金
無定形
選挙会
初時雨
信号旗
健康酒
栄養物
卒業年
給茶機
他動的
園芸科
治部少
浅黄色
国民車
工芸科
新教徒
電事連
未実行
老年学
岩田帯
借上料
山東菜
強材料
南洋材
中学卒
教育令
省人化
気候帯
集音器
世帯内
区議選
協業化
五目飯
国文法
区長選
受験地
辞令書
川海老
手形法
森林帯
完全数
英国産
道具的
最多数
節約家
主唱者
小利口
空軍力
下位者
対内的
初太刀
民間用
形成力
浴衣地
米国戦
不発行
無声化
未来学
先高観
大陸法
算定法
交付日
競走場
工場法
初速度
電子管
公労法
満州語
元法相
機動戦
最強戦
早産児
発光器
公約数
九輪草
大本願
熱量計
量子数
競走部
村議選
球根類
散水車
代行料
労役場
円周角
種族的
司教区
孫息子
名望家
西川材
軍学者
成果給
作成料
新小説
便衣隊
高積雲
計算器
入浴車
着上陸
園芸学
乗算器
高等官
静力学
考課表
四重唱
協同体
民法学
副食物
伝声管
放電灯
内輪差
英学校
学究的
作業料
代表印
副室長
不器量
連文節
不消化
官有地
育種学
機材車
副村長
計数管
正六位
末息子
昼夜帯
加工糸
文化街
出欠席
短期戦
加工者
共同店
重電機
整流管
表街道
半合成
変節漢
利用票
日米戦
前進的
愛国歌
塩水選
市民法
根無草
特定者
入力法
着陸帯
花伝書
結合度
変曲点
積分器
勇者学
単一的
車内灯
単色光
上陸戦
学習材
農園芸
配達物
通信科
司書長
天元戦
老大家
薬包紙
飲屋街
月初日
追分節
松根油
兵学者
利用駅
主要動
無言歌
分極化
飲食料
給電線
陸上戦
南無三
不面目
好角家
送付物
不明熱
着火材
冷水器
府立高
国家法
公労協
交戦者
無名氏
売春街
月例給
民族化
分国法
正選手
観相学
観音竹
新戦車
不文法
熱電子
気候区
生活給
単位円
内輪山
案内員
肉用種
議運委
新冷戦
無体物
養親子
前借金
金糸梅
天産物
飛道具
点灯管
単勝式
多毛類
借入者
試験者
好一対
松虫草
場末感
短兵急
和束茶
変形体
植生帯
観兵式
化工機
文芸学
梅雨晴
水上戦
実験式
平面鏡
氏子中
日中英
共鳴者
協和音
長信銀
加入日
面積分
単文節
希望学
新平民
合成酒
調速機
児童学
主夫業
記録所
海空軍
大臣家
国産物
法治国
共生者
発信日
器量人
標題紙
食肉類
兵役法
主管部
未発行
国民化
産科学
米軍用
農牧業
軍用金
太夫元
民活法
連隊旗
社会法
大乗的
止血帯
大人側
工事料
森林官
塩化鉄
成長線
車輪梅
読取機
当月末
印字機
群速度
法科学
植物帯
魚類学
定員法
同期機
不生産
和議法
不感帯
司祭者
歌唱者
水兵服
成年式
先日付
文法化
牧羊神
組成式
塩水湖
社内便
無風流
料理学
特別給
側波帯
熱湯浴
計数器
試験台
五輪旗
入金機
産休後
連隊区
北洋材
不競法
教養学
海底谷
不見転
伝習録
手塩皿
入港料
観察使
有功者
単安定
客貨車
作成元
鳥類学
記念章
浅草紙
人参酒
海陸風
食人種
宮内府
自国軍
実験校
前景気
日中戦
単発式
残時間
線虫類
休日給
単葉機
出改札
集光器
自国産
発行料
送変電
新所帯
公信力
赤海老
文法学
新卒生
自然金
仕方無
功労馬
国民歌
借受金
先安観
買建玉
特飲街
医大卒
追加料
定言的
自働化
売建玉
記入法
変動帯
病弱児
安全器
無風帯
白帯下
極右的
共鳴器
安全灯
大民族
休養室
紙工芸
不用物
季節品
観音水
電位計
黄変米
死産児
兵六玉
愛少女
名付親
旗行列
前課長
大王松
軍用船
多足類
前法相
問答法
新聞種
海上戦
無調法
公労委
節電器
植字機
形成体
二等辺
進入灯
加入月
極左的
国民兵
量水標
府県会
中波帯
花札屋
未通女
労調法
集材機
仕付糸
帰休兵
小物成
流灯会
家伝薬
大陸国
最小数
送話器
大大的
明清楽
内祝言
空約束
発令日
照合表
辞書順
生成熱
選挙屋
温冷感
親類書
間欠熱
仲人口
未受験
毛包虫
辞書形
参事院
同位角
配位数
進軍歌
光行差
回帰熱
未清算
赤母衣
卒業日
空間群
改定日
完形品
作成代
梅雨雲
民労協
結合角
酒徳利
差不多