出場権
専用機
最高潮
急降下
同窓生
断片的
派出所
空模様
誕生石
機関誌
二枚目
延長戦
地域性
許認可
学会誌
死傷者
収益性
大株主
生存者
聖職者
目標値
法律家
期待値
法律的
友人宅
最大値
利己的
引退後
地権者
副収入
変奏曲
印象派
社会派
個性派
映画界
礼拝堂
推進課
警部補
決定権
保存食
真骨頂
身障者
万馬券
証券化
小劇場
活断層
改善策
諸経費
不動尊
石灰岩
財政難
女性誌
受精卵
貴婦人
体系化
発生源
自己流
若年者
認定証
生存率
劇作家
貧困層
納期限
担当課
警報器
電磁的
仮処分
浴衣姿
私書箱
使用権
注射器
市庁舎
格納庫
地域間
大革命
洗面器
演劇部
退院後
優先度
低賃金
貴公子
未就学
創設者
専門員
中国系
激戦区
候補生
乳白色
新体操
拡大図
機密費
従姉妹
警備隊
無党派
中規模
預貯金
諸注意
確認書
砂時計
市民権
単純化
自己愛
任命権
測定値
散策路
助動詞
子供心
創立者
仁王門
論理学
独創性
前奏曲
裏事情
閉会式
作詞家
独立系
納品書
補佐官
数値化
銀河系
異常者
揮発性
返済額
全否定
取材班
小宇宙
有頂天
黒砂糖
洗顔料
探知機
主権者
疑問視
中納言
無担保
家系図
翌年度
参拝客
高純度
地蔵尊
前処理
賃借人
創世記
自律的
若女将
悲劇的
感染性
感情論
西部劇
対策法
領有権
納骨堂
改革派
体操服
遺伝学
度外視
歌劇場
系統的
筋肉質
脳出血
改善点
出展者
特異性
脳外科
憲法上
認定医
収益金
吸水性
自社株
操縦士
異星人
放射状
結果論
記念誌
秘書官
草食系
劇団員
片田舎
特急券
不誠実
収益率
忠誠心
子供会
新憲法
宗教家
供給量
副総裁
生存権
郷土史
受給権
推進力
通訳者
内外装
授乳中
絵画展
納付書
砂利道
理工系
割引率
視覚化
満腹感
反乱軍
領収証
理想郷
分担金
多糖類
電磁気
処分品
私物化
親権者
事務系
宝石箱
初期値
収納力
低血糖
革製品
負担分
就任後
経済誌
枝垂桜
並木道
従来品
拡張性
看護学
資金源
警察犬
就職率
遺留分
保守系
経済面
純文学
永住権
無洗米
就業者
感傷的
精神論
清純派
非武装
除細動
角質層
片手間
提供先
一枚岩
女子供
名台詞
予防策
秘密裏
納付金
革命家
処女作
私有地
団結権
就職難
密入国
吸引力
敵対的
純損失
広帯域
若干名
権兵衛
上下巻
公権力
片仮名
紅白戦
拡声器
資本論
落葉樹
負担率
宗主国
水源地
照葉樹
独善的
異教徒
常設展
理想論
官公署
白装束
乱高下
支配権
石灰化
重軽傷
省資源
後処理
無認可
優先株
代理権
習熟度
探検家
主流派
感染力
光学系
歌劇団
街宣車
貯蔵庫
蒸留所
視神経
無神論
総指揮
除幕式
文化系
利用券
中間層
証券業
次官補
常緑樹
政党制
現預金
親不孝
磁性体
漁業権
揮発油
就活生
探究心
私小説
射手座
気密性
古典派
指揮権
人格権
不可視
三枚目
宇宙論
回覧板
百日紅
紅一点
図書券
自己満
観覧席
未熟児
骨密度
下垂体
遺伝性
拝観料
絶対値
補助者
供給源
脳天気
入退院
複数枚
少年誌
公開株
厳格化
敬老会
担保権
収益力
蒸留酒
認定書
炭酸泉
共済金
感染源
転勤族
皇太后
仕手株
異人館
収蔵品
指定券
地磁気
相対論
伝染性
大改革
収入役
地域力
試供品
賃借権
接続詞
五重奏
速報値
地上権
高血糖
裁量権
圧縮機
確率論
乳母車
受益権
優先権
創作物
経営権
放射光
個人宅
胃腸薬
前置詞
複雑系
装身具
生誕地
反革命
中高層
所蔵品
単純泉
除雪車
経済史
授乳期
性善説
可動域
大至急
律令制
裏番組
宗教観
量子論
発信源
投票権
賃貸人
警報機
絹織物
若年性
映画史
専門紙
可視光
聖歌隊
誤動作
発言権
金平糖
読者層
腹話術
自警団
内装材
臨時的
収集家
賃貸業
処理業
理科系
努力値
沿岸域
推進法
優勝旗
食洗機
雪割草
放映権
王座戦
氷砂糖
仏頂面
三重奏
観光庁
供給者
宇宙線
傷害罪
閣議後
絵巻物
参加券
原寸大
就任式
雑穀米
意欲作
体操着
観念論
肉食系
決定論
特優賃
立体視
代表権
書道展
営業権
最小値
操作感
幼児用
可処分
山羊座
存在論
電磁石
石灰石
認識論
破傷風
国際派
親日派
蒸留水
謝恩会
低位株
基本権
郷土館
無節操
未処理
創造者
出勤日
有段者
二重奏
特異点
演劇界
出生届
簡体字
人事権
激戦地
固有値
操車場
降雨量
熱射病
探鳥会
座席数
変革期
収入額
尊厳死
新宗教
補助犬
私立大
難事件
行動派
公民権
強磁性
勤務日
乱反射
吸収量
自律性
劇映画
宗教学
郷土愛
映写機
要確認
大衆化
視察団
宇宙服
産卵期
賃貸料
水利権
温泉場
意味論
内閣制
遺失物
百舌鳥
保有株
発展性
敵対心
二枚舌
処理水
博物誌
勤務者
亡命者
冬将軍
優先席
蔵書印
伝承館
若武者
個体値
商業誌
領域内
遺族会
肉骨粉
注目株
処理中
金属片
非公認
報恩講
理論値
就職課
米穀店
法律学
間欠泉
現代劇
低姿勢
内訳書
死亡時
疑問文
好敵手
蒸気船
進化系
推定値
制空権
頭痛薬
通勤中
因果律
検査値
賃借料
街道筋
独立派
字幕版
自治権
諸手当
中央値
季刊誌
命名権
操縦者
展開図
共済会
処理系
退去時
転出届
異物感
司法権
退職時
大胸筋
転入届
肺活量
行政権
運賃表
鉄鋼業
警告灯
他動詞
上映後
血管系
単位系
権利金
模造刀
不文律
降雪量
故障者
文芸誌
肺動脈
難燃性
拡大鏡
退職願
炭素鋼
護憲派
通勤用
口呼吸
遺言状
平均律
経済上
筋肉量
角砂糖
暖色系
経営層
収録中
成長株
断片化
専従者
土俵際
特権的
異動者
屋台骨
就職者
人権派
圧縮率
他部署
不経済
玉砂利
補給金
乱気流
模式図
国宝級
補佐役
裁判権
電磁場
日射病
郵送料
入園券
源氏名
尊敬語
未収金
出勤時
理論家
聖戦士
障子紙
消石灰
敵同士
不退転
純損益
市民派
銀行券
遺留品
消息筋
月経痛
胃下垂
確実視
私家版
異体字
模造品
受難曲
就労者
上限値
反射鏡
五穀米
保存先
乗船券
自動詞
模造紙
二頭筋
並列化
特別視
芸術系
知人宅
成功裏
善知識
独裁的
自己新
上納金
相続権
私立校
自由権
合計値
不安視
近視眼
入退室
制海権
表層的
楽屋裏
開閉器
首脳部
正誤表
恩給法
営林署
補助輪
不承認
観覧者
密閉型
難破船
間奏曲
劇中劇
反射区
私文書
出納帳
内裏様
参考値
改革者
政府筋
小型株
吸音材
八宝菜
交戦権
私生児
洗面室
死亡後
磁力線
黒装束
改憲派
納入先
粉砂糖
憲法学
帰宅部
死亡届
指揮棒
優良株
貧困率
白骨化
下降線
記号論
統治権
保障額
実績値
共済法
出版権
郵便業
帰納的
平行棒
宗教性
散策道
帰納法
喜歌劇
放送権
資源国
記念樹
青年誌
遺伝病
運動系
寒暖差
配糖体
大衆薬
体制派
呼吸音
片一方
経済紙
樹木医
地役権
通勤路
草紅葉
書簡集
創業家
収集品
宗教界
不敬罪
部署名
革命児
株仲間
留守宅
外装材
認定校
管理権
存在者
反射材
引受権
針仕事
灰白色
対策案
創造物
調査権
絶対視
不揮発
創作的
境界層
系統樹
測地系
知識欲
立法権
暴風域
認定日
鼻呼吸
誤操作
推理力
手間賃
出納長
親中派
麦芽糖
宗教画
退職日
宇宙食
郷土色
敵対者
業界誌
最低値
最敬礼
入退場
背格好
大衆車
三頭筋
大蔵経
持株会
三尊像
警察法
補佐人
将軍職
秘書室
筋電図
納付額
無収入
退場者
裏街道
王将戦
色収差
劇中歌
骨伝導
補助席
階段室
民族派
激動期
終末論
頭脳戦
未来派
自主権
警告文
創作性
収納箱
生誕祭
不明朗
周遊券
計算尺
悲喜劇
乱開発
鉱業権
気配値
優生学
人工骨
乳児院
集合論
保守層
熟練工
青大将
保存則
元専務
包装材
鋼矢板
私立高
認識力
補助額
雪模様
吸入器
感染例
密輸入
値千金
複製権
入館券
大型株
革新性
顔認識
若年寄
最重視
頭脳派
日射量
誤入力
民族誌
私立中
宝石商
密貿易
探検記
写真誌
合金鋼
近似値
一元論
規定値
処理費
実在論
救護班
従三位
大手筋
制裁金
異国人
格助詞
操縦性
負傷兵
公孫樹
蒸気圧
専門士
外交筋
商売敵
乱打戦
就業先
演奏力
修正値
物理系
高野聖
肉体派
庁舎前
大火傷
予想値
生石灰
横穴墓
警視正
寒色系
未回収
新入幕
背広姿
後背地
種族値
七宝焼
宅建業
力学系
少納言
俳優業
質権者
府県警
物性値
語用論
聖母子
探求者
疑問形
密航者
発射管
借家権
拡張員
年代層
優勝国
二科展
供給力
副担任
針供養
副将軍
就任前
納得感
専門科
初土俵
舌平目
国富論
取消権
返済日
貴族的
蒸留器
異性愛
訪問日
内転筋
賃金額
聖誕祭
保安庁
太刀筋
補修費
非同盟
解除権
貯蔵品
降誕祭
機内誌
体操部
勤務表
高専賃
水源林
従属的
専売品
経験論
政策学
社会権
留置権
射幸心
電磁力
判事補
除去食
急行券
入会権
機械論
転勤先
収縮率
円熟味
警察権
専門語
垂直的
除光液
聖家族
大将戦
誤表記
平年値
補習校
連座制
専用船
善後策
利己心
仲裁人
自然権
操縦室
価値論
異動届
総同盟
言論界
四暗刻
推計値
宗教史
大納会
冷蔵室
誕生地
皇民化
背理法
空幕長
従兄妹
郵政局
大内裏
党内外
認証式
出退勤
一卵性
無精卵
縦社会
補給線
密売人
蔵書票
腹直筋
解散権
背負子
現存在
映画社
公理系
二卵性
届出制
拡声機
納品先
沿海部
片男波
否定形
人権屋
口座名
革細工
著述家
疑問詞
縦断面
背任罪
探知器
洗礼名
大衆紙
吸着性
広背筋
退職前
放射化
日照権
秘書長
終助詞
格子窓
宝石類
定収入
異質性
故障車
右大将
非存在
独裁制
経済法
窓際族
賃労働
通勤費
千日紅
動名詞
就業率
音楽誌
善知鳥
通勤車
翌月末
派生語
割増率
自決権
発射機
直前割
知識層
派生的
潮間帯
供述書
白鳥座
特装車
寒暖計
教育権
野外劇
解消策
幼児語
系列化
目的論
社外秘
断層面
視覚野
展望車
統制権
帯水層
利権屋
書誌学
新国劇
異分子
海砂利
論理和
未済額
収益化
脳貧血
全反射
警備部
郵送先
表領域
有難味
呼吸数
形態論
翌日物
運命論
真善美
否定文
決裁権
沖積層
工具鋼
宣伝文
磁鉄鉱
中足骨
居住権
権利証
喜劇的
雑収入
敵対視
養蚕業
障害学
名詞句
朗読者
編集権
木賃宿
圧延機
大衆性
未決済
純正律
白眼視
宗務所
逆探知
通行権
臨港線
死亡日
秘密会
縄文系
補完性
高専卒
放射率
我楽多
策略家
源泉郷
骨関節
訪問国
神秘学
助数詞
領域外
整数論
毒劇物
学年誌
慣性系
産卵数
背筋力
裏起毛
植物誌
蒸発器
圧縮力
亡命先
返済金
就学率
初感染
木戸銭
割当先
臨時駅
危険球
砂質土
腹時計
垂直線
異所性
浅海域
傷病兵
逆断層
日銀券
密造酒
一欠片
要検討
指名権
敵対国
小作権
真理値
片方向
革新派
裏長屋
実効値
検視官
私有化
届出印
親米派
新住宅
鉄道賃
関係詞
閉庁日
担税力
部署内
推進器
片意地
従量税
郵便車
開放系
異動先
科技庁
承認者
周期律
山紅葉
道徳律
形成層
就学生
進歩派
統語論
代表値
酸性泉
幼友達
単糖類
株式化
水密性
電源車
今晩和
合奏曲
模型誌
資産割
過密化
上場株
解放派
納入書
金看板
針千本
補助費
入漁券
仮退院
主担当
難問題
不拡大
座席車
割引料
乱数表
分散系
生命誌
垂直面
革新系
就転職
旧憲法
外国系
交通権
郵送物
原子論
未就職
系統学
熱放射
往復券
放射熱
学習権
中間派
筋組織
救難隊
音源化
聖書学
独我論
警防団
学納金
公私立
表看板
弁証論
専売制
外交権
肺静脈
探照灯
住宅費
航空賃
仕訳帳
評定衆
相補性
争議権
金庫株
電流源
声優業
絹製品
対策班
仁多米
郵便箱
黄泉路
常磁性
強風域
表決権
降車駅
追求権
胸算用
代位権
党派性
処女宮
創作家
古生層
電脳化
歴史劇
戦後派
定義域
片道分
実収入
古書展
糖度計
胃拡張
心理劇
課税権
感動詞
尺取虫
在勤地
演劇論
改定値
千人針
従属国
装着型
夏至祭
鉄火巻
取得届
異状死
愛郷心
中手骨
真砂土
乱用者
心臓死
深紅色
演劇科
太刀洗
郵政族
有神論
正義派
製鋼所
期待権
異国風
仕事机
圧痛点
他律的
開国論
若年期
物質系
呼出状
耳小骨
背広組
論説文
提案権
中立派
確認法
政党化
後頭骨
臨時工
空白域
郵送費
店頭株
視察中
非戦論
確認印
地域化
俳句界
逆転層
著作家
死亡前
特認校
討幕派
大衆魚
深層筋
無言劇
間投詞
従属節
決裁者
草木灰
鉄筋工
加工乳
退院前
多連装
独善性
主権的
裏書人
確認表
内乱罪
別除権
株主権
優先順
切手展
裏木戸
権利付
野暮天
宣伝戦
解糖系
退社時
認知力
巻積雲
知財権
源氏車
山羊乳
染物店
脳波計
閉曲線
複層林
共役系
領土権
根来衆
輸入権
不行届
雑誌屋
養育権
遺家族
看守長
関連痛
耕作権
認証官
看護人
石灰水
灰白質
警職法
返納金
磁力計
雑食系
奏鳴曲
訪問型
諸大夫
長広舌
労働権
射幸性
無気肺
花林糖
電圧源
拝火教
宅配業
連合系
出勤率
人情劇
軽演劇
割増金
巻層雲
宗主権
断裁機
興行権
届出先
四方拝
検針員
動物誌
認識票
警視長
未認可
花供養
質点系
仕入値
工科系
幼少年
講座制
裏部屋
代用乳
編成権
有平糖
銀灰色
操縦手
経済区
磁化率
補給所
装丁家
小説誌
辞退率
宗門改
児童劇
陸将補
骨角器
専修科
郵送代
極限値
部屋割
小田巻
陸蒸気
弁済額
住宅難
宿命論
胸三寸
冷蔵車
武蔵家
馬乳酒
異国的
天保銭
放射計
出納局
反磁性
弁論部
革新者
退社日
教皇領
諸雑費
確認票
指示詞
私傷病
否認権
承認印
多党制
確認者
磁気力
私有林
塩干物
特権者
貴族制
地誌学
検針票
肺組織
蔵人所
上映権
不承知
開化派
近代劇
策源地
開腹術
連体詞
私家集
世捨人
生活難
高層雲
補給品
革命歌
年収額
集計値
真宗学
金米糖
危険域
文体論
通勤着
戦国策
乗降車
乗車賃
未納金
輸卵管
人気株
年寄株
変退色
自助論
成熟卵
母衣衆
賃金表
割下水
小納戸
幼保園
正断層
補習科
宝石学
専売局
届出日
放散痛
預金高
月割額
放送劇
閉村式
内務班
発射薬
脳病院
未納額
海潮音
平等権
視力表
延人員
推計学
接骨木
極大値
山形鋼
特異値
子供数
金砂子
並列型
腹足類
手根骨
戸障子
詞花集
乳母子
若者組
高優賃
文章論
警音器
司書補
講座派
脳死体
部署別
止水域
再建派
紅枝垂
多元論
警務官
就業日
諸会費
垂乳根
展覧館
名詞節
脳病変
警察医
入退去
賃仕事
不納付
灰神楽
疑陽性
海将補
赤砂糖
完済日
低糖質
入退館
上演権
担保物
未返済
代数系
逆宣伝
探求書
反射角
不体裁
天蚕糸
差分値
乱層雲
所有株
退勤後
沿岸流
創出力
種子骨
党派心
尊属殺
直訳的
海幕長
極小値
頭胸部
防潮林
革新党
皇太孫
芸術派
独裁官
銀砂子
民権論
貸株料
補給率
高姿勢
最高善
母系制
構文論
実体視
肉骨茶
棒線駅
花紅葉
臨時祭
受難劇
再共済
土性骨
退勤時
翌翌日
灰色熊
以遠権
採石権
遺伝率
反日派
感覚論
最終値
純物質
従価税
帰化系
前頭骨
蒸発熱
天井値
南宗画
展延性
大熊座
背徳者
言語権
地方裁
階子段
序数詞
半両銭
警備犬
資産株
家賃額
閉集合
幕間劇
格納先
地蔵顔
空将補
前専務
尺岩魚
仁輪加
肺性心
比推力
水路誌
未就業
難行道
演奏権
肺吸虫
表層土
月収額
層序学
罪悪視
川砂利
新派劇
副専務
臨界量
閉曲面
母権制
機電系
温泉権
山砂利
射出機
肺出血
反問権
限度値
父権制
用益権
女子衆
並行性
処理日
南進論
老年層
六道銭
入退社
冊子本
盛漁期
皇族費
就任者
密度流
出来値
保障金
延日数
不就労
転化糖
貧困線
生気論
危険犯
映画学
初夜権
看板絵
常勤者
翌翌年
内勤者
退去日
形成権
秋季展
宣伝屋
就業上
枝垂梅
全単射
手合割
軍事権
未収集
頭頂骨
一寸見
奏任官
医科系
回転窓
密告中
貝割菜
内骨格
衛星系
私法人
小熊座
足根骨
骨相学
私有制
地域制
引付衆
納付先
圧縮器
暖帯林
大犬座
紅葉寺
翌年分
勤務割
格納域
革命化
私用車
支分権
郵便史
限定詞
株式制
立体派
実話誌
皇室費
成年誌
高村派
日射計
未就労
就業力
未反映
片道券
星座図
下降形
射干玉
車内誌
創立費
棒暗記
連銭草
泉貨紙
穀物法
派手色
映写幕
裁許状
承認率
冬至梅
予警報
油障子
敬語法
本土派
遺産税
専用権
誕生席
異動時
対頂角
異動日
父系制
軍忠状
危険源
健康権
納付日
保障給
外食券
入退居
裏小路
書簡文
私生子
縦横家
自部署
従業婦
絹層雲
密輸出
周辺視
私経済
蚕卵紙
警備士
過納額