既製品
風邪薬
中耳炎
控訴審
上昇率
再逮捕
福祉課
水墨画
施行後
肝機能
遠隔地
一貫校
間伐材
駐在員
焼却炉
彫刻家
伸縮性
削除人
衝撃波
収穫祭
長寿命
潤滑油
企業者
本籍地
怪我人
鎮痛剤
中華風
特措法
無免許
拘置所
孤児院
締切日
暫定的
冠動脈
再雇用
異邦人
漂白剤
催眠術
高架下
海賊版
特殊性
米国債
該当者
大恐慌
地方債
肩甲骨
放浪記
肝硬変
国籍法
免許状
魔道士
不飽和
企画部
審判員
駐在所
幻想郷
共謀罪
奉行所
廉価版
受託者
疑問符
委託料
逮捕者
髄膜炎
北斗星
伏流水
自虐的
逮捕状
奪三振
土壇場
風俗嬢
福寿草
埋蔵金
排出権
符号化
関節炎
控除額
施設長
結膜炎
結晶化
断末魔
匿名性
孤独感
浮浪者
胃腸炎
超党派
請負人
緩衝材
性転換
書籍化
請求者
尿検査
超電導
売掛金
免税店
翻訳家
企画課
高架橋
畜産物
超新星
山岳部
衝動的
細胞膜
請求先
拘束力
引換券
掲載誌
詰将棋
申請中
慰霊祭
転換点
装甲車
単細胞
魔導師
基礎力
選択制
既得権
給排水
瀬戸際
天皇陵
審議官
単結晶
撮影後
阻害剤
下克上
霊能力
町奉行
修了生
芳香族
大腸炎
幻想曲
窒息死
陪審員
虚血性
排水路
猟奇的
回転軸
夏風邪
促進剤
無慈悲
実施日
基礎編
喫煙所
寿司店
仏壇店
水晶体
破廉恥
販促品
芳香剤
霊長類
審査官
進駐軍
等間隔
卓球部
独壇場
承諾書
超人的
同伴者
豪華版
埋蔵量
宴会用
抽象化
分泌物
交換機
横隔膜
収穫期
免罪符
魔方陣
誘電体
浪人生
不審船
孤独死
袋小路
乙女心
終了日
貧乏性
養鶏場
抑制剤
開催国
参謀長
終身刑
昇降機
罰金刑
契約金
企画力
硬化性
貧乏神
申請時
農畜産
傍聴席
尿失禁
乙女座
大和魂
大魔神
超自然
委託者
天邪鬼
海賊船
修了証
超合金
駐車券
潤滑剤
座標軸
交換所
応募券
体細胞
請願権
粘着質
超音速
刑務官
不摂生
三冠王
刑事罰
鎮魂歌
陳腐化
吸湿性
聴覚士
婿養子
請求額
怪文書
雇用主
脅迫状
風見鶏
増殖炉
受付嬢
双子座
修繕費
移籍金
絞首刑
請願書
祝儀袋
硬膜外
天然痘
封建的
冷凍機
戸籍上
概念的
選択式
凝灰岩
公社債
仕掛人
奉仕者
再審査
愚連隊
卸業者
中教審
炊事場
新機軸
硬直化
軽水炉
選択性
粘着力
畜産業
公募展
陳情書
陶器市
陳述書
捕鯨船
粘着剤
老婆心
分裂病
粘着性
暖房機
喫煙室
慰労金
食糧難
副葬品
粗利益
刑法犯
滞在先
単焦点
彫刻刀
委託費
日没後
休肝日
細胞壁
細胞質
強硬派
潜在力
携帯性
漂流記
既視感
腹膜炎
八乙女
除湿機
実施権
喫煙率
仮契約
排水量
置換基
欧州車
施餓鬼
陰謀説
特殊鋼
買掛金
双生児
奉公人
実施者
保湿剤
傍聴者
欧米化
既往歴
虚栄心
騎兵隊
台湾語
生没年
浪花節
湿度計
御詠歌
将棋盤
南京錠
硬化剤
騎馬隊
紙粘土
誘電率
虫垂炎
再契約
穏健派
排気口
抽出法
細胞死
雇用率
戸籍法
卒塔婆
移籍後
粘土質
騎士道
概念図
処刑人
盗賊団
初冠雪
企業局
餓死者
将棋界
私企業
超越的
胃粘膜
換気口
食道炎
駐留軍
多結晶
封建制
意匠権
上告審
喫煙席
赴任中
供託金
怪事件
不審火
模倣犯
譲受人
歯周炎
脂漏性
引用符
鎮静剤
菊人形
騎馬戦
葬祭業
孤立化
小企業
滞在費
沈没船
利尿剤
顧客層
馬酔木
模倣品
電気炉
難聴者
超過額
掃除屋
書換料
審美的
破魔矢
聴講生
禁固刑
角膜炎
粘弾性
誘導弾
養豚場
官房長
処女膜
赴任先
未選択
施術所
港湾局
控除後
外耳炎
粗飼料
企業化
不審死
信託法
瀬戸物
誘導路
再塗装
顧問料
肝不全
哲学科
台湾茶
帝王学
視聴料
如何様
負債額
再結晶
請負業
台湾製
破裂音
清掃業
契約日
審美眼
邪気眼
満了日
摂関家
溶鉱炉
幽霊船
誘発剤
放浪者
盛衰記
漂着物
排気管
引揚者
随筆家
直滑降
冷凍室
棋聖戦
哲学史
定冠詞
卓球台
不如帰
侍従長
地頭鶏
契約額
台湾産
昼休憩
施行法
連邦制
原爆忌
残尿感
審判団
未実施
技巧派
紫水晶
白足袋
樹木葬
聴導犬
裸電球
新基軸
未遂罪
仮免許
高架線
非晶質
分泌液
尿道炎
用排水
暖房費
大審院
潜水士
特殊紙
出勤簿
骨細胞
横恋慕
家畜化
潜望鏡
申請後
他企業
硬膜下
刑事法
欧州勢
裸一貫
在籍者
無軌道
寿司飯
駐停車
企業庁
概要書
法哲学
施工法
地獄耳
高瀬舟
審判官
補酵素
超越論
福祉学
基礎額
起請文
娯楽業
霊安室
緩衝液
駐車料
冗長性
刑事部
仕掛品
赴任者
膨張率
超高温
登壇者
刑訴法
鼻風邪
宴会芸
脅迫罪
聴取率
金一封
基礎届
反射炉
忠魂碑
膨張剤
逮捕歴
申請日
三冠馬
聴取者
既卒者
小胞体
法華堂
譲渡人
出席簿
潜伏期
餓鬼道
施設費
完了形
漂流物
当該者
契約料
法定刑
擦過傷
既製服
利尿薬
募集人
心筋炎
消炎剤
冗長化
解雇権
参鶏湯
事業債
非該当
自然葬
不穏当
再申請
超短波
免許制
塗装工
縦貫線
超過分
主契約
委託駅
墳丘墓
企業型
延滞税
交換手
脅迫文
篤志家
胎蔵界
腸間膜
心内膜
審判法
伏魔殿
双極子
特殊化
将棋部
台湾系
鼻中隔
既定値
地獄絵
女房役
嘱託医
切削油
安普請
双曲線
粘土層
尺貫法
社債券
密猟者
換算表
不如意
初穂料
地獄界
放浪癖
抽象論
清掃費
冷房病
河畔林
胸膜炎
誘発性
審査権
新契約
本審査
配偶子
出納簿
加熱炉
近郊型
一刀彫
不凍液
犬畜生
陪審制
申請前
既判力
喫水線
潜水服
華道家
排出物
申請用
感嘆符
御布施
革手袋
生体膜
粘土板
利潤率
性細胞
勘解由
申請先
開催者
神経炎
控除前
隆鼻術
下級審
布袋尊
企画局
訂正印
劣後債
浪曲師
愚民化
如意輪
除排雪
香典袋
冷凍車
駐車代
総胆管
施政権
長恨歌
基底膜
視細胞
邪宗門
誘導性
畜生道
硬直性
骨髄炎
除湿剤
債権国
食糧費
仮放免
伴天連
食用菊
横架材
励起子
南蛮人
自棄酒
芳香性
赤切符
漂流民
虚無的
絞首台
催涙弾
除湿器
衝動性
恋女房
草双紙
仮勘定
棋王戦
海賊旗
顧客先
略奪者
姫百合
債務国
信玄袋
赴任地
口角炎
大魔人
請願者
紛失時
禁猟区
超自我
塗装機
控除率
既知外
公募債
債務額
鋳鉄管
発酵乳
過換気
該当日
甲骨文
白玉楼
印欧語
桜桃忌
粘板岩
過飽和
篤農家
収穫機
如来蔵
如雨露
合同葬
玉軸受
種苗法
引換証
仮出獄
海賊盤
動力炉
有袋類
交換台
修了書
免税点
締結日
糖衣錠
拘束性
交換局
匿名化
揚水機
陵辱系
軽騎兵
双子葉
倹約家
郊外化
御邪魔
参謀部
反魂香
凝固点
基礎練
被昇天
無期刑
軌道敷
公企業
太陽炉
卑金属
田舎侍
書陵部
遭遇戦
胆管炎
受委託
車掌区
鎮静薬
台湾風
甲虫類
粗利率
延滞料
催馬楽
噴気孔
円軌道
小普請
既契約
冠木門
結晶系
生前葬
石灰華
魔法界
怪気炎
華道部
監獄法
行幸啓
尿膜管
無戸籍
供託所
圧搾機
超弾性
超流動
友人葬
左心房
排気弁
地獄道
筋膜炎
換算率
冊封使
刑法学
下請負
換金所
財投債
遺棄罪
細胞学
付随車
駐輪所
多胎児
緩下剤
右心房
掛金率
徴収簿
名簿屋
双発機
埋火葬
誘引剤
忠霊塔
大陪審
粘液質
鬼畜系
雇用法
割引債
中企業
長音符
邪魔物
撮影機
偶有性
販促費
幻覚剤
滑空機
克己心
暫定値
茶華道
誘導馬
雇用先
日没時
結晶面
借換債
悪魔化
翻案権
潜水夫
昇格組
乙女系
埋没毛
歯髄炎
岩雪崩
濃紺色
静脈炎
動脈炎
侍屋敷
排外的
群集墳
荒御魂
葬祭料
彫刻機
零余子
催促状
台湾戦
車掌車
惜敗率
自由刑
内侍所
大誤審
結晶学
準結晶
御託宣
鉄甲船
御嬢様
申請数
外分泌
有期刑
伸銅品
翻訳権
参審制
随伴性
緩衝帯
凍豆腐
保湿液
心膜炎
彫金師
団体葬
双胴船
陳旧性
虚弱児
潜水橋
皆既食
行革審
中環審
不凍港
腸粘膜
半透膜
詞華集
赴任前
随意筋
上級審
誘惑者
慰霊堂
脳膜炎
柄足袋
粘度計
利付債
過怠金
信託業
没食子
共謀者
御霊代
一騎討
非結晶
胞子葉
食卓料
機帆船
尿結石
酵素剤
外国債
促音便
普賢象
吉草酸
水硬性
食卓塩
企画職
埋蔵物
油粘土
粗暴犯
緩急車
潜水病
食細胞
中華飯
葉鶏頭
施政者
食糧品
随行者
配偶体
申請額
委託元
付審判
入籍日
卒都婆
黒揚羽
吉左右
賢夫人
陰謀家
面粗度
大入袋
昇給日
特殊戦
菊日和
餓鬼界
非常駐
刑罰権
御粗末
産構審
勘定所
骨髄球
凝集力
承諾料
畜産学
奉加帳
加湿機
種痘所
取締局
公共債
誘導機
胞子体
河童忌
尾長鶏
審神者
結晶水
大欠伸
姫御前
拘束型
潜勢力
心霊術
御勘定
十如是
個人葬
刑事犯
掘削船
減衰器
畜生界
宇宙葬
風邪声
女房詞
大炊頭
顧客名
昇圧剤
寿司種
昇給率
膨張色
免震化
凝縮系
網膜炎
供託書
野路菊
自由葬
折衝力
骨膜炎
双対性
乙女子
鎮魂祭
国民葬
焦土化
勘定書
幻灯機
非常袋
見巧者
爆裂弾
再審理
仕組債
硬化油
昇給額
未申請
契約月
霊長目
内耳炎
雇用時
潜水器
昇格者
家畜商
孤発性
発酵食
奉行衆
赴任時
催奇性
催眠剤
舌下錠
施設科
大謀網
事実審
撮像管
譲渡権
清掃代
除籍簿
超関数
先帝祭
超巨星
菊花石
鍛錬場
隔離壁
毛包炎
消滅届
浮浪人
風邪気
滞在国
冗談口
機甲科
悪魔学
照魔鏡
浪人街
粗収入
酔心地
掛川茶
船首楼
執達吏
狩猟法
校訂版
聴取書
防潜網
閲覧権
膨張弁
御稚児
粗面岩
南京袋
薄葬令
英国債
山岳戦
無双窓
赤裸裸
申請権
掛金額
土坑墓
侍従職
傾聴力
携行性
意匠図
生欠伸
船籍港
知藩事
甲州金
孤立語
催眠薬
鋳掛屋
覆盆子
肺浸潤
辛子色
遂行力
聴音機
点鬼簿
精細胞
無縫塔
縁故債
旧刑法
強膜炎
金属冠
休止符
超越数
転籍者
概念論
引伸機
重水炉
了解度
廉恥心
終了月
仏桑華
畜産科
混凝土
清掃料
乾湿計
布袋草
百寿者
伸展葬
遂行性
学齢簿
台湾化
普請中
外貨債
直腸炎
交換船
蔵奉行
卸売商
施設団
冊封国
菊唐草
身体刑
絵双六
搾油機
水掛論
小冠者
塩辛声
法華系
防湿剤
内国債
内侍司
野紺菊
細胞液
捕鯨砲
衝羽根
排土板
袋竹刀
無憂樹
御墨付
旧契約
吉野紙
防炎性
暖房車
国籍欄
凝縮熱
注排水
朝鮮鐘
採掘坑
魔法科
糸割符
海老錠
狩猟鳥
孤立波
陪審団
催涙雨
可惜物
狩猟家
申請費
御会葬
校閲部
輸尿管
財産刑
中建審
超過率
狩猟期
華屋敷
翻車魚
絵双紙
移籍料
蒸寿司
卵巣炎
肝吸虫
孤立死
緊急権
帆前船
掛取引
立浪草
行催事
控除金
岩塩坑
柔細胞
八角墳
布袋腹