九百
足早
大火
口上
三女
早生
土人
子音
白目
大男
出入
八九
中一
七千
雨林
目上
足先
生気
水音
手中
車上
火気
王立
音大
校名
王手
土中
人人
金糸
早足
林立
出足
口中
下草
男気
七三
生糸
生年
七八
上気
手水
校生
村立
小手
六七
出立
水天
休学
気学
白花
空耳
土足
日子
天人
名文
九千
下火
年休
名車
二手
本草
雨男
二女
足手
小字
小耳
空力
早出
雨空
目目
赤本
口金
青字
玉石
手玉
生足
青虫
車名
左耳
中文
中生
下女
土石
雨中
糸目
山山
右左
口火
右耳
中足
山男
小三
先年
目力
雨女
目見
赤貝
口車
赤青
上目
小犬
水土
村名
下足
十手
四足
耳目
見出
雨足
年女
下男
玉虫
上上
玉音
山犬
本手
名犬
上白
中中
空車
上天
女手
中耳
字名
本四
正字
四女
小力
本生
青白
立正
生木
水火
火車
下人
赤犬
小男
下下
赤虫
青草
天中
火入
下左
上左
上右
先入
火中
火水
男手
水先
水文
手入
一白
字音
白文
天天
八白
子中
花入
花車
月足
糸車
人月
九字
年年
中音
一入
小足
三下
下右
八手
早耳
小水
王林
名花
月月
休出
六白
日女
先王
子年
青玉
人日
文名
天火
白赤
金文
白白
日車
女学
中気
木耳
日王
川水
金気
花林
山草
花人
本立
花金
中力
金口
赤口
音名
七赤
人山
木木
五王
下糸
五女
円月
一百
左中
気口
正金
天金
林学
小子
上玉
出校
八字
白雨
中入
目土
気音
林木
空音
町町
赤赤
一下
花文
赤金
小目
町石
生日
生生
五音
校本
小四
白犬
校下
金力
百出
青青
子子
右中
月白
青林
川音
花生
川虫
小火
中人
円上
耳石
文金
火土
下天
空目
女男
林中
字中
文目
竹木
大女
下目
一夕
木竹
白字
木石
上糸
日金
山子
二王
森森
正立
木人
口入
下生
空文
口口
王水
小虫
小女
木気
下学
金円
入子
人天
大赤
村村
青貝
名石
正円
天青
先学
月水
年百
石竹
山土
下文
入玉
本字
先先
入林
右玉
金字
赤糸
水糸
本月
中字
空空
大犬
虫草
田虫
四王
中左
年玉
王土
木玉
木生
女力
人王
小文
小休
中男
月名
火玉
白下
口早
糸玉
石火
白月
男王
大耳
力車
女竹
力糸
音字
上火
本水
手木
玉糸
早天
山気
石女
人音
千千
山立
月休
花草
下口
日休
出女
水手
赤耳
気水
花下
水人
草草
耳下
手早
火石
火田
学石
文車
女気
人本
手車
木草
中休
十目
正目
赤手
上文
糸竹
石文
口女
手金
早早
音学
円石
正学
気早
口下
山雨
正正
女花
青女
入木
花雨
下木
花虫
力足
山千
先口
口白
円文
出車
天耳
生天
青金
名玉
円口
玉玉
虫気
耳上
生下
入気
雨気
火休
天円
火足
六入
生玉
目早
生金
赤足
雨花