来世
鼻歌
丁重
予見
写生
中味
板前
投書
受身
実母
客数
両用
細動
天命
死守
古物
全学
箱庭
着火
全車
曲面
海事
木炭
反物
西遊
一礼
古酒
円柱
代数
船旅
短気
打数
都電
指図
開院
止血
地銀
集荷
速球
階下
夏物
組員
実車
悪玉
青物
取集
村落
東進
漢語
湖水
仕手
同局
鼻先
肉球
平定
先取
内申
転化
人相
馬身
和楽
平板
集配
始終
気化
先決
出庫
貝柱
転院
商家
皮下
金品
悪名
絵具
終息
一身
四神
主神
病後
半面
速記
農学
意表
宮家
湖岸
大皿
買主
洋上
空路
受章
行商
局部
十両
風神
感化
着服
鼻息
刀身
短命
空運
今号
実数
一死
薬理
開門
代入
横転
祭事
終章
新駅
転記
重役
客人
海流
待合
白湯
園庭
深化
前庭
童顔
人柱
美品
氷山
代休
感光
定石
遊休
客先
表出
遠投
流路
命運
実父
湯宿
長旅
大局
悪女
和式
前部
歩調
服役
黄葉
汽笛
全戸
式神
横長
強運
教化
感電
放心
子羊
開所
半期
倍数
石化
行幸
使役
長打
小箱
配電
実相
足軽
直列
州立
道化
下表
発起
写実
歯根
話者
活路
電界
原題
次点
美声
局番
男役
暗雲
鼻毛
平時
全駅
遊学
分館
公使
船宿
朝練
球形
自転
酒米
黄緑
医業
全県
波止
死活
国対
温和
生酒
南洋
対流
南面
同館
苦行
寒中
行員
美大
地物
学界
原病
工区
毛筆
神業
県央
時流
主意
湖上
死球
進物
送風
地所
動線
当代
急病
進数
家相
学祭
球面
緑道
短文
農相
心持
外箱
外宮
夏服
中銀
音感
女湯
所業
幸先
州都
年商
深緑
役名
回向
面相
男物
上期
洋酒
社屋
毎号
追走
走路
始球
下期
千両
後列
大役
語感
流速
三等
同所
助力
外湯
船着
面体
深遠
予行
配車
荷役
外洋
短波
動体
面前
等地
暗転
下面
冬物
品切
酒家
二流
漢和
有期
代車
下味
高調
和漢
男根
二等
頭身
羊水
具足
着想
飲物
文筆
仕度
下等
発話
死生
所感
仕切
長短
曲者
洋品
客足
心血
黒服
野次
病者
同区
悪友
氷柱
荷主
血族
地代
太守
京福
式部
気運
麦酒
他力
兄者
毎秒
場代
港内
元号
寒空
王都
親等
落馬
有休
南岸
両校
重用
短刀
助走
一対
同級
温州
光度
階数
取調
両県
宿直
氷水
送出
都道
暗部
石柱
仕組
作詩
畑作
放談
近県
農事
男湯
名主
県土
急流
豆板
打算
他局
字面
待受
整流
当事
球速
登園
竹取
多幸
急進
遊行
進水
列記
転回
一命
半球
科研
終局
育休
花期
水死
習合
起草
鉄路
数列
元服
箱入
全通
苦楽
上申
落日
北岸
先住
校章
後宮
路頭
終生
風物
手短
主命
自問
薬店
温風
文物
配向
礼服
安息
横着
学館
表具
実弟
対数
倍音
練炭
板書
遠路
読物
内皮
局内
暑気
代走
流転
教主
落第
真皮
悪路
速力
実学
配点
県名
内向
万病
農大
返礼
見習
流下
発問
細君
神名
早死
足指
代筆
深場
神曲
出仕
着水
全問
神速
階調
工員
筆談
有色
当落
対物
遠洋
元湯
医事
所員
肉筆
三都
部首
本院
麦畑
急用
味玉
上階
帰港
春期
暗算
小鼻
一事
放鳥
軽口
山号
市有
外皮
外遊
時化
多感
根暗
発出
定式
羊肉
三転
主教
板長
遊山
発赤
食指
一物
表中
神人
消音
開学
二転
左様
表決
重病
大病
主文
公転
薬湯
時局
人死
水運
万両
門柱
院外
来所
対地
工面
軽石
雪面
受光
角界
漢族
秒速
客間
入局
農具
交遊
上表
風向
問合
乗物
死期
動転
転進
島式
度合
赤味
族長
投打
二者
表地
勝算
他家
起毛
船主
進度
重石
県西
心根
国事
馬具
有言
都県
空転
明度
天主
全市
調定
長物
医用
和物
両耳
全山
陽線
体表
級友
全頭
両人
荷電
犬歯
神童
鉄球
服屋
客体
真赤
悪心
調光
庫内
外様
配転
他意
色相
歯学
百度
落丁
全書
商大
冬服
転作
鉄火
線区
着方
馬油
強面
重工
水和
実兄
色物
落人
庭球
始点
横笛
名君
号数
全島
都区
四面
曲数
県都
地階
美本
茶事
送水
何所
数等
箱物
意中
一両
同駅
多動
上物
暗室
血色
古流
年期
生者
荷車
都下
本局
時世
血気
勝点
分流
期中
実売
理路
前転
題字
県中
他院
分乗
医長
空豆
本章
式年
分院
悲運
合皮
算式
火球
配本
血肉
他市
画題
車屋
家集
同州
商館
宿代
中皮
絵筆
海幸
農工
根魚
表門
湯温
習作
本号
店屋
体面
赤鼻
波高
業火
春物
本葉
大意
打目
着生
横糸
緑風
事大
短小
表土
秋期
鉄線
集光
後代
級数
放言
丁字
漢学
返球
転調
金員
悪運
具申
血球
母様
短足
角柱
苦虫
女物
神界
軽四
雨期
白酒
等等
車重
福引
西進
主上
根太
南進
面上
旅宿
横線
右横
自死
氷雪
感作
乗算
実妹
島人
他行
発心
医食
詩作
文意
美点
小乗
様様
反目
湯畑
銀歯
中医
活写
駅頭
高配
筆箱
血相
曲中
速歩
乗場
鳴動
外商
都銀
火柱
一所
感受
丁目
葉色
配食
落花
円板
陽動
水物
局名
作庭
身心
期近
車速
三様
横風
来県
当世
山幸
角化
筆力
主日
人波
発根
洋間
深酒
水族
後面
品行
夏祭
予科
客用
追想
主家
寒流
手練
行路
神国
配流
集魚
秋物
三界
対角
全数
悪業
早世
着岸
館主
始期
橋台
漢代
大悲
童女
緑青
神式
緑豆
昔日
氷期
白化
同曲
病期
秒数
紙箱
役物
筆名
気血
青緑
門院
服地
万感
日歯
食農
命式
区外
今次
鼻声
答練
新章
出鼻
車列
先勝
薬代
白球
和上
母港
水球
画業
実線
受電
九死
力投
他車
軽重
外向
活着
式中
寺号
世人
豆本
音曲
道着
小羊
薬科
語族
上役
中葉
角笛
写植
葉物
住持
帳面
次式
葉先
分筆
運指
雪氷
書館
起工
注水
葉緑
今様
国号
買受
子葉
板紙
表内
三味
他科
神族
表音
面長
球数
落書
石板
名乗
死地
期首
矢面
車代
夜祭
商学
外板
主筆
会式
代書
気相
左横
薬箱
元帳
宿駅
両刀
配球
開度
州内
県会
教練
同島
語調
遠泳
商取
地温
海氷
新味
和算
荷受
同宿
帳場
豆油
注油
区名
茶豆
次兄
面部
起電
白丁
記章
乗数
湖月
具有
持主
竹皮
和語
神酒
定宿
同部
内相
住家
進取
身命
全天
発走
真北
風波
大暑
天球
出物
前章
内発
銀糸
板目
指板
有林
父君
苦学
代決
全入
消長
光波
小者
打力
声調
庭番
人界
用薬
和本
真黒
和船
目鼻
動意
世上
行旅
表意
旅所
全速
帰投
社福
曲想
悪童
悪漢
神州
島外
今世
両市
流言
後身
酒母
黄味
早業
薬研
白物
急場
花豆
母指
画定
商科
死線
頭重
入歯
火祭
間者
正調
他流
歯形
正負
発会
洋学
体部
両駅
何県
万有
福茶
公事
立面
何階
葉茶
表見
鼻薬
死力
主客
社主
二味
病中
通級
中速
海員
等式
暗所
地役
正油
等速
筆算
期先
事始
所期
寒地
北駅
実姉
百薬
終期
本箱
寒色
門主
市章
高商
対生
大業
人君
宿所
受持
三温
人対
真近
切身
全局
新物
委細
外局
門流
荷室
死苦
集電
帰農
中温
暗夜
万死
荷馬
葉面
注進
詩学
助平
苦土
春号
波板
全球
足部
茶館
平水
投身
代品
代読
所行
陽春
指笛
終売
反語
社業
声部
女役
水柱
仕分
医道
温玉
青味
子育
他言
園路
交感
根雪
名酒
消波
明主
五重
方様
銀玉
休部
下葉
東路
町有
二院
長波
内転
次数
四重
短毛
医家
調色
氷点
社章
身重
他紙
飲水
工部
画商
発語
工商
外事
本祭
学事
首級
下取
全図
全音
同根
白面
対内
始原
内助
内反
福豆
分区
戸主
筆先
公取
他大
館外
年波
他馬
業物
丸薬
母神
何屋
息女
銀紙
転地
茶箱
本式
目深
形代
投宿
仕口
学究
深手
数次
体化
男坂
口福
全科
酒代
空箱
落球
牛皮
社運
食客
病身
食神
売薬
氷原
皮目
洋紙
血風
転学
絵皿
半農
祭具
天運
筆写
打感
実作
水指
神意
大院
調音
顔役
真筆
同着
悪習
近習
練度
秋号
部曲
指物
暗色
夜具
算命
手根
相同
皮相
赤緑
根深
神気
青箱
農研
電送
全草
福耳
局数
月宮
童画
集音
下血
地神
県花
有病
洋物
夜着
真竹
短詩
実大
犬死
古事
次表
物上
返歌
帰命
園主
平文
天部
反古
起原
神橋
悪天
列石
遊里
平服
次章
文相
区部
夜曲
化生
打電
面内
転帰
弱化
中度
古筆
電路
雲取
六根
波数
歯面
来遊
祭文
神火
魚油
中皿
月商
転石
外題
相聞
館員
葉虫
人感
集水
前板
対子
馬面
五指
消雪
青豆
真向
自遊
商才
上客
両店
漢音
両分
終曲
上皿
院号
急送
新式
多事
短日
女院
転業
血道
宿業
悪手
帰島
水様
通運
回族
和様
医書
内局
光球
金歯
全人
整水
重苦
社有
海港
明君
前代
正対
他動
軽音
氷温
箱形
道県
有感
多客
入定
薬石
黒皮
火消
毛様
親局
放線
当身
立県
絵面
弱味
知者
商都
旅物
日章
開頭
角皿
神王
一倍
温感
葉身
家運
申年
悪食
病苦
開式
行宮
校医
根部
持物
秋味
湯茶
星宿
全休
申入
悪神
列国
音調
間柱
集住
米銀
東遊
開教
他面
美童
仕合
同相
切歯
院家
名族
祭主
毎期
開村
農高
身代
教研
万緑
空身
中有
返書
秒間
一皮
悲歌
神祭
外転
真東
神理
全紙
見返
身中
受皿
柱石
外客
三業
油物
間期
考究
中表
波線
力感
酒食
箱船
主祭
級長
苦役
等方
小委
定立
対校
口部
美林
身土
同病
陽転
福北
真西
持出
商高
祭場
黄化
波面
着氷
細面
世事
実動
開目
住寺
式目
気根
船客
上死
休薬
下命
皮内
王院
神君
発意
和金
立礼
画期
漢名
元代
本表
紙皿
道悪
相国
金神
赤化
赤服
上意
客土
内君
花柱
祭式
悪文
全生
死着
深長
青岸
答礼
羊歯
他船
肉感
美水
黒化
羊頭
本病
金波
自局
全高
美感
薬中
間葉
列柱
流会
新板
礼式
配光
原薬
所外
勝運
歯数
天意
運上
住地
南庭
鉄部
本曲
王代
駅中
小寒
水仕
所化
水練
青面
鼻面
力業
元始
火神
四緑
式台
死相
心意
波力
油化
男運
長着
親柱
事理
県市
着荷
本港
主音
重水
海区
公助
生着
全地
本代
両部
医員
返本
足温
南路
色事
力動
血豆
流線
薬王
神鳥
育友
火皿
紙業
語意
分有
住区
手役
落陽
下階
送受
両線
反問
心神
代作
送配
事体
港口
表外
入着
池面
緑花
八味
月神
茶湯
登路
鼻音
全馬
感音
昼酒
等温
薬方
原詩
主薬
安酒
外港
真暗
楽部
登行
全町
申命
薬園
立役
社号
薬食
当流
悲話
正客
王命
星神
二進
主部
路銀
作事
両行
等号
寒暑
原板
売品
調練
火急
妹役
係船
相思
急転
港外
朝湯
他日
茶代
神使
旅心
登院
実記
会主
苦肉
名詩
福運
度外
中君
見神
薬酒
起始
早着
美事
重電
豆炭
人流
用度
員外
楽員
有頭
教式
木板
宿曜
一神
人世
校注
湯花
重商
他区
人集
神化
少陽
黒味
親神
園区
路外
倍化
春寒
都人
仕向
育林
鳴物
秋波
外反
気安
船医
詩書
客死
平皿
鉄刀
船荷
夜寒
県主
受用
進発
週次
名神
多飲
手箱
昔昔
星祭
落命
宮水
表白
丁半
分県
宿木
八苦
強皮
人品
短夜
放下
実年
赤箱
小庭
分宿
村役
配意
横横
宿六
切岸
投光
前宮
大礼
正業
子実
引決
百味
農会
一指
油面
外銀
後転
等化
同港
向学
軽業
転動
葉水
宿帳
追風
東流
葉数
全知
箱屋
代言
橋南
宿元
横面
油紙
両君
土物
花神
列福
生血
農作
楽習
定日
黒炭
葉肉
小問
色度
強味
着外
氷風
語根
速足
全回
文箱
運筆
着駅
先負
分速
転園
作意
後事
両界
死出
氷海
上薬
苦界
白服
受話
新発
馬柱
油画
車館
空所
本有
題意
同銀
地板
水薬
打音
酒名
開元
水波
有界
自乗
旅中
海進
神歌
真柱
女度
後送
木柱
神号
直物
十進
半開
六味
全形
面一
黒死
図化
打通
動学
両生
悪書
子局
後葉
同君
上世
他事
住血
小筆
対語
局外
母者
客電
進上
画板
横死
分列
音屋
細根
部面
来局
高進
対南
小暑
定速
間氷
次次
茶庭
地相
客来
年運
主柱
内庭
真青
分注
反歩
引鉄
有声
下役
国運
大命
夜想
全血
室礼
区区
風寒
商流
西式
所生
対手
主星
鉄門
横羽
右投
銀線
和顔
分取
土神
投写
風発
局方
歌意
同委
竹笛
細流
会意
重湯
区市
原皮
鉄血
送気
守神
病葉
区点
体動
人屋
白皮
手球
点鼻
用役
植字
半神
楽想
心服
電業
鉄色
刀豆
小使
全期
朝酒
有体
弟役
流感
丁場
本役
女主
港運
板石
病根
休所
礼者
出役
主動
湯守
葉形
心柱
横板
親業
山相
上式
他聞
着発
港市
植皮
分界
宿内
死肉
深深
走向
大様
悪筆
全村
相図
豆皿
油水
子院
湯波
助祭
県木
式内
緑黄
死病
地対
来談
手習
客分
全区
配所
鳥皮
定見
両船
全都
温石
苦力
水研
打刀
白緑
全犬
西陽
医工
紙代
学都
真書
早発
着金
元曲
歩度
区道
四苦
転部
和館
投地
薬室
上使
動植
道者
駅数
悪道
安気
客運
開先
馬丁
板面
名庭
重星
名流
古詩
宿世
神鳴
着歌
相等
受命
名局
詩心
心事
帳合
業主
緑林
白羊
板絵
小区
色悪
晴着
題号
目礼
勝組
庭内
草軽
横車
院本
大農
近医
外葉
列王
天柱
命数
下問
化研
研学
八起
板本
柱上
自院
童歌
漢気
空荷
神都
酒色
練行
球春
県長
通事
海商
船具
事事
社研
反歌
式服
北路
着着
宮人
商場
局間
面板
院主
正使
両車
平曲
小農
年神
合着
両頭
気息
発駅
安手
号線
区会
用筆
駅路
薬医
暗君
転読
表口
着雪
一病
遠流
先安
丸葉
半丁
野帳
前路
負数
詩画
県農
路次
都計
流心
階高
毛球
歌詩
工品
主調
木鼻
知命
送客
洋弓
面取
平温
売血
都外
整調
転科
生皮
待人
銀板
行持
原意
鼻紙
放物
商港
頭注
数表
全銀
農書
船級
取下
新局
等外
筆画
指頭
天漢
生動
感温
板画
軽水
神神
持合
守役
礼楽
物書
宮女
両三
病休
洋銀
橋名
小駅
音写
元箱
金主
短頭
曲馬
魚病
右打
詩形
南流
花守
油虫
苦海
放校
林相
多血
顔相
下放
平打
流雪
火屋
内界
神言
林住
画帳
定書
両紙
深皿
同品
茶商
全階
園丁
実科
湯面
追号
名筆
漢土
農楽
分秒
石湯
刀屋
両道
界線
金商
他州
転活
品温
進角
味読
原注
島酒
細筆
空発
血合
詩語
水相
表色
住心
転住
医原
合筆
庭前
魚族
着花
教院
緑玉
主業
語部
詩風
飲屋
代人
色面
福者
他犬
書屋
配石
調号
深発
内箱
室員
主点
外登
王号
両区
泳者
土笛
悪感
事相
有心
百様
中進
追行
時運
送話
両書
一院
同役
間代
手湯
血路
期月
物相
申楽
階名
中農
業病
女童
級地
十住
他書
画筆
等角
神階
洋犬
国柱
寒竹
箱男
米式
雨氷
打消
九品
風待
葉中
鼻柱
死顔
配船
母役
急使
文身
新期
内意
下湯
県魚
社命
目皿
悪所
多福
細波
医心
化土
神助
大区
両馬
受配
球道
階乗
反回
入集
数物
公役
死中
悪風
小球
門歯
漢王
手事
宮門
虫屋
度表
湖川
内題
中深
両年
半死
国都
和学
悪相
色界
分局
銀漢
手業
西流
中着
岩相
薬大
作問
死命
太物
名題
丸皿
運歩
銀地
小面
死都
両所
右筆
発馬
詩曲
球友
根毛
月表
速算
世家
北庭
葉風
県歌
曲物
名宿
物化
横列
放光
注湯
原動
分所
石取
両局
打切
倍角
待期
当屋
全波
悪病
海相
北流
使主
宮都
商運
使番
談林
音列
列数
当区
分球
小君
帳台
湖魚
身形
深切
原級
両州
草根
短音
表高
立物
箱車
後流
大集
丁石
開大
花氷
心安
持前
気短
暗点
道都
雲集
丁銀
鼻下
金葉
死文
作表
実事
暗中
白味
花落
年級
章魚
詩想
首題
受苦
水筆
村有
人部
客気
式日
炭住
山薬
指間
夜業
仕丁
両前
人定
消光
左指
細葉
運化
調息
豆科
農用
歯大
木表
調進
落度
代返
油気
身空
力持
鉄筆
和事
子神
茶味
酒心
和犬
整式
両様
代代
月柱
右列
本身
全船
暗合
一決
悪世
君命
暗箱
次姉
寒行
全号
売物
丸物
新球
原物
対当
曲玉
止宿
旅遊
父神
詩家
下式
平筆
両山
真金
所出
路用
薬名
作期
教相
代目
帰館
詩話
曲家
中品
外発
円転
正転
兄役
区切
両会
銀光
前向
駅馬
主面
反切
反足
白箱
目板
自流
放虫
州間
女運
表章
等時
商道
球部
両朝
転社
酒道
深意
島島
主知
黒緑
橋東
列名
夏緑
上身
入級
人神
習練
放列
薬玉
神想
神文
平角
深重
帰神
新豆
有部
有気
客注
重代
豆球
練物
血祭
平声
暗行
足球
強取
外運
真前
石笛
向首
洋白
紙葉
多指
両館
赤板
箱数
秋服
落後
元受
分度
両度
月役
物持
原住
表定
工研
命終
物強
根皮
階子
橋板
品書
面外
代地
切取
知県
主用
体様
急追
弓部
起筆
新詩
真字
身肉
鼻根
自館
国界
打面
調速
定命
両全
毛深
宿村
根強
外物
表式
落首
羊皮
入神
洋皿
相客
州名
童詩
先主
古期
他物
悪場
道君
切味
休筆
世知
船速
神品
手負
鉄地
山様
対自
持点
弓取
落口
酒神
病体
横組
丁数
頭屋
緑線
品部
夕波
氷頭
他門
古鉄
章名
手植
終車
宮号
医方
漢薬
花葉
院宮
図様
他生
公物
柱列
東庭
中研
放歌
箱書
足速
祭服
指事
外化
安着
深秋
多病
会者
右表
打水
鼻頭
入相
度度
気転
学員
転線
転医
対気
点列
対合
中次
前神
写友
対光
受口
帰服
湯道
寒心
火酒
湯音
手具
対他
局後
流送
大死
右面
雪消
病前
四温
寒夜
歩荷
手鼻
自注
両語
百事
他村
大筆
昔人
真風
色感
丁丁
黒血
緑遊
同章
身方
持味
豆畑
追福
内命
歯先
血刀
速写
横画
開心
中全
楽遊
地動
平平
根号
君王
集線
来者
全米
根音
礼物
主室
平調
頭打
意力
力者
来着
悪雪
次時
悲母
勝星
雲路
車号
病犬
目打
会苦
分期
線表
遊君
出炭
安売
両宮
千歯
来意
等色
茶具
小身
開市
庭土
転形
有向
温気
等電
外感
発止
悪声
同薬
古曲
流音
上乗
図根
水飲
同次
温習
朝寒
家根
自消
左表
筆字
外庭
走化
鼻高
整美
農住
定言
転車
日待
本薬
礼部
花物
石皿
集注
着船
犬屋
指命
山童
死物
発向
発受
麦笛
両地
所引
内院
緑黒
世世
終発
他用
短長
重軽
詩才
調波
面持
食医
島主
白歯
神算
皿数
足根
市県
赤皮
羊男
等高
回流
先君
農外
送油
弟宮
茶礼
自根
県間
等親
血書
前医
宿高
打物
真緑
上界
部立
実船
実部
他部
教部
式文
出面
写場
時服
直根
楽旅
横雲
次弟
食住
海客
島部
青服
洋名
真丸
詩神
外薬
板根
京童
言表
計都
皮毛
帰住
合服
神命
章題
黒箱
古注
一具
前問
港長
自県
朝命
植食
重農
両港
気柱
家君
電研
向暑
面皮
新植
取皿
七転
物頭
物数
反間
曲事
点者
軽風
女客
理神
港都
水界
物入
鼻道
化薬
来集
神語
先度
庭上
冬着
福相
急度
昔年
岩面
動感
後根
月運
白豆
問注
和鉄
流注
魚味
真球
表作
長詩
物神
有配
運開
表目
宮柱
書取
魚皮
洋語
受業
列番
終世
速筆
表書
金打
代取
倍倍
数取
細事
道服
童形
遊客
船板
強意
服色
次行
神書
負組
有半
写字
同流
表着
主根
発来
言事
明定
台板
次図
平分
化育
真気
実意
取計
根出
下乗
落体
化体
葉部
内板
昔時
地界
油代
悪血
温顔
銀白
期生
緑虫
柱式
赤球
君父
他出
右葉
通研
屋体
住工
曲学
絵所
州外
定業
苦茶
実理
畑道
口取
石筆
葉竹
曲池
球音
古様
草取
進運
深心
家号
旅話
国祭
代船
人血
神行
死界
業苦
日運
回次
先登
助字
平話
同橋
年調
仕打
女面
注口
実員
船運
市都
美身
寺運
水部
死水
水油
旅上
木皮
画院
速答
右指
光柱
氷面
始新
打身
立板
運数
海波
州道
上歯
真物
矢庭
時相
指毛
実語
業力
向寒
黒球
柱面
町役
生温
口遊
苦鳴
他見
荷船
数息
明部
美色
楽界
美育
表方
返電
陽数
後指
紙帳
出歯
詩行
表名
同宮
終決
五根
下薬
面色
多神
花板
近業
着数
集気
引物
麦湯
主島
次客
入物
面心
短弓
米所
部名
発頭
打高
羊雲
投力
開葉
県文
面具
生有
古血
暗線
相銀
調薬
究理
円皮
和談
暗流
心所
水氷
竹筆
時様
白詩
真味
角筆
小味
音取
去月
魚板
石列
反意
家礼
局注
所所
門葉
申分
炭車
使人
集名
宮主
死身
急電
番役
反実
反当
金相
火度
計表
原品
悪形
語注
流雲
投出
来由
祭酒
口鼻
重重
対屋
後祭
父宮
歯切
土練
春着
形勝
申次
研屋
木化
朝庭
気重
波食
石勝
打首
品品
進相
血海
委曲
後庭
面面
平泳
悪日
定者
林研
有業
神薬
君国
後住
開道
注音
筆答
音板
和皿
消炭
送本
横様
左注
正着
文運
童部
酒手
世道
手板
黒酒
君公
庭池
内所
南院
全顔
直様
絵様
赤実
病相
集古
他化
白薬
目路
両組
転転
表語
魚箱
波上
活物
先号
赤葉
表六
石面
研北
主木
直宮
立業
空屋
相公
地運
去声
画号
頭役
長鼻
秒時
大息
皮切
歯音
米商
酒友
荷箱
緑土
相待
町医
悪男
送波
鉄木
文事
両指
月球
間投
本様
国漢
下歯
小都
点取
持場
新集
橋柱
配乗
油送
相人
部練
開板
多死
葉温
軽軽
角銀
筆意
球足
路車
軽子
三寒
主都
親筆
速急
次手
山深
美肉
金湯
投合
筆太
神役
出板
投雪
新身
暗緑
玉箱
炭屋
動中
光感
会商
用談
天動
陽根
金研
他山
宿道
同階
整正
毛流
州花
雲表
平物
宿神
氷食
陽物
全心
守刀
緑酒
実有
本事
油入
庭院
州県
緑組
両鼻
流矢
落手
短形
畑土
橋祭
物日
世路
列品
紙商
同者
書役
前局
土部
鳥笛
手写
年歯
植福
弟神
名薬
待命
真福
祭天
和毛
日港
田主
神遊
近事
市銀
王化
短柱
通箱
間着
女身
重言
放血
昼練
歌題
電発
全円
平章
横本
口軽
相分
打歩
星章
後注
田根
全食
女宮
魚商
神牛
仕服
書板
肉柱
表戸
乗手
真身
曲筆
終声
鉄北
力泳
金板
追金
終筆
首根
自界
雪深
炭庫
病家
兄神
動電
池庭
病魚
夜深
暗期
雪寒
世才
意想
神物
重金
三表
短手
水血
見開
着点
本面
原調
温陽
長路
期数
鉄船
角氷
町橋
天豆
石宮
美犬
田遊
題画
青身
身柱
切所
宿運
平頭
号笛
板行
悪言
使送
色板
馬代
道取
消夏
調役
開物
兄事
駅広
美校
悪様
横広
先送
才筆
中業
川港
所思
氷島
悪王
長柱
立待
軽打
国表
丸筆
短章
始筆
重出
薬薬
王事
一動
古昔
意業
転注
打打
勝虫
次列
角皮
皿形
局紙
発番
表庭
青皮
内談
見受
色神
実悪
詩業
深間
所役
千客
漢意
銀高
風笛
出院
口業
福分
二業
一業
投売
楽式
楽都
取用
決明
身業
陽画
足取
主持
他業
列長
死目
役高
入祭
岩流
星表
短打
身世
式事
口決
筆紙
後章
集字
自業
元物
石階
明期
話速
帰院
花宿
調活
返血
想見
死所
化鳥
向岸
月央
鉄箱
級化
打豆
業前
母物
重科
筆数
登上
薬力
声区
両王
詩体
横流
横指
夏氷
天味
書箱
等活
助員
明所
開題
酒石
馬着
平箱
切炭
口悪
音物
配員
木具
北院
内事
持薬
題詩
赤豆
取入
横合
人悪
何業
寒食
火取
平身
洋刀
内温
空相
酒肉
近着
列女
重土
配植
助炭
国使
記主
商登
寒雲
天助
空事
炭水
終板
植女
語路
対明
計帳
医界
土運
男客
前受
校定
持手
草炭
想出
倍大
業風
店者
根切
全年
暗暗
同苦
登口
出様
分相
地決
配字
動点
寒寒
主病
真形
軽少
氷炭
正銀
代八
船祭
七所
四表
村界
直仕
糸遊
貝葉
休題
注本
庭草
君長
客語
横物
回礼
村医
町代
寒苦
全箱
陽火
転会
所由
取口
温血
氷板
白血
農本
使丁
油土
定線
大界
左院
美黒
面水
円球
苦苦
写絵
反社
女波
入客
新注
面様
神米
他感
相役
犬面
写野
家神
親油
起死
係名
筆書
追考
知歯
文題
箱下
詩友
温中
反身
女短
炭取
真後
鳥打
商内
表頭
事書
相宿
回申
具注
組打
丁名
妹神
明転
南様
聞役
帳入
申文
勝車
外曲
礼教
赤短
他品
真当
小皮
他年
客乗
身持
開都
古意
感色
言者
国役
学調
集品
青氷
物物
死門
分荷
北守
歩速
軽品
死様
深所
長葉
神色
歯式
開立
宿王
漢才
方路
実字
春化
軽荷
左鼻
書者
道板
洋算
定係
美服
正受
練鉄
夕礼
農都
知客
有音
陽地
祭室
球心
元品
昔者
油皿
才取
緑門
合有
外区
両次
同対
平西
負名
短生
下意
前表
死場
悪子
石球
金談
金緑
自相
雨神
子福
対世
羽板
真読
助業
期央
間宿
役牛
洋本
行住
詩意
女持
板皿
悪計