有罪
小耳
極道
進入
不用
相葉
続発
何割
多量
手本
常連
筆舌
組合
地価
経費
本格
入試
下味
加熱
愛飲
近世
所管
前期
口元
私共
言明
納豆
市部
買値
前作
合図
快晴
付記
命運
財政
就業
行頭
宮部
居候
指数
南区
増築
路上
俳句
大体
源流
線引
余程
手際
重量
便所
広域
高温
配列
長岡
伝送
保留
粉末
初見
本尊
模型
千里
泉州
里山
資質
九死
観覧
正気
新子
配付
系列
線上
待受
乗船
敵対
経理
量産
流星
直筆
登校
新米
売店
人財
三文
鏡音
中日
段差
続編
日編
間接
優位
松山
大賞
法的
同日
満腹
心血
夕飯
精製
存亡
散会
歌手
試着
和英
落選
損金
小人
音質
競合
上流
密閉
亡国
全焼
六月
林立
三陸
後場
在職
女将
鉄板
出走
地味
築城
一階
配管
童話
目処
後手
先述
高橋
所以
風習
強風
答申
読物
画材
着服
方面
任務
外食
税率
健保
小牧
無知
発電
築造
先導
反旗
話数
建機
香料
悪寒
必読
協同
外来
腸内
死傷
何層
新法
浅草
現行
不良
一語
型式
料率
上着
音色
遺伝
声高
電停
遺産
日立
短冊
三輪
眼下
牧場
白紙
愛人
大方
鳥取
下線
湯水
小口
一任
日別
必然
中野
不意
論理
西友
死後
舌側
銅像
一戦
式典
手芸
時給
悪気
根本
黄金
理事
特養
単身
始動
予選
本県
松本
敗北
次男
我関
修業
五感
行者
内外
割高
内在
協定
極論
化石
今私
空手
異国
不調
一条
少量
座席
残高
一位
例示
表内
府中
酒場
処女
工法
万里
屋号
音頭
承久
適量
北西
全戸
公平
間際
屋外
一国
落語
連中
人参
赤線
満車
安易
牛肉
規格
三方
緑色
英日
退室
左上
冷製
祭日
年間
下宿
二足
断固
調製
民法
発赤
目先
星様
聖地
血相
高価
輸送
本領
害虫
気心
公約
在勤
綿密
加護
風上
開創
信教
出向
昼間
主文
増強
野口
用命
五輪
貴様
各駅
裏技
金運
和装
脳力
方角
関知
納車
野鳥
着陸
二倍
運賃
通算
反戦
血圧
知見
薬用
燃料
何千
府令
産声
役務
体操
室数
阪急
試作
国道
難関
尊厳
回想
重音
花王
当園
薬草
型番
高卒
入園
先人
題別
反乱
東証
宗派
機構
血眼
知育
着任
破格
同氏
順次
卵巣
納戸
光栄
寸断
神具
月数
軽量
西部
初耳
別表
医薬
中京
公的
造園
治安
受章
精査
内臓
熟読
生足
本数
大輪
短信
技法
三月
川島
植木
批評
体得
期末
文明
土工
論議
熟女
球場
区画
礼節
発火
建国
屋台
先代
胃腸
氷屋
後期
実印
着想
悲劇
名手
労力
南北
下巻
反故
弱点
方位
補正
夜間
文責
器材
決死
右図
同化
労務
山道
同義
接着
寺伝
司法
報知
積雪
主観
新宮
白衣
秘宝
機運
発毛
徒党
町田
係留
本田
無論
空席
国営
大台
品番
味見
発進
貧血
均整
均等
持論
試練
死角
配分
変革
指先
完訳
再録
乱歩
緑茶
産出
集成
分配
主菜
特技
無礼
築地
細工
古都
演説
足場
拡散
操業
日勤
新居
富士
入港
難民
歩道
口論
条数
接収
少子
自他
予習
民家
質素
先物
機材
閉幕
天職
字幕
学歴
火星
宙花
国権
活魚
返納
暴言
有様
今治
収縮
鼻水
祝辞
祖母
昔話
冊数
着工
雑費
国政
好演
広義
発熱
一晩
無用
逆説
重用
私鉄
県下
左図
線香
次代
明細
裏手
英文
利家
行進
五年
発布
残留
資材
無休
公然
包帯
本巻
祭神
紀行
家臣
本能
出世
下関
団長
大洗
首長
里親
全容
中世
木造
歩調
欠損
同局
作中
四方
庭園
独島
預金
上告
極力
肉体
名湯
副菜
同省
悪運
線路
海法
河村
査読
温存
退散
上田
説教
駅駅
下火
増減
他方
吸着
格差
雨音
道標
構図
雨雲
石段
羽根
大臣
日父
二方
黒部
山海
領収
祖父
永住
金星
政界
毛布
季語
山行
基地
中島
横田
軽快
選別
弱気
解答
北遠
強大
快方
一興
心中
小型
果報
器具
観劇
同定
岩波
銀河
補修
海岸
左下
品性
未見
対極
四月
万能
備品
武力
弁明
立川
低温
発着
着信
元手
父母
一号
平等
菜月
完熟
必定
庭木
入部
産卵
衣服
熱唱
死神
東区
深層
口数
成就
数秒
特例
男達
奈落
楽得
入団
水源
県別
電流
社伝
枚数
敗戦
品切
額装
増額
定説
金員
暗号
完納
者達
能登
万障
形容
時差
三枚
大宮
約件
勝敗
加賀
上空
第九
物欲
最期
寒空
急変
常用
日高
出火
使役
大志
均一
家路
要職
末日
和泉
曲目
同校
旧型
親族
屋内
火気
連帯
転機
千代
熱湯
再燃
再興
東洋
首都
一室
女多
結切
院名
絵的
不評
民話
仏像
安住
簡易
口火
大家
書庫
過信
知財
点字
今観
福山
友近
出血
用件
穴場
発車
梅宮
支社
定期
死人
実習
月末
何台
複合
別条
路地
一休
降臨
果実
急登
上程
異例
白地
談話
大鹿
欠片
時流
三男
都庁
別冊
禁断
氷風
増水
自衛
法案
期日
調教
防人
産直
茶葉
判示
号泣
岐路
断腸
薬指
体裁
全板
机上
世帯
細道
選考
送検
転写
観月
次会
花茶
急落
花粉
大木
平易
子達
格言
生死
損益
具材
道楽
鉄子
秘策
出馬
滋養
減量
雑記
保元
適職
通訳
行楽
大雪
十代
生身
腹筋
公職
祖国
正座
義理
雑感
教科
価額
洋風
燃費
新芽
歯肉
推挙
修整
年上
動詞
銀色
山菜
洗面
製本
無残
未熟
森林
航行
得点
新店
実寸
筆順
用具
裏腹
首席
面会
医科
日前
上図
小泉
太字
略歴
視角
花棒
神聖
視覚
過大
事気
府警
護衛
育毛
辞表
一筋
仮名
中小
輸血
夜桜
非業
合同
人手
欠席
食費
遺骨
定住
佐天
学年
有害
断行
個数
天命
短編
万病
三権
新語
保身
清流
天文
井上
利口
例会
西野
対岸
初物
名順
雑草
在日
次走
交点
文頭
特権
植林
同士
四葉
表装
今来
必着
益金
来校
編曲
一次
敬愛
日銀
苦虫
紅星
金麦
複眼
激変
境地
男湯
笑点
別紙
月給
密生
仕草
植毛
少林
薬店
同額
重体
口車
国連
伝来
街角
例文
後編
情景
小首
故人
世相
下町
現物
住居
有数
局面
発出
洋室
寄席
他国
浴用
里田
実演
何冊
兵士
増長
丁度
市制
借景
子分
良貨
糸目
旧法
率先
王道
採算
数順
会務
酒味
安倍
兆候
好適
鉄鋼
味的
冬季
夏期
手引
転記
置物
事象
石橋
買上
敵視
中庭
復習
入庫
長門
常設
飲茶
晩年
長居
生体
金子
皇国
転移
共認
愛国
着地
全駅
一片
実益
河童
明石
白熱
挙手
両側
同市
商店
財団
裏話
城主
同作
白雪
西洋
外伝
放火
遊学
裏面
農村
福北
天野
階数
練馬
名勝
参道
遺書
米粉
異様
森田
手形
箱根
薬楽
観賞
王手
墓所
中段
六感
母子
採寸
外字
基因
住信
全農
黒川
沿革
税別
設営
中村
今晩
画質
塩分
片棒
中東
運気
和歌
字型
大気
整地
木製
商号
収束
目深
西岡
論点
城本
下位
脳死
全編
通説
産生
良識
打設
若気
歌劇
朝目
前節
良心
着後
新春
親密
紙版
書誌
白菜
不通
眼前
厚意
県政
頭角
湯島
代謝
役所
急所
浴場
何件
諸税
手塩
丁重
万難
国市
長井
出鼻
頭悪
悲願
動転
陽性
第五
表中
不能
同庁
堂内
在宅
少数
今季
開基
冷水
血管
平静
再選
酸化
健食
条約
共著
元祖
誤植
車内
安政
体型
政党
肥料
情勢
翌月
和訳
名告
力強
本性
有志
京王
能開
推理
農地
創始
立木
全組
主夫
石田
民度
類語
西村
名詞
出生
身元
憲昭
気功
美空
上値
食券
中検
島式
発光
毒殺
無力
秒刊
体格
希求
要所
世紀
頂門
翌朝
日母
車道
株数
慣例
万葉
今風
美食
汽車
県名
理容
百人
小西
義歯
私財
後姿
特段
火傷
湯船
黄泉
背水
終売
宝物
長島
学長
文体
横顔
大化
分担
羽入
老眼
降板
劇評
拝命
井戸
北前
有明
火天
薬効
奏者
武将
酒店
木材
水橋
高町
口大
温湯
正論
主義
国別
土俵
野党
時分
駅街
力量
岡田
仕入
国旗
本編
十人
門出
校長
引率
天安
流水
特売
乱暴
心情
追従
乗客
花輪
賛美
水虫
各校
苦難
苦心
法要
縄文
痛切
八戸
公営
弱者
大陸
文人
骨太
登用
大空
百代
仮訳
法相
列記
後学
未練
人民
明暗
益益
一様
失意
属国
初級
遺作
功罪
人脈
敬語
操縦
局室
三牧
遊久
半日
村長
底力
養生
品名
決戦
満員
道筋
美男
食道
申立
青字
別居
残金
病態
車輪
前編
共産
文脈
小生
童心
官位
在留
本機
英字
神主
室長
支局
衛星
災難
親元
続投
改編
目盛
軍隊
春名
本堂
美化
大森
目上
百薬
真矢
一児
熱愛
進言
改悪
乗用
一画
公算
国益
年式
胸元
試乗
空路
聖域
走路
日祝
大竹
拝察
洋式
関内
潮風
連合
通夜
好転
天地
遊星
追走
単式
善良
真意
野生
東映
店用
無人
誤認
二枚
来社
祖先
開山
号外
減税
季刊
返用
弁済
接種
名人
重荷
亡失
転居
図解
小田
指輪
正月
辺見
移民
三日
冬場
前夜
潮流
厚木
玉座
夜勤
垂直
食用
水草
復権
万死
鳴門
水産
激写
比定
次元
薬品
通念
造形
放射
出港
手玉
何個
飛行
化身
天体
銀幕
今出
仁比
暖冬
暴挙
予見
火曜
追究
半期
一役
竹内
汽笛
初戦
肉眼
出願
両面
昼時
春分
豊水
中区
目黒
開湯
父様
衆院
死守
本等
二日
快感
古湯
帰化
神秘
賃金
日田
名産
貧困
供用
入国
板別
他聞
何実
養女
電機
湯元
悪人
奮起
立夏
地蔵
体外
始期
初午
不徳
苦楽
増刷
同誌
基数
取集
着色
退化
年内
前月
名目
谷氏
並走
安否
九段
矢切
難波
番茶
武道
人工
殺気
一輪
一座
券面
賛否
閉館
売春
乳液
習性
大挙
同種
欠員
羽音
屋上
採録
留保
黒字
弁論
記帳
古崎
実像
標記
愛子
破産
切除
入線
下方
血中
法話
役者
正統
無形
好走
手近
辞意
物産
口中
北総
大塩
過客
適性
安芸
重度
出社
何点
宅建
二物
不発
長女
来園
十字
漁夫
竹田
市原
話的
討議
文系
南京
潔白
同県
広川
何見
構文
国害
射精
気力
青色
名山
強火
移入
七草
一首
復刻
供花
風穴
市東
別状
非情
放言
駅探
現職
実生
森崎
白人
暴風
直線
生薬
加給
熱演
往来
夏場
臨時
人知
後方
短所
礼法
衛生
英訳
十三
貧弱
夏子
今夏
先祖
指向
旗旗
筆談
配車
利害
休職
相殺
色素
給湯
野村
歌人
蔵王
自責
右派
翌週
朝顔
早産
知覚
山門
悪心
開園
大羊
私権
急死
松永
破門
寒中
熊野
他意
史実
曲線
注記
主権
横領
指南
養牛
先客
青梅
実質
横丁
原画
三角
県立
板金
全件
内税
水色
桜台
原寸
発色
俳人
小島
知的
利便
豆乳
大泣
山上
水平
頭金
旧居
関羽
孫子
広州
減数
一族
町制
白玉
遺構
謝礼
通帳
時評
薬害
英検
別所
電通
係員
二乗
清算
花畑
学園
青木
自主
門限
暖地
背任
台数
南口
諸国
病死
湯茶
気学
楽園
真理
成形
戦隊
温水
年下
短歌
遠目
裁量
可燃
石綿
住器
郷土
人居
他愛
信任
一級
問合
入選
原産
類推
志士
開閉
整骨
専業
白山
三本
毎号
炭酸
海事
東横
従属
福音
聖歌
無印
出頭
宿名
発芽
私女
共鳴
乗馬
死語
逆算
迷信
版旅
領主
裁決
勝者
無題
有機
小川
窓辺
春先
別館
名実
母語
同感
権化
自伝
神軍
体温
町史
前出
黒木
平泉
角館
語句
両氏
絶頂
単著
西院
君達
漢検
間口
夏祭
大樹
時下
面識
罪人
材質
松戸
三色
木綿
千億
仮想
田子
小便
思料
武装
大通
幹部
益若
校舎
進物
山田
和則
水牛
大船
身内
白河
諸手
出光
老兵
増田
試行
引導
十二
本章
四人
胸部
学内
入念
田口
国等
有望
係属
遺品
外人
失神
回遊
塩化
単調
純度
五木
題目
定植
尺八
破局
金物
大曲
気品
法学
両岸
残席
車名
戦乱
神事
船宿
備後
電器
逆走
術中
周遊
減損
五本
星人
検察
一礼
付録
貸主
単価
昼飯
氷川
順当
年分
建材
主筆
夕陽
一月
改組
装花
代理
減退
完治
何名
完敗
幸先
四年
山里
木村
首領
分冊
宝箱
前来
朝夕
風説
伝票
除雪
快楽
路頭
有楽
格式
初歩
得編
時短
寸法
軍門
糖度
音的
赤銅
陸路
応答
同園
家系
曲水
有意
電脳
胸倉
道新
名品
新風
力場
不興
旅人
短命
薬味
寒気
他所
財界
三交
眼中
善人
言説
送金
戦力
領有
成田
特製
流産
法大
英知
激似
村内
工業
村山
市町
国土
土屋
品物
一個
試飲
車体
静養
安西
支点
大橋
学術
太一
敗走
大島
高波
自治
交易
税務
部室
字通
当市
気運
佐川
算式
満点
秋分
名器
女湯
原町
所用
苦境
基金
遺言
改題
海難
朝礼
大金
外道
語気
千本
茶色
探訪
表決
山野
持分
車座
民団
精選
荷担
鳥羽
部会
高松
寺門
足指
終電
失当
暗記
風潮
史料
大軍
丸井
得日
知内
牛後
村人
広西
星界
台紙
府庁
帰着
湯気
樹林
高圧
名水
鉄則
和央
別売
一大
末期
羽化
券類
悪態
店番
三宮
竹林
水深
製図
宿様
何組
内閣
上巻
成年
出費
馬券
無性
公害
悪徳
悪貨
年始
車窓
一足
手首
不変
新市
四男
年数
出方
知能
余力
部隊
戦犯
二児
小星
戦中
湯和
本町
私服
根絶
片言
黒帯
血道
一社
確証
共済
一律
引鉄
不断
頭脳
木目
欲求
五山
三村
矢面
極限
独和
来季
脳的
異音
行程
青酸
暴動
千鳥
朝市
医道
四万
木何
独身
試査
大枚
変質
指令
当行
衣類
水面
深月
守護
下降
女三
語義
大使
十九
周回
公報
少額
金商
三条
方策
高菜
頭上
高熱
主将
内全
交番
毛足
一理
結実
敬服
軍服
最前
冬来
補導
同列
赤福
内職
模試
強度
紀州
次表
特有
信義
一曲
異物
安価
三木
日興
原状
近県
会費
利権
付議
笑笑
本報
日神
不平
導線
水性
国友
接点
立案
大業
金型
実状
北方
縦横
宮島
田辺
旧宅
草花
白水
有報
自転
万軍
百円
返上
安打
術前
完走
大王
遠視
居酒
熟語
天栄
旗印
当会
強打
夏草
機転
海路
川合
習熟
表題
墓場
京橋
外注
入隊
二回
手動
平屋
内観
一株
園庭
田町
格付
諸橋
永山
三点
調定
幹線
酸素
元妻
晩夏
歩合
著効
必殺
供物
休息
活性
皇女
相田
過多
大戦
相鉄
特訓
検品
別府
新曲
橋本
鋼鉄
伝記
八代
赤玉
白書
立秋
文永
日系
地質
勝率
一命
激得
京焼
個体
時私
口福
動的
学認
同展
議場
婦人
社屋
流域
難所
万感
連綿
命日
中経
自腹
産休
首筋
千株
見栄
器官
新人
音泉
成否
病後
裏見
必勝
会得
星砂
水上
神楽
当代
従軍
深化
護憲
共助
助力
大仏
大坂
大好
版権
武蔵
応分
何着
貿易
足下
法文
青葉
夕空
我妻
山林
関白
有泉
金魚
木気
干支
荷台
全仏
洗車
軍勢
今時
味岡
固形
一一
外傷
建武
読解
座標
愛好
良薬
一文
座右
無念
国力
破竹
根城
株屋
聖戦
前菜
全社
一秒
上気
第六
明光
王家
北風
私腹
直立
通達
園児
本院
知立
収受
区政
背徳
林業
新薬
昔日
用達
風雨
旧所
半券
激戦
容姿
機序
奏功
保安
体気
船上
論争
裏職
目録
縮図
接道
千早
室温
登美
小道
軽老
目下
宿海
短報
小雪
新色
青地
町村
五人
省庁
緑字
秘伝
枝豆
日和
推認
快速
外箱
米村
機内
見所
難度
円貨
新生
箱代
小野
総菜
毛虫
盛会
電王
喜八
物価
流木
字屋
薬院
多色
灰皿
定規
一寸
論語
真岡
数的
飛鳥
新広
各巻
出金
書物
三進
両輪
参上
景品
警官
強運
福神
山間
人見
内野
岡崎
気弱
伝家
手指
美名
白目
強引
雑学
春日
鼻歌
漢詩
性病
反則
感電
家内
西宮
君死
関学
分乗
駅長
蔵太
校歌
祝電
治験
所長
券付
当期
美界
追想
乱視
服従
道徳
前職
店様
本園
山札
入本
軽装
素性
漁港
標題
入館
演目
極度
局様
立春
教則
遊人
各章
行中
良書
書目
老仁
大工
各年
減価
切実
今秋
島田
若手
精米
下側
次善
茶目
居室
何代
正誤
公判
階位
組曲
究明
論説
多年
策略
人流
秘薬
着付
島原
気圧
創通
守備
万人
人的
限局
台座
秘蔵
大泉
薬師
同大
飛散
曲尺
合議
人命
積和
一二
大敗
海南
発作
縦走
海老
首位
学芸
訳者
純情
人員
態勢
半田
徳市
湯治
防長
球体
雪風
文節
黒島
住職
場名
失格
文面
百済
自害
数百
岩出
体勢
変容
臨席
死力
数打
合戦
十一
中水
同月
自国
直登
男声
出雲
羽前
活写
変装
官軍
福博
下地
祭典
分子
清純
水菜
敵失
全額
反落
特則
小腸
木山
仕度
中井
重心
根暗
黒革
厳然
石口
固有
朝倉
総出
則武
正木
王朝
河口
千種
人情
各期
中興
反動
長音
仮装
漁師
税制
看病
特出
都立
一食
毒素
高山
部局
小字
和佐
誤送
数件
松林
火花
主語
左様
百億
駅舎
横手
士気
刷新
一分
学参
乗合
長泉
漁船
見出
進度
湯楽
片山
志願
教皇
各人
友好
別格
本宮
速達
殺意
安保
静観
鉄人
孝子
平治
質感
三田
外付
造語
日子
茶器
空調
因果
暴漢
桜色
旧知
固着
池上
真我
六十
書中
水場
略図
黒服
臨終
両国
市営
何社
置場
松田
治子
一帯
益子
表象
駅力
本講
領地
外資
旧名
席次
落着
作戦
木場
口頭
唱歌
古語
二輪
二所
王座
四輪
民意
付設
次週
平安
源湯
学級
独走
和服
京進
大山
任売
捨札
同賞
望郷
自論
井土
末筆
声劇
特急
反例
洋館
道内
美楽
夫妻
短文
受容
産交
寄港
弁護
産品
再編
三元
金品
金太
運休
花材
初出
号令
切腹
開学
板谷
公団
仏国
水路
装束
値札
漁村
茶道
横道
協業
服務
動議
顔見
古川
山下
川湯
宿一
弁識
話声
失笑
道外
道民
新令
名字
二点
通底
来歴
道央
八月
鳴子
再送
馬車
市立
車高
師走
早耳
中西
樹木
土門
町家
矢場
多聞
岩交
車中
増備
雪国
直尺
動機
派兵
平定
高原
人夢
真綿
引力
乱発
同館
好機
帯付
増毛
東山
七年
去勢
村上
辞職
風船
絶命
登園
始祖
異質
肉屋
磁場
水戸
枝番
各県
疑義
雑多
団地
人里
二本
石炭
女児
半月
祖師
原油
功労
夜市
代品
洋子
裏表
番外
実技
遺物
栄町
産後
解読
借用
港南
大作
風格
小枝
土肥
立法
久遠
高倉
円安
不全
色調
金銭
県勢
頭目
央己
天望
無音
配流
厳修
遠足
難病
週次
精算
何味
親本
下北
破大
適確
町会
数台
一着
禁帯
助手
連名
花音
農協
米穀
旗手
盛栄
持病
港等
季題
信書
捨象
出航
路面
貸地
養老
転化
旅本
節度
殺傷
大群
実作
線画
赤身
低空
葉山
竹炭
南仏
目指
北住
裏街
詩歌
西和
特老
犬山
老健
健太
白金
知多
液体
片町
権能
坂間
八雲
無傷
査証
大原
信毎
月次
無痛
現出
横山
余罪
迷走
四谷
整列
人様
重版
食物
防具
無心
丸山
一関
体系
部長
花林
宮古
同量
古城
酸塩
満身
故事
風雲
民放
満期
民芸
連打
遺族
中少
式神
由衣
公署
保坂
仕組
晩飯
球根
政宗
湯古
席種
光輪
孫六
老化
大福
統制
英気
画家
底値
分読
米紙
電動
納税
合点
洋梨
織物
旧字
群落
一宮
半島
夏空
竹宮
北口
波止
野合
犬太
夜長
大辞
使者
焼鳥
水引
中居
本節
年賀
過熱
全館
遺徳
返付
有松
聖者
朝陽
成犬
市電
高砂
夏編
紅音
城内
西成
作法
当号
照笑
先発
北極
無能
黒潮
羽毛
花肉
校訓
大口
見仏
帰結
佐武
政争
名刀
地中
古牧
古風
正対
平戸
詩集
馬子
梅園
磁力
積算
圧着
再刊
車間
自室
飲用
直島
広電
経発
六法
東方
版非
生月
中和
居所
勝山
月夜
字点
祖院
忠光
論戦
歯間
名月
道太
素手
宇土
日塩
布告
宣以
自演
造立
不仲
激熱
子規
日英
三枝
夏川
基材
加水
全道
簡素
五位
塩原
史代
地場
東武
元号
独日
満福
数社
両耳
宮川
百戦
白星
比準
大海
雑魚
謝辞
曲美
一橋
山鳥
自機
欲情
略号
糖類
風夏
美徳
軍手
小鼻
個口
受粉
鹿島
数式
手練
宮交
平野
楽習
米側
予知
楽観
居宅
特上
合通
軽費
食神
円色
創都
激務
同前
町字
大池
重美
別件
長者
金玉
雑言
転身
城北
背油
草木
周期
青果
大京
現値
素子
住建
大漁
実戦
東原
今一
西内
重文
七誌
真田
赤味
今展
羊毛
海男
買主
当所
商法
冷光
重臣
手手
他科
豊橋
祭都
七田
編案
前線
弓道
岐南
年頭
登頂
訓示
加点
暗雲
和文
式中
前田
遠州
本種
専制
未納
野人
赤羽
四十
親方
城南
過密
外数
坂路
名声
皮革
朝勉
貴男
肉労
士業
船賃
系統
紙技
利息
大盛
社割
期中
母数
快走
永宗
衆目
減資
容態
当校
暴落
増資
宿湯
湯音
適温
公転
田園
送出
両眼
球界
中退
大筋
土器
土等
片雲
本流
丸岡
射程
目目
安城
香調
序章
男度
三国
帯上
日給
宮司
真正
旧新
古版
内気
産婦
客先
長編
国技
明大
補欠
岸部
葉桜
読谷
一団
公売
美里
入城
村田
誠治
俳誌
酒造
西肥
作風
清遊
肉等
里堂
総説
一幕
夢私
永田
黒子
服役
残室
大暑
品格
作画
確知
雨情
国中
急行
所収
雑民
覚書
朗報
聖母
余波
国府
夏来
能楽
中絶
門戸
空母
砂防
着装
副題
鋼板
芸北
波長
十六
各馬
並下
初着
側近
大石
血統
立山
寄金
油絵
真歌
役人
月島
割当
探知
同送
何番
真紅
出窓
任用
秒速
夏山
一作
序幕
奏光
助役
日焼
熊日
風森
王将
坂出
消防
子号
小窓
末女
金言
直球
実録
宮前
他校
山代
白状
装道
岡三
異色
加温
学遊
幕府
空似
背面
氷空
食間
職名
梅皿
石井
党派
私書
町紙
密約
日向
歯学
北九
大勝
並上
駅弁
小町
和田
種田
野原
大卒
英詩
朝晩
色的
調停
北鉄
支流
愛敬
予熱
裏張
黒地
開眼
厚情
西口
活路
夜愛
本望
無類
急減
開院
本論
要点
成語
証左
山路
薬学
前頭
空論
刻限
月下
諸王
来夏
太守
史官
慣行
肉質
北天
認容
真砂
市税
東宝
数個
片道
宮原
銀二
内数
最下
口笛
素行
冷蔵
常例
和名
酒精
主席
黄砂
宿木
土方
武内
四角
魚肉
宣戦
観衆
花種
美声
火暴
箱館
車上
得度
骨子
森川
復職
氷雪
大火
山中
昔心
首記
激情
生誕
京終
六価
色紙
石野
身銭
帯電
物置
木工
厚手
交信
糸口
前店
老子
春死
和寒
夕刻
桜井
教習
星弓
書画
二宮
経度
都城
朝一
浅野
七七
一計
同書
番付
通年
七氏
高遠
東口
回付
原宿
種島
花波
早割
点間
測量
議席
船便
乱丁
敵意
板的
必修
花園
人後
鉱業
判事
局長
東月
読破
何百
国生
大書
態様
編組
寒川
長物
最聖
新解
戦列
松岡
改宗
相生
本号
通風
所期
対向
目星
土星
社交
骨頂
表右
強弁
歩行
山師
馬場
宿通
大証
整数
輪島
森永
時季
森人
日天
王城
代決
器用
花主
神父
視認
西湖
千人
降園
当番
講要
窓際
関税
黒衣
殺助
野暮
導出
相反
人問
断絶
耳目
等幕
岐部
林試
年一
障子
人等
活憲
道東
内心
回帰
地検
所論
部内
仕上
日毎
肥田
終期
回春
今道
取手
一辺
湖面
百万
作出
長栄
天板
遠鉄
区名
中指
編物
新党
崎谷
編者
激売
井手
開口
便可
板長
気球
諸相
一丁
独女
降格
余興
楽書
便名
酒気
三空
水城
劇作
特大
積読
際気
公用
校則
気味
幸村
岩場
木質
売伝
人魚
牛角
念仏
客席
単話
正覚
高考
早雲
証取
岩田
焼物
今野
類例
高給
痛打
大矢
地層
相対
根元
競輪
余熱
三線
当寺
開議
神曲
母方
博徒
内規
自首
当省
母友
果肉
青竹
物音
美品
台東
進士
参集
設問
茶香
市名
謝恩
別記
対日
近似
木曜
味出
長屋
度胸
三時
度数
底部
百五
松井
黒崎
類型
首輪
福利
我家
受益
弓張
日通
水位
画題
静内
独白
南方
性態
能書
音源
宮本
前見
深部
時君
銀様
遠因
昼前
海音
深謝
話芸
勝算
心外
車板
糖質
店屋
標柱
損得
発効
素質
小径
白米
山手
丸赤
別子
内角
久美
春風
館長
調味
列伝
者久
外聞
竹中
美川
神等
遠出
新版
町内
名様
過労
町道
桜君
旅券
直営
弱虫
由紀
立設
性欲
歌星
小話
宿人
減算
石焼
素養
八八
図画
百名
曲面
会期
宿金
至宝
筋道
所領
縦断
黄門
遊佐
内助
心持
飯田
術後
戦記
毛糸
同筋
状元
鹿行
福交
恩義
敗軍
目白
宇治
等長
静的
見地
月宮
一事
文教
関医
尊顔
室根
油性
郵政
道警
保谷
神宮
大物
天平
親愛
宿曜
果無
就農
速記
岡内
直交
業等
天主
男鹿
天女
快気
通所
小中
松島
日森
数本
前略
助勤
後門
桜庭
単体
先取
降雪
戦意
森氏
田代
在中
自供
直子
存否
波動
家宝
一利
夜行
翌休
実効
岩崎
当町
母屋
上階
光等
横板
市京
大特
武骨
本心
往年
秘所
終局
旅春
野辺
戦評
肥満
宿関
長町
永利
優子
小玉
接写
者等
名等
春節
基幹
三春
他局
親日
終日
京方
名札
王者
無地
後宮
高等
純正
雪塩
飯能
特産
大損
風雪
魚種
完品
最愛
早世
勝毎
胃部
総意
文言
式辞
徳永
東書
小学
桜子
銀賞
辞世
一組
接戦
糸田
団結
公道
分際
原口
泉区
白井
近視
座間
安室
節水
重賞
比良
全馬
多勢
宿松
治承
転院
七鉄
親技
興亡
郷田
高永
散骨
常態
夢色
月見
書道
素案
愛西
受検
拝観
高田
何曲
各区
国歌
健人
地頭
語法
有能
高月
公記
巻号
七月
野仏
服地
氷解
善処
新地
野外
気位
紙器
身上
上段
役名
全日
墓穴
識見
香住
図星
道草
劇画
半数
時血
外敵
農政
心強
事理
新上
余命
大河
取水
予兆
参観
樹高
当接
名調
人多
出町
盛付
号室
方円
雑味
特船
作庭
細目
白石
地山
熊取
火宅
青銅
学名
船長
大田
陽日
男装
結界
赤本
専決
七色
脈略
天音
減弱
使徒
沿岸
一話
灰色
幸楽
両足
湯村
二条
姿月
真上
空海
出石
取説
清泉
吸入
新訳
王女
発付
住設
勝数
大名
太刀
就労
体中
都電
終幕
山岡
後年
遠望
直腸
真赤
論調
血族
悪玉
常勝
夜光
協和
内村
旧令
団子
大罪
新座
休刊
何方
東名
小豆
乱射
仁科
元若
利休
気道
今着
小諸
古賀
赤子
原初
春原
春秋
学外
字音
退団
真打
歌曲
経本
羽織
農林
秋空
補任
河合
皇居
同州
気比
義経
夜店
日用
情動
雪道
看過
印加
海自
来所
東進
路程
片足
連係
天重
専売
強気
消印
諸氏
相模
若草
木像
往時
話帳
屋形
十八
武田
図式
日夜
中延
高専
極東
木星
池田
金庫
親権
対照
何語
調合
小羊
白木
喜多
付勢
登板
会友
蔵人
極楽
真説
当主
快朝
交戦
論評
順守
残数
初等
宿新
手入
音量
気勢
川田
水田
海側
朝感
天城
平取
書写
県北
総評
水星
出所
読本
卵子
内湯
死海
常山
具現
上毛
佐久
皇統
別注
空転
画楽
香西
木戸
女史
特日
誤射
手相
竹布
直列
形質
証人
北谷
万物
寒風
温室
倍数
密輸
青山
湖東
暖気
洗顔
原始
頭重
真顔
特記
修練
群像
同曲
提灯
乗務
農産
会則
根性
生首
竹材
決起
納骨
校門
郵貯
固体
並存
勇姿
金崎
深紅
十割
海域
文法
権原
肥大
梅和
羽生
戸田
健指
修学
天子
恩師
五右
福証
花弁
国字
白光
残余
豊田
対訳
他券
敵兵
相馬
皇位
早計
豊作
日米
暗門
礼央
花子
保温
造作
調律
里子
守口
紀子
無敵
片天
重野
秋味
主管
徳利
裏山
宇部
表出
造船
外福
緑風
民国
芸名
真昼
九月
回送
風人
権益
分量
立言
重陽
京風
自費
転戦
国保
公印
酒泉
名文
総数
黒板
鳥見
七志
旅作
肥育
布石
希少
右脳
林家
秘法
南派
山寺
湯湯
行情
無塩
命式
三十
橋場
素体
上原
胃酸
勉学
光速
水月
小石
足立
加除
東商
成虫
歌川
町屋
福田
貴船
山名
古事
兄様
力作
仏和
教本
粉状
実名
土湯
飯山
弁天
軍備
京大
右足
月様
天山
軍人
利水
月光
本例
追録
生長
正品
北見
向日
興南
異装
財物
共益
校庭
帰港
加久
居館
通読
三次
二部
乱文
減速
古馬
王権
手記
五回
樹液
日工
貨物
始値
政局
五十
冬至
代休
東軍
警句
塩崎
代官
当否
金印
岸家
神去
黒山
欠号
破目
水庭
悪果
聖職
馬尺
演場
並木
諸元
札証
結語
両日
実食
野性
春高
信者
名著
馬力
岡本
犬種
山久
順応
選人
理音
原田
管内
厚着
解同
十日
所望
本命
六年
和犬
古希
金城
豊科
隊列
内宮
血脈
野心
外車
北野
宮口
転出
手打
対価
京滋
次月
密会
波導
業火
株券
遠投
今昔
料別
聖堂
打率
鳴潮
実体
対語
食害
康博
連句
毛利
諸島
名鉄
新手
由布
森見
分化
六景
公社
松野
三代
守谷
合羽
服着
玉置
夕景
大衆
夏得
完勝
美通
父子
竹八
小声
行幸
回目
単一
名将
花巻
今読
有限
受命
感傷
積層
減収
丸東
名乗
着順
暗黒
副詞
去就
張子
生花
日照
出玉
宿山
節句
星里
先着
可変
造本
判型
草案
親玉
実妹
新旧
赤松
点画
平板
木六
研心
常口
世耕
草書
西武
炭鉱
連語
略語
勉三
難解
頭語
転帰
医業
簡便
増補
広東
気付
帳票
協調
大敵
電球
多志
三島
秋月
足首
貴女
流罪
東川
総量
天孝
日医
頭付
生写
和牛
湯一
赤面
新窓
小平
参宮
鳴海
独標
境港
酒蔵
善悪
潮時
梅屋
左胸
益城
県土
群青
三名
相関
最古
中級
創元
一代
幼虫
自著
政経
胸中
増刊
付訓
私男
絹谷
比類
直下
休館
高野
浅間
他市
理学
休会
内服
静音
松葉
暴君
同国
名代
後段
同業
徳重
万座
西条
各板
土砂
牧神
神酒
貴石
長尺
神代
西軍
都営
真冬
所産
変態
祖谷
外周
鼻血
伝言
文京
海運
絵伝
退所
五足
倉田
座面
竹取
極寒
茶山
桜肉
船内
乳首
文月
軍命
自走
角質
胃液
干満
度量
絶世
老体
角田
鋼材
焼成
両党
前納
織田
後生
労作
接合
天明
地魚
形的
久本
図副
道南
意気
鼻息
区長
留去
向島
根室
川口
修景
羽島
清里
立件
局前
数枚
終点
投降
節操
中原
易経
最多
秘話
牧草
五万
夏季
電設
真裏
下京
地底
追補
週報
黄河
寸分
陽未
大高
優待
国税
鉄分
父方
草型
三面
久賀
来庁
品目
練体
静鉄
痛車
入道
一巻
前示
花実
密度
山地
生家
万引
知力
名門
生態
工学
豊島
南極
精油
者様
氷上
知花
減益
丸秘
声楽
香風
競泳
私学
高覧
海洋
我社
打線
適否
骨格
手染
門前
競演
原書
春香
飼主
極言
分速
定数
前給
芸大
城下
天上
仲裁
豊中
連理
店先
旅路
卒園
小神
秋葉
本筋
夫板
代入
金満
中里
志賀
本賞
水運
中型
石黒
図略
当誌
電人
二役
天保
死因
親父
護神
各道
深川
講読
古着
玉子
大層
戦勝
愛花
札所
極真
示談
真逆
旧道
古参
両性
下野
色味
貸付
多重
太臓
有野
山旅
矢板
公家
室料
魚一
相川
肉厚
中田
名画
夢想
遠野
前例
失禁
奮発
不潔
仏事
役場
秘境
名宿
本問
本図
留言
落合
門野
読人
法定
約定
寸評
物品
大成
無精
蔵元
祝典
人選
赤心
密命
北限
同隊
通期
毒気
波頭
通商
弟分
等価
河内
三宅
住友
書生
清村
外信
極選
事何
解毒
春菜
生島
白湯
今池
安土
家出
指宿
時効
毛毛
陽毛
原形
正室
中海
忠経
水出
葉酸
光久
町民
七里
家老
八男
令達
欠失
厳格
処木
犬用
逆流
旧作
歯痛
野並
急病
装丁
演習
鉄線
合金
行基
館山
用土
着生
沿道
劇薬
不信
百度
井出
日進
水銀
美湯
宮井
広重
寺田
調布
分納
天照
放心
減便
失効
消毒
化物
座談
電送
点火
牧師
建具
福生
重刷
順延
実母
真否
話出
週日
南米
歯周
鉄粉
成都
心旅
海女
退居
百舌
宿季
七味
三回
千堂
対馬
議院
車線
額等
十七
古来
天宿
座金