商品
写真
問題
世界
記事
仕事
使用
研究
時代
事業
言葉
活動
意味
作品
場所
教育
部屋
全国
予定
病院
部分
会員
開発
相談
相手
委員
意見
旅行
一部
注文
家族
注意
理由
指定
期待
発表
代表
文化
公開
登場
安全
年度
作業
安心
自身
取引
開始
自由
全体
一度
勉強
決定
話題
時期
期間
発生
放送
発売
行動
動画
工事
番号
中央
練習
食事
第一
全部
運動
歯科
様子
道路
注目
発見
今度
感想
家庭
心配
有名
都市
学習
動物
住所
事実
方向
神社
地区
予想
画面
用意
身体
何度
運転
野球
銀行
地球
食品
発送
仕方
物語
業者
鉄道
大事
発言
気軽
病気
全員
発行
交流
業界
人物
同様
文章
調整
感動
用品
反対
具体
高速
医院
社員
勝手
安定
息子
向上
植物
予算
相当
次回
読者
平和
公式
路線
自動
丁目
方面
農業
事前
出発
年代
新着
出身
整理
首相
旅館
近所
強化
実行
他人
空港
集中
定期
生命
配送
去年
登山
太陽
都合
次第
県内
世代
仕様
記者
表記
高級
運用
車両
見事
回転
調子
返品
内部
商店
文庫
列車
化学
駅前
理事
表面
生物
部門
長期
形式
工業
返事
場面
飲食
代金
早速
本部
苦手
主人
方式
勝負
相場
温度
所有
思想
理想
中身
同意
医学
実家
進行
放題
入荷
意外
行事
発電
動作
漢字
速度
家具
一定
実感
集合
出品
入院
部品
医者
作者
知事
両方
真実
荷物
出荷
部長
屋根
道具
海岸
近代
本物
外部
体調
美人
多様
着物
両親
気温
古代
平日
高等
買取
具合
進化
人事
実力
決勝
世間
役員
高度
深夜
首都
調理
上部
気味
意思
由来
物理
投手
面白
次元
身近
運命
発明
正式
店員
天使
公表
代理
表紙
体重
農家
全身
会館
薬局
教員
整形
県立
発想
小屋
開業
南部
開放
正面
進出
流行
決算
想定
動向
意図
商業
作曲
定番
進学
風味
学者
悪化
流通
起動
主体
集会
短期
消化
手軽
交代
様式
表明
全面
目安
早期
電波
休業
運行
味方
乗車
代行
学問
小物
強調
学部
合意
都内
投入
名物
自主
和食
石油
区間
区分
決意
気配
平気
根本
体育
農薬
幸福
客室
回路
配合
島根
予感
実用
合流
後期
商売
実習
主役
北部
庭園
両手
地面
和風
全力
西洋
一面
目次
住人
行列
局長
角度
都会
集落
手配
指名
市区
大根
合宿
名所
寺院
強度
感心
手帳
流石
受注
発注
本屋
暗号
新品
中部
起業
落語
対立
開花
対決
中島
定食
橋本
大宮
発足
大島
神話
工具
活発
反発
大豆
整体
定員
丁度
一品
重大
半島
地味
登記
身長
役者
東洋
先進
全文
部下
県道
着用
定着
当局
返答
平野
平安
何事
負荷
洋服
階級
水着
部員
開店
転送
海洋
進歩
同期
発音
発動
世話
院長
下着
子宮
都心
物流
一族
生息
上品
大橋
死体
運送
一流
駅名
学院
集計
内定
対話
流出
筆者
西部
上流
部会
行使
楽曲
体感
進路
記号
他社
神田
店主
農園
身分
食感
通路
両者
急速
出血
下落
調和
有力
電化
緑色
調味
女神
学級
中世
死者
心身
指数
商工
線路
会談
前期
物事
上級
先発
配当
直送
和室
家事
定休
万全
部活
図面
後者
開通
水面
食物
東部
球場
農村
口調
真相
美味
天神
意向
館内
台所
礼金
高温
漢方
相対
屋外
屋台
実物
真理
区画
平等
転用
所持
電動
服用
屋上
急行
用事
美女
同等
登校
文部
追記
宿題
水平
当院
鉄板
大物
対談
日和
王様
問屋
使命
前進
役所
重点
所定
原油
放出
助手
農林
飲酒
詩人
薬物
題名
路面
農地
電流
路上
他者
安打
悲鳴
先物
算定
定年
下部
幸運
中期
家屋
両国
真夏
主流
神宮
化合
主力
悪口
商人
配線
毎度
書面
大使
所長
役場
有用
乗客
買物
配列
返金
学期
人員
親族
神楽
命名
島田
路地
配分
茶屋
前面
名曲
陽気
反日
電鉄
次男
落下
役目
言動
小島
水泳
列島
新曲
原発
体温
化石
部落
出題
投下
全集
指先
洋食
両面
着手
下流
港区
助言
当面
多発
全開
両立
前者
炭火
生育
船橋
気持
何者
頭部
身内
物体
地酒
取組
音波
注入
反面
決着
対面
公平
入所
物品
相方
起用
真空
感度
次期
曲目
期日
死去
役人
遊園
見物
事由
日向
終点
王者
一員
開会
青葉
作物
先着
集客
通院
用具
流動
全角
農場
顔面
調教
平面
平行
新緑
打者
転落
真田
作動
死後
火事
図表
千代
終始
命中
早急
旅人
虫歯
薬品
品目
筆頭
商社
短大
本館
県外
皮肉
着実
今期
一息
和紙
和牛
陽子
羽根
他国
直面
意地
定数
内面
童話
実名
年次
分配
波動
水路
暗黒
区内
文具
大神
親指
重力
開運
曲線
本命
動員
直感
追放
出世
神道
主題
打線
時事
水温
当館
実体
頭皮
石橋
品物
見所
予言
食育
坂道
屋内
短歌
川島
着色
定時
院内
都度
温室
談話
出動
発作
放流
一級
根元
書物
酒場
次会
有数
平家
流星
始動
発着
新橋
公安
福音
局面
悪意
多重
一味
車庫
全米
石炭
消去
緑化
決心
金具
全室
洋書
近世
反転
回想
発車
実写
教委
書式
着工
商談
来院
細部
年配
花屋
林業
後世
発光
面談
楽章
中級
直進
紙面
弱者
帰路
消火
係数
和書
植木
取消
育毛
対岸
昔話
進入
反動
対人
空調
全長
着目
開館
緑茶
他方
外相
動力
行進
受取
流入
等級
全品
流用
投球
電球
館長
二部
実業
乗船
登用
本業
長所
都立
夏期
商事
金庫
送金
起点
緑地
開口
返送
小豆
和洋
神事
一式
手動
受理
平米
中庭
上着
様相
酒屋
荷重
答申
国有
学童
洋風
学区
平山
洋画
旅客
転生
和歌
宿命
一転
仕草
原始
橋下
放火
医薬
鼻水
空想
大祭
後部
死神
談合
面会
重度
商用
夕陽
事後
詩集
風習
水深
小路
指向
暗記
下品
人身
帰化
台帳
休息
先代
本題
万葉
乗馬
三宮
整合
前身
代用
曲名
発進
長者
海面
神父
所見
波長
商会
銀色
着地
来館
温水
次女
悪人
自発
筆記
県下
病理
対等
問答
記帳
水銀
転売
対外
遊具
登板
美白
黒豆
休館
分身
落葉
四球
洋楽
係員
始発
使者
楽屋
大福
表題
年表
県南
平地
本島
式場
古都
新宮
植林
悪役
薬草
足湯
前世
子守
葉山
真冬
両足
分化
仕入
板金
横目
代物
区長
君主
開校
横丁
文集
自重
茶葉
局所
血行
起算
湯船
時速
終日
海運
重心
同感
後味
真心
旅先
対局
組曲
宿場
同和
和子
間取
病室
感知
楽勝
文面
勝者
申出
父様
地主
毛皮
流体
薬用
申立
五感
美化
円安
一服
発育
定住
当主
全線
電柱
当期
校庭
界面
祭神
国庫
教習
有明
来客
次長
自負
物色
本県
白銀
有事
調書
明神
寒天
打球
真意
通帳
予知
対向
田畑
本宮
仕業
放電
転写
同調
金物
切実
決行
病人
出向
上等
開場
悪用
部数
有様
鉄人
洋室
根気
究明
入部
横顔
文様
転向
切開
八重
中等
通商
苦味
打開
発声
生死
交配
火薬
和服
係長
出所
全校
実話
身元
予習
横手
終身
会期
歯車
入館
発色
下宿
指南
有線
駅員
開港
前列
地消
血流
他所
葉書
美学
小指
代打
金運
有形
病名
黒板
長屋
和平
半身
急落
親身
地表
病原
葉月
酒店
寒気
主食
女流
生薬
美食
発病
予期
医大
古着
一路
部外
走者
全曲
終電
気品
三世
大昔
同県
安物
本意
年始
秒間
部族
白身
転校
真下
口実
歯肉
駅間
船員
波形
前歯
相乗
耳鼻
面子
美形
女医
室温
重合
三者
題目
両社
童子
区立
転入
軽食
植生
運気
全土
真中
部局
直筆
本流
等身
太平
平原
出港
定理
消息
山羊
港町
同定
悪寒
売主
命題
助長
度数
魚屋
鼻血
行者
他県
深海
同業
短所
流水
他店
平年
鉄分
色調
球根
入港
次号
医科
県人
自決
図式
祭礼
長身
相反
真弓
湯気
花畑
全日
細身
子役
原酒
暑中
有意
左岸
銀山
通所
一代
神学
一様
駅近
家主
和光
薬事
開局
部室
軽度
立命
配色
決起
一昔
取手
両日
名神
数式
同乗
読取
配下
死人
命日
書院
王宮
右岸
対日
真上
横行
返上
調合
受入
回遊
開園
一等
二世
校区
宮内
大勝
送電
冬期
上院
起立
前号
新調
同化
運休
悪者
県北
実地
歌集
品等
天板
持分
外注
画集
勝目
漢文
薬味
乗組
流氷
神起
風化
血中
薬学
住戸
悪事
内湯
反感
宮中
味見
発毛
整数
直球
高所
受動
名勝
祭日
米屋
二期
全社
打点
金銀
仕立
院生
開山
下院
炭化
神主
農道
来期
氷室
品番
万事
神明
学業
天守
客船
強者
他界
球体
神代
客車
化物
野宿
後進
中指
想起
風速
和名
平屋
書庫
国定
放水
一丁
年式
東宮
鉄橋
安楽
対空
湯本
引取
生身
相生
名湯
集金
風流
陽光
注力
羽化
自習
中流
手品
一期
洋館
合板
発火
後発
中和
新館
人命
真言
一世
高次
所用
商号
宿屋
取水
新薬
意気
定形
調度
転出
油絵
次代
美男
急坂
歯石
主語
等分
道州
手相
公庫
九重
家業
漢詩
多面
万物
生業
前駅
島内
水流
気球
歌曲
新都
有人
軽油
名品
肉屋
屋号
回送
乗員
町屋
時短
死語
代引
和音
歯列
農水
美顔
下級
投薬
持病
上面
直流
気流
何物
同族
表皮
飲用
急登
庭木
羊毛
名医
湯葉
大曲
名取
朝礼
世相
山岸
大乗
員数
予後
死角
対米
反落
深度
病死
目薬
湖面
上皮
転身
品名
子息
竹炭
一役
一助
急所
配役
入湯
赤面
始業
駅長
荷台
食味
面目
寒波
注記
油田
君子
知育
旅路
今昔
深山
助役
神子
流木
身軽
整列
湖北
五味
古式
分業
全勝
工期
両目
小橋
定点
真横
化身
岩屋
反米
苦言
新酒
配水
開国
王族
赤身
薬指
月面
落着
大洋
引受
全話
真木
商船
主君
電荷
神前
遊女
形相
自他
速読
号外
年号
音速
明暗
外界
身上
三流
入庫
日進
強打
油分
倍速
通期
物音
仕上
湯元
先客
下界
悪行
神体
原曲
主事
次週
小品
庭先
教区
手指
球界
重荷
入植
進級
同列
同表
客員
家路
長調
品数
定植
勉学
追究
事物
色味
用命
同院
親和
西岸
子安
黄身
氷上
内服
神木
一筆
自筆
真人
急死
飲茶
洋式
局員
馬主
安住
服薬
詩歌
送球
味気
写本
代役
終業
全店
母屋
深部
全館
開帳
曲集
雨具
短調
八丁
重箱
両院
落石
感服
口笛
進言
物心
流血
木箱
大葉
重体
習字
乗合
川岸
両岸
宿主
酒気
宮地
自助
植毛
島国
決死
小皿
外面
白根
天界
勝間
真顔
部内
曲調
所作
新進
年祭
他校
病弱
重油
所内
山神
列強
同号
向日
局地
全道
追分
苦心
平方
光速
悪気
乗用
鉄工
全会
石坂
医局
手打
地平
音階
帰着
頭取
土着