利用
必要
以上
登録
最近
関係
参加
方法
結果
管理
無料
料理
関連
説明
最後
追加
以下
案内
以外
自然
周辺
予約
求人
最初
健康
最新
昨日
選手
希望
目的
大変
観光
体験
作成
友達
以前
機関
特別
重要
試合
種類
料金
最高
法人
記念
特定
参考
送料
完全
国民
結局
協力
最大
無理
変化
最終
市民
英語
位置
労働
生産
徒歩
会議
特集
便利
試験
記録
成長
戦争
当然
以内
通信
残念
仲間
昨年
満足
産業
野菜
成功
議員
季節
小説
生徒
選挙
完成
不安
機会
投票
各種
全然
送信
建物
協会
課題
目標
受付
加工
共同
改正
連続
感覚
未来
努力
失敗
笑顔
住民
卒業
印刷
馬鹿
風景
公共
機械
配信
実験
参照
以来
材料
不明
受験
機器
老人
付近
固定
無事
天然
児童
大量
協議
要望
形成
不足
大臣
初期
自信
取材
人材
約束
共通
要求
積極
勝利
散歩
各地
成分
事例
返信
成果
育成
周年
観察
必死
書類
伝説
訓練
民主
単位
当初
達成
関心
失礼
民間
発信
民族
成立
共有
主要
低下
最低
出席
差別
面積
競争
連合
特典
食材
有料
配置
栄養
信号
苦労
楽器
景色
不要
分類
作戦
土産
週末
工夫
手法
放置
信用
最強
宮城
出産
戦後
議会
競馬
命令
反省
入札
清水
加入
受信
育児
四季
上位
倉庫
交付
部隊
変動
不良
人類
最悪
辞書
苦笑
不満
日付
勇気
機種
給料
連中
未満
対戦
街道
景気
有機
月末
発達
県民
軍事
連休
当選
梅雨
自治
以後
辞典
不正
連結
焼肉
年末
合成
金利
相続
山梨
区別
単語
配達
知的
順番
改良
初回
各国
借金
法案
良好
入浴
関節
予選
初日
原料
順位
司法
無線
氏名
照明
上司
観点
品種
天井
録音
追求
国産
入試
議長
世帯
特急
米軍
飲料
課長
給付
法令
光景
商標
有無
教材
考察
落札
手続
産地
祝日
健全
一種
冷静
自覚
助成
長官
信者
観客
戦国
業種
大戦
観戦
景観
松山
重量
不幸
天候
持参
順調
外観
理念
録画
生成
内側
食料
器具
手順
五輪
昨夜
飛行
変身
送付
教養
右側
成人
究極
地位
結成
兵器
持続
養成
合唱
芸人
海軍
参院
大陸
調達
牧場
有利
特産
左側
各社
側面
古典
公的
工芸
陸上
加速
給食
初代
気候
選定
最中
水産
園芸
浴衣
地帯
協定
司会
通貨
残業
熱心
標高
満開
血管
参戦
調節
共感
貨物
分岐
節約
数量
指標
隊長
小児
客観
結合
決議
浴場
選考
各号
漁業
事典
果実
関数
変形
例外
民家
果物
協同
特有
木材
小倉
工法
分散
学的
民宿
愛用
加算
必見
法的
達人
機体
例年
合戦
夫人
近辺
加熱
軽量
連動
戦場
食器
付加
順次
動機
部位
失業
外側
待機
上陸
案外
見積
改定
海老
戦力
満点
人参
完結
戦前
指輪
一連
始末
特例
夜景
機動
末期
不便
連想
共和
隊員
味覚
選出
特化
主観
有害
完売
不法
戦車
包丁
連発
北側
各自
好調
人種
司令
発覚
議案
陸軍
特色
愛犬
昨今
対照
人民
伝達
必然
不当
西側
特長
連日
軍隊
種別
参画
右折
道徳
小松
一望
参入
子孫
失点
直径
改札
祝福
所要
式典
香水
共産
治安
戸建
商法
帰省
定例
南側
単身
上達
友好
初夏
左折
浴室
植民
極上
部材
今季
民事
欠点
農民
時折
良品
共生
受給
機材
縄文
未定
固有
連勝
戦隊
出願
英文
観念
題材
省令
特選
市街
不利
井戸
不問
待望
軍人
会席
徒然
日産
勇者
敗戦
周知
時給
利便
東側
半径
敗北
不調
競売
発熱
文法
建立
試作
無言
外貨
最短
街中
信念
漁港
別名
無知
少量
試食
議決
県産
車種
決戦
付着
夕飯
熱中
山菜
一帯
連帯
周期
愛車
愛好
歯周
単行
説教
良心
好感
取付
文芸
物産
海底
満員
栄光
好意
新卒
最小
結末
低温
生協
成形
残高
念願
直結
点灯
種目
松原
苦戦
折角
客席
目録
出典
量産
万博
変数
集約
管内
未知
終戦
種子
利点
首位
愛子
給水
無数
加害
教訓
希少
戦時
配管
町民
願望
同法
法定
不動
別表
欠席
集積
無用
花束
続出
最期
両側
何卒
議事
極力
実例
灯台
法要
熱帯
国旗
駅伝
商材
協働
目印
挙式
相関
実戦
飛鳥
名産
冬季
不信
最古
改変
初戦
参道
民法
交差
単品
好物
分別
無人
単体
照会
矢印
菜園
無茶
公約
積雪
考案
要約
区民
消失
養子
最長
一挙
街頭
利息
市議
満月
音量
指令
老化
協調
景品
司馬
梅酒
例会
集結
給油
清算
夏季
競合
多種
期末
手札
組成
清流
公害
山城
共用
不全
初級
連立
家臣
野望
試練
戦線
害虫
満席
付録
海辺
最多
水辺
単発
衣類
標本
立案
祭典
最速
議席
労組
衣服
発芽
挙動
学芸
合法
月給
的中
漁船
別館
標的
連敗
利子
試写
課金
競走
不意
園児
着陸
大佐
産直
人的
改名
戦死
塩分
別人
落選
白菜
強要
終結
高卒
水位
立法
電極
下位
加筆
便所
土器
試乗
事案
方位
器用
愛着
作法
機内
特約
利害
発散
水量
休養
選別
成約
計量
無休
大差
電機
連打
静止
着信
所管
熱意
必勝
産学
初音
青梅
節目
原案
老後
建材
教官
改行
女児
線香
愛想
石材
低音
昼飯
給湯
戦記
男児
試料
試算
安置
結集
別物
内陸
続行
熱気
議題
根底
連行
無名
有給
同然
手芸
種族
節分
通達
打席
最良
思案
伝票
点差
城主
単一
失調
光栄
固体
教徒
主席
労力
赤旗
要員
悪徳
多岐
産後
無力
各駅
社説
変色
失望
歌唱
念頭
分量
自給
極意
各所
車輪
原付
参観
衣料
最上
初頭
便器
競輪
部類
底辺
心底
赤松
使徒
前菜
不二
牧野
無形
勝敗
景勝
原産
外伝
兵隊
無印
改悪
伝送
試行
多量
建国
完走
法事
大卒
名残
不服
極楽
定量
量子
街路
号泣
借地
街角
産物
副業
養育
香料
無地
灯油
器官
便乗
参列
共鳴
無念
英和
信心
未明
結界
歩兵
地産
民話
新選
知覚
入選
民生
食塩
養生
海兵
文例
熱湯
用法
酒類
望月
県議
産科
信徒
積立
民放
本位
争点
周回
松竹
気功
漁協
群生
愛読
二輪
愛国
一変
長老
後続
周遊
借家
借入
試飲
焼鳥
伝道
特大
養老
空軍
札所
力量
月極
戦法
極東
開戦
選曲
特記
福利
英数
助産
特訓
観葉
首輪
飛来
城内
民芸
反戦
店側
必読
電器
強固
冷戦
配給
別紙
放牧
結束
初歩
梨花
照合
春季
同好
日清
残暑
一戦
動的
都城
一節
消極
電灯
労使
末日
空席
楽観
記法
大関
道標
特番
終末
学位
議定
特筆
成年
兵力
流量
白熱
固形
塩化
伝言
白衣
水害
塩味
用例
位相
時差
有望
連戦
発令
調印
治験
都民
察知
農法
未然
置物
要点
極度
悲観
君達
法学
分位
太夫
秋季
府立
安静
魚類
熱血
治水
号給
高熱
金城
公然
日課
満面
少佐
焼失
村民
願書
鳥類
単調
不毛
月例
各人
湯治
飛車
海戦
流産
連投
同氏
産品
欠落
口径
敗者
建具
野良
各位
祝賀
飛散
病変
功労
城南
新芽
初心
神官
松葉
側近
各部
友愛
具材
包帯
例文
公司
所以
特注
寒冷
大敗
小便
無機
欠品
産出
外周
司祭
伝記
建前
物置
内戦
試着
残雪
単元
城下
果肉
電信
和英
業法
自伝
新法
同席
刷新
不運
積算
連隊
県連
高低
最早
年賀
社労
大成
発案
冷水
事変
完治
民意
安産
代官
清酒
光熱
投信
各店
付帯
伝来
完食
年初
印字
季語
低速
不覚
投機
約定
結社
落差
同種
覚書
列挙
日照
大漁
宮司
高官
石器
月別
兆候
牧草
試用
円満
極悪
無口
参上
群落
不順
前兆
来季
変人
好転
未練
加味
芸者
府内
集成
成虫
表札
材木
漁村
体積
加水
積分
漁場
入隊
続投
同類
新参
熱唱
無色
送別
変調
千種
無実
品位
世辞
次官
交信
小隊
前例
家老
置場
顔料
米兵
博文
両氏
完敗
官民
関門
配付
無礼
新種
初見
川辺
法相
焼成
平岡
軍部
一説
各県
犬種
血清
戦中
三位
達者
量的
無残
各課
平城
連作
司書
英字
交戦
標語
球児
不発
無害
古城
好天
満期
塩水
用量
特区
利根
談笑
熱愛
法科
特売
中隊
不定
塩田
画材
別記
転機
借用
熱戦
氏神
各界
軍用
一夫
内包
功徳
見栄
連山
満室
共栄
梅林
欠場
周波
満天
学説
番付
望遠
悲願
飯店
使節
一軍
米英
失速
小径
大輪
以南
王位
不通
大夫
古参
島民
入念
市井
気管
大群
国府
天満
言説
底力
英明
健気
訓令
産生
英米
好機
定説
最愛
開票
末広
貝類
同省
失神
電位
灯火
印紙
失笑
無期
重機
器材
買付
米倉
名札
街灯
軍国
結実
小節
結石
図案
以北
底面
要所
松林
着席
標題
不変
列伝
海側
土建
身辺
一念
実機
首席
赤飯
香味
百景
薬害
通関
無心
説法
全焼
内輪
兵法
初等
線量
県側
法話
観月
水菜
実録
図録
氏子
変位
不平
奈落
号令
大隊
大別
利口
府民
青果
億万
病的
祝辞
朝飯
開成
農産
左官
続落
自愛
唱歌
出兵
極小
語録
対極
変速
本願
年産
養分
親類
無法
急変
陸地
好投
雨量
主管
全景
沖合
水軍
失明
花芽
卒園
下側
冷気
公民
順当
小梅
清和
旗本
草案
選書
人選
特命
要人
街区
帳票
答案
八景
戦勝
争議
芸名
別所
軍服
道民
温浴
時季
信金
極道
七輪
辞令
各局
群集
温熱
未読
地底
中佐
都議
消灯
進軍
省力
無量
試薬
水利
類語
力説
失言
城北
課外
中卒
標記
商戦
名城
司教
社協
本戦
花輪
後輪
養父
化成
前輪
各紙
羽衣
滋養
昨秋
競泳
金貨
松明
新約
決別
花器
神器
地熱
高給
全席
機長
女官
岩塩
戦友
初雪
老年
同位
他愛
改選
散見
湯量
所望
方便
法輪
選対
以西
低木
関所
満車
静養
極細
説話
鹿角
大軍
軍配
茶器
府県
先達
軍手
香典
無二
浅見
極太
失念
無病
法王
不死
管区
国軍
育英
単線
戦果
副題
大観
議院
入管
重臣
原典
初耳
共学
美的
長城