地域
確認
一覧
子供
映画
提供
温泉
簡単
存在
住宅
賃貸
経済
専門
対策
担当
障害
検討
展開
処理
自己
誕生
以降
法律
著作
雑誌
拡大
保存
展示
価値
映像
負担
改善
素敵
講座
郵便
危険
専用
演奏
政策
推進
訪問
方針
看護
認識
優勝
警察
将来
規模
装置
宇宙
批判
自宅
議論
就職
政権
発展
勤務
疑問
段階
改革
納得
値段
操作
認定
異常
処分
株式
著者
宗教
役割
感染
権利
候補
補助
収録
死亡
模様
承認
秘密
容疑
背景
姿勢
否定
証券
従来
手段
危機
裁判
視点
天皇
装備
困難
無視
優先
翌日
看板
貴重
理論
収入
収集
解除
劇場
展望
資源
憲法
宣言
貴方
若者
紅葉
単純
階段
割引
通勤
宣伝
回収
若干
退職
背中
何処
私達
帰宅
発揮
窓口
保障
遺産
論文
筋肉
立派
供給
沿線
反映
創造
人権
収納
重視
領域
呼吸
数値
延長
吸収
時刻
視線
従業
山頂
内閣
歌詞
決済
結論
宅配
創作
割合
衣装
革命
女優
演劇
株価
電源
認証
口座
温暖
俳優
心臓
対処
創業
混乱
指揮
興奮
引退
認知
株主
論理
厳選
分割
声優
臨時
権力
散策
就任
幼児
収益
家賃
区域
誤解
若手
拝見
年収
同盟
牛乳
加盟
閉店
上映
除去
一層
将軍
台詞
系統
開幕
署名
政党
意欲
砂糖
郷土
私立
装着
賃金
反射
参拝
簡易
拡張
補正
深刻
警備
激安
届出
尊敬
従事
密着
返済
出勤
連盟
故障
反論
中傷
故郷
包装
頭痛
推定
策定
諸国
権限
幕府
紅茶
片手
源泉
背後
体操
非難
県警
推移
処置
承知
放映
聖書
優良
頂上
評論
補給
体系
服装
視野
模型
預金
在宅
派手
食欲
著書
系列
感激
推測
収容
俳句
縮小
注射
納期
供養
買収
安値
武将
視察
展覧
郵送
秘書
広域
警告
尊重
公認
視界
討論
内装
納豆
補足
救済
劇団
大衆
郵政
視覚
遺族
財源
私的
脳内
圧縮
創設
座席
金銭
武装
世論
補強
総裁
指針
支障
悲劇
就業
公衆
衆院
宝石
発射
処方
納税
探検
担保
創立
大将
延期
納付
地蔵
認可
貴族
短縮
共済
生存
急激
出展
伝承
実装
革新
裏側
日誌
質疑
翌年
幕末
高値
進展
運賃
神秘
作詞
存続
貧困
異動
熟成
精密
県庁
苦痛
樹木
起源
視力
損傷
収支
地裁
推理
遺体
冊子
担任
骨折
改装
全域
通訳
片方
批評
欲望
遺伝
難易
野党
密度
便秘
警官
補修
沿岸
純正
部署
寸前
著名
洗面
負傷
異議
皇室
内蔵
退院
兄貴
警報
臓器
並木
領収
宅地
忠実
遺言
枚数
純米
賃料
高層
一律
内臓
陛下
寸法
名詞
難民
納入
放射
蒸気
民衆
除外
異様
本尊
貴様
流域
無難
音源
誠実
納品
紅白
後退
今晩
過激
馬券
朗読
銭湯
首脳
洗練
聖人
分担
胃腸
自律
差異
毛穴
転勤
創出
貯蔵
女将
頂点
優位
就活
国宝
理系
変革
照射
拡散
厳密
整骨
産卵
存分
大腸
階層
垂直
論議
論争
染色
重宝
翌朝
未熟
諸君
宝物
傷害
退治
創刊
欲求
昨晩
貴女
誤差
洗顔
主権
成熟
幼虫
磁気
制裁
礼拝
観覧
特異
豆乳
金券
容姿
所蔵
独裁
優待
洗脳
操縦
庁舎
異性
字幕
聖地
権者
星座
専念
相棒
吸引
共存
個展
幼少
就労
退会
痛感
専業
言論
論点
現存
劇的
特権
日系
皇后
退場
乱暴
敗退
利権
骨格
灰色
補完
土砂
盛大
容認
従前
裏面
海域
断層
血糖
奏者
専務
電磁
供述
敬意
新潮
頭脳
開閉
激減
根源
母乳
内視
探訪
並行
方策
専有
源流
省庁
党首
片道
語源
探査
段差
格段
密接
探求
収縮
若葉
新党
果樹
賃借
無論
辞退
諸島
誠意
背筋
腹部
自我
接骨
来訪
成就
神聖
新株
内訳
文系
夜勤
無敵
一刻
就学
機密
従量
若年
晩年
洗車
勤労
水源
動詞
冷蔵
一筋
熟練
家系
復刻
厳重
深層
切除
創建
穀物
外装
異例
一段
簡潔
必至
腹筋
分権
至福
吸着
女装
最善
何枚
敵対
圧巻
本誌
専属
降臨
高砂
梅干
反乱
専任
毎晩
宝庫
鉄鋼
生誕
筋力
防除
直射
満腹
下段
裏技
蔵元
外傷
車窓
特派
下降
難関
上段
歌劇
授乳
座談
空腹
縦走
厳格
鉄骨
乳児
難点
蒸留
観劇
官庁
異国
格納
磁石
別冊
至高
臨海
閣議
賛否
聖堂
激戦
一寸
座長
仏閣
私鉄
宗派
熟語
干物
水系
腹痛
伝染
常勤
善意
風潮
操業
障子
片側
降下
正論
重傷
派生
断片
脳裏
書簡
敬遠
潮流
宣告
同署
植樹
胸元
可視
除雪
蔵書
砂利
皇族
敬老
全巻
石段
皇子
上層
秘伝
異論
誤字
酒蔵
居宅
論者
変異
敬語
若松
異変
異物
独創
会派
背面
黒糖
共著
主将
忠告
射程
座標
難病
退社
尊厳
遺構
卵巣
和装
割安
遊覧
優勢
可否
高裁
刻印
乱入
蒸発
厳禁
完熟
穴場
散乱
収束
難解
退去
王座
模試
残存
税収
簡素
喜劇
従軍
亡命
裏話
閣下
土俵
腸内
泉質
子宝
劇中
鉄筋
沿革
小銭
降水
納車
激化
宝箱
短冊
閉会
社宅
除草
預言
私服
高専
干支
降格
火傷
新装
裏表
貴社
府警
至上
連呼
巻末
裁量
雑穀
討議
党員
密集
破片
波乱
段落
軽視
裏腹
道筋
親善
改憲
並列
王将
縦断
所存
絶頂
出納
結納
度胸
水域
幼女
苦難
皇居
激動
異色
秘境
洗礼
遺物
首筋
博覧
樹林
中将
宅建
編著
巻頭
電脳
規律
将校
至極
重奏
遺品
欠片
大蔵
密教
臨場
遺骨
退任
樹立
退散
忠誠
創始
豊胸
中腹
大樹
終値
射殺
登頂
石灰
論外
最盛
中退
朝晩
胸部
否認
優美
正座
三蔵
極秘
推察
地層
夕刻
激痛
教皇
割高
磁場
背骨
至近
署長
真紅
訳者
傷口
裏手
推計
下層
警部
延命
密室
秘湯
絵巻
異質
染料
窓際
温存
翌月
恩師
弁済
聖母
疑似
表層
気密
拝観
退学
災難
秘話
権現
収蔵
至急
足裏
光源
沿道
死傷
朗報
密閉
降雨
党内
合奏
流派
切腹
純一
内覧
帯域
両論
吸入
純情
台座
卒論
系図
脳死
乱立
殺傷
片足
下巻
割増
男優
正絹
高貴
善悪
月収
砂防
探知
垂水
縮尺
降板
乗降
私学
低脳
株券
尺八
君臨
鋼板
仮装
晩秋
支庁
探究
一巻
物欲
裏金
画策
割愛
弁論
遺書
近視
否決
厳守
鋼鉄
派兵
灰皿
臨界
山系
異名
痛快
黒潮
退団
裏山
憲章
純度
割当
吸水
創意
権益
体裁
純白
別段
版権
乱用
直視
就航
国策
危害
縦横
強敵
衆生
裏地
注視
我家
誤認
磁性
客層
晩飯
傷病
親密
穴子
古泉
潮風
降雪
綿密
善良
供用
持論
積層
尺度
黒幕
天敵
悪党
秘宝
目視
机上
納骨
激変
上値
聖域
私見
装束
和訳
閉館
皮革
簡略
痛風
連射
裁定
純愛
無痛
下腹
補欠
一派
熟知
書誌
後姿
厳正
勤続
異形
本庁
糖質
拝借
宣戦
敬愛
名著
従属
糖度
鋼材
利己
専修
裁断
皇女
除名
勤勉
糖分
聖火
論調
増収
揮発
班長
真宗
補習
黄砂
服従
疑念
磁器
未納
視認
決裁
収量
純金
論説
右脳
加担
追従
中段
英訳
黄泉
専科
仲裁
便座
俳人
私大
看病
左派
半熟
呼応
仁義
私事
若宮
難航
諸説
難題
巻物
策略
乳酸
暖冬
一樹
推論
宗家
公私
口紅
針金
上巻
裏方
帰郷
無傷
収拾
樹海
善人
卵黄
減退
心肺
難問
低層
券売
親権
簡便
発券
紅色
装丁
私物
私設
少将
密約
変装
秘蔵
直腸
片面
論破
至難
砂地
増補
若菜
訪日
心筋
感傷
乳頭
街宣
仁王
忠義
署員
源平
窓辺
特段
清純
従順
糖類
装具
自腹
縮毛
戦乱
音域
定刻
熟年
警護
毒舌
一座
射出
密輸
減収
聖戦
水洗
下値
持株
直系
乳液
難所
受難
観衆
完済
野暮
口論
専売
鋼管
目処
奮戦
郷里
降順
諸氏
家宅
激務
鉱泉
都庁
拝読
本筋
全盛
皇位
冬至
創世
日勤
敵国
脳波
就農
家宝
宣教
論評
骨太
習熟
土蔵
復権
誤用
安否
群衆
合否
聖職
歯痛
樹皮
敵意
宝島
市域
再訪
従者
大層
片目
悲痛
高座
裏庭
調律
激増
小腸
裁決
恩給
吸気
水郷
異種
血筋
紅梅
直訳
敬礼
蔵人
一党
誌面
同窓
誤算
誌上
若草
返納
聖歌
動乱
大脳
射手
助詞
腸管
表裏
律法
初段
回覧
退化
裏目
預入
表敬
総論
砂場
骨子
退出
善行
工賃
翌週
名将
財宝
上皇
夏至
幼年
前段
前奏
町域