内野手
人間力
魚市場
小休止
地下道
大広間
上出来
学校長
自家用
公用語
書記長
姉妹店
時計台
二人組
新天地
北日本
内親王
春一番
十六夜
上水道
天理教
数千人
地理学
元社長
多人数
丸一日
新人王
多言語
文字色
出入国
時間数
太刀魚
母国語
四角形
国立大
八百万
天気図
画用紙
海水魚
外来語
国文学
人間学
広東語
音楽室
正教会
門下生
国語科
遠心力
地元紙
小細工
公用車
立方体
京町家
地方紙
人工林
数分間
前社長
科学科
山茶花
生体内
国家間
前会長
六角形
万歩計
白百合
立会人
大黒天
女子会
竹細工
生活科
公立大
首長国
出場校
天王星
手当金
電話線
書道家
理工学
昼食会
黒曜石
左中間
新分野
活火山
右中間
元会長
海王星
南日本
電子音
長電話
生花店
学園長
国会内
音楽科
入道雲
兄弟子
市場内
中心線
教室内
休前日
行楽地
通学先
村八分
数学科
前市長
引用文
秋田犬
会社内
多国間
古時計
半人前
出走馬
外出中
理科室
地上絵
一番星
八角形
出生地
新入学
肉用牛
声明文
理数科
公立校
会計学
社内外
社交場
新古車
名門校
同心円
小太刀
大親友
入場時
多角形
明朝体
電子線
日時計
女学園
親切心
空手家
理科大
紙風船
光電子
市内外
左手首
読書家
歩数計
社用車
直売店
夏時間
山水画
茶話会
子午線
話半分
出来心
小麦色
小作人
火山岩
千鳥足
週休日
五角形
半夏生
文学科
直方体
声楽家
山百合
入会時
入社前
右手首
今朝方
学友会
白地図
番外地
町村会
野心家
会話文
一手間
計算力
外科学
早合点
弓道場
入社時
外交上
一昼夜
町村長
青二才
中国紙
北北西
中立国
生活力
上気道
空中線
会場中
工作船
内科学
内弟子
手羽元
多年生
帰国生
馬車馬
出生前
雨合羽
金光教
東北東
黒文字
船大工
右足首
花時計
楽天家
生活用
原画家
南京玉
夜汽車
三原色
西南西
左足首
黒百合
工作室
玉虫色
王太子
出生時
音声学
中間色
南南東
北北東
中間子
文明国
室内犬
町内外
教会長
白生地
一番茶
前後半
国語学
兄弟分
休園日
新弟子
星月夜
雪上車
分教場
朝顔市
食肉店
上場来
外耳道
帰国日
花鳥画
八女茶
一家言
西北西
日本馬
青空市
万年雪
通用門
空元気
科目名
外国馬
活字本
今日日
通気口
野草園
今時分
口語体
万年青
三行半
公休日
四川風
電気科
言語力
新字体
年中組
四方山
立太子
入社日
地方色
日数分
活用形
弟弟子
多聞天
公立高
弟切草
高教組
公立中
売買春
活用力
文語体
左心室
天文家
前口上
手計算
前町長
水時計
十姉妹
水戸学
元市長
人心地
工工四
日本間
引火点
音楽学
国文科
南西風
南京虫
一人頭
地元学
前年分
生理日
手紙文
外語大
白色光
入会地
人工雪
石切場
内外野
公立小
岩石学
時計草
文人画
作用点
大原女
京人形
大入道
千石船
出国時
太文字
月夜見
一人言
花電車
同一日
市立大
道内外
親日国
分光学
紙細工
地形学
広目天
文字絵
文学書
工作車
昼日中
金市場
土気色
黄金虫
地方馬
町道場
空手形
中高校
右心室
心字池
文語文
野心作
金魚草
入出国
口上書
絵草紙
野太刀
文理科
光子力
丸文字
公用文
母子草
学科名
野鳥園
土木科
楽天地
電気石
一人親
光電池
水理学
近日点
春分点
五月晴
白南風
小作地
早場米
土日曜
言語野
父兄会
市立高
歩車道
人国記
丸数字
声明書
下町風
電力計
分生子
口語文
日本紙
夕月夜
山帰来
立体図
昼夜間
切絵図
川原石
四国犬
回帰線
新思考
中国学
作中作
五線紙
昼光色
前国王
元町長
中心力
生長点
計算日
自立語
立女形
上海風
親文字
大人顔
食肉目
手弱女
電子科
学生歌
男色家
木工作
新人会
出社日
休日数
元国王
木太刀
年月数
用水池
理工科
会心作
分光計
方言学
半母音
活字体
手水場
活用語
月長石
人間道
車前草
理学科
社交家
東北学
白川茶
生活学
遠地点
白雲母
竹矢来
村内外
組太刀
茶道家
地理書
遠日点
出来秋
午前休
午後休
万年草
大首絵
太刀風
姉妹車
知行国
小天地
教科目
計画力
天南星
元村長
出社時
出来合
食作用
秋田米
二合半
中古船
同音語
前村長
中国米
外国風
木戸番
校内外
高大生
時分時
青海原
外科室
小半時
汽水魚
古古米
馬力船
会話体
晴雨計
大番組
近地点
少女子
元室長
新方言
鳥羽絵
虫時雨
元女王
春時雨
大人色
元入金
大気光
時間休
赤新聞
地文学
二馬力
活人画
石竹色
七角形
絵手本
金切声
活魚車
外交家
石南花
金馬車
交通船
前前回
多毛作
金雲母
七曜星
村時雨
大人心
秋分点
食用花
女道楽
出合頭
日曜紙
地図学
犬矢来
一口話
公用人
新聞学
知日家
馬刀貝
学会歌
地名学
大風子
会計科
米国風
新教会
九曜星
後生楽
食用肉
手細工
本人分
明後年
名女形
夏秋草
入木道
頭羽数
小半日
人文科
大内記
本人用
耳心地
弓道家
見目形
外国米
自小作
原子時
当月中
赤電車
一毛作
角細工
元日草