大型車
平仮名
国民性
手加減
理解力
技術士
都市型
理容室
国税局
広告費
複合体
再現性
基準日
通信制
雑貨店
発生率
真犯人
資本家
取得中
大型犬
同居人
十二支
無神経
運営費
効率性
資産家
協調性
材料費
親衛隊
体験型
田舎町
領事館
殺人犯
整備士
暗殺者
新素材
興信所
出生率
空気圧
新快速
反政府
生態学
老夫婦
実写版
非対応
個体差
女性客
分解能
交際費
保管庫
応相談
指導部
一酸化
共演者
航空便
事務的
複雑化
修復歴
取得者
事務職
売春婦
開発費
演算子
音楽性
家政婦
好成績
未解決
大逆転
技術職
心理士
管理士
非常時
観測所
先制点
古美術
意外性
政務官
歴史観
八重桜
停車場
重金属
一過性
回復期
留守電
造船所
初任給
活性炭
品評会
熱伝導
日本型
手術室
保険税
弁当屋
今世紀
文化史
支給額
消防士
再来年
守護者
再来週
個人戦
新体制
不採用
道祖神
不正確
暴風雨
保護区
実業団
出張先
能動的
法制度
総合力
総務相
報道官
平均点
二酸化
独立性
航空隊
導電性
歴史家
期限内
低炭素
不明確
政令市
特効薬
情報学
身支度
国技館
話題性
不信任
再結成
厚労相
初主演
合格点
入湯税
過保護
行政区
検出器
殺人者
学生証
病原性
製造者
変圧器
整体師
終演後
客観性
公平性
計測器
電解質
完全性
比例区
持続性
案内状
移住者
半永久
貯水池
自画像
弁護側
精神性
総司令
製造所
財務局
変形性
留学中
内容物
消毒液
句読点
守備力
特発性
平和賞
入門編
婦人会
武勇伝
調査官
不得意
出張中
昭和史
前期比
規格外
青年団
適時打
水酸化
保温性
非合法
歴史書
大正解
断面図
持久力
過去形
広告物
給食費
好条件
一個人
製鉄所
不手際
旧正月
出資金
制作中
婦人病
現行法
無得点
前月比
総生産
団体名
新制度
質問状
理性的
保養所
性格的
慣用句
変質者
美術史
再交付
実在性
修験道
実証的
事件後
参加賞
芸術性
最高額
個別的
営業力
選手団
防衛相
芸術品
不適合
消防局
現代風
調査票
県民税
議員団
親和性
基本給
初公判
価格差
現代文
整復師
積極性
組織内
県民性
美術家
無反応
路線価
技工士
特許法
答弁書
真実性
伝道師
低血圧
定額制
液状化
女性的
総本店
管財人
健全性
事務長
反比例
在住者
理美容
決断力
能天気
統一感
絶望感
近代史
出演中
肥大化
殺風景
輸送機
弁証法
構造化
救助隊
評価損
志望者
神経科
思想史
時間制
殺人罪
指導医
夢物語
出資者
支配的
実行犯
防衛戦
機動性
使節団
日本勢
酸性雨
寄宿舎
非常食
再編集
多発性
特別職
弱酸性
現実化
広報室
無事故
居留地
技能士
観賞魚
在来種
表現者
大喜利
小型車
計画性
総合職
総資産
増加率
低燃費
政治力
実際的
星条旗
季節性
量産型
的中率
職員数
大災害
自分史
類似性
強制力
過不足
競争率
道化師
元総理
再設定
音楽堂
貸金業
指向性
官能的
未設定
経験則
複数個
木版画
出血性
能楽堂
初節句
眼科医
文学史
可燃性
社務所
規則的
包容力
成績表
心配性
重過失
作品賞
人格者
木製品
転職先
再検査
軍事費
年金額
不在者
年平均
法人格
非通知
総重量
消費財
採用者
再使用
合法性
組織力
反体制
個体群
対応力
応接室
保安官
地質学
地政学
事務官
初出演
鉱工業
現住所
塩加減
共通性
救命士
男性的
非国民
再調査
車検証
不採算
保証料
有機質
初期型
不可分
変則的
移動体
現象学
無資格
適用外
事故米
復帰後
犯罪歴
非暴力
演習場
魚河岸
不適正
逆説的
労基法
夜行性
保育者
公証人
共犯者
不活性
神格化
情報屋
正解者
全日制
実務家
教授会
素人目
村民税
営業外
休耕田
独立国
不許可
調査書
具体性
賛美歌
助産婦
事故後
人格的
進学率
使用率
接客業
在庫品
美術部
識別子
下士官
救急隊
招待客
紀行文
保険医
評価点
政治屋
正職員
独禁法
編入学
全職員
名義人
基準額
応用編
町民税
再生紙
不得手
分散型
実務者
月平均
軍資金
提出者
総辞職
不衛生
生半可
道義的
精肉店
義太夫
理容師
不相応
修行者
総本部
夫婦間
検査員
医師法
防水性
燃料費
在任中
出演作
同義語
天主堂
連動型
副総理
常習犯
個人用
再始動
開演前
公益性
非上場
提出日
基本料
伝導率
修道女
技能者
固定費
修道士
消防長
塩素酸
支社長
太政官
政財界
人間像
輸出国
復活祭
物真似
功労賞
損害額
大往生
老眼鏡
一定額
本支店
行政法
悪条件
破産法
複線化
炭酸水
鉄格子
防衛力
進行性
保安林
統一性
反逆者
未整備
得失点
身分証
基本形
青銅器
訓練士
水素水
母集団
強力粉
大団円
修験者
居住区
予算額
総力戦
親水性
永住者
所属長
共和制
不支持
非合理
保健用
逆輸入
応用力
田舎道
火加減
典型例
国務院
君主制
冬支度
金属板
個人技
総領事
規格化
総本家
真似事
回転率
老人性
中毒性
総所得
交代制
修理費
金属音
円周率
過酸化
高圧的
大師堂
再分配
資機材
日刊紙
希少性
絶不調
能力的
通報者
運動性
団結力
犯罪人
戦術的
原発性
提出先
代弁者
社会史
原告団
演芸場
均等法
通信費
管制官
組織学
実現性
設計書
改良型
科研費
会話術
不均一
組織図
再計算
球技場
活動性
人情味
中国史
保険業
食堂車
断面積
修道会
技術屋
有害性
活動費
理想像
解放感
変動額
職業的
改造車
夫婦仲
有機酸
総決算
出資法
経由地
桜海老
消毒薬
指導課
税法上
事務方
用務員
留置場
桜前線
法制局
正統性
再教育
野武士
民族性
相場師
行政府
主演作
対応表
研究職
武道家
千里眼
造園業
検査官
新基準
防寒着
居住性
未確定
運輸業
正規軍
混血児
評価者
職業病
平準化
工程表
複素数
復帰戦
輸送力
上限額
出席率
未来像
乗車率
間質性
流行性
非電化
耕運機
無政府
再登録
独身者
得点力
保険外
議会制
国際人
先見性
自制心
政治犯
心停止
得票率
類義語
美術書
生活史
調査船
仮予約
再試合
破産者
行政上
熱効率
急接近
雑所得
非同期
義勇軍
燃焼室
複合型
移動先
衛生学
情報戦
血圧計
中性的
研修員
再任用
旧石器
往生際
現実性
製作費
血統書
性病科
造形美
総連合
導入部
義務的
表示法
公演中
前衛的
印紙税
逆回転
精米機
全責任
資金的
成長性
無理解
機能美
応接間
師団長
統治者
標準時
非常口
数寄屋
建築業
新規性
色眼鏡
外国製
下落率
保健婦
居飛車
得意気
不可逆
常夜灯
航海士
営業車
教則本
複写機
達成率
町村制
指示書
設備士
高所得
消化性
虫眼鏡
総体的
複数名
再提出
複数形
民主制
常態化
機関士
定性的
元幹部
葉緑素
神経性
任期中
適応性
男性器
非定型
政治部
配属先
過年度
社内報
総会屋
区間賞
出演料
謝肉祭
女性器
予備費
勢力図
情報力
教授法
戦略上
切断面
救急箱
守護代
事務費
許容量
無能力
電解液
過去帳
定率法
前後編
行政職
殺人的
正規化
調整額
任期制
可燃物
支給日
非居住
導火線
政治史
金輪際
可用性
半減期
演習林
防風林
適法性
直談判
営業者
大戦略
不適応
国際色
版画家
一義的
自殺率
採石場
塩基性
白昼夢
流線型
予定額
自発性
支持力
河川法
新基地
観察眼
強酸性
測候所
証言者
人類史
仮想的
整備課
輸送車
風営法
精製水
芸備線
非加熱
能楽師
解約時
移行期
音楽史
外務員
転職者
常習者
再入国
愛妻家
当社比
統率力
輸送量
測定機
国保税
再保険
社交性
損失額
理容所
職人芸
許可制
博多弁
代表制
法則性
適応力
能率的
古武術
中型犬
米国製
化学賞
重大性
国防軍
対義語
保養地
水加減
勝負師
学術書
入院費
男性型
花火師
科学史
形態学
出不精
格子戸
夢心地
前総理
得点者
不足額
行政官
再調整
無保険
反則金
弁務官
可能額
下馬評
再発売
建築史
交際中
衛生課
報道部
教会堂
検問所
酸化鉄
内定率
事件性
定年制
基準局
相関性
無礼講
建築学
現代化
集中型
持久戦
夢遊病
提出物
仏具店
政治上
減少率
再配達
非実在
識字率
武士団
再検証
心因性
複雑性
貿易港
不燃材
燃料代
常備薬
公述人
情報通
休職中
指導室
出張費
個人別
輸入国
市場性
志願兵
万能薬
全体性
総目次
労務者
居留守
制球力
取引額
非金属
予備日
親告罪
組合費
現代病
点眼薬
別居中
現社長
現人神
役職名
接続料
正統的
貸出金
受領書
統合型
持久走
目的税
予防線
神経学
気象学
基準線
規格品
経産相
複数社
予知夢
個性化
報道局
夫婦愛
移動日
人造湖
野性味
再軍備
保護司
準会員
給付額
身体性
不義理
貿易商
非公表
空室率
基準表
電解水
迷子札
高圧線
教育史
参加率
物価高
最新性
安全弁
破防法
停留場
関税法
志向性
主犯格
眼鏡橋
左義長
後任者
役職者
現在高
性悪説
組織率
変化率
最適解
最貧国
政治局
技術書
副反応
移動量
回復薬
対話型
逆日歩
赤富士
好酸球
水素化
道徳性
水酸基
防衛費
解決力
変動率
形態素
留置所
支店名
経理部
副主任
支給品
感光性
取得費
女性史
留守居
赤提灯
業務量
実演家
地方版
測量士
遊技場
表現型
白玉粉
後天性
大資本
合算額
公共財
毛織物
旧体制
運用益
地質図
適用日
空港税
出張時
美術科
戦国史
再受験
経皮的
改良版
競技中
総合医
設立者
結界師
武術家
手弁当
構想力
通関士
提出後
標準型
原水禁
仮登記
示談金
不格好
資料代
仏教学
転居先
移動性
飲兵衛
組織法
木地師
美術界
速報性
航空法
名演技
予備選
接頭語
確定日
利子率
内因性
消化液
輸入者
複合語
夕刊紙
加算税
再現度
指示器
総利益
神経節
労務費
計量士
絶対量
接頭辞
音楽賞
精白米
保険課
復元力
職業観
組織名
現会長
保持力
国保料
財産上
圧力計
信義則
海外勢
利用額
土師器
立志伝
上質紙
余所者
精算機
風水師
支保工
同居者
武道場
西洋史
期限日
財産区
造船業
新刊書
合議制
動脈血
大見得
配当額
不在票
事故調
東北弁
活字版
常備菜
生産費
衛生兵
講談師
営業員
横断面
反物質
取得率
解体屋
救助犬
順応性
保護色
走査型
急停車
混合気
不支給
精神上
義勇兵
設備費
消費国
軍団長
財産法
再表示
近衛兵
快気祝
財政法
編集人
関税率
歩合制
不燃性
内製化
均質化
重水素
原型師
平均額
修理業
会場費
仮定法
受給額
速効性
整備員
航空団
史学科
評価表
分相応
絶対者
営業課
資格証
総得点
構造式
総目録
女性学
情報科
交雑種
可読性
現像液
酸素量
大総統
軽金属
平均台
評価時
発作性
所属先
受動態
中性化
周期性
紀元節
分団長
落武者
武芸者
家族性
安全率
所得額
半製品
教基法
大火災
謝礼金
報知機
見積額
過去作
物故者
慣習法
広告業
肥満度
反逆罪
自責点
家制度
名文句
解約金
禁酒法
仏弟子
再来月
編曲家
航空路
反応器
新本格
自治領
不心得
支部会
表示灯
進歩性
軽犯罪
居住費
飲食費
家政学
修正液
出資額
建築科
貯水率
多面性
東洋史
英国製
再入力
消化率
当番制
熱容量
絶対化
分配率
通信士
三連複
居留民
主観性
運用性
貸本屋
境内社
受容器
業務中
相対性
加減速
回遊性
山法師
受領証
団子屋
判例集
百分率
二院制
母性愛
生産財
絶対神
受検者
出張者
売上額
学区制
輪番制
保守性
二重性
成型品
加算額
有病率
単眼鏡
特許料
旅支度
観桜会
起立性
変動費
間接税
暴徒化
経由便
申告者
天中殺
残念賞
酸素水
準社員
支度金
未提出
回答率
航海術
現実界
課税額
資本力
証明証
知性的
保育器
条件式
測量図
定型外
借入額
強毒性
無限遠
航海記
国防費
容易性
金属的
生損保
解像力
検事長
不統一
国際部
国鉄型
作用素
銀河団
国営化
造反組
新採用
貧民街
酸性度
製氷機
旅団長
受領印
留守録
交付額
解放区
類似度
保護国
綿織物
受像機
信用状
最低額
無常観
豊年祭
物質界
広報車
手術日
演芸会
移転費
入居日
弱毒性
令制国
余所見
拾得物
原資産
酒石酸
増減率
制服組
雑種犬
徳政令
商習慣
正比例
旧商法
気功師
知能犯
休職者
不見識
不均質
暴風雪
通告書
取得日
悪感情
横領罪
検事正
修理工
航空戦
編曲者
再結合
質問力
考現学
家族歴
政省令
入金額
経産婦
女性型
低品質
身分制
素因数
新皮質
未定義
財務官
統計量
予備機
可変長
技師長
理想型
学資金
多能性
現市長
貸付料
競争性
肥満体
保健課
海綿体
行政学
本態性
選球眼
新増設
東宮職
国際語
給付型
一院制
不均等
区民税
接種率
人頭税
金属性
代理士
方眼紙
都民税
提出用
講習所
評価版
住居費
整備兵
再入学
招待制
写真術
高速性
関東勢
財務部
移動型
固有性
断頭台
電圧計
資器材
本採用
歌留多
厚生費
照準器
個人型
小法師
複製品
保全法
受領者
業務外
肥満児
貯木場
複葉機
耕作者
保安隊
生計費
酸性水
武者絵
財政学
寒気団
造物主
再作成
相同性
暴行罪
検車区
出版業
同時性
序列化
受取額
実測図
半可通
放火犯
旧制度
造血器
保護犬
意志力
整備業
研修費
水準点
数表示
辞職願
混合比
対象額
再選挙
九州弁
指示薬
夫婦役
芸術学
消防官
不正規
複眼的
費用的
先導者
布教師
昔気質
院政期
民生費
水準器
在職者
送付状
基準内
低画質
夢想家
保守化
講演料
具象化
通過率
仮出所
主税局
有効長
協力費
果報者
評価益
方解石
防災士
運送費
広報官
走行性
貿易風
人非人
結節性
精算書
医学史
部長職
生得的
単独犯
秋春制
開発職
護送車
手当額
再犯率
検査院
検案書
得意顔
加圧水
適用者
新勢力
能力給
塩素化
田舎家
過形成
輸出者
農政課
在園児
適応度
燃料計
導関数
投資口
中力粉
常備軍
保健学
旧住所
仕事師
肉食性
休耕地
職業性
永遠性
現象界
限定戦
明電舎
物質量
標準形
禁治産
見真似
限局性
快男児
飼料米
支給率
悪質性
基本額
広告屋
復帰作
女性観
法制史
経理課
混交林
共感性
始祖鳥
商慣習
接合体
保健医
府民税
基本図
非常任
移動度
倍精度
通常期
指導官
指示語
検査科
鉱物学
混雑度
再試行
経過的
軍事史
構成国
多義的
外部性
防具屋
能役者
資本財
直接税
不可知
続発性
気圧計
製糸業
共時性
過電圧
物品税
期限付
海技士
犯罪学
整数型
行在所
検査役
器質性
夢判断
数学史
暴対法
関西勢
静脈血
熱応力
保安器
基準面
皮製品
投資型
三文判
移動費
事件化
保護室
等圧線
上得意
導波管
重圧感
鉄道史
連歌師
解放的
口真似
地団太
対比的
授産所
統治領
常議員
修辞学
機能水
図像学
直接法
教育職
読心術
提出前
石鳥居
基準外
統率者
総統選
興行場
総文祭
作曲賞
広告文
運輸区
両義性
線条体
時給制
主導者
古武士
血色素
現首相
保証額
母性的
個人史
整備場
所要額
作成費
弁当代
血液学
属国化
見当識
修道者
神経的
入団時
準備物
苦労性
属人的
解約日
経営史
加減算
持仏堂
眼科学
原形質
晴眼者
検証用
再修正
開設日
公開性
耳年増
表具師
接続法
肥厚性
解放者
無原罪
指導性
新知識
不適用
適合者
反応度
低価法
判定士
技能職
他者性
数寄者
外祖父
復命書
布教所
仕事率
遠眼鏡
費用額
移植性
教条的
編年体
手配師
減圧弁
旧本館
軽業師
興行師
技科大
移転料
接待費
検地帳
年税額
内陸性
氷河湖
残留者
仮入部
金属器
評定所
弁当店
陸士長
配給制
現年度
光復節
白日夢
資材費
配向性
測量法
氏素性
永続化
雑種地
出産費
制定法
記念像
木質化
職能給
成形型
報連相
交易会
副検事
間欠性
検事局
内航船
証取法
状態図
肥大型
表現性
可動橋
受講費
連判状
救急科
多元性
護民官
農耕馬
神経管
重犯罪
角質化
保護領
動脈管
不燃化
自明性
能力別
序破急
職務給
地球史
復水器
首実検
再起戦
測量船
未接種
逆転写
感作性
物流費
条里制
大陸性
支石墓
代議制
落葉性
旅程表
信任状
航空兵
会議費
能動態
再実行
織物業
質量数
山査子
局所性
原子価
鼻眼鏡
高総文
酸化銅
神経戦
金解禁
波打際
燃焼度
空気質
保健士
使用額
通行税
上皮性
救命具
造園家
心肥大
立往生
演色性
弓張月
因果性
転職前
医務官
天空率
定型詩
通院費
光分解
衛星国
本総会
指物師
水防団
真正性
近衛府
大静脈
戦術家
出張前
等方性
指定職
長打率
事務器
地上職
安衛法
単一性
写真史
統一体
遊技業
再集計
織女星
財産税
再帰性
思想犯
綿実油
常連組
個人票
雑損失
作品性
仏文科
特筆性
体制化
丸眼鏡
多能工
無職者
過失犯
三酸化
作業費
無限小
人真似
発想術
調整率
非対象
柱状図
常緑性
産婦人
製紙業
配当率
美容所
人情本
混合器
天花粉
人格化
週平均
住居地
積立額
営林局
保安員
故意犯
税額表
連接車
定着液
殺害犯
輸配送
心雑音
歴史画
個人印
条件文
形象化
証明力
自衛力
複数犯
断食月
外交団
転職組
反応熱
旧民法
鉱業法
再輸出
性決定
法務官
営造物
給付率
航空軍
制作所
判例法
技芸員
強要罪
取材費
念持仏
現知事
広告板
都市史
初任科
去勢牛
所属別
地価税
性道徳
地勢図
経営士
減容化
修養科
現理事
助兵衛
海兵団
消防組
鉱産税
造反者
理財局
定常波
採用日
福利費
同素体
説経節
河原者
編集子
現国王
単精度
自国領
関連費
紀念館
講武所
二元性
写真賞
営業税
逆関数
助産士
女性票
目的格
出産率
受動性
単独者
採石業
公務所
草食性
文脈的
無意義
比重計
学士会
団地化
花粉管
営業費
国内勢
政府米
接続語
大政所
反逆児
変態性
性格面
設定法
編集力
質問表
教会史
複写式
高祖父
経理職
仮名序
標準法
業績給
国務相
糸状虫
国際科
手真似
説教師
形式犯
年増女
中性紙
在校中
地主制
断面力
財産家
守護所
富士額
経産牛
転貸借
労政課
検車場
組織球
親油性
開口率
役務費
旅費額
取得額
現代書
外資族
非識字
測地学
新仮名
記述書
消極性
実費額
修辞法
構想外
毒性学
素寒貧
寒念仏
送金額
学習歴
転居後
出国税
動物質
輸入業
門脈圧
財務課
対象性
白粉花
筆無精
非常線
判別式
国際学
非現業
昼行性
開業率
石炭紀
黄銅鉱
家族史
新造語
金準備
職員録
放火罪
給料額
建設法
議会費
非営業
運用術
所属名
南米勢
階級制
境界駅
経師屋
水防法
出無精
風圧力
混雑期
総練習
非人情
内務相
減速材
常居所
組織液
査察部
残効性
不賛成
想像界
所有格
能書家
学年制
多義語
生活型
血判状
不人情
健保法
分解者
正統化
着任式
解約料
状態量
団子虫
財特法
現総理
中間財
不適任
旧大陸
未検出
過去史
無機酸
平均率
季節型
付属語
救急士
赤鳥居
国外犯
報知器
未申告
製氷器
基幹局
大逆罪
常設館
輸出業
慣用語
新銀河
構造家
借金額
朝夕刊
提灯屋
全能性
散在性
念仏講
編年史
消防職
無任所
再犯者
弱毒化
採用前
伝統薬
国事犯
積立型
計理士
取得法
交通史
反復法
酸化数
採火式
赤鉄鉱
保守料
禁酒令
救貧法
寄進状
栄養費
不可説
油圧計
銀河戦
空士長
略礼服
検電器
独立語
輸送業
教務所
自殺点
再出場
拾得者
逆光線
地婦連
公安職
居住国
天眼鏡
品貸料
易行道
未受講
受給率
対象日
告白本
政治観
税区分
居住年
測量業
両性愛
資料費
軽快車
製作図
防衛族
快適感
伝統酒
業務員
構造色
入団式
波状路
美容科
失職者
小前提
同調性
大証金
航海図
住居学
損害率
活弁士
電気銅
内燃機
父性愛
道民税
考証学
職安法
紀伝体
分限者
不導体
戦犯者
燃焼熱
直帰率
公開状
精米器
輸出港
判任官
内向性
悪液質
政財官
防護具
複線型
大経師
親水基
取得先
復原性
副士長
職階制
列挙型
伝導帯
得意客
酸化銀
燃材料
海士長
本務者
実戦型
外接円
演歌師
女性語
仮名書
銀河群
使用税
国際年
減額率
空念仏
精算額
特性化
破落戸
天眼通
定義書
寺社領
解熱薬
逆比例
植木職
復原力
象皮病
世間師
五酸化
反義語
準平原
技術校
得点板
非適応
草仮名
念仏堂
非加入
外務相
配分率
年功制
多血質
独航船
修練生
造形法
演説者
豊後梅
性労働
森林率
保守色
田舎村
羽織物
航海灯
倍数性
鉱区税
申告額
居待月
自殺的
禁漁期
暴行犯
在留者
財産犯
不課税
武辺者
色事師
外向性
防雪林
寄生木
保線区
政治界
有益費
家族制
下限額
製図板
不成績
府県制
河原石
教義学
手織機
走化性
姉属性
仮通夜
色素体
肥大性
実数型
現町長
全国型
制酸薬
比強度
照準機
慣用音
仮受金
士君子
良導体
仮議長
自治制
内接円
空気弁
法務相
外登証
断路器
新改築
利用費
証明者
保守費
仮投票
特許局
利息額
酸性紙
守備率
受領日
内毒素
規程集
課税率
半規管
絶飲食
測地線
山独活
副走査
苦鉄質
回帰性
仮定形
等時性
兵士長
新元素
対象月
英語史
順序数
出版史
支給月
必要費
未来史
田舎女
総日数
均田制
防犯課
枝折戸
報労金
葉状体
直輸出
差引額
運送状
男性学
郡県制
機能語
別資料
仮調印
技術家
直接費
余所目
国防族
機構学
夏布団
枝番号
接近音
増減税
借用証
父性的
余所事
開頭術
知識学
石高制
新版画
航空士
申告後
労基局
交付率
過熱器
両立性
出張後
可愛子
心得顔
車両費
構成素
外務部
予報円
仕入額
信用貸
条件法
教授学
分極性
判定表
物質波
学習性
再輸入
修正日
入職者
役職別
無所得
内舎人
編集職
製図器
付属的
史学史
体型別
最大判
走光性
救護法
公民制
公有制
航空業
可耕地
予復習
現役員
業務歴
賛助員
採用課
固着性
復職時
仮想水
評価日
支給期
出版法
修法師
旅興行
肥飼料
未適用
造園学
受容野
仮分数
受容力
織部正
仮名文
手内職
相似則
光伝導
公然性
学会費
用務先
向日性
国防色
旧長期
可能形
冬布団
過入金
航海科
両院制
塩化銅
算出率
規定例
宿根性
労災法
芸能科
大舎人
特許状
数表現
評価力
旧皮質
句読法
正則化
不可測
観念性
自然銅
動脈輪
課税者
無辺際
混合林
院外団
適用年
属人性
計算額
保険額
建設族
不能犯
休職月
本支社
規定額
経世家
統治国
楽観性
税金額
貯金局
非等価
重量制
分極率
総理事
球団内
減速帯
経営職
貿易史
転居前
旧保険
料額表
移転日
社保完
余計者
入場税
仮政府
測量標
仕入率
造型機
百分比
移動率
圧力管
再採用
下知状
月額表
独文科
停職者
毒物学
直接型
現部長
加減法
不断草
実務型
適性化
制水弁
結合価
興信録
多色性
衛生科
財政家
能率給
競合性
入居月
気象病
精進物
移行日
現女王
太史公
衛星波
地久節
検流計
交易港
長談義
議政官
労務課
平行性
両極性
接見室
貸出日
複勝式
貸付日
実車率
生物型
自国製
仮命令
光周性
下検分
固定額
終身制
比例式
絵仏師
朝刊紙
航空科
類型学
首長制
成果型
最寄品
金属量
平均時
格文法
黒印状
支給者
静脈弁
真逆様
位階制
停車帯
中止犯
次期防
在外者
水気耕
政体書
再適用
接平面
文武官
小舎人
男女性
講書始
差圧計
間質液
空出張
未精算
圧着機
競技馬
利子額
基本数
家屋税
結球性
混成酒
直根性
所基通
親任官
出版屋
絶対知