歓送迎
狂牛病
致命傷
一般職
上信越
敬称略
文化圏
色鉛筆
心拍数
仕事柄
御三家
仲介業
素粒子
防腐剤
耐熱性
舞踏会
一辺倒
安定剤
手拍子
弾力性
井戸端
依頼人
戦闘員
即効性
手裏剣
反抗期
中距離
療養所
振込先
英語圏
対抗戦
救援金
朝鮮語
中継局
甘味料
文字盤
宿泊費
殺人鬼
防止剤
振興課
非対称
淡水魚
繁忙期
関東圏
舞台上
侵入者
湯豆腐
支援金
風俗店
監査人
市販薬
大惨事
要支援
休暇村
大気圏
防御率
無作為
耐震化
傍観者
非接触
闘技場
御苦労
不一致
宿泊券
違約金
御承知
震源地
治療室
御利益
監視員
離婚後
二度寝
派遣村
不可避
剣道部
依頼書
地球儀
破天荒
被害届
新店舗
初回盤
大空襲
大不況
支払額
遣唐使
奥座敷
一人娘
桃源郷
占領軍
地震動
御影石
御自身
太鼓判
人工芝
野沢菜
抗生剤
信仰心
腐葉土
依存度
数箇所
為政者
情報網
御朱印
連絡帳
大舞台
高年齢
瞬発力
御家人
定置網
包囲網
侵略者
離職率
破壊的
漁獲量
寝心地
見舞金
甘露煮
恒常的
入力欄
大図鑑
精力剤
影武者
風来坊
介護士
突破口
看板娘
避暑地
初舞台
交通網
更生法
紹介者
実年齢
歓楽街
紹興酒
違反者
供養塔
理髪店
冷却水
御自分
並大抵
準拠法
記憶術
過渡期
専攻科
支援課
一般用
金字塔
突然死
耐食性
代替品
休暇中
療養中
離着陸
総攻撃
手間暇
耐寒性
生菓子
巡視船
生活圏
司令塔
低年齢
最高齢
起爆剤
脱北者
蓄電池
屈折率
薄力粉
桜吹雪
屋敷跡
悪趣味
脱力感
非破壊
繁盛店
耐候性
爆発物
互助会
適齢期
和三盆
腹一杯
茶菓子
正攻法
開拓者
徒歩圏
支援費
経済圏
冒険家
突拍子
一般客
無抵抗
露出度
鑑定団
耐水性
逃避行
紹介所
徴兵制
生殖器
到着地
全粒粉
声優陣
陰陽道
不発弾
対称性
宿泊地
間一髪
広告塔
避難民
新鮮味
通信網
演舞場
栄養剤
不作為
手一杯
猛暑日
臨床医
不名誉
大仏殿
巡査長
両極端
最西端
徴収金
速乾性
造影剤
御中元
低脂肪
派遣業
透明化
変更届
連絡網
禁煙席
朝寝坊
極彩色
鑑定書
宿泊料
透過性
取扱者
朝鮮系
課徴金
丸坊主
執着心
無尽蔵
扇状地
不可侵
執行役
影響下
拠出金
乳化剤
派遣元
水鉄砲
力一杯
多趣味
能舞台
漫才師
場所柄
解熱剤
宿泊所
海援隊
枯山水
医療法
分離帯
宝飾品
御菓子
狂信者
鮮魚店
増幅器
闘争心
徴収票
職業柄
占有者
一般車
爆発力
射撃場
及第点
振動数
逃亡者
強豪校
販売額
離婚届
漫画化
寝台車
大躍進
御客様
玄武岩
朱子学
根拠地
攻撃機
対抗馬
交響詩
致死傷
全店舗
景況感
太陽暦
多宝塔
原稿料
離職者
機関砲
反抗的
介助犬
養殖場
成層圏
環境学
保冷剤
防虫剤
販売先
愛煙家
花吹雪
蓄音機
起訴状
交歓会
不鮮明
振動子
嘆願書
繁殖力
浸透圧
小奇麗
大幅高
玄米茶
電波塔
車載器
御歳暮
御世話
北極圏
逃走中
鑑定人
多項式
戒厳令
透過率
無鉄砲
舞台化
宿泊代
制御盤
消毒剤
震災後
与党内
攻撃隊
半幅帯
遊撃手
仮釈放
被用者
凶悪犯
厳罰化
狂信的
過払金
最東端
干拓地
御法度
菓子屋
絶縁体
焼却灰
理髪師
獣医学
粒子線
勧進帳
汚染米
販売費
草刈機
作為的
代執行
数奇屋
模範的
奇兵隊
性風俗
繰入金
沈丁花
根抵当
散髪屋
透水性
捕物帳
右傾化
占有率
御旅所
威圧的
干菓子
発振器
地震波
奴隷制
酸化剤
広域圏
攻城戦
御息所
武闘派
迫撃砲
原水爆
芋煮会
取材陣
異端児
運搬車
出陣式
地震計
耐力壁
下屋敷
開拓使
師範代
東京圏
普及版
柔道家
紹介料
沈下橋
高値圏
医療圏
給与額
微細化
抵抗器
小為替
金婚式
帯域幅
地蔵盆
大僧正
宿泊業
支払日
環境相
乾燥剤
切支丹
影法師
新左翼
制御棒
御来光
噴火口
露出狂
菓子類
共産圏
奇麗事
致死量
闘病中
不溶性
悪知恵
仲介者
市販車
寝間着
脱脂綿
戦闘的
神楽殿
腐食性
奇天烈
連絡橋
尋常性
高射砲
得点圏
与太話
強迫性
猛練習
販売権
執行官
吸着剤
攻撃者
好影響
無遠慮
終盤戦
元彼女
離発着
障壁画
管制塔
屋敷内
狂詩曲
御神酒
盆提灯
海坊主
溶岩流
影響度
連絡所
販売力
白拍子
太鼓橋
子沢山
連鎖的
繰越金
配電盤
三太郎
露天商
運搬船
舞踊家
鉄砲玉
援護法
監察官
恒常性
違法化
与太郎
勢力圏
事実婚
捕食者
時節柄
地引網
淡紅色
吸収剤
鼓笛隊
可溶性
格闘戦
養殖業
交替制
未開拓
地吹雪
逃亡中
対抗心
小坊主
寝正月
観光圏
儀礼的
女郎花
致死率
紙吹雪
運搬業
中部圏
浸透力
猛特訓
共依存
修飾語
対称的
表玄関
一般紙
噴霧器
宝物殿
処罰法
漫画誌
銀婚式
重粒子
依頼先
山吹色
雑魚寝
整髪料
巨視的
陣羽織
副流煙
微積分
野球帽
露出計
渡船場
可及的
奴隷化
導入剤
慢性病
医療職
朝御飯
安全圏
戦車砲
介護食
耐火性
援助者
舞踊団
水菓子
溶血性
共振器
外為法
再突入
仲介料
振付家
電離層
再読込
着色剤
小芝居
渡来系
扇情的
分電盤
上屋敷
先鋭化
離職票
販売士
狂想曲
逆浸透
狂言師
避雷針
溶解度
大脱走
搬送波
解毒剤
闘牛士
繁体字
左翼的
訴求力
脂溶性
上腕骨
奇術師
唐破風
花屋敷
無縁仏
満年齢
冒険記
遊撃隊
太陰暦
御見舞
農繁期
到着駅
鑑別所
記載例
御宿泊
俗世間
梅屋敷
綿帽子
怒髪天
征服者
乳脂肪
僧帽弁
刺激物
一角獣
晩婚化
普通紙
鉄条網
舞踏家
渡航先
歌謡祭
即物的
渡航者
主記憶
通俗的
商行為
盗難車
微視的
仮名遣
冷却材
世襲制
過渡的
掘立柱
降圧剤
吹替版
入替戦
源五郎
貯蓄率
耐病性
鉄砲水
電話網
耐火物
権威者
浮動票
追跡者
甘海老
未払金
給与法
奇形児
弾道弾
申込日
整腸剤
打撃戦
開拓史
震源域
普通酒
全摘出
振付師
壁新聞
御時世
婚外子
立替金
陰日向
磁気圏
過積載
最右翼
中継車
蔵屋敷
高緯度
弾性率
輪舞曲
知恵者
継続費
家屋敷
一軒屋
中京圏
装飾性
円舞曲
剣闘士
一般性
茶坊主
殿上人
遠征軍
浅知恵
即興曲
交響楽
不祝儀
普通株
告訴状
解釈学
対流圏
大御神
生物圏
右翼的
接触者
渡世人
脚線美
外惑星
武闘家
即興的
養殖魚
小太鼓
大和芋
待避線
田舎娘
御祝儀
最終盤
居丈高
注射剤
端境期
記念塔
回転翼
操作盤
賦課金
枯葉剤
自走砲
致死性
接尾語
恋愛力
敷地外
接尾辞
序盤戦
名誉職
現況届
難燃剤
辺縁系
昼御飯
闘牛場
大芝居
浮気者
狭山茶
無趣味
未婚者
離任式
両替機
弾性波
監察医
黙秘権
執政官
承継人
大学芋
知恵熱
豆鉄砲
流紋岩
柔整師
同点弾
朱印状
総本舗
支援業
脱水機
仮執行
鼻濁音
浸出液
浜木綿
赤鉛筆
即身仏
過冷却
儀式的
地震学
紅葉狩
監査室
乾燥室
離型剤
微苦笑
中高齢
採掘権
通勤圏
小幅高
猛攻撃
電撃戦
徴収額
冷却器
御都合
販売職
監視団
推進剤
御自宅
屋敷林
鉛筆画
脱穀機
小幅安
支払者
御当地
寄稿家
可溶化
風俗画
震災前
耐油性
徴収率
鳥獣害
鹿沼土
翼状片
凶暴性
速射砲
御所車
高弾性
継電器
夕御飯
光沢紙
乾物屋
皿屋敷
引込線
更新世
売却額
追徴金
遅発性
発色剤
官公需
鈍感力
無頼漢
河太郎
不介入
照明弾
給与費
講釈師
煙草屋
直販店
運搬費
心拍計
同年輩
未更新
振替日
増殖性
隣人愛
分離器
日陰者
遠征隊
等距離
直販所
浜街道
断髪式
海老芋
代替物
物販店
恐妻家
強盗犯
御座船
渡航費
僧帽筋
世俗化
風俗街
朱印帳
戯作者
運搬中
着火剤
芝海老
御座所
防潮堤
裏鬼門
公共圏
支援船
放送網
立脚点
制汗剤
仏法僧
彼岸会
耐久財
環境権
朝鮮史
悪戯心
屋敷地
微小管
御神火
止血剤
溶岩浴
荒木田
男闘呼
火傷跡
積載車
即位式
販管費
無矛盾
近親婚
巨人族
惑星系
地震国
二重床
装飾音
駆動輪
半濁音
支払金
文明圏
複屈折
白髪頭
透視図
御健勝
島豆腐
左傾化
御真影
養毛剤
御遺族
応援部
吹出物
四旬節
戦陣訓
御多忙
侵入盗
抗弁権
投扇興
糖脂質
無頼派
新傾向
被検者
高麗芝
治療代
傾向性
御題目
接触角
若白髪
商売柄
大阪圏
不可触
益荒男
悪因縁
占有権
透磁率
流域圏
大和煮
淡水湖
壊血病
迷彩色
治療食
宿泊税
不溶化
右翼手
戦闘車
執行権
分離派
防火壁
被団協
被害地
優勝杯
民俗誌
両替屋
軍需品
投影法
天球儀
迷惑料
蓄音器
中堅手
絶縁油
寝装品
底値圏
祈念館
返却日
前渡金
執行力
普通税
御仏前
電離圏
戦闘団
油溶性
寝小便
安全網
介助員
騒音計
卵豆腐
変更料
巡礼地
祈年祭
車載機
決勝弾
捕虫網
汗蒸幕
偉丈夫
突撃砲
左翼手
縁故者
斜長石
悪太郎
監護権
療養泉
監査官
金環食
山高帽
全半壊
花御堂
遅効性
制御車
支払届
古朝鮮
豪速球
賦形剤
微温湯
朱印船
花被片
変更日
六分儀
御会式
鑑定医
抗老化
腰曲輪
沈殿池
閉鎖系
仮払金
浮動株
一般者
氷菓子
御多分
固溶体
避雷器
土佐煮
同類項
宿泊数
鬼百合
芝刈機
煙草盆
寝物語
倒卵形
離岸流
秋彼岸
暗剣殺
震度計
火山弾
暗紫色
依頼心
雷撃機
避難地
支払人
支払先
殺陣師
唐変木
強盗罪
付与日
老齢者
賞与額
消化剤
最恵国
木目込
治部煮
駆虫薬
新舞踊
測距儀
傾斜計
単振動
円為替
未定稿
空気砲
強心剤
生活環
御府内
屈曲位
比較級
万年床
歳徳神
医療業
斜面林
備蓄米
先制弾
感嘆詞
拠点校
引菓子
対抗力
増養殖
監視船
音響学
御宝前
冷風扇
柔構造
御料車
一人寝
透水層
鑑定家
夏越祭
荒物屋
執行文
御教書
御用金
足拍子
乾性油
反粒子
水玉柄
敷地権
四脚門
斜陽化
屋敷町
拠出額
維持員
依頼料
高御座
相互性
可搬性
列車砲
除毛剤
棒高跳
生存圏
準抗告
地域圏
不行跡
壁下地
荒武者
沈砂池
半濁点
制酸剤
詳細化
漢字圏
無響室
小理屈
絹豆腐
御料地
手古舞
子宮脱
手仕舞
菓子折
備蓄量
抗議書
起震車
徴兵令
農奴制
恒星系
展着剤
離縁状
御老人
無鑑査
古代紫
御意向
徴収権
花盗人
増感剤
百姓家
乾燥器
水泳帽
御陰様
即興劇
御破算
貸与権
御座敷
無煙炭
雅楽器
鑑識眼
投影図
警戒色
三箇日
多項目
若竹煮
美濃紙
小座敷
芋名月
基盤岩
村芝居
剣術家
御一新
荒法師
尋常科
鮮新世
経口剤
屋形舟
奴隷船
不首尾
不寝番
線対称
御子様
御両人
扇動者
増量剤
来迎図
救援者
回線網
大勧進
優占種
荷為替
分離壁
蒸留塔
振替先
時雨煮
影印本
近隣県
避難港
象徴界
耐火材
点眼剤
冷却剤
抗毒素
監禁罪
監護者
扇動的
隠元豆
左団扇
微惑星
因縁話
非婚化
右肩痛
降格圏
光沢剤
外郎売
御新造
孫太郎
御高齢
一粒種
包絡線
御足労
単項式
鳥打帽
普通校
停泊地
十善戒
脱毛剤
抵抗権
点対称
抗血清
骨盤位
巡見使
漫談家
組屋敷
番太郎
自白剤
再更新
準惑星
恒等式
分離機
色情狂
真剣師
被治者
御家流
狂歌師
与太者
微化石
浜昼顔
純豆腐
自噴泉
薬剤学
支援車
御得意
車幅灯
互恵的
汚染水
御辞儀
原盤権
警視監
屋敷神
豪州戦
理療科
逆茂木
内玄関
勧進元
舞台面
身奇麗
健胃剤
薄葉紙
耐性化
陰極線
行政罰
試掘権
日較差
噴霧機
抗張力
生殖巣
年齢給
舟状骨
汚染土
踊念仏
御父様
振込票
御大層
浮沈子
暴風圏
冷却機
御料林
大僧都
内惑星
酸化鉛
監視官
遊撃戦
寂光土
再販制
振込日
長粒種
互除法
強精剤
振仮名
粒状性
奥医師
環境車
菓子皿
趣味誌
生雲丹
紙鉄砲
授与者
合格圏
合歓木
公訴権
十露盤
舞踏病
執務中
紫雲英
休暇届
作為犯
被参照
直腸脱
無煙化
蓄電器
増血剤
女丈夫
天井圏
床運動
学生帽
夜御飯
駆虫剤
連絡者
万万歳
鑑定官
透明帯
鹿尾菜
見舞状
中間圏
制吐剤
離心率
鉛直線
男郎花
御世辞
高麗史
決闘罪
発煙弾
離転職
象徴詩
防水剤
通貨圏
機内泊
雷親父
堅香子
緑被率
脱炭素
支払地
玄関番
脱色剤
射撃手
吸入剤
支払側
野太鼓
記載者
迫撃弾
玄関子
被除数
浜防風
網代木
到来物
生物剤
現御神
給与表
屈折計
巨大児
鎖国令
御母様
芝居絵
監理局
野戦砲
御用人
戦闘帽
接触器
娘子軍
紋章学
芝居気
栄誉礼
重力圏
握力計
進撃中
川太郎
人間圏
光弾性
環境林
占拠者
黒豆煮
押領使
救援車
寝業師
避病院
依頼日
数奇者
底引網
結着剤
変更先
御手元
球戯場
肺年齢
騒乱罪
日影図
方鉛鉱
南極圏
予定稿
玄人筋
発砲酒
大郎女
回避地
即興詩
若隠居
縦振動
女剣劇
田植踊
逃走車
送電塔
支払月
寝待月
水中翼
強震計
葉煙草
羽団扇
鬼子母
被乗数
船中泊
共白髪
割賦金
地震帯
戯曲家
反対称
医療化
敏感性
扇形庫
上首尾
御来迎
離職日
紫露草
自爆犯
大外刈
扇動罪
青鉛筆
噴火山
御歌所
被食者
安全帽
証拠力
結婚届
六老僧
御親兵
記載日
長粒米
町屋敷
反響板
爆弾酒
勧工場
中粒種
薄馬鹿
未到着
交尾期
後陣痛
鉄砲虫
表座敷
旅芝居
扇動家
御神灯
髪結床
被打率
御飯物
稲熱病
御家芸
砂利浜
御料人
駆血帯
不耐性
腰障子
巡察使
未払込
太陽圏
野獣派
耐火度
雪氷圏
御新香
珍無類
矛盾律
再振替
奥御殿
頼母子
神経堤
致命率
抵触日
汗血馬
屋敷森
祝婚歌
到達日
越屋根
店仕舞
交替式
御羽車
原被告
陰陽家
御大師
延齢草
世俗派
大内刈
薄荷油
全療協
追撃者
条坊制
立振舞
無影灯
捕獲岩
奴豆腐
輪形陣
二枚腰
御両家
年較差
過不及
小豆粒
入眠剤
申込証
砲戦車
弾正台
積載率
大御宝
通俗化
断髪令
待避駅
小百姓
有尾類
稲荷祭
離席中
灰吹法
内外需
遊離基
見栄坊
弾道学
御殿医
別居婚
長元坊
勧告権
御守殿
御節介
即売展
左肩痛
大御代
甘露梅
屈折角
竹屋敷
未徴収
早仕舞
加農砲
感嘆文
胴間声
代替日
大百姓
上訴権
準占有
耐水紙
腕足類
朝鮮産
致命者
荒仕事
美濃判
装飾経
屈光性
振込額
処女峰
寝部屋
記載法
御筆先
機雷戦
贈与額
仕舞屋
柔組織
屈折語
雄山羊
儀典長
送迎費
薄荷脳
舞楽面
抗原量
相違性
早飛脚
紅白帽
御利生
貸与型
弾着点
供御人
奥右筆
治療士
無尽講
殿屋敷
添付用
御面相
払出金
数箇月
発振機
舞良戸
悪戯者
稲妻形
対称式
沈殿剤
暦博士
前腕骨
乾燥帯
恒星時
被服学
初日影
尽未来
接合剤
端武者
執政者
曲射砲
防弾車
恐水病
白山吹
抗病力
配線盤
機中泊
水銀剤
頭胴長
証拠性
御上手
恋愛歌
矢狭間
放水砲
陰陽暦
量販車
不定称
抗火石
手柄顔
薄茶器
御不幸
噴射機