解剖学
上機嫌
顕在化
江戸前
植木鉢
化粧箱
自賠責
巡洋艦
心疾患
圧力鍋
冥王星
倫理観
岩風呂
不履行
偽善者
偏頭痛
羅針盤
購読者
浄瑠璃
過疎化
脱毛症
汎用性
献身的
胃潰瘍
病原菌
大阪弁
金融業
挿入歌
寄附金
脳腫瘍
海鮮丼
甲殻類
稼働率
無頓着
奨学生
庶民的
空洞化
堆積物
洞察力
貢献度
一里塚
内風呂
奨励金
誓約書
普遍性
模擬店
原子核
洗浄剤
下駄箱
迎賓館
三毛猫
登竜門
過敏症
捜査員
補佐官
一升瓶
核保有
学生寮
核家族
無秩序
紳士的
扶養者
雪化粧
阪神間
腎臓病
倫理学
表彰状
銃撃戦
一生涯
便宜上
内膜症
懐疑的
消臭剤
忍耐力
親睦会
盲学校
分析力
可塑性
購入費
婚姻届
総督府
大洪水
河津桜
不均衡
挑発的
韓国戦
御曹司
韓国軍
盲目的
挨拶状
情緒的
充実度
基督教
唯物論
紙媒体
砂漠化
艦載機
叙事詩
妃殿下
阪神戦
呉服屋
瑠璃色
臆病者
酪農家
重症化
水風呂
発祥地
天婦羅
堕天使
風呂屋
競艇場
馬鹿者
自叙伝
朝風呂
形骸化
監督者
茶褐色
相撲界
喪失感
砂風呂
核弾頭
近畿圏
堆肥化
韓国系
銃刀法
注連縄
妊産婦
実践力
何時頃
消火栓
哺乳瓶
拒否権
交渉中
核分裂
充電池
造幣局
殺菌剤
細胞診
購買力
摩天楼
嫉妬心
幕僚長
大正琴
火砕流
善玉菌
詐欺罪
悲壮感
貯水槽
適応症
小江戸
大津波
充電式
血栓症
遮断機
欠乏症
推薦者
小馬鹿
柔軟剤
受診者
追悼式
細菌性
閉塞性
瓦屋根
偵察機
三塁打
洗浄液
赤褐色
免疫系
網膜症
還元率
火縄銃
還付金
聴診器
懸賞金
助監督
搭乗員
醸造所
殉教者
免疫学
寮生活
疫病神
失語症
麻酔薬
培養土
上棟式
納豆菌
還元水
潰瘍性
抗菌薬
交渉人
須恵器
脊柱管
肺結核
稼働中
報酬額
投融資
不充分
脳脊髄
耐性菌
刀鍛冶
心身症
水瓶座
小法廷
恵比須
原爆症
叙情的
手間隙
韓国製
屋根瓦
自堕落
白亜紀
心筋症
韓国内
長椅子
便宜的
面倒臭
中華麺
亜硝酸
散弾銃
全寮制
拒食症
交渉力
地下茎
敗血症
硫酸塩
韓国産
早慶戦
償還金
静岡茶
御用邸
公開鍵
嫡出子
贈収賄
大陸棚
泥沼化
培養液
中皮腫
御機嫌
磨崖仏
醸造酒
海藻類
推薦書
結核菌
塩昆布
語彙力
厄介者
失踪者
女子寮
愉快犯
金魚鉢
監督官
肺気腫
弔慰金
交渉権
嫌気性
交渉術
返戻金
円借款
火炎瓶
挨拶文
黒褐色
不感症
蓋然性
天津飯
落下傘
竜王戦
名脇役
潔癖症
保佐人
言葉尻
抗菌性
刹那的
曽祖父
法曹界
堪忍袋
浄土教
骨髄腫
八重垣
魔法瓶
馬鹿力
無症状
括約筋
摩擦力
儒学者
過食症
比丘尼
腕相撲
塞栓症
唾液腺
誘拐犯
窃盗罪
核爆発
窃盗団
昆布茶
飛行艇
推薦状
女王蜂
核抑止
汎用的
細胞腫
妥協点
腸閉塞
年俸制
三角巾
化粧板
日韓戦
汎用機
無駄話
亜硫酸
金融界
充足感
検疫所
地団駄
非核化
波羅蜜
内弁慶
歯槽骨
青梗菜
妊娠線
払戻金
風呂釜
捜査中
官僚制
繊維状
溶連菌
報償費
消耗戦
中華丼
酵母菌
購入日
一塁手
正弦波
蛍光体
清涼剤
五線譜
帰還兵
三塁手
疎水性
会席膳
出稽古
納涼祭
野球拳
川崎病
擬態語
社員寮
二塁手
昆虫記
問診票
昆虫館
血管腫
謙譲語
診療録
夜尿症
湧出量
購買部
隙間風
広汎性
陳列棚
推薦枠
呪術師
肥満症
比喩的
潜水艇
粉砕機
頓珍漢
監督員
自衛艦
統帥権
禅問答
擬音語
亜麻仁
出場枠
乳腺炎
桟敷席
官僚的
狙撃手
手水鉢
大元帥
腎障害
妥協案
猿真似
水琴窟
戴冠式
無駄足
飛蚊症
空気銃
屯田兵
表沙汰
出塁率
高速艇
元旦那
偏微分
循環系
内緒話
破砕機
筋痛症
初診料
実践型
大津絵
俸給表
不徹底
象牙質
偏西風
咽頭炎
親馬鹿
脳挫傷
霊媒師
無報酬
搭乗券
刺激臭
相撲部
可塑剤
口蓋裂
洗濯板
症候性
堆積岩
韓国紙
閑散期
強壮剤
共同溝
不育症
恵美須
揚陸艦
診断学
遮断器
化粧室
皮脂腺
神奈備
核医学
大桟橋
発症後
普遍化
糸状菌
窃盗犯
泡風呂
化粧下
大臼歯
子煩悩
脇本陣
管轄権
進捗率
融資枠
診療費
膝蓋骨
国慶節
融資額
土佐犬
再診料
媒酌人
擬宝珠
分析計
軟着陸
奨励会
求償権
農閑期
健忘症
旅籠屋
醸造家
枢密院
補償額
下痢症
掃海艇
懲罰的
化粧料
推薦人
薄化粧
献立表
赤頭巾
猫屋敷
侮辱罪
湯沸器
挫折感
貴賓室
花柳界
青壮年
胆石症
猿芝居
渋谷系
大法廷
長風呂
余剰金
剛速球
干渉計
金剛界
赤面症
解析学
泥仕合
懐疑論
直轄地
肉芽腫
閣僚級
研磨材
不干渉
非平衡
旗艦店
無駄口
蛇紋岩
追悼文
収賄罪
尿毒症
初診日
征韓論
採用枠
腐敗臭
充填材
漸進的
懸濁液
還元剤
補佐人
壮年期
研磨機
小臼歯
碁会所
度量衡
耳下腺
発泡剤
砕氷船
相合傘
儒教的
水頭症
結核性
観艦式
餅菓子
大叔父
弾塑性
女風呂
亜寒帯
償却額
文献学
暗褐色
脂肪腫
婚姻色
腰巾着
硫化物
筋繊維
納棺師
金剛石
充填剤
生活臭
抗鬱剤
前身頃
枢軸国
石風呂
肺水腫
吉野杉
朴念仁
真昆布
鍋奉行
既往症
北山杉
線維症
避妊具
細菌学
満塁弾
繊維素
梅花藻
下顎骨
胆汁酸
恣意性
担担麺
脳血栓
水栽培
充足率
不貞寝
無沙汰
即席麺
併殺打
麻酔医
法秩序
無菌室
総索引
革新懇
潜航艇
摩擦音
統括者
徹甲弾
腰痛症
血栓性
軟口蓋
未帰還
偏執狂
核反応
回鍋肉
須弥壇
未曽有
抗酸菌
進塁打
発煙筒
融雪剤
韓国車
一張羅
国津神
急旋回
騰落率
骨肉腫
紳士録
放線菌
真菌症
真珠貝
戦闘艦
単気筒
腸捻転
希望枠
偽証罪
鹿沼土
偏平足
租税法
透析室
画仙紙
空芯菜
貞操帯
保菌者
勲一等
清浄器
給水栓
寒稽古
石狩鍋
寡占化
沸騰水
享楽的
脱臭剤
重症者
廃太子
玩具屋
銃火器
泰山木
駄目元
大叔母
鉄火丼
分析官
分裂症
総括表
睡眠剤
養嗣子
赤出汁
大勲位
吉野葛
嫌煙家
泥棒猫
主力艦
細胞核
宵待草
硝子戸
玉串料
侮蔑的
貢献者
水雷艇
磁気嵐
搭乗日
汗管腫
味音痴
謄抄本
稽古着
高下駄
海防艦
相撲場
大福餅
無駄毛
赤福餅
渦電流
貧民窟
強皮症
披露目
長火鉢
献花台
闇市場
統括官
角化症
核店舗
漆工芸
大和尚
遮音壁
生殖腺
電気釜
非推奨
咽頭痛
減圧症
京鹿子
脳塞栓
救命艇
金融債
選帝侯
虎目石
乳腺症
圧力釜
酒風呂
懐疑派
一二塁
根粒菌
中等症
融通性
破砕帯
発炎筒
受診日
値頃感
公判廷
竜騎兵
打撲傷
酸辣湯
余剰分
大阪圏
韓国船
脱水症
渇水期
囲碁部
開放弦
監督権
綿津見
償還額
醸造業
妖精達
割戻金
蹴球部
溶融塩
腫瘍学
無菌性
手風琴
媒介者
右旋回
舶来品
親戚宅
縄文系
呉服商
化粧筆
金融街
賭博師
赤痢菌
消泡剤
音韻論
焼肉丼
電子銃
殺菌灯
要塞戦
汎神論
碁石茶
擬声語
男風呂
建蔽率
泥炭地
俳諧師
大阪風
囚人服
不顕性
風呂水
酪農業
服役囚
謄写版
藤四郎
朝稽古
休廃止
喉頭炎
軟化症
御沙汰
火達磨
累進税
銘柄米
昆虫学
戦術核
柳葉魚
西洋梨
左旋回
信天翁
無駄飯
婆羅門
寿司酢
御曹子
麦粒腫
助教諭
殊勲賞
円偏光
愛玩犬
岡場所
分析者
頒布権
明瞭度
土佐煮
江戸紫
租借地
大学寮
泥試合
撤退戦
能登丼
座禅草
軟水器
回転扉
煎茶道
脊髄炎
無駄骨
愛玩用
斑点米
一三塁
共通鍵
地溝帯
象牙色
韓国史
仙人掌
献血車
裾模様
腐敗菌
没交渉
診断科
曖昧性
剥離紙
盲腸炎
壊死症
媒染剤
馬子唄
数珠玉
二三塁
静脈洞
懲戒権
兵曹長
叔父貴
口唇裂
元宵節
脳浮腫
満艦飾
眉唾物
電解槽
凹面鏡
系譜学
板硝子
偽陽性
併合罪
償還日
都都逸
来賓席
勘亭流
鍛冶場
馬鹿面
整理棚
抄紙機
失踪中
碁聖戦
酢酸菌
柳多留
軍艦旗
恒温槽
蓄熱槽
新直轄
進捗度
船舶局
検疫官
水腎症
滑稽本
乳頭腫
離人症
寸胴鍋
叙情歌
変形菌
胃洗浄
汎関数
上顎骨
培養基
刃物鋼
脇往還
唯心論
戦略核
紙相撲
徹底化
口蓋垂
五月闇
読唇術
直江状
貴賓席
亜鉛華
分泌腺
夜盲症
辺境伯
勝手丼
恐喝罪
未受診
柳川鍋
近畿勢
乾皮症
金剛心
女相撲
真珠層
贈賄罪
韓国的
把握力
模擬刀
雪達磨
玩具箱
籠釣瓶
尿崩症
源氏蛍
嫌気的
竜脚類
無派閥
肺腫瘍
脊椎炎
枯露柿
臆病風
山津波
緑藻類
真珠腫
喪失届
超塑性
過眠症
転廃業
荘園制
凍霜害
多血症
脊椎骨
大伯父
麻織物
扶養内
蛍光性
片麻岩
臭素酸
模範囚
硬口蓋
脇街道
偶発症
官幣社
尻子玉
戴帽式
大伯母
唯識論
租鉱権
廃刀令
神籠石
発酵菌
大宰相
遮水壁
麻婆丼
旋頭歌
再稼動
免疫原
駆潜艇
吟味役
御寮人
小荷駄
浄水機
有症者
菌血症
宣誓式
真菌性
喉頭鏡
唯名論
肯定文
塩風呂
虎落笛
長崎学
腫瘍科
小人症
挑戦心
恒河沙
偏光子
一夜漬
擬人法
内火艇
准士官
賭博罪
萎縮病
硝子窓
口唇炎
化粧法
尼将軍
飛竜頭
無脊椎
慶大生
靴下屋
洪積世
小頭症
長脇差
暗殺拳
指相撲
浮桟橋
褐斑病
臭化物
等閑視
褐鉄鉱
筒井筒
皇統譜
還元糖
奇形腫
泥火山
硫化鉄
優婆塞
催淫剤
旋律的
擬陽性
胆汁性
充電機
抗鬱薬
他人丼
豆腐丼
忍容性
凸面鏡
修羅界
租庸調
親韓派
緑泥石
闇医者
御稽古
有蓋車
釣鐘草
船舶内
青竜刀
胃腸症
花相撲
脳硬塞
駒下駄
比翼塚
黒鹿毛
教唆犯
胃捻転
沙漠化
亀甲船
国幣社
人工爪
偽陰性
海食洞
天津丼
猫部屋
廃業率
朝貢国
愁嘆場
小耳症
亜高木
心気症
石灰藻
腎臓炎
矯正術
蒸風呂
充当額
香粧品
堕胎罪
蛇皮線
多毛症
汎血球
厚底靴
妊娠性
金剛砂
蜂蜜酒
閣僚懇
舌痛症
搭乗便
梨子地
白板症
未決囚
鹿尾菜
無蓋車
還付額
草相撲
土壌学
侮蔑語
丸括弧
長須鯨
銃犯罪
洪積層
庭下駄
頓服薬
結核症
受診料
疲労臭
蛍光板
猫目石
音韻学
覇王樹
金剛力
空気枕
汎発性
蓋然的
相撲取
偽文書
勾留状
腰椎症
還付率
年俸額
干渉性
平叙文
冥加金
唯識派
交渉後
乱痴気
手洗鉢
監督職
沖縄学
多動症
未央柳
紅皮症
喪失日
防臭剤
枕言葉
遡及効
偏執病
症候学
無患子
腺病質
嗅細胞
硫酸紙
旅籠町
空閑地
敷設艦
深川丼
貯蔵槽
廃棄率
淫売婦
銃剣術
弁慶草
平衡点
徒刑囚
巨人症
肺循環
堆積学
真珠婚
特務艦
血達磨
支那竹
御茶漬
斉一性
喉風邪
貫徹力
鼻唇溝
馬鹿貝
回盲部
有償化
剛性率
報酬系
双球菌
盲滅法
要塞砲
咽喉科
抑鬱症
顕彰馬
罷免権
減摩剤
船舶法
勅任官
口蓋化
抜毛症
艶福家
巨核球
廃用牛
江戸学
端艇部
秩父帯
末那識
誓約者
嗅神経
交渉者
洗濯代
寡頭制
進貢船
捜索者
返還率
早老症
禅定門
挿入句
浄活水
失読症
石灰洞
曽祖母
泡立草
土佐節
結核病
漆刷毛
抹香鯨
韓国学
青鹿毛
無脳症
鳥居脇
硫酸鉄
四徴症
多指症
擬人的
巨福呂
円急騰
灰色熊
硝酸薬
薄馬鹿
過多症
旦那芸
貨幣状
大熊座
擬餌針
内廷費
対症的
外風呂
叙任権
出汁巻
絵日傘
失声症
花柳病
無媒介
遷音速
虚言症
付属肢
姫沙羅
慶弔費
相撲人
素頓狂
号俸数
消毒臭
幻肢痛
妄想症
風呂代
原猿類
流星痕
腎透析
浦島草
泥風呂
蚊遣器
雲竜型
多羅葉
勾引状
銘酒屋
滋養分
伎楽面
遮水性
賭博者
入力枠
股火鉢
補填金
精紡機
稽古屋
陸曹長
生臭物
奈良学
懐中物
肺挫傷
夜驚症
胆汁質
寒冷渦
社会鍋
羽根枕
以呂波
仙人草
唯一者
過硫酸
胸腰椎
石斑魚
稽古所
拒絶権
腸結核
御不浄
開廃業
黄色腫
相撲絵
互酬性
漸近線
診療月
内交渉
枝垂柳
難読症
曹長石
浄水池
血生臭
唾石症
不倒翁
買戻権
休閑地
回虫症
貞享暦
葉茎菜
駐車枠
搭乗橋
韓国化
無顎類
過誤腫
小熊座
角膜症
弥次馬
閑日月
咽喉元
寛容的
角封筒
泡立器
償還表
無駄花
果物籠
盲法師
地衡風
貨幣史
籠松明
下稽古
硝子瓶
巾着網
平水韻
甲鉄艦
払戻額
肘鉄砲
梅雨頃
遷移層
大和棟
旋光性
草履虫
宮廷費
伯父貴
官僚派
色硝子
前中扉
尼師今
手拭地
渋団扇
猫尻尾
無駄玉
波羅門
出融資
海曹長
曹達水
貝殻骨
巻繊汁
出血症
強迫症
大極拳
偏光面
泥板岩
御膝元
剰余類
土佐茶
硫化銅
砂漠戦
准陸尉
浮腫性
融解熱
空曹長
河豚鍋
口唇期
虎河豚
賄賂罪
貨幣法
仙花紙
金魚藻
金融車
消化腺
湯風呂
辛子酢
平衡木
小袖料
包虫症
冷感症