解剖学
上機嫌
顕在化
江戸前
植木鉢
化粧箱
自賠責
巡洋艦
倫理観
不履行
偽善者
偏頭痛
羅針盤
購読者
過疎化
脱毛症
献身的
病原菌
金融業
挿入歌
寄附金
甲殻類
稼働率
奨学生
庶民的
空洞化
洞察力
貢献度
一里塚
奨励金
誓約書
普遍性
模擬店
原子核
洗浄剤
下駄箱
迎賓館
登竜門
過敏症
捜査員
食器棚
一升瓶
核保有
学生寮
核家族
無秩序
紳士的
扶養者
雪化粧
倫理学
表彰状
銃撃戦
一生涯
便宜上
内膜症
懐疑的
消臭剤
忍耐力
盲学校
分析力
可塑性
購入費
婚姻届
総督府
大洪水
不均衡
挑発的
御曹司
盲目的
情緒的
充実度
基督教
唯物論
紙媒体
砂漠化
艦載機
叙事詩
妃殿下
呉服屋
酪農家
重症化
発祥地
天婦羅
競艇場
自叙伝
監督者
茶褐色
相撲界
喪失感
核弾頭
銃刀法
妊産婦
実践力
消火栓
拒否権
交渉中
核分裂
充電池
造幣局
殺菌剤
細胞診
購買力
摩天楼
幕僚長
大正琴
火砕流
善玉菌
詐欺罪
悲壮感
貯水槽
適応症
小江戸
大津波
充電式
血栓症
遮断機
欠乏症
推薦者
柔軟剤
受診者
追悼式
細菌性
偵察機
三塁打
洗浄液
赤褐色
免疫系
網膜症
還元率
火縄銃
還付金
聴診器
懸賞金
助監督
搭乗員
醸造所
殉教者
免疫学
寮生活
疫病神
失語症
麻酔薬
培養土
上棟式
納豆菌
還元水
抗菌薬
交渉人
肺結核
稼働中
報酬額
投融資
不充分
耐性菌
心身症
水瓶座
小法廷
原爆症
叙情的
自堕落
白亜紀
心筋症
便宜的
面倒臭
亜硝酸
散弾銃
全寮制
拒食症
交渉力
地下茎
敗血症
硫酸塩
早慶戦
償還金
御用邸
嫡出子
贈収賄
大陸棚
泥沼化
培養液
御機嫌
醸造酒
海藻類
推薦書
結核菌
厄介者
女子寮
愉快犯
金魚鉢
監督官
弔慰金
交渉権
交渉術
返戻金
円借款
火炎瓶
黒褐色
不感症
天津飯
落下傘
竜王戦
潔癖症
抗菌性
法曹界
堪忍袋
浄土教
八重垣
魔法瓶
無症状
括約筋
摩擦力
儒学者
過食症
比丘尼
腕相撲
誘拐犯
窃盗罪
核爆発
窃盗団
飛行艇
推薦状
核抑止
妥協点
年俸制
化粧板
無駄話
亜硫酸
金融界
充足感
検疫所
地団駄
非核化
内弁慶
歯槽骨
妊娠線
払戻金
捜査中
官僚制
繊維状
溶連菌
報償費
消耗戦
酵母菌
購入日
一塁手
正弦波
蛍光体
清涼剤
五線譜
帰還兵
三塁手
疎水性
納涼祭
擬態語
社員寮
二塁手
昆虫記
問診票
昆虫館
謙譲語
診療録
夜尿症
購買部
陳列棚
推薦枠
肥満症
潜水艇
粉砕機
監督員
自衛艦
統帥権
禅問答
擬音語
亜麻仁
出場枠
桟敷席
官僚的
手水鉢
大元帥
妥協案
猿真似
無駄足
飛蚊症
空気銃
屯田兵
出塁率
高速艇
偏微分
循環系
内緒話
破砕機
初診料
実践型
大津絵
俸給表
不徹底
偏西風
霊媒師
無報酬
搭乗券
刺激臭
相撲部
可塑剤
洗濯板
閑散期
強壮剤
共同溝
不育症
診断学
遮断器
化粧室
大桟橋
発症後
普遍化
糸状菌
窃盗犯
化粧下
子煩悩
管轄権
護摩木
融資枠
診療費
国慶節
融資額
再診料
媒酌人
擬宝珠
分析計
軟着陸
求償権
農閑期
健忘症
醸造家
枢密院
補償額
掃海艇
懲罰的
推薦人
薄化粧
献立表
猫屋敷
侮辱罪
湯沸器
貴賓室
花柳界
青壮年
胆石症
猿芝居
大法廷
余剰金
剛速球
干渉計
金剛界
赤面症
解析学
泥仕合
懐疑論
直轄地
閣僚級
研磨材
不干渉
旗艦店
無駄口
蛇紋岩
追悼文
収賄罪
尿毒症
初診日
採用枠
腐敗臭
漸進的
懸濁液
還元剤
壮年期
研磨機
碁会所
度量衡
発泡剤
砕氷船
相合傘
儒教的
水頭症
結核性
観艦式
大叔父
弾塑性
亜寒帯
償却額
文献学
暗褐色
婚姻色
硫化物
筋繊維
納棺師
金剛石
生活臭
枢軸国
吉野杉
朴念仁
真昆布
既往症
北山杉
避妊具
細菌学
満塁弾
繊維素
梅花藻
胆汁酸
脳血栓
水栽培
充足率
不貞寝
併殺打
麻酔医
法秩序
無菌室
総索引
革新懇
潜航艇
摩擦音
統括者
徹甲弾
腰痛症
未帰還
偏執狂
核反応
抗酸菌
進塁打
発煙筒
融雪剤
一張羅
国津神
急旋回
騰落率
紳士録
放線菌
真菌症
真珠貝
戦闘艦
希望枠
偽証罪
偏平足
租税法
透析室
画仙紙
貞操帯
保菌者
勲一等
清浄器
給水栓
寡占化
沸騰水
享楽的
脱臭剤
重症者
廃太子
銃火器
泰山木
駄目元
大叔母
分析官
分裂症
総括表
睡眠剤
養嗣子
赤出汁
大勲位
嫌煙家
泥棒猫
主力艦
細胞核
宵待草
硝子戸
貢献者
水雷艇
搭乗日
味音痴
謄抄本
高下駄
海防艦
相撲場
硫酸銅
無駄毛
渦電流
強皮症
披露目
長火鉢
献花台
統括官
角化症
核店舗
漆工芸
大和尚
遮音壁
非推奨
減圧症
救命艇
金融債
選帝侯
懐疑派
一二塁
根粒菌
中等症
融通性
破砕帯
発炎筒
受診日
公判廷
過充電
竜騎兵
打撲傷
余剰分
脱水症
渇水期
囲碁部
開放弦
監督権
綿津見
償還額
醸造業
臭豆腐
割戻金
無菌性
手風琴
媒介者
右旋回
舶来品
呉服商
化粧筆
金融街
赤痢菌
消泡剤
音韻論
電子銃
殺菌灯
擬声語
泥炭地
囚人服
不顕性
酪農業
服役囚
謄写版
休廃止
軟化症
火達磨
累進税
銘柄米
昆虫学
戦術核
柳葉魚
信天翁
無駄飯
婆羅門
寿司酢
御曹子
助教諭
殊勲賞
円偏光
大熊猫
分析者
頒布権
江戸紫
租借地
大学寮
泥試合
撤退戦
座禅草
軟水器
回転扉
無駄骨
一三塁
地溝帯
仙人掌
献血車
腐敗菌
没交渉
診断科
盲腸炎
媒染剤
数珠玉
二三塁
懲戒権
兵曹長
叔父貴
口唇裂
元宵節
満艦飾
電解槽
凹面鏡
系譜学
板硝子
偽陽性
併合罪
償還日
都都逸
来賓席
勘亭流
整理棚
抄紙機
碁聖戦
酢酸菌
柳多留
軍艦旗
恒温槽
蓄熱槽
新直轄
検疫官
離人症
叙情歌
変形菌
胃洗浄
培養基
刃物鋼
唯心論
戦略核
紙相撲
徹底化
読唇術
直江状
貴賓席
亜鉛華
夜盲症
辺境伯
恐喝罪
未受診
金剛心
女相撲
真珠層
贈賄罪
把握力
模擬刀
雪達磨
尿崩症
源氏蛍
嫌気的
竜脚類
無派閥
山津波
緑藻類
喪失届
転廃業
荘園制
凍霜害
多血症
大伯父
麻織物
扶養内
蛍光性
片麻岩
臭素酸
産廃物
模範囚
偶発症
官幣社
大伯母
唯識論
租鉱権
廃刀令
発酵菌
大宰相
遮水壁
旋頭歌
再稼動
駆潜艇
吟味役
御寮人
小荷駄
浄水機
有症者
菌血症
宣誓式
真菌性
酢豆腐
唯名論
肯定文
挑戦心
偏光子
一夜漬
擬人法
内火艇
准士官
硝子窓
口唇炎
化粧法
尼将軍
飛竜頭
慶大生
靴下屋
洪積世
宝瓶宮
指相撲
浮桟橋
臭化物
等閑視
褐鉄鉱
筒井筒
皇統譜
還元糖
泥火山
硫化鉄
旋律的
擬陽性
充電機
凸面鏡
修羅界
租庸調
緑泥石
釣鐘草
船舶内
青竜刀
花相撲
比翼塚
教唆犯
国幣社
海食洞
猫部屋
廃業率
朝貢国
愁嘆場
亜高木
心気症
石灰藻
矯正術
充当額
香粧品
堕胎罪
蛇皮線
多毛症
厚底靴
金剛砂
閣僚懇
舌痛症
搭乗便
白板症
未決囚
還付額
草相撲
土壌学
丸括弧
銃犯罪
洪積層
庭下駄
結核症
受診料
疲労臭
蛍光板
猫目石
音韻学
覇王樹
金剛力
相撲取
偽文書
還付率
年俸額
干渉性
平叙文
唯識派
交渉後
乱痴気
手洗鉢
監督職
多動症
未央柳
紅皮症
喪失日
防臭剤
偏執病
症候学
無患子
硫酸紙
空閑地
敷設艦
貯蔵槽
廃棄率
銃剣術
弁慶草
徒刑囚
巨人症
肺循環
真珠婚
特務艦
血達磨
御茶漬
斉一性
貫徹力
鼻唇溝
回盲部
有償化
剛性率
報酬系
双球菌
盲滅法
顕彰馬
罷免権
減摩剤
船舶法
勅任官
抜毛症
巨核球
廃用牛
江戸学
秩父帯
交渉者
洗濯代
寡頭制
進貢船
捜索者
返還率
早老症
禅定門
挿入句
浄活水
石灰洞
結核病
漆刷毛
抹香鯨
無脳症
硫酸鉄
多指症
擬人的
硝酸薬
過多症
内廷費
対症的
叙任権
出汁巻
絵日傘
花柳病
無媒介
遷音速
虚言症
付属肢
慶弔費
相撲人
号俸数
消毒臭
幻肢痛
原猿類
浦島草
蚊遣器
雲竜型
多羅葉
銘酒屋
遮水性
入力枠
精紡機
陸曹長
生臭物
懐中物
夜驚症
胆汁質
寒冷渦
仙人草
唯一者
過硫酸
拒絶権
腸結核
御不浄
開廃業
相撲絵
互酬性
漸近線
診療月
内交渉
枝垂柳
難読症
曹長石
浄水池
血生臭
不倒翁
買戻権
休閑地
回虫症
貞享暦
葉茎菜
駐車枠
搭乗橋
閑日月
寛容的
酷暑日
角封筒
泡立器
償還表
無駄花
盲法師
地衡風
貨幣史
硝子瓶
平水韻
甲鉄艦
払戻額
遷移層
大和棟
旋光性
草履虫
宮廷費
伯父貴
官僚派
色硝子
前中扉
尼師今
渋団扇
無駄玉
波羅門
出融資
海曹長
曹達水
貝殻骨
巻繊汁
強迫症
偏光面
泥板岩
剰余類
硫化銅
砂漠戦
融解熱
空曹長
口唇期
貨幣法
仙花紙
金魚藻
金融車
辛子酢
平衡木
包虫症
冷感症