韓国人
歌舞伎
韓国語
前立腺
風呂敷
甲状腺
風呂場
股関節
脳梗塞
処方箋
哺乳類
顎関節
爽快感
椎間板
子守唄
太極拳
稽古場
鍋料理
恣意的
羞恥心
若旦那
鍛冶屋
頭蓋骨
不明瞭
覚醒剤
腎不全
親子丼
圧力鍋
冥王星
岩風呂
浄瑠璃
汎用性
胃潰瘍
脳腫瘍
海鮮丼
無頓着
堆積物
内風呂
腎臓病
親睦会
韓国戦
韓国軍
挨拶状
瑠璃色
臆病者
水風呂
韓国籍
風呂屋
朝風呂
形骸化
砂風呂
近畿圏
堆肥化
韓国系
何時頃
哺乳瓶
嫉妬心
瓦屋根
潰瘍性
須恵器
脊柱管
脳脊髄
刀鍛冶
恵比須
手間隙
韓国製
屋根瓦
韓国内
長椅子
中華麺
韓国産
公開鍵
中皮腫
磨崖仏
語彙力
失踪者
肺気腫
挨拶文
蓋然性
名脇役
言葉尻
刹那的
曽祖父
骨髄腫
塞栓症
唾液腺
女王蜂
汎用的
細胞腫
腸閉塞
三角巾
日韓戦
汎用機
波羅蜜
青梗菜
風呂釜
中華丼
会席膳
出稽古
野球拳
血管腫
湧出量
隙間風
広汎性
呪術師
比喩的
頓珍漢
乳腺炎
狙撃手
腎障害
水琴窟
戴冠式
表沙汰
元旦那
象牙質
咽頭炎
脳挫傷
口蓋裂
堆積岩
韓国紙
恵美須
皮脂腺
泡風呂
大臼歯
脇本陣
進捗率
膝蓋骨
稽古事
旅籠屋
赤頭巾
挫折感
長風呂
肉芽腫
征韓論
小臼歯
耳下腺
餅菓子
女風呂
脂肪腫
腰巾着
抗鬱剤
前身頃
石風呂
肺水腫
鍋奉行
下顎骨
恣意性
担担麺
無沙汰
即席麺
電気柵
軟口蓋
回鍋肉
須弥壇
未曽有
韓国車
骨肉腫
腸捻転
空芯菜
寒稽古
石狩鍋
玩具屋
鉄火丼
吉野葛
玉串料
侮蔑的
磁気嵐
汗管腫
稽古着
亜脱臼
大福餅
赤福餅
貧民窟
闇市場
生殖腺
電気釜
咽頭痛
脳塞栓
虎目石
乳腺症
圧力釜
酒風呂
値頃感
酸辣湯
韓国船
顎下腺
妖精達
蹴球部
腫瘍学
親戚宅
賭博師
焼肉丼
要塞戦
汎神論
男風呂
建蔽率
俳諧師
風呂水
藤四郎
朝稽古
喉頭炎
御沙汰
麦粒腫
愛玩犬
明瞭度
骨腫瘍
能登丼
煎茶道
脊髄炎
愛玩用
斑点米
共通鍵
象牙色
韓国史
裾模様
曖昧性
馬子唄
脳浮腫
眉唾物
鍛冶場
失踪中
進捗度
水腎症
滑稽本
乳頭腫
寸胴鍋
汎関数
上顎骨
脇往還
口蓋垂
五月闇
分泌腺
勝手丼
柳川鍋
近畿勢
韓国的
玩具箱
籠釣瓶
肺腫瘍
脊椎炎
枯露柿
臆病風
真珠腫
脊椎骨
硬口蓋
脇街道
尻子玉
戴帽式
神籠石
麻婆丼
喉頭鏡
塩風呂
虎落笛
腫瘍科
恒河沙
賭博罪
萎縮病
無脊椎
長脇差
暗殺拳
褐斑病
奇形腫
優婆塞
催淫剤
抗鬱薬
他人丼
豆腐丼
親韓派
闇医者
御稽古
有蓋車
脳硬塞
駒下駄
胃捻転
沙漠化
亀甲船
人工爪
天津丼
腎臓炎
蒸風呂
汎血球
蜂蜜酒
無蓋車
侮蔑語
長須鯨
頓服薬
空気枕
汎発性
蓋然的
勾留状
腰椎症
冥加金
枕言葉
遡及効
腺病質
嗅細胞
旅籠町
深川丼
淫売婦
堆積学
支那竹
喉風邪
要塞砲
咽喉科
抑鬱症
口蓋化
艶福家
末那識
嗅神経
曽祖母
韓国学
鳥居脇
巨福呂
旦那芸
擬餌針
外風呂
姫沙羅
素頓狂
風呂代
流星痕
腎透析
泥風呂
諸葛菜
勾引状
伎楽面
賭博者
股火鉢
稽古屋
肺挫傷
社会鍋
羽根枕
以呂波
胸腰椎
石斑魚
稽古所
髄芽腫
黄色腫
唾石症
顎口虫
韓国化
無顎類
過誤腫
弥次馬
咽喉元
果物籠
籠松明
下稽古
巾着網
肘鉄砲
梅雨頃
手拭地
猫尻尾
風船葛
大極拳
御膝元
河豚鍋
虎河豚
賄賂罪
消化腺
湯風呂
小袖料