倶楽部
味噌汁
口蹄疫
大晦日
醍醐味
蕎麦屋
幼馴染
蛋白質
大袈裟
獅子舞
雛人形
片栗粉
水俣病
脆弱性
向日葵
花菖蒲
無垢材
骨董品
楕円形
未曾有
胡蝶蘭
珪藻土
脳味噌
倦怠感
烏帽子
水芭蕉
柑橘系
柑橘類
珊瑚礁
前哨戦
水銀燈
御馳走
馬鈴薯
大腿骨
下手糞
自然薯
卑怯者
梁山泊
抗癌剤
副鼻腔
跨線橋
金木犀
縞模様
白味噌
晩餐会
大腸癌
蝦夷地
豆板醤
菩提樹
三叉路
流鏑馬
癌細胞
防空壕
大島紬
枢機卿
出鱈目
分水嶺
蟹工船
大喧嘩
甲斐性
石楠花
痴呆症
白無垢
獅子座
胡麻油
葡萄酒
大銀杏
骨董市
赤味噌
猛禽類
酢味噌
梱包材
蓄膿症
烏骨鶏
御神輿
青海苔
獅子頭
辛味噌
年甲斐
短篇集
竣工式
焼夷弾
聾学校
骨董屋
蕎麦粉
口喧嘩
菩薩像
常套句
割烹着
牡羊座
食道癌
天秤座
嘘八百
螺旋状
蝋人形
蕎麦湯
陀羅尼
曾祖父
喧嘩腰
牡牛座
生醤油
月桂樹
蒲公英
不恰好
月桂冠
唐獅子
復讐心
新嘗祭
菩提心
蝉時雨
祈祷師
倦怠期
諜報員
化膿性
蟻地獄
膝栗毛
伊達巻
燕尾服
厩務員
筑前煮
酢醤油
脳溢血
薩摩芋
捕物帖
分娩室
鍾乳石
挺身隊
風呂桶
曾祖母
蒸溜所
吾亦紅
急先鋒
田吾作
蕎麦処
牽引役
落伍者
強姦魔
形而上
藁人形
大嘗祭
強姦罪
操舵室
菖蒲湯
常磐津
新蕎麦
獅子王
黄昏時
集塵機
御伽噺
三角錐
障碍者
牽引車
末梢血
寒冷紗
肝臓癌
呑兵衛
阿羅漢
伊予柑
甲斐犬
子宮癌
直腸癌
芭蕉布
中華粥
蕎麦店
末期癌
充填材
伊達男
姑獲鳥
牡丹餅
常夜燈
蘭学者
弛緩剤
水飛沫
白胡麻
充填剤
赤紫蘇
無精髭
勿忘草
準強姦
血飛沫
水茄子
蛋白尿
天秤棒
発癌性
座敷牢
辻説法
千歳飴
敏捷性
聖餐式
緑膿菌
不甲斐
生椎茸
三羽烏
兵部卿
走馬燈
瑞宝章
岩海苔
啄木鳥
甘味噌
日之出
揚羽蝶
蒙古斑
漆喰壁
胆嚢炎
青紫蘇
萌黄色
紡錘形
鴨南蛮
補陀落
仰臥位
鳩時計
骨董店
庵治石
琉球語
細菌叢
角閃石
姦通罪
甲斐路
小豆粥
高野槙
蛍烏賊
菩提所
木乃伊
幌馬車
浅葱色
弘済会
半同棲
麻雀卓
矩形波
神祇官
補陀洛
壬生菜
宇宙塵
海苔巻
烏天狗
生甲斐
啓蒙的
君子蘭
鼠径部
殺鼠剤
皮膚癌
胆管癌
取水堰
燕子花
口腔癌
進行癌
伊呂波
見廻組
牡丹雪
真只中
高楊枝
蓮華草
先代萩
野狐禅
五月蝿
四十雀
唐茄子
人智学
旭日旗
尿蛋白
孔雀石
蕎麦畑
石膏型
真田紐
蝦夷鹿
内裏雛
阿波弁
胆嚢癌
楕円体
喉頭癌
式部卿
漕艇場
両天秤
形而下
金無垢
閃緑岩
底曳網
菩薩道
咽頭癌
甜麺醤
潮汐表
潮汐力
楕円型
緋寒桜
縄梯子
顛末書
祈祷書
神嘗祭
剥離紙
水垢離
金剛杵
糞味噌
座蒲団
四角錐
化膿菌
珊瑚海
銀木犀
耶蘇教
荏胡麻
葡萄色
甜菜糖
偶蹄類
物見櫓
牽牛星
布海苔
高蒔絵
牢名主
阿字観
大腿筋
宮神輿
小判鮫
胡麻塩
生海苔
蕎麦茶
安全牌
権禰宜
蝋細工
誘蛾灯
稀少性
雁皮紙
御稜威
竜舌蘭
姥捨山
閃光弾
外套膜
按察使
蝶形骨
糠味噌
紋白蝶
桐一葉
御蔭様
小児癌
神経鞘
肋膜炎
不精髭
粉微塵
頭陀袋
白髪葱
牢屋敷
米茄子
笹竜胆
木阿弥
藁半紙
胆道癌
値嵩株
伊達者
曳光弾
対話篇
肋軟骨
獅子唐
寿司桶
位牌堂
法蓮草
糞親父
吻合術
屠蘇散
乾海苔
宮内卿
自彊術
栗名月
操舵手
桶風呂
梯子段
海鼠壁
厭世観
旭日章
制癌剤
萌葱色
学生鞄
割烹店
猪武者
悉皆屋
麻雀店
男伊達
芥子粒
辻馬車
小糠雨
芋蔓式
阿僧祇
駕籠屋
菩薩戒
煽情的
雛菓子
丸茄子
白燐弾
装蹄師
波飛沫
蔓植物
朱鷺色
被曝者
長茄子
笹百合
何首烏
格子縞
大鋸屑
黄櫨染
吾妹子
槍烏賊
軟膏剤
茄子紺
転轍機
蜜柑色
方向舵
金鳳花
常磐木
検屍官
狸親父
蔦紅葉
私掠船
倶舎論
青林檎
赤茄子
錐体路
最尤法
御伽話
海鼠腸
外務卿
御神燈
珊瑚樹
連子鯛
青柚子
好好爺
平家蟹
真桑瓜
八重葎
蛋白石
揚雲雀
山親爺
食用蛙
民部卿
小柴垣
肝膿瘍
杓文字
滑腔砲
赤珊瑚
琉球藍
海苔網
布袋葵
陸繋島
猪口才
天水桶
肋間筋
燐灰石
片口鰯
延胡索
仕込杖
両棲類
藁屋根
磯巾着
菖蒲酒
鱈場蟹
蕎麦汁
芥子菜
顔馴染
浅茅生
蝦夷松
梯子車
樺太犬
真魚鰹
板海苔
段梯子
性淘汰
鎮咳剤
梯子酒
殿様蛙
墨烏賊
吃水線
蕎麦殻
御伽衆
駄法螺
烏羽玉
堰止湖
熔鉱炉
贋作者
惚気話
野兎病
瓜実顔
吃音症
安堵状
伊佐木
小綬鶏
百合鴎
仔山羊
優婆夷
昇降舵
青瓢箪
商売仇
白孔雀
外蒙古
似而非
管絃楽
巴旦杏
吾木香
芥子色
金雀枝
蹄葉炎
尖鋭化
煽動者
野葡萄
紡錘体
黍団子
手薬煉
甜面醤
天瓜粉
御陀仏
分娩費
溢流性
焼石膏
牢役人
下腿骨
絃楽器
除塵機
早駕籠
蒸溜酒
紅葉葵
兎小屋
操舵輪
独楽鼠
螺旋形
薩長土
毘婆沙
規矩術
狗尾草
狐狗狸
味噌豆
神祇伯
莫大小
雁来紅
煽動的
雀卵斑
伏臥位
三昧耶
笹蒲鉾
瓢鮎図
穿孔機
孟蘭盆
伽藍堂
私娼窟
補填金
自棄糞
栗御飯
葡萄糖
薮柑子
蒲鉾形
葡萄茶
孔雀草
白蓮教
普陀落
神輿洗
毛嚢炎
海苔味
肺膿瘍
旅篭屋
庚申待
飼葉桶
金釘流
鳩羽色
御蔭祭
八目鰻
姫女苑
茶屋辻
唐芥子
馬糞紙
薮医者
帰謬法
朝鮮飴
堆厩肥
昔馴染
蛸配当
五十雀
流暢性
此方側
苔清水
補綴科
淋巴腺
茅台酒
隼人瓜
微塵子
蛸坊主
姥百合
鱗片葉
瓦斯灯
挺対協
黄金柑
辻強盗
翰林院
鬼胡桃
稚仔魚
手鞠花
小獅子
茶毒蛾
角閃岩
浮塵子
末梢的
元嘉暦
治部卿
歌舞妓
有蹄類
鰭脚類
醤油粕
海軍卿
琉球犬
翠緑玉
芙蓉峰
女伊達
藁工品
白珊瑚
煽動家
花一匁
野牡丹
早苗饗
御雛様
蘇悉地