信憑性
爬虫類
屁理屈
花崗岩
曼荼羅
蜃気楼
天麩羅
長襦袢
肛門科
膀胱炎
几帳面
手榴弾
駄洒落
絆創膏
黎明期
鍼灸師
排泄物
膠原病
腱鞘炎
蕁麻疹
水餃子
嗜好品
動脈瘤
静脈瘤
扁桃腺
琥珀色
嗜好性
阿闍梨
霊柩車
土蜘蛛
綺麗事
曼陀羅
薔薇色
賽銭箱
五月蠅
水疱瘡
撥水性
生牡蠣
贔屓目
白薔薇
茉莉花
猜疑心
矮小化
頸動脈
贅沢品
罹患率
鳥瞰図
拮抗薬
操縦桿
水羊羹
八咫烏
朧月夜
臍帯血
小綺麗
輻射熱
祭囃子
山椒魚
超弩級
乖離率
下剋上
扁桃炎
胚芽米
黒薔薇
囃子方
炭疽菌
胚移植
寂寥感
躁鬱病
涅槃図
義捐金
肌襦袢
胚盤胞
顆粒球
遣隋使
出囃子
金屏風
新生姜
獅子吼
熨斗紙
盂蘭盆
抒情詩
屏風絵
敵愾心
紅薔薇
橋頭堡
卓袱台
榴弾砲
稟議書
紫宸殿
膵臓癌
悲愴感
黒蜥蜴
膀胱癌
肩胛骨
俯瞰的
玉蜀黍
罹患者
涅槃像
二重瞼
綺羅星
涅槃会
濾過器
明晰夢
腎盂炎
闖入者
屈腱炎
婆娑羅
鎖帷子
栗饅頭
小豆餡
抒情歌
吐瀉物
半襦袢
攘夷論
鬼蜘蛛
扁平足
攪拌機
御神籤
欺瞞性
頸肩腕
夾雑物
薔薇族
罹災者
箝口令
滲出液
腓腹筋
猥褻物
麒麟児
秋海棠
巫女舞
野薔薇
偃月刀
俯瞰図
已然形
姨捨山
藪医者
閻浮提
顆粒剤
巫女姫
籐椅子
赤蜻蛉
演繹法
天疱瘡
天鵞絨
山梔子
齧歯類
狸囃子
洒落本
蜻蛉玉
牡蠣鍋
島嶼国
土一揆
間歇泉
薔薇柄
凌霄花
紅蜘蛛
浚渫船
霍公鳥
菠薐草
芋羊羹
掻痒症
火山礫
炸裂弾
肉襦袢
教誨師
甲冑師
閻魔王
産褥期
胃痙攣
熨斗袋
揺籃期
盧遮那
膿痂疹
小手毬
巫山戯
自在鉤
炭疽病
閻魔帳
熨斗目
小倉餡
土饅頭
撹拌機
霰粒腫
頸椎症
扁平率
蝙蝠傘
御洒落
緘黙症
衒学的
独擅場
擲弾筒
總本店
猩紅熱
孵卵器
牡蠣殻
経帷子
篆刻家
山毛欅
曼茶羅
大臀筋
山翡翠
巫女姿
涅槃仏
青薔薇
一重瞼
撥音便
洒落者
依怙地
蜘蛛糸
針生姜
傀儡子
内胚葉
赤薔薇
平蜘蛛
一闡提
濾過機
籐製品
嚥下食
亜砒酸
慰藉料
輜重兵
国衙領
膠着語
身贔屓
水疱性
水疱症
誣告罪
湯帷子
鐵工所
燻製器
健啖家
藪柑子
人面瘡
真牡蠣
熨斗鮑
花茗荷
骨粗鬆
疥癬虫
癇癪玉
兌換券
魚鱗癬
下睫毛
瀝青炭
煉羊羹
杜鵑草
中心窩
木天蓼
弩級艦
莢豌豆
警邏隊
鎮痙剤
山牛蒡
摩訶衍
聖譚曲
鼠蹊部
蒟蒻芋
嘔吐症
膣痙攣
蜘蛛手
止瀉薬
葛饅頭
匍匐茎
温罨法
麝香猫
冷罨法
糸蒟蒻
磨羯宮
火蜥蜴
孀婦岩
麒麟草
儀仗兵
檳榔樹
囃子詞
斬奸状
鱗翅類
徘徊者
饂飩粉
水蜘蛛
絨毛癌
肛門期
膃肭臍
蔓薔薇
鯣烏賊
訓詁学
手毬花
雰圍氣
蝦蟇口
火熨斗
轆轤首
棊子麺
膵臓炎
牛蒡子
竹蜻蛉
抛物線
牡蠣飯
青豌豆
内熨斗
外熨斗
蝙蝠男
地蜘蛛
毛繻子
白膠木
愛嬌者
糸蜻蛉
薔薇水
筍医者
真子鰈
嬶天下
黄蜀葵
枕屏風
牡蠣貝
直腸瘤
朦朧体
酢牡蠣
胡頽子
岩躑躅
三毬杖
牡蠣油
讚美歌
蜘蛛膜
鼠咬症
鴨跖草
薔薇窓
莢隠元
含嗽剤
石榴口
肛門痛
山躑躅
川蜻蛉
盧舎那