足早
早見
大火
口上
三女
早生
二男
土人
五山
子音
白目
大男
本村
上町
年男
出入
一石
中一
雨林
目上
正木
足先
生気
大玉
水音
千三
青田
手中
車上
五大
火気
王立
音大
校名
六花
王手
赤土
日足
土中
入水
人人
金糸
川中
早足
林立
出足
口中
川下
上中
七三
出目
下草
小木
男気
生糸
生年
大子
山人
小玉
上気
手水
校生
村立
赤玉
赤目
小手
木本
出立
一山
水天
休学
四男
気学
白花
千草
空耳
土足
赤白
日子
天人
白日
小金
名文
文月
村雨
中三
小村
下火
千手
上水
年休
一中
名車
青竹
二手
本草
雨男
山女
二女
草子
足手
正中
百花
木口
小字
小耳
空力
白土
早出
雨空
目目
赤本
白糸
口金
人足
青字
玉石
手玉
生足
立入
名木
青虫
正本
小六
車名
草本
左耳
中文
中生
千金
生音
金石
天水
下女
土石
雨中
糸目
天目
一糸
山山
右左
口火
大八
右耳
十手
正文
大水
中足
山男
小三
先年
白田
目力
雨女
生水
目見
立見
大一
一雨
赤貝
口車
赤青
上目
小犬
年子
日文
水土
村名
下足
四足
耳目
見出
見目
雨足
年女
一花
下男
空木
百足
玉虫
夕空
五男
上上
玉音
山犬
本手
名犬
上白
中子
中中
空車
赤水
上天
土気
女手
中耳
字名
中正
本四
一水
正字
四女
小力
本生
青白
立正
夕月
生木
水火
火車
下人
中天
赤犬
小男
下下
山月
大力
雨月
名子
村下
青土
赤虫
青草
入川
天中
火入
下左
上左
上右
先入
火中
中手
火水
男手
入村
小文
青花
大足
水先
水文
手入
花立
一白
字音
小名
八手
白文
百千
天天
八白
子中
月花
花入
花車
月足
青石
赤花
上木
青天
水村
糸車
人月
玉手
九字
一天
三水
年年
大円
中音
一入
小足
三下
下右
早耳
小水
王林
正大
名花
月月
休出
六白
女山
日女
先王
早月
子年
花水
青玉
見立
人日
文名
本金
天火
大白
入日
白赤
青本
金文
白白
日車
女学
中気
千木
木耳
日王
川水
小五
中右
金気
花林
天花
山草
花人
本立
中水
花金
中力
出山
水石
大入
金口
車力
先出
赤口
音名
七赤
人山
木木
五王
下糸
小二
五女
円月
左中
気口
正金
天金
中口
小見
林学
小子
上玉
出校
八字
上口
白雨
中入
目土
気音
林木
空音
町町
赤赤
一下
花文
赤金
小目
町石
空山
生日
生生
上生
五音
校本
草生
小四
白犬
四手
校下
正見
金力
林下
百出
青青
一草
子子
右中
月草
月白
青林
川音
赤月
花生
中金
小円
九天
川虫
小火
中人
円上
耳石
文金
花名
火土
下天
空目
女男
林中
円本
石子
字中
文目
竹木
大女
下目
一夕
木竹
力水
青水
白字
金花
木石
上糸
日金
山子
八目
生玉
二王
森森
正立
木人
口入
町口
下生
男木
空文
口口
王水
学人
小虫
女木
小女
木気
下学
石人
金円
入子
人天
大赤
下名
学林
村村
青貝
名石
正円
天青
先学
月水
年百
石竹
山土
下文
入玉
本字
先先
入林
右玉
金字
赤糸
水糸
本月
大貝
中字
正音
空空
先山
大犬
虫草
田虫
四王
目名
中左
年玉
王土
上土
木玉
木生
川竹
女力
人王
小休
中男
月名
火玉
白下
口早
糸玉
石火
白月
石中
男王
大耳
力車
女竹
力糸
音字
上火
本水
手木
玉糸
早天
山気
石女
人音
千千
山立
月休
花草
下口
日休
玉目
田土
出女
水手
赤耳
花石
気水
花下
名下
水足
水人
草草
耳下
手早
木中
立金
火石
目木
火田
学石
小車
文車
水貝
女気
八口
人本
手車
木草
中休
白本
十目
生立
正目
赤手
上文
糸竹
石文
口女
手金
早早
音学
円石
正学
気早
口下
山雨
正正
女花
青女
入木
花雨
出花
下木
花虫
力足
休石
山千
先口
右文
口白
円文
出車
天耳
生天
青金
名玉
円口
玉玉
虫気
耳上
生下
入気
雨気
火休
天円
火足
六入
目早
生金
雨花