酒粕
悶絶
咀嚼
推敲
坦々
倭人
堅牢
呑気
炒飯
毅然
奇蹟
口々
檀家
聡明
庇護
化膿
綜合
朦朧
靭帯
鵜飼
頸部
紫蘇
改竄
姑息
風靡
深淵
怒濤
蓮根
灯篭
嬉々
上洛
荻原
芸妓
芙蓉
仔猫
二胡
恍惚
緋色
南瓜
豹変
猪口
亢進
点々
冒涜
鐵道
高嶺
菩提
御嶽
栗林
叡智
斑鳩
胡桃
渋々
吃驚
明晰
薩長
肺癌
庚申
迂闊
埴輪
鞍部
眼瞼
紅蓮
蒲焼
噂話
聯合
弘法
牢獄
青函
外苑
雛形
粉々
什器
凋落
稀有
重々
扁平
糞尿
狡猾
西瓜
一瞥
狼狽
袈裟
倭国
溜池
手摺
御輿
片鱗
澱粉
眩暈
吊橋
団欒
灌漑
被曝
胚芽
蒐集
任侠
杞憂
坐像
歯垢
衣笠
胃癌
先鋒
蓮池
麻疹
黒鯛
前哨
黒麹
猥褻
熱燗
曳山
闊歩
常套
朱鷺
挽肉
邂逅
天竺
棲息
頚部
八卦
高々
山笠
大嘘
髑髏
蒟蒻
罫線
粉塵
上智
撹拌
納竿
膠着
蜻蛉
我侭
錯綜
操舵
相槌
何々
爛漫
躯体
竪穴
敬虔
相姦
饒舌
讃歌
笹原
膠原
山葵
太腿
胆嚢
村々
震撼
接吻
嗚咽
帝國
按摩
鷹野
蝙蝠
撫子
棺桶
血漿
紺碧
直々
反芻
雀荘
駄々
逼迫
花魁
燈籠
豊穣
外套
程々
烙印
白鷺
白洲
芍薬
白鳳
茉莉
飄々
噺家
郁子
枇杷
苦悶
再々
昏睡
白龍
島嶼
並々
半纏
鴨居
更紗
襦袢
昔々
萌芽
藝術
贖罪
瓢箪
得々
牛蒡
辻堂
空挺
鬱蒼
芦原
牢屋
天誅
睫毛
防錆
教鞭
敏捷
厨子
饗宴
縮緬
舞茸
花笠
佛教
黒龍
灼眼
辻褄
橙色
蒼白
乾癬
呪詛
寵愛
嚢胞
膣内
吃音
米麹
跋扈
矜持
急峻
夕凪
曝露
軋轢
逡巡
幇助
親爺
静謐
塩竈
駕籠
詩篇
飛龍
精悍
鈴蘭
矩形
薄々
耽美
水飴
登攀
猛禽
茫然
繁昌
罵詈
寓話
抒情
黙祷
放蕩
撹乱
穿孔
錦鯉
梵字
喧伝
呆気
誤謬
僭越
冬瓜
一閃
収斂
酋長
涵養
褥瘡
公卿
星々
龍騎
柘植
出來
扁桃
黄疸
弥陀
逆鱗
龍王
銅鐸
趨勢
鞍上
梵天
檸檬
莫迦
鞭撻
墓苑
我儘
宦官
桐箱
目眩
挽歌
合鴨
凌辱
慟哭
思惟
茗荷
稀代
伽羅
篆刻
閾値
矮小
困憊
沐浴
内々
垂涎
蘭学
顰蹙
酩酊
瓦斯
沢庵
激昂
穿刺
創痍
黒々
脱糞
嫌々
伍長
逍遥
補綴
白癬
北辰
草鞋
体躯
酒肴
障碍
味醂
山鉾
交叉
薀蓄
靱帯
空蝉
鈑金
長篇
蒼穹
寅年
喧噪
煽動
齟齬
臀部
泡沫
旭日
湯呑
蛆虫
痔疾
端々
草庵
防塵
双眸
鉄槌
釣竿
精々
薙刀
卯月
宿禰
逢瀬
半衿
楊枝
浚渫
饂飩
阿弥
剃刀
潮汐
暗渠
眷属
大祓
投擲
遅々
上梓
屠殺
拿捕
焚火
茅葺
庖丁
文藝
頸椎
杓子
蜥蜴
梵鐘
甘栗
洛中
杜撰
白兎
揮毫
蒲団
獰猛
白檀
柴山
針灸
滝壺
黒檀
疏水
発癌
燦然
瀟洒
奇譚
白蓮
憮然
叛乱
娑婆
残滓
種蒔
工廠
摺動
痔核
星屑
特撰
輻射
狼煙
脾臓
燗酒
壬申
磯辺
車輛
朋友
謗法
八朔
猊下
柏餅
棍棒
闊達
文禄
洛西
法帖
豊饒
横槍
飛燕
暢気
苛々
風疹
真贋
燭台
小柴
曾孫
優駿
逗留
残渣
柄杓
強靱
浅葱
清冽
攪乱
惹起
綺羅
曳航
石鯛
演繹
偶々
象嵌
杜仲
桂花
贅肉
菱形
牡牛
萌黄
煉獄
追々
砂礫
洛北
黄龍
頬杖
不埒
木蓮
麹菌
扮装
水疱
花卉
忌憚
竿先
茅原
成蹊
光芒
毛蟹
畠中
砂塵
偕楽
桂枝
腫脹
兵站
節々
腫瘤
砒素
三叉
芥子
篠笛
棲家
悲愴
贋作
髣髴
葦原
火焔
金襴
讀賣
阪堺
嬌声
金龍
蘊蓄
潅水
誰々
躑躅
狭隘
北國
辺鄙
蝸牛
托鉢
茜色
瀑布
膵炎
烏骨
開梱
鼎談
椿油
大學
膿瘍
竪琴
元寇
猜疑
易々
聖蹟
春蘭
極々
生麩
洛南
阿吽
修煉
同朋
御伽
篭城
螺鈿
研鑚
吾々
装幀
宋代
未來
軽々
磐石
御簾
反駁
惨憺
小姐
切々
餡子
史蹟
鼻糞
潅木
水蓮
餓狼
金柑
胡弓
阿片
智弁
牡羊
癇癪
鋸歯
國學
丞相
紅鮭
山彦
屹立
塹壕
永劫
蘇芳
豪奢
砂埃
水垢
龍宮
熊笹
伊邪
手毬
云云
仔細
蝶番
襖絵
馴染
木瓜
順々
入厩
栗色
銅鑼
龍虎
大凧
恩寵
溌剌
臍帯
生簀
花菱
雨樋
笠木
金槌
仇討
店鋪
眼窩
煌々
糞便
錫杖
國民
蟷螂
悶着
蜜蝋
樹々
足枷
暗澹
柘榴
手垢
呵責
下腿
萩焼
骨壷
直播
燦々
家禽
蒼空
袱紗
夕餉
胸腔
組紐
駱駝
仔牛
珪素
狼藉
啖呵
篝火
屠蘇
大楠
蝋梅
溜飲
隠遁
小槌
躁鬱
憔悴
公苑
夭折
灌水
挺身
画鋲
瑪瑙
鷹匠
後裔
誤嚥
道々
寂寥
葵祭
榴弾
岩稜
淋病
按分
聖餐
蒸溜
胡坐
鶏糞
酒呑
飴色
縦縞
古稀
倭寇
餞別
霊廟
閏年
湛水
俎上
帷子
瘢痕
廻船
山姥
馬蹄
鴨肉
瑣末
雪庇
瓦葺
炭疽
燈台
鰻屋
馳走
萬葉
滲出
籾殻
窪地
朗々
桶屋
蓮花
瘴気
集塵
尖塔
罹災
簒奪
下々
旱魃
不躾
稟議
富嶽
蹴鞠
魍魎
鬱々
莞爾
竿頭
蟹座
一縷
珪酸
其々
桂馬
庵主
朔日
文學
寒々
地磯
鷹揚
灌木
箏曲
秋鮭
波瀾
牡蛎
角錐
穢多
飴玉
鍍金
姦淫
魚醤
耳朶
禰宜
手斧
酒樽
妖狐
民藝
腋臭
杖立
甘藷
畦道
湊町
電燈
耳垢
甘鯛
小姑
嘉納
箴言
匍匐
管渠
珪藻
春霞
人智
累々
牛糞
侠客
剃髪
嫁姑
紫檀
峰々
俘虜
無碍
土嚢
末廣
猥雑
和讃
魂魄
杜若
只者
只管
隠棲
狼男
錚々
洒脱
隆々
婉曲
御蔭
脛骨
扁額
撚糸
紙屑
読誦
薬莢
碧眼
僥倖
啓蟄
青蓮
環濠
雀士
白蟻
石榴
芒星
書肆
分祀
麦藁
畢竟
其方
吾人
仔羊
肝癌
学苑
槍玉
丑年
學校
福禄
汐見
吻合
斯様
甘々
蠍座
城砦
緞帳
武侠
耕耘
兎馬
此度
荒磯
昂揚
通牒
竿燈
笠懸
脱兎
曳行
寵児
玻璃
紗綾
龍頭
嵌合
苔玉
鎧兜
落伍
茶杓
巷間
毛鉤
松濤
牡鹿
按配
讃美
牽牛
坩堝
憐憫
草々
行燈
屍体
臓腑
鯉口
艤装
雲龍
烏合
蟄居
戊辰
馬糞
明礬
山稜
黄檗
竹槍
粟野
疥癬
訣別
昏倒
町々
水棲
善哉
峻別
輻輳
跳梁
閘門
蒙昧
大智
神苑
白狐
不逞
落雁
國家
袴姿
態々
愈々
灌頂
姦通
米糠
斟酌
仇敵
木桶
煩悶
音叉
馬喰
辛夷
晦日
關係
遁甲
轟沈
転訛
琺瑯
磐座
燐酸
雁木
鳩尾
磐越
小鯛
神祇
八洲
赤々
竹竿
蠕動
独伊
掠奪
茶筅
滔々
凛々
驀進
篆書
鼠径
草莽
八紘
豹柄
舌苔
枡形
東夷
梃子
謀叛
法螺
叢雲
折檻
砥粒
庫裡
徽章
疱瘡
遊廓
咳嗽
辛亥
柏葉
神饌
爾来
木屑
元氣
樽酒
塩鮭
白餡
燈火
胸糞
嚆矢
粒々
褒貶
種籾
棕櫚
椿山
次頁
絨毛
腰紐
栗毛
粕漬
粗忽
洛外
憤懣
腎盂
遁走
獺祭
厩務
雛壇
大蒜
営々
鮟鱇
蹄鉄
大鷲
洋々
日蝕
老獪
柾目
恰幅
三絃
腐蝕
敷衍
次鋒
温灸
肋間
慧眼
滝壷
猪肉
惣領
竹藪
虹鱒
暗誦
瞽女
胡同
茯苓
手牌
朴訥
當時
藻屑
大濠
柴胡
擾乱
怨嗟
靴紐
霹靂
國語
凱歌
朝靄
喀痰
勅撰
飯盒
爺婆
厭世
聚楽
邯鄲
鍾馗
聯隊
捺染
塵芥
毛氈
披瀝
豆柴
舳先
嬰児
木挽
嚢腫
寓意
褪色
黒豹
栗鼠
讒言
鴨鍋
木苺
喜々
埴生
塵埃
玄蕃
防蟻
耽溺
産褥
膣口
蒼龍
義捐
人糞
尾鰭
甜茶
綸子
銀箔
碧海
無辜
馬謖
屍鬼
大堰
倭王
開闢
甜菜
独鈷
雪蓮
胡座
諫言
鼈甲
横縞
梵語
木槌
霊苑
戌年
銘々
開智
白燐
放屁
厭離
荼毘
洋蘭
栴檀
娼館
遥拝
淵源
諡号
渾名
灰燼
猩々
皆々
諧謔
檜皮
仲々
靭性
溪谷
剛毅
銀嶺
和姦
胚盤
目糞
竹薮
雪兎
唯々
猿轡
総檜
碍子
油粕
轆轤
哄笑
木犀
手筈
配牌
背鰭
剪断
池塘
幇間
膵癌
羊蹄
遥々
刺戟
愛妾
頽廃
高邁
双龍
矢筈
小笹
闖入
彌生
泥濘
撰集
礼讃
腋毛
茶漉
瞠目
編輯
駈歩
先鞭
何處
小咄
悉皆
腺癌
沸々
花筏
蝦蟇
桃李
喬木
姨捨
諷刺
勁草
海鼠
相剋
布帛
尖兵
叉焼
漕艇
手鞠
前篇
燦燦
臥竜
眞人
剣戟
坐薬
剣呑
繚乱
狐火
皮疹
瀧口
念佛
陥穽
防禦
千々
明々
剃毛
大匙
怜悧
汲々
惚気
慇懃
忸怩
間々
揺籃
茱萸
喀血
蛹化
雛型
後塵
義侠
楚々
螺子
仔魚
麩屋
尊攘
鹵獲
艱難
鴛鴦
手桶
大龍
月蝕
粉瘤
仰臥
錐体
弘報
曙光
糞虫
刮目
隘路
気儘
燐光
饗応
綺譚
追儺
剽窃
奴婢
樟脳
初鰹
瑞雲
国衙
杣人
喘鳴
些末
壺屋
廟所
別嬪
驟雨
世々
橈骨
混淆
播但
帰趨
直截
仔馬
跛行
鳥瞰
貴賎
嘔気
瓜田
汗疹
視姦
嗜虐
油壺
海棠
四阿
金鯱
若鮎
茶壷
癲癇
阿含
几帳
後篇
厭味
蛭田
胚葉
遣隋
朧月
創祀
野蒜
徐々
石祠
巷説
石斧
逢魔
比賣
糸瓜
小噺
樋門
又々
侘助
肩紐
脱肛
波濤
土埃
弘通
掻痒
贋物
笹屋
麝香
桜鯛
模糊
臙脂
兎角
鵜匠
走狗
中篇
緋桜
槍術
艶々
腋窩
茫洋
沈澱
窮鼠
友誼
途轍
祠堂
鉤爪
木樽
罹病
老爺
茶托
荒砥
泥鰌
碩学
帰厩
汁椀
鱗片
兌換
茶壺
吾子
膨脹
紡錘
押捺
灌流
可撓
馥郁
驢馬
壊疽
龍華
侵蝕
帝廟
尖端
懊悩
淋菌
雛鳥
経綸
帛紗
淫猥
新梢
奥駈
玲瓏
鸚鵡
聾唖
英智
麾下
家鴨
薩軍
篳篥
智者
轟々
横溢
松柏
白々
血糊
杏林
蜉蝣
神智
蚯蚓
事實
工藝
粕汁
騒擾
濾材
鉄屑
結紮
紅麹
烏龍
燈篭
胡粉
蒸篭
正鵠
鞭毛
蒼海
口吻
大甕
酉年
些事
蒼樹
燈明
上巳
畦畔
寒椿
脾胃
焚書
恢復
智人
廻転
菅笠
本鮪
乾坤
階梯
喇叭
綾織
内腔
楊柳
鉗子
誅殺
糸鋸
焼灼
山鳩
覿面
桿菌
石蕗
颱風
阿漕
魏軍
厖大
函数
亥年
海燕
社叢
智謀
死屍
奢侈
五蘊
狐狸
飯碗
去痰
吊革
髭面
禿頭
博奕
長槍
叢生
事蹟
膾炙
綬章
木槿
銅箔
娼妓
頁岩
智徳
清々
恐々
済々
賤民
赤錆
併呑
繋留
此岸
旗竿
歩哨
腔内
反撥
駿馬
雛菊
粒餡
革紐
少輔
豆冨
樫樽
叛逆
苦瓜
寫眞
類聚
國際
席捲
鯉幟
毘古
寂寞
鰻重
膏薬
杵柄
腓骨
薨去
磔刑
論叢
屡々
磯場
鎮咳
水苔
睥睨
芦毛
目々
檀那
麗澤
銑鉄
爛々
緘黙
礫岩
鎮撫
竪堀
蘭花
内腿
城趾
黒蝶
丑寅
熔岩
無智
海嶺
拇指
瑞光
夜鷹
羅紗
燻煙
煤煙
鼠色
膵管
頸癌
糊化
梧桐
猪子
枸杞
蓑虫
鳩舎
氷瀑
註釈
大鷹
彎曲
龍笛
檜垣
連翹
娑羅
笹竹
痔瘻
寒蘭
褶曲
骨壺
櫛形
間歇
総桐
呻吟
傘鉾
三椏
口髭
蘇鉄
膿疱
胡乱
女衒
飴屋
襤褸
按司
綿々
鰻丼
禿山
雁首
桃栗
長葱
燻蒸
撒布
手々
智将
鮫肌
拗音
破瓜
規矩
花椒
竿灯
天佑
糞女
蒼然
蹉跌
気侭
奉祀
桂皮
檄文
片栗
下賎
鎌鼬
女豹
葉腋
烽火
智識
倭文
舵手
龍翔
脚絆
鱗茎
花椿
雉子
鬼哭
爛熟
不撓
忖度
干瓢
白蝶
縞柄
連繋
矮性
曝気
炸薬
紐帯
懈怠
浅茅
蟋蟀
雁行
宗廟
団栗
菱餅
稚鮎
狗肉
行李
黙々
外濠
甌穴
斯界
頸管
柑子
軒昂
宥和
緞子
星辰
肉桂
甕棺
耄碌
縷々
聯盟
子狐
快哉
椀物
龍脈
字牌
官衙
夜々
萬寿
野糞
梔子
瑞祥
糊塗
渾沌
鰯雲
晴々
萼片
板葺
平仄
潅漑
笹舟
緑膿
頚管
庚午
輜重
橋杭
沽券
瞑目
諾々
磯竿
澪標
落胤
倍々
屎尿
秤量
気魄
小祠
排膿
糠床
隆昌
連雀
銀鱗
稀薄
膣炎
屈腱
脳裡
昂奮
廻廊
隅櫓
繻子
漁撈
青蛙
白鳩
纏足
胚乳
抗癌
究竟
猥談
公娼
三碧
間諜
匕首
花蕾
雨蛙
茶粥
瑞垣
競漕
茫漠
訊問
阿字
辰砂
耐蝕
衿元
大鎧
諒解
馴致
巨躯
稲藁
俸禄
朝餉
灰釉
蠱惑
屍骸
書翰
瑞宝
日蘭
蔬菜
稀覯
徃來
搦手
慰撫
龍飛
蝶貝
叡知
茫々
科學
楊子
鶺鴒
襖紙
壬辰
矢鱈
湯桶
吐瀉
紫蘭
攣縮
穢土
日蔭
奉奠
曠野
夜伽
譬喩
増々
臥位
瑜伽
鳶職
鍬形
稠密
阿礼
前翅
瓔珞
和竿
茣蓙
更々
躁病
神籤
妓生
手枷
臥床
大樽
真鱈
捲簾
逢引
猪鍋
浅蜊
柏手
篭絡
封緘
智歯
黄楊
幣帛
戰爭
不稔
胚性
薬疹
輿論
只々
闘牌
周濠
癌化
裂肛
纐纈
碧玉
実籾
洗堰
胸鰭
鱗粉
蛸壺
鯖缶
秘蹟
乙巳
蓮台
松籟
恩讐
龍勢
喧々
禽獣
秦王
偶蹄
海嘯
野兎
宵々
脊梁
朝凪
其處
桐材
矮星
帚木
賎民
厭戦
総苞
鯛焼
銀狐
遺蹟
柴垣
龍鳳
閼伽
匪賊
卓袱
本篇
仇名
峻厳
水呑
苧麻
白鬚
轢死
掩体
曳船
坦坦
炬火
此奴
毘売
豌豆
淫蕩
闘龍
阿形
藤袴
跫音
毬藻
舌鋒
學生
衒学
芒種
蹲踞
濾紙
防諜
竹箒
天狐
吝嗇
備讃
蟹肉
鳶色
駕篭
顛倒
大鳳
雪嶺
會社
陰翳
製鐵
薯蕷
墨蹟
寓居
白萩
夾雑
画帖
驕慢
聾者
鏑矢
酒盃
註文
悄然
氣功
僭称
体癌
辰年
縊死
條件
埒外
交々
爾後
知悉
櫓門
葦毛
桎梏
題簽
鰐口
慙愧
迂遠
横臥
碧空
諤々
膣壁
放埓
梁塵
田螺
手槍
戦斧
荒鷲
龍剣
硯箱
蝶形
地祇
戌亥
首魁
午餐
印綬
燎原
笹藪
撞木
藺草
沢蟹
齲蝕
辛酉
床几
風蘭
楊梅
隋書
迹門
耶蘇
廻向
囲繞
濾胞
雄蕊
蘭方
胃瘻
屹度
木蔭
已然
俘囚
井堰
尖頭
弘大
黒鷲
管絃
膂力
経膣
浩然
仁侠
根尖
侠気
讃嘆
胡散
女狐
味蕾
脹脛
虎杖
蓄膿
李下
閏月
柚香
伊和
阿房
小鷹
綸旨
外國
桜蔭
鯛飯
大掾
些少
篠竹
擲弾
櫓台
水沫
奸計
水龍
惹句
続篇
交趾
叛旗
上臈
陣笠
檀徒
魚鱗
勝鬨
祇王
施釉
煤竹
慚愧
註解
渾然
姑娘
電鐵
夭逝
琉金
体腔
譴責
咬傷
地涌
笠鉾
貴賤
丘疹
以來
閻浮
龍女
雪稜
黒髭
訥々
家禄
嗜癖
錦繍
夷狄
鼎立
燕尾
韜晦
尤度
碧水
金狼
後翅
撰者
綴方
媚態
惟神
當然
什麼
萎凋
骰子
痛痒
鼻尖
學問
沢瀉
痙性
海龍
咆吼
寵姫
川湊
頚髄
旗幟
乱杭
海蝕
梁間
下賤
立葵
浩瀚
海豹
祥瑞
本當
麹室
齧歯
孵卵
祖廟
黄綬
鳳雛
蛞蝓
嵌入
蓬生
魔杖
麻紐
社稷
劫火
侏儒
靱性
北稜
麦麹
蛇蝎
庚寅
松笠
唐櫃
巳年
辰己
白鴎
鉄炮
魏晋
夏椿
妓楼
枳殻
輿地
牌譜
虹梁
厚誼
白鞘
禿鷹
讀物
無聊
明烏
雑駁
眷族
鱗状
仄聞
側臥
雲霞
血痰
萌出
疝痛
瘀血
忿怒
羂索
焙烙
緘口
禄高
陀羅
琉璃
畸形
鼻梁
風塵
隋唐
烏瓜
眩惑
狸穴
擂鉢
石鏃
礫層
兇悪
大棗
杜鵑
笠森
自彊
英蘭
龍角
龍眼
聖廟
水桶
古狸
鳳輦
檜扇
鷺草
雲呑
翠玉
糊口
編笠
晩柑
白朮
鹿砦
蔓草
弘誓
吶喊
教誨
頸髄
薩英
脳漿
倭乱
舵角
同衾
投錨
蟇股
檀林
論駁
朝粥
生々
托卵
羽蟻
雪椿
膵島
朋輩
氷嚢
滂沱
白毫
瀉血
藍綬
日伊
火龍
丸鋸
錨泊
役牌
會館
胎嚢
蠢動
咎人
湯灌
壬午
木鐸
汐路
恥垢
緋鯉
蓑毛
琉歌
魏書
佛法
聖櫃
鮭児
入洛
蒼生
峻険
生鮭
峻烈
主稜
苧環
黒兎
七竈
瞋恚
花崗
聯想
男雛
辻占
鈿女
開咬
寵臣
臥牛
紛々
諷詠
瘡蓋
白樫
粛々
女雛
砂洲
腱膜
証憑
賞讃
袢纏
奇瑞
葺石
俎板
卯年
肉襞
銀蝿
頚癌
筺体
慰藉
糠漬
小匙
名牝
私掠
轟轟
紙漉
拇印
梓弓
岩屑
除塵
痩躯
秋也
小萩
凧糸
寺々
茶藝
街々
砕屑
白葱
旅篭
梁山
麹屋
偏諱
玉梓
樣子
閃緑
真蹟
小學
遁世
鳳仙
儀仗
白楊
雄渾
栄螺
膏肓
茴香
矢絣
傭船
畢生
雛祭
幟旗
樋管
妾腹
糯米
癌研
膵液
而今
滄海
珪砂
金鷲
交誼
杖道
坐剤
慷慨
践祚
蝦蛄
鵞鳥
萌葱
萬事
葉鞘
蹄跡
胚珠
褥創
尖鋭
蒼々
立錐
竣功
浮游
早蕨
遊侠
単于
竪坑
鄭重
立雛
碾茶
草叢
贋札
面舵
鞍掛
廟堂
銀鮭
閨閥
屑屋
毎々
目釘
苔癬
大々
鉄兜
逼塞
符牒
戦塵
背嚢
砂嘴
溢水
刺鍼
奸臣
橘樹
煥発
瘻孔
碇泊
文々
掏摸
癩病
悋気
椋鳥
小雀
半跏
懇々
椒房
巡錫
萬世
鳩胸
寒鱈
糞害
煩瑣
伏臥
山嶺
歿後
警邏
媚肉
紊乱
八咫
同樣
惻隠
炭礦
漿液
椿事
矍鑠
酢橘
雁塔
輔弼
馴化
脆化
馬廻
軽佻
智力
瑞枝
定聚
囂々
恋々
龍穴
碁笥
青鞜
爬虫
初雁
雨霰
牝牛
堡塁
糟糠
孩児
珪石
寛恕
垂迹
花橘
牝犬
庵室
證券
疣贅
尖圭
鹸化
蟻塚
装蹄
無謬
粗朶
撥音
神籬
永訣
傳統
鱗翅
沓形
鴟尾
月桂
鳥篭
雇傭
都々
龍胆
呉々
湯垢
石槨
木蘭
津々
革鞄
感覺
豆粕
区々
黴菌
断乎
隈取
養鰻
育雛
放擲
歸國
昼餉
屑鉄
漫畫
掩蔽
辮髪
鱈子
青葱
毒蛾
霍乱
档案
光榮
掉尾
斃死
眞相
唐箕
條約
惣門
叢林
桧木
鳳蘭
檳榔
阿讃
寒鰤
骨棘
汀線
角礫
袴着
橄欖
臀筋
金蓮
火遁
燦爛
白瓜
修祓
卵嚢
萱草
華夷
牢番
梅醤
死姦
桐製
綿飴
樽屋
観智
草葺
須臾
幻燈
鮫皮
唐宋
彼此
小鴨
牢人
舅姑
白椿
怖々
水嵩
撞着
踵骨
屠場
磁歪
歴々
狐色
按察
鹿茸
白皙
綽名
郡衙
国蝶
娩出
脳梁
娘々
検屍
癌腫
根柢
妓女
蕉門
慈姑
昵懇
垢離
飛蝗
大梁
叩頭
花筐
秘帖
晋山
濛々
雌蕊
贋金
碗皿
發見
炎龍
旧蹟
妻妾
悶死
桐花
鎧戸
蓮葉
名妓
凛凛
燕雀
乾姜
訳註
青鷺
胎仔
木菟
漕手
腎癌
檀紙
打坐
大鋸
空咳
舌癌
地曳
灌仏
熔接
燕麦
仏智
桜鱒
雁皮
咬筋
昏迷
錆色
強肴
無礙
船渠
条々
裂帛
巷談
下瞼
商會
現實
凛然
玉兎
梶木
猿猴
頌徳
摩訶
簀子
邀撃
出捐
燐寸
雀頭
諸國
反對
按手
恬淡
紅雀
巫子
桐葉
熔融
阿膠
養鱒
静々
綴織
飯椀
欽定
蔗糖
文苑
瀉心
隊伍
赫々
全國
劈頭
顎鬚
不羈
誣告
利鞘
小癪
巨蟹
菫色
余禄
駝鳥
猩猩
撞球
讀者
秋萩
活溌
黄耆
梟雄
黒釉
白粥
行爲
蟻酸
緑蔭
甘蔗
事々
水溜
胚胎
綜絖
煽情
雜誌
牝鹿
遊蕩
大鉈
真菰
緞通
弩級
僧伽
打擲
赤樫
巻藁
跋文
諌言
固陋
倶舎
製麹
馭者
尖部
石筍
姥神
粟粒
丁髷
戊午
廻国
小鮒
頌歌
朗誦
磯浜
私娼
品揃
木訥
蓚酸
砦跡
虎狼
切屑
入牢
諒承
木蝋
葦牙
龍蛇
祐筆
金蔓
祓戸
腿肉
杖術
朧夜
労咳
僑胞
油蝉
経腟
掻爬
真鴨
瀝青
疱疹
蕉風
筮竹
配祀
鐵工
改悛
鷲頭
阿鼻
防蝕
軽躁
念誦
小皺
宿儺
姦計
白袴
銀鱈
全體
腹臥
征夷
偸盗
健啖
棒鱈
開鑿
橘花
昂進
火桶
怯懦
伏龍
茶筌
碧色
蛙男
濫觴
綺談
毒茸
諮詢
大厦
竹篭
笑窪
燕王
衿芯
櫛笥
子癇
病氣
後撰
萬福
万々
嗄声
藁葺
山栗
相當
三々
危殆
餡蜜
外篇
膵頭
幔幕
飄然
山窩
毬栗
栗石
霊柩
養鯉
茘枝
股肱
小篆
紐付
浸蝕
鉄錆
小梁
糜爛
高坏
獨立
鷦鷯
立杭
已上
丙寅
昂然
鎧姿
戊申
宸翰
白釉
竿竹
義疏
欣求
氣持
烏有
臘梅
芝蘭
卜占
芋粥
汚穢
漿膜
草摺
綵絵
撒餌
焼夷
沈渣
忽然
大盃
掩護
杏露
藪椿
發表
寄寓
膿痂
海棲
硼素
翠色
護謨
桐紋
錦紗
裳裾
三藐
技倆
駘蕩
糧秣
妾宅
僭主
硯石
氣分
幽庵
烏口
戊戌
摘蕾
重錘
洋燈
將來
頓智
確乎
惣太
辻子
桂冠
己丑
郁文
矜恃
翰林
称讃
宏大
玉蘭
狐面
削蹄
野狐
撰述
護國
鉱滓
螻蛄
萬物
鉄釉
瘋癲
丸髷
田畠
前蛹
有棘
崛起
瑞応
偏頗
拱手
封蝋
針鼠
仏伊
真鯉
憂欝
御籤
孩子
理智
闡提
腱鞘
金鵄
痂疹
鉄鼠
銅戈
病臥
壟断
青髭
海堡
涌出
苞葉
珪化
青笹
厨芥
蕩尽
宋書
藝能
酸漿
華胥
銀斧
智勇
疝気
天祐
絨緞
裨益
金匱
飛礫
滾々
干戈
予餞
骨牌
舵輪
青桐
蟠龍
蒼黒
燔祭
歯痒
大鴉
弘教
檜材
野苺
紆余
龍舞
悉曇
馘首
卯建
鯉鮒
石斛
雀蜂
慧日
桐畑
竹笹
内訌
豹頭
鯖節
杣山
柳絮
佳肴
只事
讃辞
歎息
琉舞
静坐
逢着
顎髭
萬人
發展
仔豚
膿胸
縷縷
微々
鷲鼻
紋紗
楔状
藪山
厩肥
槍先
慫慂
歪率
鴨場
嵌頓
諸佛
緑釉
禿藁
俯仰
童蒙
塩鯖
手櫛
鞘腫
上瞼
媽媽
宋元
銀鼠
流寓
古蹟
鶯色
屠畜
龍吟
甥姪
街燈
錫器
蓑笠
壬子
而立
店々
流涎
水甕
鼻茸
稔性
奸雄
知慧
阿諛
宣撫
箒星
腋芽
全麹
才智
焜炉
枝々
櫛目
帰洛
鱗雲
咸宜
罌粟
粳米
瓜子
裳階
旭光
斜頚
掣肘
戊子
宿痾
乙丑
弓箭
挽物
磊落
芹菜
煌煌
騾馬
法爾
太棹
蟯虫
訓詁
欺罔
感歎
痘瘡
霰粒
譚詩
鳥兜
蝌蚪
満腔
蕨餅
凱陣
叮嚀
鋭鋒
己巳
澎湃
區別
專門
潅流
智略
貔貅
畸人
鮎漁
苫屋
花篭
街娼
胼胝
鋼鈑
共棲
巴戦
落窪
手燭
溶銑
曳網
狷介
飯蛸
容喙
憑物
梯団
笠石
蒼竜
黒蟻
華鬘
瀉下
伶人
竿師
恰度
梳毛
丁卯
灸師
太傅
焙焼
試驗
鍼療
冨嶽
樽詰
粟餅
佇立
經驗
鎮痙
腋下
丁亥
充溢
愚禿
穿通
鞍作
躁転
遊戲
魚篭
撰文
製餡
投槍
放埒
前癌
毛槍
梵我
梟首
倭名
脈々
杏葉
呵呵
巨魁
藁灰
稀釈
最尤
狒々
三巴
振盪
蓮弁
登龍
唐黍
福々
恐懼
漢奸
杉苔
蜚語
鉄鏃
痔主
連凧
弯曲
晦渋
卯木
炊爨
灰塵
行縢
會議
火燵
魁偉
木杭
脾腫
落魄
螺髪
侵掠
瞥見
發達
鉄漿
娼家
母趾
輓馬
楚軍
濾液
厥陰
僑報
膠質
鳩笛
分葱
鹹水
滄浪
大蟹
揺蕩
兇器
英邁
錨鎖
截金
紬地
対蹠
瞼板
摸索
幽邃
野鼠
坐位
中砥
庚辰
翌檜
蹶起
觀念
矮鶏
猪突
螳螂
浦々
蘚苔
惡魔
血汐
気嚢
山廬
丁酉
溯上
長袴
六腑
碧雲
粕取
黄燐
縞目
譫妄
釘抜
兜率
痒疹
駿足
戦歿
這松
癸酉
渺茫
開渠
喃語
苔庭
華燭
嗜眠
蝟集
笠雲
正餐
膣錠
緩々
山砦
浪々
雲梯
竿尻
鹿苑
俚諺
蓴菜
腹鰭
鮭鱒
大廈
青苔
口訣
誦経
闘諍
煤塵
展翅
奠都
片々
北狄
鴨東
直瀑
猖獗
掃蕩
屑籠
挌闘
薮蚊
牢内
多數
米飴
甲寅
溝渠
轟然
鱗屑
葦笛
昏々
檀越
濡髪
俯角
悉有
年嵩
蜈蚣
瑞兆
牛蛙
黒鮪
花霞
米櫃
乃公
水禽
髄鞘
後胤
革鎧
野晒
蟇目
紫薇
卑賤
豆狸
轢殺
蹂躪
貪婪
退嬰
刈萱
瀟湘
蘭医
桧扇
精嚢
佛性
炯眼
巨龍
高粱
製函
紬糸
弗素
蘭鋳
鋲螺
藤蔓
磯魚
肺腑
苗圃
胚軸
川蝉
菌叢
辻々
入渠
佩刀
回漕
土牢
羚羊
一匁
揚々
落屑
家兎
輪廓
古筝
漫々
蹈鞴
帯鋸
魯鈍
面皰
陸棲
機智
甦生
中學
大欅
蕩々
危險
橙黄
駸々
万朶
閨房
籤運
笹身
中臈
申酉
洲浜
櫛歯
挺進
鉾先
莫逆
鋪装
宝筐
蟻道
赤埴
都鄙
岳樺
蛇苺
俄雨
枡席
槌音
西戎
惣代
雷霆
孝悌
戀愛
罨法
法匪
硼酸
蕩減
倭館
先秦
遊弋
遺址
嵩高
日宋
着袴
穿鑿
智能
杣道
膿性
震盪
佩用
祝祷
点燈
繃帯
隕鉄
紺綬
聖寵
陰々
足趾
呑屋
斯道
日雀
山襞
濡場
周圍
梁書
衿裏
鯉魚
湮滅
蝴蝶
褌姿
稗史
子狸
自摸
綸言
藁屋
柞原
呑吐
試錐
旅烏
脾経
判斷
烈々
玉簾
癸未
鉦鼓
癸亥
剽軽
馬鞍
海鵜
祠官
血膿
蛸足
茅屋
広衿
蕭々
蘿蔔
跣足
辣韮
叛徒
颶風
剪除
腰蓑
洗滌
六臂
賞牌
正坐
譫言
一雫
数牌
楮紙
辻番
逗葉
声々
忌諱
頻々
諄々
魔狼
乙酉
臘八
内濠
扼殺
名稱
塵肺
秋霖
彷書
烏頭
白堊
尖峰
荊棘
呵々
醴泉
倦厭
菱垣
鷹場
水遁
臍下
隼鷹
要訣
鞘当
欠缺
橈側
陋巷
雪豹
讃歎
巫術
懶惰
干魃
自讃
麦稈
力瘤
計畫
權利
重祚
聚落
楔形
雀卓
復仇
轢断
耽読
安々
青痣
干鰯
頭陀
蜜壺
弑逆
参篭
土匪
頂稜
恁麼
柴燈
施灸
姪孫
宋学
謦咳
点睛
花簪
辛巳
天稟
繼續
特輯
本迹
著莪
藪蚊
躯幹
痰壺
裳着
蒼蝿
狡兎
鋪道
機關
叡慮
慳貪
溢流
苑地
縹色
蹌踉
嫣然
金牌
斜頸
聨合
叛意
気焔
花筵
跋渉
司厨
山雀
丁丑
祓詞
心裡
襁褓
含嗽
金盥
秦軍
嚢中
隈笹
桐油
殷代
鷺舞
蒼茫
烏羽
膺懲
蟹股
水濠
鳶尾
大櫛
漆箔
對象
讒謗
囮役
綾杉
彫琢
岩茸
叩打
糊代
劫罰
炮烙
棉花
濡衣
鳶頭
花鰹
燕子
縹渺
性慾
榕樹
赤蛙
闡明
半蔀
桧皮
一碧
證據
碧巌
論註
迦羅
嘘話
辛卯
筆蹟
瀰漫
膣穴
茜雲
燐鉱
焚口
入宋
扁鵲
炒麺
釘打
姥桜
祢宜
撰進
柳樽
皇胤
棒杭
甲戌
鴇色
苹果
檜林
素襖
新嘗
諤諤
老鶯
大體
鞨鼓
李花
神燈
褥婦
剪紙
酸棗
樹叢
環壕
歎願
王國
鳩目
茅花
迂濶
蓬髪
来駕
烟草
戊寅
焚付
鶏肋
吃水
防黴
土鳩
初仔
皓々
憑霊
遺誡
揉捻
丁巳
坐忘
惣村
脛毛
陸繋
木樋
藩屏
槍衾
經營
横櫛
元龍
礫地
魚籃
論攷
蔀戸
珪質
衛戍
乙卯
都邑
鳩首
寸毫
喋々
惨澹
一擲
梶棒
誹諧
酢漿
汗疱
真蛸
磐境
苺味
本圃
黄塵
罫紙
蘭書
長躯
翠緑
鉄釘
生蕃
琉拳
石苔
見廻
痙縮
緬羊
放鷹
奸智
庄園
割栗
蝋石
盲唖
三鈷
嫋々
嫡々
喧喧
楚歌
截然
粟飯
霖雨
膿汁
弩兵
宝燈
遼遠
羯鼓
真撰
書痙
佩楯
蛟龍
塩鯛
歳々
金鍔
滔滔
烏兎
棗仁
栄耀
野鴨
熾火
膿栓
内苑
別墅
恐惶
茜空
寒雀
障礙
纏綿
什物
鞄屋
朔風
發言
盃口
摺鉢
種智
漸々
抛棄
猪首
庚子
秦代
蛮夷
傷痍
桂成
鶴嘴
饕餮
宋軍
金盃
降雹
名苑
狂瀾
國造
雀斑
光耀
転舵
丙戌
石礫
殷雷
角樽
薮蛇
翠松
小庵
熔解
蒼蒼
俚言
溌溂
鋒鋩
渡櫓
葉蘭
太々
濠端
這々
管狐
糞爺
槿花
画龍
小趾
庚戌
映畫
辣椒
賤業
磯波
端坐
公寓
赫赫
生酛
白絣
鱶鰭
猪豚
一蓮
螢光
膵内
両腿
流謫
熊鷹
己卯
庵跡
矩計
歯朶
弥々
嚮導
稜威
勅諚
聯通
貯溜
衿先
鳩羽
濾水
食慾
膣肉
埴土
小禽
紗幕
同桂
瑕瑾
議會
桂庵
醫學
處女
赤髭
眼睛
金鳳
繋辞
詭計
甲辰
葱油
烏鷺
掬水
磐戸
梵網
絹紬
漣痕
白蝋
駈足
驃騎
夜咄
銀蠅
溝鼠
蕭条
蕭然
謎々
祭禮
胡人
素袍
殯宮
擡頭
花鋏
膣奥
摸倣
孔孟
腟内
巫覡
阿媽
老耄
桝目
殷賑
鉄斧
青嶺
雛段
栗餡
槍隊
煉炭
而已
龍紋
陋習
塵劫
赫奕
膣外
滲透
萱原
國史
弗化
鳶口
燭光
壺形
蝋色
念々
珪肺
豁然
哈日
絣柄
悔悛
僻村
游泳
壬戌
楓林
口枷
汐干
宏壮
辭典
献饌
慾望
綴字
荊冠
黒狐
癸巳
皮鎧
捩花
土壙
呑舟
蘋果
檜木
溯行
綺想
印篭
蛟竜
讒訴
檜葉
虻蜂
聰明
葷酒
袴腰
高禄
水洟
鉋屑
抽籤
杜松
鴨神
荷捌
粘稠
潜龍
礼智
飛瀑
懺法
跨道
鮭漁
老媼
肺尖
廻状
粗鬆
縦皺
苑池
喋舌
捧持
肇国
隋代
肴屋
杉桶
山嶽
癸丑
愛誦
凱風
鰓蓋
宸筆
小楯
無慙
閨秀
竿下
上燗
心尖
碌々
筏師
熱函
羯磨
塩飴
縞馬
姥堂
小狐
糊料
犬釘
濡縁
天々
金烏
煖炉
齷齪
猪牙
賽子
飄逸
蕃書
贓物
黄蓮
鳩信
狡知
籾米
楯無
玉鉾
蘭画
麹蓋
仇花
糞婆
筆鋒
鮭缶
大捷
総攬
峨々
犀利
憐愍
妊孕
鍼医
凍瘡
樵夫
穹窿
斯文
豊穰
晋王
入鋏
蘭領
聯邦
側弯
咬頭
撒水
菲才
悲歎
猫糞
蠱毒
火鼠
鷹爪
海鞘
踏鞴
耳糞
繁縷
悉地
書牘
水牢
亥子
莢膜
赤蕪
平茸
毘賣
本氣
廻米
颯々
絣糸
増嵩
墨壺
豊稔
緋襷
連祷
舌尖
首枷
干竿
鉄杭
怨讐
溜井
鰹木
平紐
東嶺
花鯛
竜鳳
富籤
山巓
椿説
紺絣
籾摺
絶讃
抬頭
鯔背
壬寅
丙辰
抽苔
喉飴
兒童
神祠
牝鶏
魑魅
情慾
転轍
狂躁
邪智
淳風
摺物
胚子
切磋
鋏角
尺鮎
錨地
春蝉
炭塵
偏倚
昌栄
滌除
掌篇
羽箒
御饌
漠々
暗槓
子鼠
烏梅
嬉嬉
倭語
藝文
燈心
磯松
孺子
槍持
野猪
陋屋
蕃人
玄昌
服膺
駑馬
対々
豫章
藁束
海翔
蒐書
鏖殺
鞦韆
寒蝉
仮寓
光禄
寵妃
葫蘆
下髭
自覺
心々
瀞場
薄倖
楞厳
牡牝
箜篌
初爻
瀉火
山寨
聯絡
讃仰
援蒋
綺語
玉櫛
短躯
蘭語
範圍
天籟
救恤
奸賊
鍼術
按排
川芎
己酉
諺文
草臥
秩禄
蟻食
一瓢
搗精
爆蘭
裂罅
伎倆
大鯉
綾錦
蟹足
青黛
恢々
木鋏
炯々
鉄鎚
鼠蹊
左腿
汁碗
鵜舟
川獺
衙門
脛巾
桂華
射倖
全智
鸚哥
季肋
夜這
馬橇
哀憐
小倅
辻斬
銅雀
啼鳥
帯紐
仔鹿
管腔
梶取
化痰
清淨
青霞
拝跪
篠懸
瑞鳥
恢恢
諷誦
中肋
摸造
入寇
綴込
黒檜
上卿
糸縅
手套
胸紐
飜訳
牝豚
黄芩
頸骨
謬見
叩解
笈摺
其奴
土蜘
抜萃
鉤虫
名槍
嬉楽
黒錆
價格
拼音
欣快
涸渇
夏柑
鱈汁
荒蕪
糸屑
藪蛇
金碧
枳実
辛丑
三蹟
楯状
龍鱗
萱葺
阿世
鉄滓
久闊
観楓
鰊漁
背馳
撫育
欣然
歩々
独墺
蟹場
青苧
来寇
収攬
讀本
風鐸
蘇枋
繍帳
犀角
奴凧
馬簾
敎育
秀嶺
雑沓
遠吠
燕楽
飯櫃
是々
石佛
美禄
肋膜
旗袍
戰争
蜆汁
權力
籾数
明眸
頸筋
指尖
松毬
梵文
蒼鉛
廓清
歐米
誅伐
潜函
癩者
歿年
蛙股
趾間
比々
俚謡
癸卯
婀娜
姥捨
螢火
奸物
蟒蛇
男妾
寝藁
註記
竪型
玳瑁
筆硯
朔望
鞘師
硅砂
掻巻
宋版
和綴
巌頭
姦雄
栗畑
瑣事
鴨脚
恐龍
鋸筋
牟尼
平氣
龍驤
晨朝
白鼠
鋤簾
緋縅
優々
翠黛
眈眈
經過
堰止
自註
小葱
棲処
焼肴
輔佐
溜塗
揺曳
柿葺
鹹味
諍論
藁苞
坐漁
賞翫
石菖
弱々
宋銭
兇暴
二臂
外寇
淫祠
古來
捧呈
金雀
變更
楫取
神廟
鴻毛
細紐
俗塵
朱欒
井蛙
朔北
狼火
麻苧
啾啾
懿徳
巌窟
癲狂
揣摩
花栗
大晦
灸頭
閑々
冢宰
京雛
山蕗
縮絨
茶椀
名蹟
連嶺
葭簀
艱苦
崖錐
打毬
悪龍
抜釘
烏薬
宥恕
巡撫
凛冽
私撰
馬鍬
石幢
斯業
哨兵
屍肉
然々
葦簾
趙軍
唐鍬
柞蚕
稀世
厩馬
注疏
編綴
驕奢
花聟
祖國
罐詰
贋造
悪狐
爻辞
廃娼
苔桃
群棲
空々
病牀
竹柏
積聚
師傅
車曳
塵紙
龍徳
茫茫
兜煮
盲牌
蟹缶
鎧櫃
鷹派
海驢
酒壷
淵瀬
白髯
擱座
窈窕
這裡
大壺
下疳
尺牘
巡邏
正閏
躙口
刀槍
蓬餅
壜詰
山菅
贅言
使嗾
杉綾
喊声
什宝
水瀉
尾篭
逆梁
脈搏
鍔元
膵体
蛔虫
若禿
肥溜
関聯
旱害
壺湯
痰壷
亢奮
鼠算
讃仏
燐火
偃月
稀書
籃胎
偏旁
苺畑
金瓜
笠子
駐箚
茅渟
心悸
場裡
昔噺
綴錦
綿埃
人蔘
湯壺
当籤
紛擾
繼承
滅々
硼砂
闕所
鴨葱
煥乎
眞言
酒壺
元鞘
朋党
金紗
鋸屑
兜巾
捷径
自撰
床框
逆櫓
兵粮
末々
喀出
詭道
宮址
蟾蜍
勝栗
立涌
蝶蝶
皮紐
蓮糸
真鯖
焦躁
骨瘤
蕃椒
蛾眉
訥弁
鶸色
鎚起
旌旗
憫笑
鴉片
下學
自惚
櫓下
魏使
剽悍
菱櫓
脱疽
名譽
凡々
赤褌
野鯉
白苔
野袴
顛覆
腱炎
棧橋
蟹玉
香蘇
巫祝
金襖
波蝕
傭人
端倪
皮蛋
噺本
國務
笹酒
一盞
咒式
掖済
撩乱
右腿
淋漓
大鯰
辟支
悶悶
涜神
豺狼
避諱
続櫓
両々
火箭
涌泉
狒狒
馴鹿
書蹟
芽鱗
梵名
排痰
真鰯
總理
瞑眩
悍馬
円礫
天盃
糟粕
不揃
甘薯
奸悪
尖足
瑞相
箚記
樺色
扁形
昼餐
少弼
糞土
宝籤
訓蒙
情誼
双臀
画戟
石槍
神佑
糊剤
臥所
鱗形
古樽
状况
應用
鳩麦
筒粥
小壺
逆鞘
亀卜
芋蔓
小蕪
廻旋
砂嚢
剔抉
屍蝋
琴瑟
高鼾
余燼
辻風
切箔
廻航
瓜坊
牽連
沫雪
紙雛
吃逆
牌楼
靭皮
盃事
南鐐
丸絎
綜芸
陋劣
夷人
愛憐
煉丹
奉曳
髭黒
時祷
辟邪
大狸
發揮
氣質
蘊奥
夢寐
良渚
雀羅
祇女
女笠
黒鍬
鼠穴
苑長
装釘
廻天
叛骨
角凧
早桶
雑嚢
孟母
此土
兇行
上膊
起臥
鉤針
宏遠
老妓
寥々
硯材
腎兪
權威
芬々
枡酒
鶯餅
處分
竜翔
只只
毛嚢
呑口
両棲
紙紐
羇旅
土雛
狐疑
根瘤
硅素
腟炎
臘月
匆々
棧敷
霞堤
姫鱒
条播
疏通
對話
瓜実
僻遠
藁縄
屹然
涕泣
焙炉
牢固
蒼氓
浜荻
瞞着
精煉
屑米
悽愴
楚人
塩麹
祕密
鞘堂
嘉例
杜絶
紐靴
侃侃
廻文
美髯
骨梁
汲水
仮綴
焼栗
貫祿
矮化
誅戮
管鍼
蓮歩
秋茜
値嵩
予讃
意慾
黄蘗
奇蹄
毛虱
縫箔
饑饉
峻拒
禁厭
磯臭
鞏固
訶梨
切痔
杖先
空樽
咫尺
小鰭
略綬
筋兜
翠巒
憂悶
雁股
青縞
僻事
醵金
蕨手
犬蓼
葛餡
石蟹
下臈
鉈豆
鮨飯
奸策
俥夫
混亂
八衢
生薑
痼疾
紫綬
茹蛸
鴨猟
咄家
小櫛
兇賊
寺檀
傅役
廻送
群雀
荒寥
膨疹
刀杖
僻見
箒草
野禽
僉議
寓言
雹害
牝猫
瓷器
颯颯
蹄葉
梯形
白鮭
茅台
鵬翼
狼城
一掬
僻目
恬然
孑孑
獅噛
紙鳶
脹満
講筵
海鷲
翔破
茶匙
國字
肥桶
倶会
止咳
竿袋
下婢
抜錨
賤人
縞鯵
装鞍
雀卵
晩祷
海獺
見當
梁上
侵逼
腹這
佞臣
梵唄
溲瓶
根笹
尖形
白鷲
撞点
玫瑰
淳心
蓼酢
呪咀
贋者
面疔
犬橇
猿臂
閻羅
各篇
嘉言
婉然
純粹
仔熊
屑篭
木樵
遷喬
袴下
樫材
誕辰
城邑
誹風
竿縁
強撚
葦辺
某々
酒甕
暗々
諷経
檣楼
黒鼠
扈従
欣欣
喋喋
炯炯
生樽
摸写
保姆
斧鉞
疵痕
祝盃
煉乳
瞿麦
組盃
兇徒
斯学
紅鱒
蕭蕭
鞍点
鷹飼
碧落
狸汁
髭男
小舅
楞伽
正篇
翩翻
奇々
楓葉
花楓
矮躯
藝者
険峻
笹葉
上蔟
桿体
雀躍
馬盥
有蹄
腐爛
艨艟
外廓
盃洗
禿鷲
好々
小鰯
精撰
散佚
紙燭
制癌
寺址
帰謬
椀種
秋鯖
嫋嫋
於血
尻鰭
町辻
野槌
歯齦
醬油
空濠
脾腹
叡覧
諜者
讖緯
頽勢
走錨
綱曳
代赭
莫連
竹箆
稚仔
貝桶
口誦
後楯
青瓷
劫初
所爲
葦簀
廃頽
担癌
雀色
無慚
掻取
製銑
絞扼
嚶鳴
駢儷
黒鮑
翅脈
饗膳
戸襖
邪慳
服紗
膿腫
迂路
薏苡
銓衡
堅磐
赤菱
漕船
厭魅
僅々
乳呑
歷史
咬耗
手蹟
彝族
贖宥
妓夫
瑞雪
略々
仇役
命釘
喬林
傴僂
砥草
交喙
古狐
豫算
横罫
戰時
虎豹
日傭
金碗
雑纂
黄櫨
髀肉
誅滅
南溟
大旱
甲胄
戦捷
簡牘
相對
濡羽
羊羮
正當
筥迫
謬説
頸損
原註
救癩
陵駕
考證
立喰
巨礫
奉讃
辛々
掻破
舵機
屁糞
小糠
荻外
允可
呑助
点綴
豹紋
從事
丑三
鉄槍
寅卯
鷲座
萬民
檜物
汐汲
車駕
袋綴
台衿
製罐
岩燕
呱々
鮑魚
無數
細棹
警蹕
趺坐
刎頸
悧巧
狡智
碇石
鍼管
粟麩
疣痔
竿石
圖會
塗沫
田堵
焼麩
胸裡
伊仏
毛脛
鍾乳
恪勤
頽落
艾葉
子兎
木鼠
篦棒
政權
巡廻
倶生
子嚢
貧賤
獰悪
粕毛
瓢鮎
關白
笹色
飜譯
水嚢
畳鰯
丸紐
諒闇
台秤
薙鎌
民撰
駿豆
手蔓
臨牀
老躯
蠕虫
竹釘
嬌態
眸子
篆隷
上疏
粟玉
比咩
白橿
陽爻
蒼古
有鱗
玉箒
阿毘
引廻
対聯
産仔
山颪
帷幕
松蝉
楚楚
漿果
陰爻
臺屋
桐塑
謚号
揉捏
錐面
化學
粉黛
詩嚢
巍巍
深緋
祗候
蜿蜒
癜風
万斛
竹杖
九仞
嶮岨
悚然
男袴
錐状
先蹤
手紬
盲聾
箒木
補瀉
青釉
大姑
牢死
熾盛
杏色
掛衿
火腿
已後
必竟
旱天
泥々
元兇
老婢
屑物
菲薄
的鯛
刺叉
干鱈
癇癖
本卦
嫩葉
這般
繁々
蟻害
金鋸
擯斥
謫居
卜筮
對立
綜覧
輿望
姫苺
亭々
星兜
欝蒼
薬壺
釈奠
大旆
復辟
美妓
卑賎
尽瘁
香奠
前弯
怱々
驍将
廢止
左褄
蜀黍
圭角
蘭館
舵取
綾羅
長嘯
宝蓮
陸閘
霊狐
簀巻
小蝿
顎紐
名碗
小壷
擱筆
蛸壷
青巌
輓近
森々
赤蟻
幽棲
嬉遊
選擧
千仞
仄々
萼筒
占卜
止瀉
邏卒
吸啜
庭苑
子蔓
船々
通訊
乳粥
有鄰
下紐
刳舟
蕃地
石龕
懴悔
春鶯
水葵
狼籍
胡地
一毫
椀子
木釘
狼女
新脩
鉦叩
燗番
白栲
沈淪
蕁麻
鎌槍
允許
隨筆
小楢
愛慾
塵労
目睫
萵苣
欣喜
朮附
蘭麝
飄飄
墓壙
狀態
痛哭
苜蓿
棄捐
辺疆
雨雫
翰墨
藁塚
兵燹
生辰
磯根
凛乎
落鮎
焙乾
巍々
斧頭
俗諺
壺焼
榊葉
毬杖
寂々
酢蛸
烏金
終熄
胞胚
古釘
虎鶫
意圖
連瀑
塵塚
蛇蠍
繧繝
燈下
狐神
嘉辰
官撰
琳琅
溜水
燻銀
鮪丼
樫鳥
渙発
淋疾
首桶
莪朮
占筮
広闊
筆誅
廟議
潺湲
盈虚
絵絣
王笏
野鳩
棕梠
糞臭
糠層
葦舟
蓮茶
黒椿
鴻臚
淪落
蟹汁
侠骨
椎柴
揚錨
自國
小智
頑癬
鷁首
目蒲
絲綢
鞭虫
燧石
補註
洛書
蝋纈
噂真
膣剤
識閾
蟠竜
冪乗
多智
恙虫
癌死
矛槍
竈神
城廓
輻湊
小烏
米栂
帷幄
天譴
雀鮨
孜々
兜鉢
夕霞
紙縒
青簾
狼娘
殷盛
畫家
鰭脚
挽茶
木兎
平笠
梁木
取舵
陶俑
吊手
糞蝿
半腱
甚麼
奸佞
庖厨
澆季
繻珍
売卜
曝涼
苗裔
白襷
豆鯵
笠付
粗餐
食屍
陶邑
孤雁
宋音
巴形
曠劫
嘘言
山菱
津梁
鴨子
一臂
裲襠
円坐
宝鑰
稲雀
商賈
衰頽
内篇
繋縛
子鳩
霞草
鑵子
瑞霊
蝋管
怏々
脾肉
衆智
阿衡
冒瀆
枡組
柴栗
塩壺
御萩
嚢状
京繍
撤饌
朱鞘
草廬
啐啄
旧址
吊床
冒險
大篆
雌豹
雄勁
弩弓
兵戈
白杭
一揖
禁裡
簾中
諫暁
宸襟
灸治
糞力
齲歯
昊天
花麩
帰雁
碇草
中蛸
在々
首鼠
醇化
薬罐
屠牛
摺本
蒲葵
詩偈
豎子
豪宕
鉾流
黒縞
燈呂
葆光
金釘
帛書
弛張
澪筋
餘計
紋帖
青黴
薩土
香盒
合綴
水蛸
犬鷲
胡服
蟇口
白鑞
頬髭
驥尾
倭京
物々
狐森
懸樋
鮟肝
蠣殻
葉蔭
竣成
歌聲
隋末
鈔本
洋杖
喃喃
類纂
摺足
跪拝
唸声
陰欝
反閇
孟夏
毫末
渺々
天瑞
扁舟
華菱
褞袍
塵取
珪長
合挽
寒鯉
岩漿
霞目
鰓弓
稔実
枯蓮
冬苺
焚物
蒟醤
黒鳩
欽差
手銛
糠雨
紫焔
調絃
撰上
單位
沛然
革砥
仏龕
沈々
罫書
鉤型
銀牌
盡力
印僑
滴々
蛸飯
好誼
仮紐
遥遥
龍高
唐綾
蹇蹇
癈人
虫喰
蝗害
銀餡
卑狗
銀燭
苔色
惘然
暢達
月暈
臥煙
達陀
蜀錦
雪笹
肋木
打紐
鳥黐
企劃
佩剣
詫状
胡琴
平椀
鍾愛
吻端
合槌
報國
佯狂
姦婦
蛭巻
龍舟
報賽
媒妁
屍山
柏子
連坐
牡猫
銅鏃
松杭
悄気
手焙
螢袋
蒼鷹
祈禱
佑助
烏貝
樺桜
頸飾
中棹
伊雅
爛爛
筵旗
錚錚
水盃
滑翔
霊牌
懸吊
鐙屋
鞄店
狐顔
粗挽
燈芯
皓歯
截断
糠袋
謬論
釉色
櫛巻
刺咬
鶉卵
曝書
田麩
卦辞
鴨頭
攝政
渾天
忠實
鎖肛
梁下
縞物
鴻恩
大椀
微禄
全燐
夕靄
委托
白梟
櫛比
廻心
言々
尨大
校註
直掩
船艙
欣々
上框
杆体
椀盛
晦冥
侘茶
肉壺
淳朴
椀飯
藍甕
黒蓮
萎靡
墓廟
有卦
泡々
轡虫
狗牙
雪狼
世智
翌桧
親炙
黄瓜
朦々
無缺
移徙
荊妻
閾下
戊己
小鬢
鞘巻
虎賁
初茸
溌墨
酒糟
隠栖
哭泣
牴触
卜定
參議
饑餓
麺喰
干鯛
花蕊
一帶
積翠
蕩児
坐高
独坐
碾臼
手漉
緊褌
沮喪
煖房
詩鈔
意嚮
金々
区劃
元冦
碩徳
層々
残侠
雛妓
赭土
躬行
事變
恢弘
喃々
脚註
各帖
姫萩
卜者
糠油
檀尻
初酉
疫癘
火焚
檢査
四夷
水楢
跨線
素槍
宝祚
繽紛
大凪
半截
渺渺
凜々
瘻管
會計
鴻儒
脛節
岨道
滄溟
冷々
交詢
孤閨
出蕾
樹蔭
白襖
蓮座
姦臣
安坐
寂莫
囹圄
炎々
衍義
骨々
尖底
袴地
穂芒
慶庵
龍船
眈々
嗟嘆
篇目
浮屠
海狼
殷鑑
風蝕
木叢
豫備
車蝦
偲草
蜂窩
濛濛
針槐
棘筋
操觚
竿秤
大牢
羸痩
戦槌
手鋸
冥々
禄存
柴朴
水瓜
肉饅
稟性
濡手
友朋
會舘
豊琳
昏冥
梟帥
卍巴
蕃族
蒲柳
廓然
真薯
鋤鍬
寸々
嚴重
壬癸
料峭
魚翅
粗砥
驀地
體系
軽羹
腟部
黄釉
剪刀
鉢叩
震駭
硏究
國文
浅緋
兇状
峻嶺
粗々
黒祠
剣侠
禽舎
輔翼
水簾
歔欷
内踝
石錘
一廓
虫螻
白縞
流燈
藹藹
才槌
高峻
巫蠱
座臥
磔柱
稜角
羈絆
異樣
自刎
頸木
倨傲
遁辞
驍勇
爾余
輔国
卒爾
教誡
秋毫
保險
挂甲
繋船
年齡
物蔭
蘆刈
輦台
醇乎
子狼
塵屑
古址
淫佚
急湍
菅垣
馬銜
塵袋
餅搗
素馨
夥多
硅石
霊智
入蜀
西櫓
鰻店
今茲
絽織
内痔
煮蛤
鵬程
灸点
忿懣
驕傲
子燕
摺箔
苺柄
夕蝉
瘡毒
仔鳩
煤色
骨骼
西廂
長汀
牡犬
鬼姑
儼然
欣幸
焚刑
画舫
蔭口
溪流
細螺
秦末
坐臥
匡正
奸商
枡目
瓊玉
鰐鮫
鹵簿
松翠
毬花
上窩
剔出
夙夜
姦夫
竟宴
蜿蜿
春楡
禿筆
禿髪
黒鴨
晏如
一簣
後弯
溌刺
綾地
箆棒
砒酸
匆匆
桶樽
舷梯
搜索
芝蝦
輔導
花櫛
便々
咬創
留錫
菊桐
補弼
遥遠
巫者
廠舎
折帖
波兎
隕星
犬戎
眉庇
垂簾
幅杭
槍鉋
捩摺
銚釐
大鰻
庚辛
忌辰
搜査
穿破
僻陬
堰提
障屏
全豹
肋材
旧套
狐拳
高誼
大楯
騙取
粮米
衒気
汗衫
復誦
聯珠
縞猫
寶貝
撰銭
漂蕩
繁榮
鰹船
毒龍
吊棚
鳴鏑
鹹湖
諺解
縞蛇
平櫓
銅壺
別盃
孟冬
莎草
膣道
衿肩
阿檀
鱧鍋
牢記
点播
生餡
燒結
腑分
紅萌
疵物
醵出
腱索
嘖々
褄先
光苔
茅萱
雨笠
四臂
大蟻
蕩蕩
鷲鷹
鎧板
星芒
乾盃
囮鮎
顫動
雫型
沐猴
紙幟
枝梢
側杖
棹秤
外舅
礬水
仏蹟
棒縞
赤燐
斂葬
貪慾
叢中
天嶮
森蔭
雌蘂
飛雁
烏滸
熊蝉
開豁
蘇合
皓皓
膵石
驚歎
中鋒
心嚢
溝萩
煙霞
桂材
一眸
壁蝨
藁沓
雪冤
牽強
稲叢
橋袂
気欝
溢血
係蹄
焔硝
寵妾
鋼鐵
姥石
炭竈
蕃殖
佃戸
兎唇
巍然
戌辰
蘭科
雉鳩
蕨粉
弁駁
湘軍
蒸泄
翠柳
濾別
凄愴
飴煮
珪岩
榾木
儒艮
軟酥
鱗板
猊座
讚美
蹶然
藁床
坐浴
讚歌
鳳声
欝憤
移轉
御撰
無疵
雑徭
姦悪
長薯
佛陀
夷守
海狸
肉慾
蘇木
摸本
偕行
千鈞
篆字
廻漕
秘鑰
郁郁
芳蘭
孟春
穴痔
粗笨
轍鮒
鞘管
櫂船
鵞毛
鞭声
倭絵
薙髪
蟠踞
金屑
宋本
茸狩
覆轍
黒袴
点灸
杣木
主權
寒葵
庵住
脾摘
熱燻
苧殻
篆額
花韮
草藪
唖者
粥麺
嬌笑
鄙歌
銀盃
優渥
膏血
悄々
斯樣
恟々
掃溜
鈷鈴
吉辰
捧腹
防遏
内頸
狡賢
馳駆
岩蔭
特々
青蛾
濛気
麗々
些々
鋩子
笹飴
聯句
茅蜩
兇弾
不當
蒼枯
托生
溢出
牝牡
勿怪
謾稿
裏衿
缺乏
信條
寵遇
雑俎
鬼蓮
藁屑
楫枕
顆部
捩子
入輿
敦厚
桂女
的盧
悲慘
銭葵
焚上
大鼠
蛤刃
嘉肴
竹樋
臥待
放肆
盤踞
羈旅
仰韶
牆壁
猿曳
貽貝
緋衣
夜烏
錆竹
亢竜
兇刃
春聯
率爾
鼾声
消燈
橈尺
芸苑
晒粉
縞織
試煉
亂暴
卑陋
叉木
藪蘭
索莫
夕汐
眷顧
柿釉
糊粉
膠液
金鋏
無禄
禅苑
手疵
駁論
古祠
豪毅
嗤笑
冲天
叛軍
棘皮
撫肩
鉤鼻
南鮪
海茸
鼠男
禁闕
電纜
鞘翅
曳索
病躯
坤輿
側妾
狐族
妖婉
殷々
花兎
按腹
楊心
紅綬
槓杆
石蓴
密々
頭腦
前躯
深潭
行嚢
訥言
風蝶
溫泉
負擔