海自
水牛
分社
歩合
原色
子牛
生食
教学
木道
人家
口数
空前
外用
毛色
米中
雨雲
学外
教本
今風
行間
入線
番茶
角形
間食
通電
画一
二方
線画
弱音
女心
肉親
海風
市会
通園
口語
四時
番人
万歩
海女
同数
新色
外形
作図
理数
学食
園地
字形
前文
新雪
道道
女声
書画
船首
画数
毛虫
風雲
正室
会頭
同書
黄門
内国
元首
夜長
茶店
手数
小言
子弟
空色
地学
門下
紙上
歩数
気色
人外
年頭
交点
人心
原形
一答
下絵
小話
同上
学友
古語
来校
電工
引力
門番
工科
元金
画風
馬肉
名馬
会心
馬体
春分
出会
黒米
月数
茶番
小社
書家
同色
雨戸
男声
社風
図画
雪原
二頭
前売
中秋
山場
目地
半円
校外
地番
心室
新線
公国
合点
自首
汽船
教組
西日
来園
東入
原書
茶目
引火
行先
魚肉
下心
名工
声音
内気
直交
字数
気弱
毛玉
雨風
毎分
内線
夜店
言明
同紙
計数
体形
店番
月食
正答
赤外
百聞
地金
毎夜
戸外
父方
行書
空地
分室
夏草
小数
新語
帰京
前週
母語
前頭
公算
内見
手近
合羽
文鳥
黒星
大公
夜話
黒点
文才
白線
花組
赤線
体色
新古
車間
心頭
昼時
黄土
毎時
図星
雪上
今冬
直火
地力
夜風
五体
夏用
京風
夏日
草紙
口角
外角
体毛
内角
八分
長雨
公方
分会
番犬
牛角
何月
用字
女形
多言
元手
校友
買上
地色
国学
当校
台形
作出
組手
売出
頭角
公会
方形
食分
当科
弱虫
本科
一画
下船
新社
切子
文通
白夜
山会
後生
図工
当家
切花
内耳
気風
秋口
線内
教理
分母
秋色
読後
多元
半歩
頭目
右前
声色
町道
大外
雪中
何方
工数
多目
回天
当月
後先
多色
九星
親鳥
白昼
売名
多読
親玉
二言
小首
門地
生肉
室数
年時
半紙
古楽
小刀
気前
親心
点線
歌会
首元
立秋
茶人
野池
生首
国教
石工
道糸
色黒
校風
人語
書生
心外
前金
星組
文語
半音
船中
合気
船外
力点
長兄
電場
魚体
日直
入用
冬用
肉声
地先
食通
土工
同左
同作
月組
秋分
同体
米紙
秋空
市大
黒白
年弱
花台
気心
今生
海図
風下
朝昼
雪組
黄体
音場
親米
肉用
一語
雪風
船室
同音
地車
夜会
止水
雪女
社用
上図
口絵
男心
外字
少林
自毛
雲間
明太
人馬
男色
日台
太王
古馬
中太
空家
牛車
野犬
名刀
行数
原語
二元
当寺
数行
車外
本門
休会
通読
右図
大風
科長
道立
多国
親中
牛馬
毎食
科白
人肉
早計
図会
同船
国文
国記
多年
外耳
外語
月頭
外力
赤点
十方
門弟
弟分
左図
日番
立食
毛頭
線分
白魚
多頭
赤米
新顔
七夜
風体
国大
休園
月内
早番
春色
強国
色男
手刀
立方
馬名
多肉
人頭
多才
後家
合一
目星
同寺
雨後
番目
名園
回文
内通
魚道
肉牛
本船
形体
店外
色絵
画角
同門
何語
直帰
売電
当帰
白組
同村
線虫
場数
台木
本元
後光
色数
点前
地目
大刀
赤門
市名
絵心
丸顔
道交
地声
古手
家名
東高
回心
草書
金言
赤黒
一里
長刀
図体
帰社
自活
書中
語気
回春
朝会
心会
外光
本寺
同文
文頭
図中
南門
週足
見分
直上
万引
遠赤
大兄
中朝
才気
中門
人海
図上
高弟
後天
口外
冬虫
小食
野点
早道
分立
同線
外地
前言
公海
出色
林地
太目
外大
走力
直言
黄白
花茶
米人
先回
魚貝
原虫
町歩
大店
光電
合名
大食
少食
時数
黒手
来来
夏冬
売人
同園
黒線
町外
公休
体高
金工
魚人
母船
原紙
手長
上絵
地合
長音
弟妹
引戸
冬鳥
立冬
通水
足長
赤紙
原音
二刀
工人
下知
口前
半休
回虫
黒雲
夏色
中細
秋草
火元
米米
時下
長話
線引
近作
西高
教書
買入
校地
白点
自来
色名
後夜
当市
後口
方方
前車
外聞
左馬
頭首
同組
夜分
読点
言外
公室
内用
左前
家風
花数
春画
行水
牛歩
友引
本朝
白毛
国公
黄道
女工
親書
自店
夜目
地毛
細書
山風
花後
組入
青魚
上前
台下
子細
秋雨
中風
木魚
石頭
公女
中肉
手工
心細
毛足
入行
算用
春本
生魚
用金
切羽
大書
当年
楽日
才女
日歩
会内
国書
鳥肉
書林
体上
自校
本歌
白光
入電
間道
雪雲
京女
黒牛
科名
後足
四合
半夏
組頭
古色
電文
星形
会友
体言
鳥人
赤組
食間
国花
外線
分画
雪玉
後円
引分
母犬
国字
左方
分店
歌合
上家
新京
楽楽
外電
心算
母父
弓手
合力
分合
車番
冬空
黒茶
中食
刀工
北家
学理
自車
小母
子馬
野道
多雨
小体
力走
声聞
新字
同道
南画
手番
兄姉
国電
分電
上古
水頭
古米
同小
人台
麦秋
水理
夏鳥
切口
何円
元売
前人
山鳥
妹分
通線
公図
五黄
左室
石組
書目
丸形
細線
船名
書見
時鳥
同馬
羽虫
回頭
家本
間男
戸長
少雨
食草
語数
社食
教場
内金
半天
大黄
組子
帰朝
風前
大数
風聞
町地
合本
長考
当夜
赤茶
目方
近来
高目
谷行
米日
人毛
村道
店子
見合
半魚
本時
外方
野岩
心内
工高
一計
遠大
聞書
角力
川風
海食
立米
売家
山体
字画
行場
魚食
後学
長歌
語形
犬肉
歌心
細雪
南家
半目
同形
計時
会名
金門
高二
里地
夜来
右方
分売
昼行
今夕
同母
母数
用人
水魚
大教
入刀
地歌
冬日
馬番
細字
前室
新教
組数
白茶
日間
日来
通天
台船
鳴声
高女
中点
丸目
見台
用船
分明
東学
作歌
後頭
週数
図絵
茶入
楽土
線図
回食
水行
秋天
父王
細長
目算
赤肉
力場
学風
親魚
自学
中線
地歩
天分
食鳥
土色
工合
火矢
林分
心友
読図
七曜
同家
高空
遠来
半夜
東天
万古
画分
小父
用言
画会
社歌
足形
太線
人声
古歌
六朝
寺名
前立
語頭
夜学
古記
毛羽
原毛
直毛
下行
言上
先高
名歌
多点
力行
円内
直心
牛黄
書作
何才
黒犬
昼顔
糸冬
見番
耳鳴
紙魚
場長
週内
草市
星図
国元
来秋
出丸
音高
女顔
長足
夏休
元絵
地口
高高
空行
五家
風林
星学
間歩
語用
五線
画地
色弱
当国
小頭
牛刀
青線
海生
来室
毛母
山線
上書
東行
光点
原図
分場
売女
週日
刀自
時半
書風
大番
里道
入京
半切
鳥頭
字書
道会
木台
半玉
人言
五角
紙本
字母
野合
心学
村里
言文
音数
見直
弱電
八高
黄玉
半人
赤心
分園
話声
市日
頭分
元歌
心気
多毛
回船
月明
同車
金線
北線
町場
強直
市上
肉色
色町
千社
引金
合子
社数
耳毛
帰休
国鳥
同学
楽音
同中
心電
声門
多形
早馬
同女
活人
毎夏
子方
同図
手交
生国
楽家
前生
船用
細石
母岩
楽友
夜気
同友
楽長
手合
五教
北帰
朝米
北天
原体
岩体
朝家
内数
魚市
体用
川船
先公
心強
野天
後目
色合
後人
知日
車室
電計
米食
半時
水心
花心
自船
新体
前書
内分
年強
自足
時日
男親
店数
合方
本行
青首
羽数
強心
画工
図太
高足
海市
自行
教父
春天
紙数
社線
風合
家用
自工
交合
来朝
頭書
当前
間合
大計
刀子
分村
竹工
切先
心力
黒黒
当村
村外
七言
水用
後出
竹光
家父
内食
才知
歌道
書字
青黒
草色
夜天
親北
米語
母星
月星
二黒
雨夜
記数
手強
国数
色糸
花時
金茶
市歌
丸首
母牛
光画
長弓
船社
大言
鳥目
画室
語文
自書
九角
弓形
戸車
船台
楽食
野馬
村会
回教
雪白
朝夜
北行
女高
白番
手心
同歩
才子
大姉
黒赤
入寺
上用
生米
学書
同前
同高
工会
早明
三心
強電
魚心
金毛
海空
左角
原糸
画人
黒馬
子母
大顔
方円
秋日
長姉
二心
黒番
五言
車馬
黒竹
時時
肉店
秋晴
古刀
海鳴
公魚
風切
親犬
午年
車引
夜昼
馬方
新刀
会日
点画
町角
男道
理力
黒曜
来会
秋夕
京間
台石
心線
当今
多答
読人
多雪
色地
人後
細毛
雲形
車長
遠火
毎夕
前話
大行
夕風
長円
手書
太山
頭語
右角
弓馬
水母
夕市
中形
同夜
四半
秋明
歌風
南三
女友
色色
歌口
母線
地人
水線
場中
弱風
内生
会同
東歌
後門
地黒
米麦
自記
生毛
絵入
多食
言下
日語
丸竹
黒体
青組
羽色
理気
外生
家形
同声
親木
下社
上半
年番
花市
半間
牛後
小馬
色石
魚子
牛王
六体
赤光
石弓
作刀
水計
前行
赤黄
色水
週番
字間
引見
売文
晴間
通船
売手
行手
後金
字引
馬手
何何
当体
月来
回内
形木
百夜
名数
地気
歌学
立毛
合口
林工
口答
寺男
引合
火線
白話
後朝
文台
線数
男組
楽書
地母
力線
同科
先番
百分
走馬
木通
地紙
市水
女親
歩車
古生
山刀
右室
目茶
正食
水工
語音
画才
家数
小組
休店
生新
頭足
冬春
糸引
千分
角通
食虫
画中
星星
青黄
新王
口分
後車
古学
母心
百会
茶子
木組
方今
算木
形声
海色
校合
人国
原名
母馬
国父
口話
夏毛
下書
分力
王弟
学同
国金
名答
色形
分国
高点
家家
図学
上回
山茶
小店
多多
同金
外足
前玉
外数
船方
木理
足台
後作
組中
月番
麦作
太太
園林
自強
夜番
多花
朝活
長日
七光
会元
地文
明色
通交
新来
工女
花会
何線
明方
理会
黒玉
草魚
風色
雨雪
社友
海国
目数
後室
少雪
帰校
分出
元元
海牛
万金
点点
語中
外米
京方
画科
当犬
米西
顔形
自大
光色
近国
下魚
天朝
知友
語言
直読
火工
直門
走時
台子
心原
東地
門中
細糸
下半
通分
行年
歌本
地鳥
草体
茶母
万万
新秋
来村
太上
角上
画用
線名
行学
回国
前時
正肉
同右
地公
作土
社会
丸小
角弓
里長
母貝
一半
生時
本記
台日
親字
春昼
長上
内家
道線
引船
一船
新円
多声
秋思
十角
西人
半金
魚場
長計
水雲
岩角
金語
高声
同玉
七角
船足
社人
同字
先細
上室
帰天
音形
黄赤
道歌
矢竹
心体
母家
公電
新形
花首
女色
親番
同語
毎春
同角
水光
四強
黒糸
京中
回分
竹紙
通数
知音
間作
細大
玉門
毎冬
後書
分体
少時
空言
王公
強弓
日西
夜色
組木
前王
玉頭
記文
中計
西天
数数
角番
雪空
本教
黒楽
月色
岩絵
多心
秋高
西走
市女
船人
黄紙
室名
門家
線毛
一走
石数
角目
多足
光体
切紙
夜船
妹弟
外書
間数
外画
海魚
長夜
犬顔
社日
同山
火色
頭字
母鳥
音間
自自
買電
長形
木毛
鳥雲
名聞
空電
丸麦
牛玉
夜鳥
子午
一毛
北雪
半顔
内内
雪夜
上声
知心
明明
鳥天
雪間
牛方
首下
金牛
東校
家作
楽学
通力
点頭
前名
間遠
小半
心下
内室
道友
入声
細作
自今
遠海
同川
半弟
夕星
中数
火点
分地
公地
活花
内声
昼光
歩歩
羽口
水声
入市
目顔
里心
大万
行力
通草
分外
目分
前同
国年
車前
市人
回米
秋気
長頭
雨読
時風
古画
家学
道話
牛耳
生紙
大首
夏作
二親
風食
歌行
海友
水書
後入
年画
語原
丸丸
角店
下風
線外
園名
話頭
何心
計理
後来
心火
戸前
白肉
見場
天社
犬馬
半白
弱国
心心
文弱
点耳
人長
弟切
西語
直間
火道
図名
行火
分知
方天
青光
後後
西土
心行
黄茶
青風
鳴鳥
同気
黒書
古形
空船
学道
村高
入朝
大遠
金紙
青書
切字
切絵
牛女
小風
馬歩
古方
近火
書人
用後
内力
半里
頭高
小紙
色里
心土
岩頭
間間
王台
足半
半国
下国
上知
空走
魚田
玉体
年高
弱弱
自答
魚鳥
売子
電点
冬青
黄線
国楽
紙名
正角
雲外
字高
色光
里数
読会
上米
少少
古言
心耳
当用
毛細
帰村
小才
茶金
馬耳
岩組
合字
黄地
月毛
天工
心王
間知
組歌
足心
冬草
国画
内書
頭下
上作
半丸
今今
会記
内行
貝母
電食
工手
心水
小昼
外教
土道
太糸
後角
人才
山色
気門
先夜
自心
同生
海気
山番
鳥貝
原話
夏雨
半作
早秋
目黄
風通
歌語
紙工
毎秋
六書
目光
風池
夜顔
体大
生半
書出
前前
夕間
内空
文内
西半
肉太
上船
細魚
茶通
九絵
教外
原字
風気
本工
間色
黒青
教友
学才
花肉
後玉
声道
後下
花頭
外水
黒雪
昼中
学知
長長
親牛
公王
店店
間引
黄水
風鳥
二形
古音
角食
立言
知合
国国
見知
切地
明門
点茶
科戸
船歌
直音
空茶
食時
外心
石馬
空理
足刀
止金
目近
市鳥
星林
海天
茶書
後行
万言
茶頭
冬作
花友
近体
百行
計図
活計
朝茶
左道
秋雲
糸切
体心
円教
九地
矢風
茶心
船数
内店
声名
新学
正語
作話
分生
顔黒
色番
色道
親里
風声
半肉
同工
合切
白首
車止
星天
山雲
知母
王母
口切
同本
家兄
船手
歌中
切米
原土
立市
切下
合科
後前
森番
画本
新話
細引
肉交
明目
自用
西来
細雨
門生
番方
色女
気海
高草
方図
花門
里家
立番
中体
声母
色子
組名
肉入
間八
自火
分点
足弱
黄丸
母本
来光
黄鳥
食思
切金
空馬
番太
家母
目色
教線
毛長
心木
帰船
直話
分米
科人
馬食
魚文
金頭
地米
同通
新前
親用
羽車
同元
近目
原頭
女歌
市売
行雲
近心
上紙
立話
魚止
組下
星食
女組
出京
火光
話風
親船
妹山
原地
朝空
秋林
来車
高言
年市
夜前
角書
今古
東半
新声
楽理
気場
古茶
母公
長母
地糸
色分
下作
金売
引歌
教母
南学
女楽
雲気
口合
国手
木母
帰心
秋上
東朝
上首
人組
遠道
池北
間日
本毛
雪水
理国
茶名
水食
頭声
音図
人買
雪線
当来
工船
早昼
文色
声声
三黄
兄王
理外
弓歩
行気
絵合
手切
早場
近点
九牛
火電
回読
多売
帰家
門火
教王
作字
当船
走光
姉兄
上風
茶気
目角
東来
歌体
青麦
分町
学兄
細細
古体
近古
同下
帰線
書学
近近
口書
広記
紙入
当千
雲足
耳道
母店
明後
心字
園頭
今体
小弟
地顔
半弓
海村
一来
古字
長鳴
正書
同週
聞知
家船
帰入
黒先
読手
午時
帰米
上来
金切
百楽
町組
方立
外分
言言
原魚
里雪
鳥名
女肉
赤絵
犬科
海船
歌女
来電
雲行
山数
顔立
切線
売色
万馬
紙切
切売
風草
才色
前赤
売船
会読
太細
明玉
歌友
内高
通道
国地
原麦
広広
本話
内円
自形
来京
鳥首
後内
男歌
当金
外円
多回
長虫
市門
紙花
米虫
鳥男
遠行
土語
魚形
夏下
弱強
太多
鳥声
売立
売玉
小知
土公
早強
店売
親電
地体
歌数
交交
前古
人鳥
大歌
市学
心話
才学
百方
丸刀
半半
言分
雲雨
声字
頭光
画学
光頭
古顔
文会
生心
石風
頭肉
岩高
学用
切火
数町
来書
文間
売行
西手
先考
教門
前広
風教
金黒
公出
目細
首先
図引
京内
馬顔
通語
内言
強音
馬前
野太
肉天
外台
秋園
雨声
家書
前羽
歌作
天父
正思
音長
羽交
食言
弱肉
新友
海手
時文
後園
外紙
合人
羽先
食台
休心
立心
首肉
新中
出行
京外
右首
本黒
聞耳
内聞
弟王
直書
万天
足太
長風
高歌
肉細
夜鳴
頭音
黒方
足毛
雲文
家月
道里
組糸
木門
秋歌
上聞
里正
上星
食気
細太
自食
首引
歌切
道力
光虫
線心
後図
前引
国女
草高
立前
茶茶
通言
円頭
馬牛
黒女
戸戸
答書
切切
天南
子鳥
西学
家地
二毛
岩虫
行歩
来手
晴晴
口細
月歩
入北
三読
字図
月台
作分
力紙
前図
画道
細形
親馬
門数
足切
書方
鳴女
高話
頭毛
風玉
語内
内合
元口
原岩
元黒
風角
先体
同夕
間出
切水
来船
西気
地玉
東土
池心
先買
生色
手食
火雲
場台
後会
小点
家犬
火食
子夜
気光
交声
後戸