初出
輪車
実印
外的
小包
国別
美観
静的
自害
別売
上官
低空
低地
博打
建売
初老
協業
計器
兵役
七輪
氏族
各線
放熱
差分
平静
落城
関白
改心
物的
挙手
初秋
所信
労連
初動
山側
民度
側室
陸路
帰結
末路
極寒
官軍
送達
機運
産院
改組
席上
最少
内的
参事
本案
付記
戦火
速達
順守
産休
山積
通説
全量
貨車
器械
各校
単車
別室
鏡面
刷毛
完投
戦利
低調
学徒
初春
挙行
巣箱
日英
徳利
借主
特上
西軍
図説
節度
単勝
底部
年輪
博物
老中
帯電
不用
副長
発給
単色
前節
戦地
熱量
人望
昨季
陸橋
菜食
節水
魚種
城門
熱風
自軍
初号
芸大
無死
例題
給仕
入信
育種
新案
労相
特養
主夫
府令
協約
通例
通念
公印
連名
無様
変電
根菜
続発
音信
主戦
加温
肉類
火種
不知
群島
未開
固着
表側
温帯
落成
漁民
特待
加重
想念
予兆
遠望
最前
出欠
祭司
不買
内祝
内観
焼物
着衣
赤軍
南無
合議
日給
残量
上側
結節
特会
消印
静観
回折
全治
各氏
最下
詩的
原種
法治
切望
昨夏
良書
年令
老健
食害
初冬
器物
両軍
隊列
固化
器量
心的
二極
散水
特発
初球
熱望
野戦
無風
例祭
底本
行軍
参集
完勝
門徒
谷底
思念
最弱
戦意
金欠
花街
無敗
物議
大挙
辞表
本望
正倉
次節
高位
不作
愛飲
機転
整然
声帯
失意
動産
周産
法理
戸別
光量
水底
残金
臣下
根付
茶席
石英
短信
本機
加点
作例
陸運
選集
別注
敗走
平然
副官
議場
連番
夕景
本選
低位
試案
手付
梅肉
銀塩
米側
氷結
内径
本隊
入城
農夫
石焼
各省
町議
遠景
老女
議連
極右
挙兵
各回
初年
酒器
欠員
同課
火器
功名
麦芽
流失
陸海
自機
内省
馬連
市側
外灯
官位
果皮
花材
器楽
取説
必着
養女
法面
静電
官公
陸戦
古巣
別送
金管
連関
本種
低山
実害
木管
単衣
利水
礼節
打法
治具
照度
雨季
仕官
成金
元老
行灯
動議
黒帯
何億
節気
借受
休戦
時候
無味
府下
船底
作付
列席
散文
東軍
治世
標柱
物量
軍医
満身
六法
冷酒
係争
老犬
軍機
祝祭
鉄器
病巣
種牛
死別
分隊
希求
伝聞
群青
席数
無類
銀貨
特等
度量
春節
牧歌
道産
法主
一群
各階
改題
旗手
塩梅
旗印
残飯
打順
求道
大笑
観望
追試
連歌
郡内
札束
未見
定位
文末
変死
印加
連係
中位
辞意
特進
最安
法外
臣民
差止
初物
好走
動労
国側
芸風
関知
府道
水冷
極左
早産
自説
天孫
選管
発議
時節
花札
変種
連対
順風
音節
以東
声量
面的
動静
冷夏
黒衣
水兵
数的
建学
実働
府省
求愛
両輪
語法
末法
全軍
大便
試走
最北
子機
大老
勝機
極少
正副
成敗
低級
節電
病害
利他
県別
起案
根治
曲芸
最深
魚群
極大
副菜
原初
所帯
無明
先例
標章
力戦
省内
卒後
戦局
場末
好戦
漁法
給電
特級
古希
各区
外径
不和
遊説
反共
産声
民兵
空冷
不仲
無水
管路
定置
別種
暗唱
上辺
全敗
色覚
無題
老害
席次
対案
湖底
産毛
代位
本省
一席
軍歌
民具
産油
法名
海産
転戦
各章
全英
心労
無神
角材
用材
不実
関取
健勝
麦飯
愛機
法典
側道
芸当
好色
特使
口伝
静物
本法
極地
同量
文民
管長
祝電
散発
産前
末寺
害悪
次戦
伝令
初手
主菜
人徳
散会
文官
不敗
地積
好例
便通
選者
各月
水鏡
軍神
入梅
見参
折半
便意
米飯
日別
放散
塩類
漁夫
労作
遊牧
根管
唱和
戦役
辞世
法門
水浴
成犬
風説
冷笑
残席
手鏡
治山
兵員
悪法
希有
古老
無間
無給
礼法
連夜
区議
老体
時機
王城
反旗
名器
参議
死産
風量
行司
各科
年利
帯同
民国
建議
人夫
念力
参宮
鉄輪
通産
残土
漁具
漁火
線材
機首
各戸
徒労
清書
必定
法体
達観
熱水
無欠
練成
水陸
兵卒
無上
白飯
欠番
間欠
成魚
名機
着順
順路
各市
冷間
土管
不育
後席
才覚
馬単
農機
空戦
末代
月初
底板
熱線
平熱
灯明
焼死
船便
字典
伝熱
日祝
単式
仕置
村議
役満
労苦
成体
各話
上席
法衣
戦列
変量
転位
前側
百害
熱電
連写
板材
後付
積荷
位階
冷風
陽極
文節
無血
共役
目付
包皮
変成
各色
塩害
側方
無声
上衣
結線
印材
陸送
家訓
半周
成語
各町
配位
会戦
新説
竹輪
養魚
末社
同郡
戦功
建玉
遊漁
菜種
科挙
花博
完工
同機
印画
木札
便数
各州
法会
低利
京焼
不戦
訓読
民有
親機
一芸
博学
未着
強健
電熱
単三
工兵
曲順
足底
語順
単数
民商
友軍
公選
良家
必用
初孫
書付
選民
各日
初学
式辞
側板
軍令
期成
城館
浴用
分極
飯屋
電験
輪番
群発
郡名
各年
名案
前説
弓兵
小康
相席
飛空
手塩
不味
祝勝
代案
側線
初午
日量
共助
連用
中産
寒梅
選好
次席
英紙
球種
英名
血便
必中
菜館
全周
肉芽
連体
水夫
談議
書法
折紙
初夜
半量
和議
出漁
博徒
変顔
愛唱
初産
初速
町側
右辺
各週
選果
細管
冷害
学連
万灯
満願
自省
票差
軍法
両極
底流
伝習
道観
三唱
万民
票数
付議
郡部
母材
行末
公差
焼印
学府
原票
節理
加給
部課
発願
日焼
功利
焼畑
信組
神徳
学卒
改元
話芸
全種
急便
立位
栄転
成員
集散
話法
豆富
路側
便名
白兵
完歩
種馬
筆順
校訓
達筆
国試
変転
置屋
鏡台
積木
自失
兵科
各室
積年
日録
昨春
末席
内周
産別
類書
変体
着底
機上
直参
自選
郡市
気付
軍側
不同
法度
英日
英気
類例
祝金
国選
相伝
紙器
好位
好中
開札
市郡
焼売
器内
各行
人伝
係官
卒研
差金
昨夕
出初
局側
官人
酒席
不漁
良薬
以遠
左辺
残照
祝典
念書
衣食
感熱
法文
老兵
愛育
変節
伝家
参内
共作
無塩
量感
不文
要事
法界
軍刀
府議
百貨
金的
側頭
季題
英英
倍加
差動
宿便
日参
祝言
結願
漁連
分節
金満
不活
本節
熱病
体側
高札
軍旗
公課
神的
特高
敗残
前夫
機知
競歩
旗頭
成鳥
酒菜
開府
冷感
前景
種名
信管
固辞
徒弟
加里
一案
県令
兵火
室料
側部
焼魚
病欠
冷血
積水
集票
官等
残置
単板
新令
給気
入省
富有
和種
徒長
求心
未病
決選
失火
乗法
公案
家伝
低落
白帯
極点
熱的
熱間
無辺
年功
輪転
良化
伝書
夫君
商機
先付
五節
苦節
庭訓
多産
給紙
老母
馬群
結氷
印面
養命
五徳
類別
城外
結体
月産
神札
加法
散開
酒量
新札
電材
大要
色別
農芸
不急
雪害
不休
徒手
院卒
焼身
競作
不徳
駅側
国法
児者
科料
三軍
級別
不治
試問
標石
角帯
民部
飛球
静注
正覚
曲折
種間
心材
黄変
曲輪
官女
外輪
老公
遠位
用兵
所産
絵付
不言
無毛
同令
考課
楽隊
愛鳥
軍兵
図法
漁期
冷熱
正伝
売約
手管
単科
副流
末節
無体
省察
期初
兵種
法身
単組
改作
初発
変名
人別
相愛
手伝
前照
兵数
方案
言辞
副本
席札
無宿
軍議
菜花
四散
魚信
給金
官界
照灯
正極
産交
付表
不具
漁労
単機
対置
要録
急冷
課員
集録
万札
副食
回付
動輪
商議
無下
単相
体協
無産
集束
円貨
立札
良港
末弟
単音
分包
健食
走法
先約
建白
負極
料飲
未決
先覚
隊形
省人
焼付
林産
君臣
気位
地変
牧羊
包材
協商
通底
各級
王府
法線
利付
練兵
結語
飛地
節用
一隊
底生
軍民
勝共
節点
労協
順列
好事
愛刀
大径
倍量
薬種
課目
級位
教説
老練
一類
等兵
車夫
食養
祝着
輪作
熱波
投法
参会
仲買
付言
水管
帰順
無化
出芽
望外
芸事
海陸
前席
伝動
当量
連取
労農
要地
各村
夜戦
特種
無配
七種
徳目
連理
節間
各馬
戦用
残機
借方
観想
文案
徳育
票田
輪読
利発
中量
残部
決然
初月
重唱
寺伝
戦機
帯地
席順
両省
労役
城市
加配
思料
土民
虫害
州法
社伝
長辺
本管
商連
兵長
不着
未達
法具
白票
機数
産道
案出
好漢
着果
生類
民草
参賀
植付
種皮
後側
竹材
軍命
道議
協立
答辞
理法
軍門
熱感
真説
別口
軍学
軍船
機具
印伝
画法
近位
自席
民鉄
鉄管
別便
積雲
足労
戦旗
城兵
多選
各期
底地
差引
楽典
入漁
毛量
陸相
子種
小官
牧者
楽焼
主機
予察
借上
冷茶
工種
挙上
別命
神軍
機屋
器機
足浴
官立
法院
結球
印相
養親
明鏡
冷麦
耳管
急戦
残月
毛包
北辺
塩湖
類焼
社訓
料紙
中低
中観
全例
好守
各面
各車
約数
女給
民業
軽便
神鏡
十徳
単管
冷温
用達
灯器
軍産
特科
毛束
南軍
底物
遊民
観梅
初生
隊商
産土
笑止
便衣
本官
無想
老成
大望
望洋
満場
願文
短観
連星
英中
好悪
芸道
愛児
富国
最内
兵学
陸岸
無門
省都
末筆
単量
小輪
積金
不等
休漁
完登
工機
小旗
敗色
光束
面材
花径
功臣
牧神
外省
地衣
有印
固結
敗軍
産着
共時
欠食
芸文
北軍
民心
各館
差配
公達
高機
転輪
旗色
多極
静置
校旗
各島
最勝
高説
清熱
失当
黄連
焼入
主唱
単月
番兵
笑気
外信
絵札
欠失
郡代
夫役
古伝
軍功
多芸
葉菜
落果
荷札
民集
冷食
児相
重積
川側
軍役
特出
束帯
元軍
客側
同府
種数
群体
近景
側転
全協
年別
内積
公器
帯出
冷菜
栄達
各様
直管
赤札
校倉
元標
残数
顔芸
土類
学群
大底
労金
相好
所説
地連
労委
産馬
本覚
出札
音訓
前置
外法
丸印
梅見
欠礼
神兵
群臣
不帰
社共
昨冬
兄達
他種
州兵
村側
残光
黄梅
自利
愛社
流民
先兵
熱発
観照
種種
練達
建主
元結
止観
心願
司式
覚者
位数
連成
谷側
名利
機中
長径
都連
法語
悪貨
練功
各員
空位
成案
光害
外材
老親
残材
戦神
石標
回議
敗死
定法
法号
別皿
頭位
競業
帰参
両辺
各点
令書
宿願
観心
母衣
選外
四辺
別号
案文
陸側
芽球
手旗
小兵
節季
選球
産炭
角印
飛梅
各隊
口説
勇名
反例
暑熱
夏帯
群間
法灯
算法
放課
愛息
軍票
他覚
全戦
医官
要石
明察
好発
字訓
陸生
電照
直衣
階位
老酒
茶芸
銀器
低目
良貨
伝心
用便
席料
好気
鉄材
令名
好人
代参
不整
量水
音便
管用
本末
失語
省長
筆法
別科
何兆
下帯
街着
月利
教法
色的
機先
辺材
連語
返付
下付
極光
案配
老老
期別
街場
小札
内法
本例
側副
温冷
願力
焼飯
結着
末年
実包
短辺
前戦
定席
各機
郡区
等量
愛語
線種
残心
近臣
松果
固守
別学
選局
初市
倍満
代議
小満
口側
集熱
静大
不時
進達
船積
当省
群読
機電
外典
九輪
家側
軍内
別線
風害
集材
百官
産児
先願
祝意
失投
順法
良夜
神機
章末
章典
共働
東博
帯板
四周
単打
老父
日差
的屋
老臣
相輪
建水
両機
民活
司牧
要目
末世
英詩
変心
飯台
静学
照焼
覚知
要集
水景
湖側
輪唱
無相
氏寺
願主
要部
小帯
建中
司空
幸便
中老
等席
向付
単球
量目
同隊
付根
訓辞
祭器
色刷
来街
他害
赤灯
特車
帰巣
訓話
改進
完本
観血
失地
正課
低塩
笑声
付図
好運
各港
失活
初湯
絵伝
原器
両群
良民
位地
節会
官業
説文
静水
祝事
無手
生残
静清
郡長
夫子
灯標
副使
隊内
本席
要港
人法
学参
半焼
名付
別刷
司直
帯下
単回
速成
特用
管外
起票
選歌
法官
役付
官道
茶帯
径路
茶飯
深浅
所法
管見
芸子
各別
鏡板
愛書
学法
法楽
大旗
束感
単立
伝手
主治
百戦
転変
梅味
両案
油類
火付
農試
軍都
野選
帯水
観相
白焼
完読
辞去
銀輪
愛校
考量
赤熱
折箱
色差
変事
満作
星印
群書
管楽
外孫
府会
頭側
官名
産屋
戦訓
七節
内府
戦間
口輪
血戦
付点
宿老
特機
山群
州民
残差
全的
両種
令達
鳥害
主材
馬印
極言
無気
相法
連記
生録
中側
仕法
不合
種火
副次
要路
一札
初風
官有
青帯
寒帯
隊服
死票
各法
取極
民地
大功
各節
変法
色材
変分
夕照
熱球
課業
功法
小伝
訓点
同案
管下
大極
思量
街金
米印
建都
共起
小差
類題
丸帯
乗機
利酒
本府
女夫
底石
送辞
健民
等辺
富家
食管
不労
八法
不感
低次
法式
標目
初校
勇戦
点景
固持
無芸
富者
道衣
求積
府市
法例
語群
日周
差入
無電
害者
転借
柱材
底土
向側
赤帯
約分
小量
船隊
完新
古印
包有
文底
極板
健側
不様
消散
伝線
線的
追録
求法
京菜
初荷
首府
便法
完動
初度
言伝
清遊
機業
道管
単協
折返
四民
毛管
牧民
当節
法家
別伝
科別
冷然
官学
神典
中飛
光器
明軍
付番
周章
生節
県城
漢軍
不束
省線
折節
正札
社参
周天
農兵
伝世
好手
直覚
真景
別本
先軍
連年
使臣
輪花
官員
次位
養毛
単葉
歩法
陸羽
行伝
牛群
原材
徒花
産金
部民
標定
教案
油量
社印
治下
科特
害鳥
周代
半旗
日満
輪生
終極
労動
平底
土量
強兵
笑話
続続
天変
浴後
季候
札差
未年
法医
単文
発付
無位
軍区
雲散
寒熱
横側
元初
節酒
賀正
願意
初氷
管玉
民官
対英
横隊
初役
油種
遊軍
円建
選良
景教
大街
考試
熱板
声望
等差
家令
健筆
兵書
単年
陸水
名臣
重刷
神変
給茶
飛火
陸行
清軍
失血
共管
家産
船側
長衣
本初
灯具
対側
不成
念写
神法
人治
開議
競落
各辺
例月
雲底
線径
塩引
天成
愛心
材積
令息
卒中
富商
塩業
産子
位記
不食
外衣
芸談
引札
赤芽
手兵
台輪
売付
産機
体節
帰無
群雲
昨朝
色街
熱流
建言
成算
利札
法法
灯下
管守
秋冷
和順
地建
景雲
各群
大兵
後景
単願
強塩
深信
水輪
衣文
録取
物類
酒徒
名望
原隊
電産
院議
司徒
二季
害意
外積
散光
転置
完調
入府
器形
内約
旗下
組付
別言
雲量
所司
王法
無主
席番
別家
左飛
同訓
港街
礼典
別動
富農
強飯
都側
借手
仲立
飯時
不図
初読
折形
初名
極相
無調
令下
無答
兵農
同側
案分
遊芸
養家
参席
陸王
各軍
湖産
無記
中英
洋種
金種
朝議
林試
民力
下衣
木連
原末
心法
低頭
丸底
改方
末葉
組積
戦自
飛雲
差等
葉芽
軍中
愛徳
初会
笑芸
門灯
州牧
刀法
灯用
農牧
男側
人臣
反軍
明末
顔付
郡県
文鏡
小卒
満漢
筆録
指差
球果
残地
語末
競書
標札
産肉
成書
定借
水芸
良運
無季
地法
半漁
前借
産室
典医
大官
苦無
塩湯
無始
全省
黄旗
養牛
束石
調法
参府
好好
焼土
老死
完飲
種親
景物
旗日
初登
輪王
官寺
所願
労福
管径
果然
散薬
初顔
書芸
城地
伝国
訓育
熱投
書信
無生
図利
軍楽
両郡
草種
家別
小景
卒前
極印
極月
竹塩
特老
郡守
初声
温順
角成
社旗
億兆
飯米
無役
黄熱
分周
先議
加行
各寺
園側
黒変
物種
好球
民選
無作
薬量
神司
出府
深愛
米機
松皮
静定
感官
付置
本伝
年順
夫側
深達
府城
葉末
改番
付合
返辞
店別
鼻輪
週給
相加
陸部
末流
日加
失行
金札
参軍
塩豆
兵事
種物
命法
単利
集治
器差
紙束
君側
官給
功力
戦雲
良医
参向
暗然
船位
民数
副手
残欠
同飛
海関
的球
和約
空巣
帰城
種内
冷池
改印
公議
飛雪
成牛
未発
便中
内孫
塩浴
正続
各道
無官
英兵
悪例
外管
無節
本軍
転成
灯光
老板
一塩
票決
雪景
海印
火焼
無感
選科
都府
法服
新民
輪形
玉器
機根
初電
梅茶
大勇
軍使
辺土
節日
唱道
油菜
同軍
量定
足輪
加年
好学
開建
天府
順順
芸工
器種
信受
種茶
特地
国郡
水協
旗門
観法
緑帯
中景
場景
別業
印書
来札
焼塩
家法
海景
色帯
正貨
良案
万機
炭材
小利
老梅
老生
公伝
例話
梅畑
古鏡
器体
州軍
章節
多夫
官官
湖周
所伝
験者
兵船
変声
達意
陸続
通票
念法
反英
林材
末孫
松材
使令
順礼
散大
散兵
意念
種板
主位
等覚
黒焼
冷所
不落
図的
共食
別様
副生
体熱
熱学
富化
等位
中軍
民会
巣板
課名
要理
寺側
末文
同治
節名
好熱
束子
初刷
古兵
浅緑
油冷
単作
別間
流伝
単記
省案
後産
清話
伝音
包紙
初中
通観
初伝
下令
字種
各院
節食
横帯
子共
静心
主節
府外
口器
花信
足側
単極
好漁
前司
民工
自働
底意
参進
話材
順手
古法
細径
法世
風信
前祝
無業
玉類
数別
官選
満族
耳順
望台
城側
登極
安協
治天
底魚
末位
借料
初世
中折
器台
治者
軍官
有塩
治病
酒種
家司
席主
徒食
水差
隊旗
典薬
飛節
最外
母機
無意
初令
例数
低声
男帯
願事
別法
功業
完泳
灯心
満人
輪台
戦区
金法
変敗
間夫
和戦
春望
後置
弓隊
城番
味塩
半側
紙衣
冬菜
冷飯
副木
無歯
運材
群星
両説
最遠
官話
水戦
未申
時変
街上
牧牛
焼色
行願
内功
肉的
散楽
太初
日軍
望湖
笑談
改植
達見
引例
直積
楽府
酒害
火成
標旗
置引
力無
船種
改帳
共愛
色法
群数
大果
主兵
単票
真底
特委
徳望
文辞
官印
白軍
漁区
老頭
老残
兵村
別席
要用
残花
不出
建軍
折線
想夫
湖辺
米加
清談
連音
軍夫
付利
宿望
実積
無根
黒旗
有産
陸風
円管
印花
細民
浅深
空包
持節
付会
対辺
飛白
反別
極付
口辺
郡立
最落
平信
低水
親兵
来観
官服
側女
紙料
席題
類話
変曲
未必
万松
来信
名節
不登
無才
風熱
選炭
松会
悪果
願人
右府
短径
然様
赤印
各案
気量
水試
不参
法城
前便
流灯
信力
課役
天機
火熱
訓民
満票
円成
軽挙
笑売
庭側
小菜
冷雨
水松
散形
熱面
州別
花成
輪部
景表
旗国
年周
外連
円鏡
利差
辞林
実説
教令
月令
照笑
茶類
州郡
官司
司長
力積
群泳
無医
耳輪
残便
周速
神衣
自験
親側
青単
世説
各音
薬材
各各
皮衣
小焼
法戦
買参
連節
仲店
民用
放冷
管主
三兵
民画
願生
見料
昨期
種字
君民
一散
白灯
産所
細節
種油
病衣
産消
高唱
仲春
大祝
敗着
印文
借物
菜葉
国初
極暑
天輪
旅衣
黄帯
選言
場札
前季
週別
法器
老農
不一
焼玉
印本
宿側
早老
間然
黒印
鼻差
東辺
合印
生別
単味
体量
詩選
空無
利金
観兵
点的
田夫
巣内
材面
欠本
転付
糸底
労研
側芽
反照
分課
特写
中種
冷暗
軍談
地松
祝部
月差
残菜
好打
付人
景石
青旗
卒然
円覚
初入
学課
日貨
電量
生児
欠課
無筆
浴湯
管柱
官兵
建付
仲仕
残品
角灯
印形
令外
育徳
氷冷
雪量
令室
残火
卒去
悪念
王孫
好字
茶利
火夫
祝酒
各字
外帯
英式
土法
刷本
風輪
給養
戦敗
菜豆
語種
初列
印刀
波束
飯事
旗人
官側
散花
達用
候文
熱度
群長
地機
老少
手浴
完形
好形
上底
年差
要説
自照
残日
神観
別電
各表
戦戦
寒害
仲夏
残兵
他省
古訓
定府
産気
発機
内底
無暗
池側
菜切
野梅
変改
関外
群小
銀成
海民
門付
副都
風冷
満満
品別
浴客
島側
初売
感泣
詩法
耳標
空陸
管中
化城
別品
南辺
加上
熱熱
城方
英印
不会
初空
差玉
参究
産年
耳側
出挙
不楽
無子
左府
標点
竹管
悪戦
明器
木末
長管
楽節
差図
全労
観者
失声
席書
良風
道念
心機
神位
漁父
包葉
省議
多給
倉荷
城府
塩魚
身共
内照
大熱
五菜
先夫
帰隊
中節
北倉
児女
不起
赤衣
願行
折助
口約
借名
信南
特配
間借
流連
未習
一昨
熱低
物差
極東
街市
白札
産官
高飛
学兵
名松
児頭
階差
流説
不対
多念
横径
器面
弱兵
労工
特学
本類
極北
正戦
伝単
寺観
愛友
青票
会旗
曲節
神徒
古例
末女
産軍
切願
変通
書初
老病
各文
散寒
着帯
種紙
不例
印行
放念
変光
官府
未分
無熱
同城
徳化
転結
参学
旗持
横材
昼帯
活量
包虫
大節
内治
生果
各数
六芸
図典
朝焼
給送
目結
続開
買建
伝灯
例式
当季
陸化
多灯
果色
極数
清兵
湯浴
陸産
中散
直産
集英
王臣
飛角
銀側
城名
病例
郡王
課所
陸兵
側柱
牧馬
石印
老大
玉菜
前帯
大念
給炭
肉量
英書
早飯
人付
丸材
各書
要役
静思
側役
売笑
全輪
公労
部案
金軍
連木
鳥観
無足
官物
通好
林松
直説
油単
手印
各語
古札
給事
心付
老夫
天軍
達引
長欠
散茶
黄衣
改号
低所
豆果
社司
守札
浅春
挙国
夜灯
上帯
管台
便船
満船
良悪
各類
法談
大約
東観
官金
副室
飛出
印肉
未聞
要式
生害
低回
書票
産鉄
愛他
海参
富力
守城
果面
柱帯
口唱
細別
初形
童児
協助
内帯
節内
清初
立願
皮側
生機
熱暑
不語
川漁
全伝
死児
守兵
軽卒
州府
食法
他氏
緑衣
帯紙
利目
前約
正位
持説
不才
参着
底側
投低
陸面
仕末
貝輪
産箱
令法
強熱
役席
機番
刷子
母種
下底
星群
戦野
社倉
別火
利雪
季感
全隊
別字
伝産
着類
極夜
季夏
鼻側
門札
借間
試筆
初席
物成
多連
黄老
低高
成業
法貨
屋側
唱名
人差
多望
連言
産衣
内典
好味
未草
付章
動径
役料
付和
薬包
群飛
各説
美辞
軍書
験力
旗雲
城頭
地輪
満語
愛念
類本
他軍
高察
各代
変相
気節
祝歌
兵食
清上
電束
満目
衣帯
側波
好期
初地
曲管
郡国
門標
心無
副鏡
天産
札入
夫夫
中印
肉付
茶梅
国老
関頭
後便
軽信
玉成
和協
連声
側根
管口
兵児
生材
書札
副文
通便
内官
後願
氏上
低平
申達
徳分
良種
終漁
極安
共住
念念
内臣
神戦
鉄塩
軍長
冷帯
察官
散米
飛電
差料
少産
変温
産銀
席代
小徳
紙札
祝女
配席
残年
不住
身欠
少府
用器
別働
民都
副子
改役
表芸
牛飯
順良
才徳
極官
付注
管群
折中
色票
語例
灯船
最右
銀札
成貝
加農
主典
反清
改案
取的
目利
散散
極極
指印
細案
清清
辞官
省市
風伝
万夫
目量
群竹
場周
失対
等積
魚巣
同信
自隊
関風
兵車
米材
共地
単列
塩海
無天
標式
荷積
要心
下官
老馬
残油
刷物
分置
法弟
天官
隊名
無代
焼絵
書置
路辺
両法
満城
静中
秋景
使信
愛神
油管
利養
単子
多照
所労
老友
雪松
羊群
信服
軍転
船材
別置
機速
法孫
追給
半官
最左
極量
散村
光周
青灯
目差
西低
相利
画然
女節
飛板
固目
帳付
要図
成銀
昨対
選木
代願
欠配
苦菜
無灯
低部
案下
例言
国典
積小
標数
土祝
主城
法意
船印
良木
語類
差歯
医博
正兵
根量
芸森
飛花
末口
民自
積出
臣人
商量
機音
加役
弱冷
求車
照門
苦参
行器
労宮
後夫
新軍
動愛
天極
神治
隊隊
別行
母印
下熱
洋灯
竹束
五衣
首唱
時好
千変
管底
自笑
参差
新貨
熱力
加薬
連区
群立
愛民
富実
散所
省別
単刀
教課
飛流
神灯
浅手
十便
仲冬
科類
変様
変局
米産
漁色
博才
軽労
両隊
建場
管板
陸貝
目節
魚節
芸界
徒事
泣顔
徳相
材色
差立
塩物
軍旅
無三
種地
半泣
挙人
毛衣
県隊
祝文
弱卒
五念
令弟
式法
界標
定積
残物
欠相
陸空
満地
助辞
府学
産神
客貨
馬標
希土
折折
官治
名印
午飯
徒者
漢初
健体
積送
極高
散木
不協
美挙
側手
金側
金冷
色料
飛頭
輪差
地利
側側
長養
主辞
老台
外包
節足
同極
利回
山参
側石
官家
右軍
大帯
温菜
臣節
兵談
返照
積付
悪徒
魚付
側目
等置
中帯
側聞
別別
庭梅
鉄労
養気
特立
標治
固成
玉清
特管
芽先
開法
国訓
産育
銀印
便便
児孫
対清
機法
君徳
順流
酒飯
米塩
照海
焼打
清気
足芸
約書
郡都
内議
機位
列機
郡方
山民
欠神
本課
約言
好配
結言
月変
面輪
同博
区隊
白法
辺上
別国
対治
側辺
金位
利達
空輪
飛語
水徳
場席
兵具
節刀
知府
外景
管側
富札
同包
勝戦
連産
変物
紙包
希書
太径
金包
芸林
札山
陽徳
風選
軽焼
通辞
輪数
最決
対位
共色
席画
矢種
漢鏡
軍王
松門
積徳
別集
努努
管足
老弱
詩節
作願
急熱
帰府
敗兵
印箱
類内
洋菜
浅才
寒松
成女
星位
積地
加音
英法
旗章
家飯
手械
側管
巣門
悪衣
不日
速戦
初位
輪身
鳥飯
旗軍
冷肉
後節
競買
達書
積土
浅黒
良工
通法
森側
別章
各式
代置
兵式
初買
同節
清記
標線
特休
未配
要法
口達
養鳥
欠字
広録
付票
利運
王民
才芸
別村
前付
古種
対印
小果
岩鏡
害草
赤変
席入
船軍
官地
改運
挙止
官行
無反
先徳
同参
治所
続戦
旗風
積悪
近信
無品
共帯
軍種
入夫
各役
次便
選点
漁灯
単形
未進
花軍
不立
間帯
風位
太好
大菜
最寒
光覚
差物
来席
先富
口底
油料
酒塩
群議
要道
風折
伝受
女軍
魚倉
令兄
他利
客位
法音
目鏡
早便
節糸
万別
官命
多管
続飯
題辞
古器
無底
筆管
旗標
父老
約手
戦競
駅夫
博聞
本児
郡会
類同
寒候
通約
和差
夜側
老医
衣魚
念者
貝貨
参朝
王令
外熱
大害
付子
土焼
館種
不念
好望
他隊
天灯
類数
番卒
死節
種石
群植
音群
調帯
宿料
始覚
水成
頭初
役夫
死戦
隊歌
院司
産元
成心
失心
神側
耳底
各次
給地
果徳
極体
成身
初筆
賀春
博引
路標
刀印
康心
不完
残気
連印
郡道
夜泣
熱時
首側
代印
初給
花芸
火灯
帯祝
包金
徒死
緑便
完徳
官記
印手
鉄量
薬群
府事
軽功
要具
類地
千差
老令
内景
変説
夫方
管形
徒名
軍器
連曲
付曲
相観
要談
社標
苦塩
輪灯
同説
隊数
候鳥
良計
内伝
灯数
借着
方印
極期
茶法
一別
半成
天印
季秋
行管
一害
原法
飛去
令孫
実伝
借問
副書
水飯
料地