逆説
体得
自営
採光
基部
性状
原資
走査
慣性
重圧
作務
信義
慣例
素早
演者
常人
在任
減益
液化
風評
油性
総出
始祖
次条
検問
品評
非鉄
重版
武人
住基
道義
原液
一際
減損
直属
居所
悪態
精肉
耕地
枝葉
別件
旧友
皮質
老眼
基材
演義
技士
混声
真逆
図示
損得
機序
主査
句会
眼中
再演
残像
総計
保水
係留
別個
総意
応接
不燃
礼状
定格
断行
際限
欠航
仲居
術前
旧作
勇士
応戦
義妹
禁酒
和製
織部
細則
修学
月報
素地
功罪
公証
受粉
余波
所領
無情
計略
旧法
天職
逆風
粉体
散在
一任
立件
同型
精細
情感
演武
復調
復職
戦災
定常
球状
大破
官製
旧家
名演
走破
常習
白状
全快
略語
開基
非力
天性
貧富
領海
造花
史学
常食
年余
良性
過信
断罪
歴然
政教
増発
桜色
大義
再任
序文
散財
準急
変圧
格下
石造
停職
正則
素養
旧式
再録
考査
独白
経度
水際
受検
素行
分際
領内
防風
校則
軽率
着眼
修習
禁制
海保
義弟
分団
厚意
印税
授産
制球
会則
人財
授精
好演
文責
話術
風紀
加勢
賛歌
過小
術者
鉄鉱
低能
信任
悪評
編者
暴君
服務
貧民
技研
興産
現品
報徳
全件
測位
年限
総評
時勢
性分
適任
血税
官職
険悪
一興
防空
予断
余念
会得
形勢
過日
居留
心象
快走
学舎
不測
破門
減給
神格
総局
愛妻
武芸
雑居
点眼
自制
増刷
丸型
馬術
護国
月謝
内情
雑言
先述
査証
職能
年率
葉酸
冷製
財力
均質
隊士
再戦
家財
格上
古布
情念
来航
実状
貧相
支点
休講
余生
導体
造血
眼光
総菜
本条
領事
暴発
義人
学際
葉桜
交雑
仮題
大志
銅山
空輸
快活
山河
大損
余所
上程
国史
潔白
不断
時評
肥育
帯状
新妻
在位
声質
絶命
営団
市史
逆算
国費
包容
情動
記紀
血脈
社務
主犯
増長
雪質
要職
明解
過重
新造
毒殺
野営
相似
義士
改質
礼賛
護送
追肥
査読
土質
造型
圧着
引張
授受
略式
医務
混成
精巣
編隊
山容
士族
造反
独楽
極性
旅程
常葉
衛兵
小額
天領
雑木
述語
貸主
生検
適温
庭師
雑食
海綿
無性
連綿
薬液
中興
残額
県勢
助演
特務
小技
管領
術式
年報
張力
規準
士業
容子
体幹
常態
構法
綿毛
製糸
年寄
術中
情事
造林
減産
破断
常勝
中編
賛辞
能面
両眼
文武
同格
転属
証紙
素数
在家
比売
判官
具備
性愛
判然
解熱
全能
初夢
逆走
製茶
梅毒
花序
粉雪
製油
酸欠
在京
低圧
比類
独演
感応
水防
新編
圧電
在中
評伝
区制
営巣
北限
保母
戦史
残余
本紀
自責
同質
同罪
合資
民報
波状
仏道
再帰
放任
曲解
修造
舎弟
軍政
興国
逆上
禁句
導出
紙製
余人
大罪
採石
接写
武官
罪状
薬価
政変
守衛
満額
布製
血性
復古
接岸
厚紙
失職
王政
便益
教則
絶食
断水
元妻
修養
各停
眼帯
再版
客演
居士
史記
両性
性差
墓標
適地
字句
標示
熱弁
容態
史家
特報
風圧
当確
柱状
無益
故宮
打設
適職
製版
再犯
招福
天堂
輸液
弱酸
副賞
発布
都政
英仏
旧知
過料
口述
画報
独居
暴徒
職責
久松
牛舎
複素
秋桜
豊満
雑費
仮性
星団
墓前
道士
断線
売価
精選
石版
救世
真綿
適期
複式
序説
雑務
銀賞
判読
接見
日額
国造
無比
酒税
不適
大技
婦女
雑文
内規
暴食
政官
識字
複眼
現業
反証
糸状
豊水
令状
増便
織機
舎人
間質
減反
日独
通則
代価
舎利
護持
内務
県税
日仏
基質
病歴
冬型
常夏
仏典
性急
導線
眼底
眼力
定職
英断
差益
経時
限月
旧版
門限
増悪
減塩
液肥
名士
情状
防戦
仏語
祖神
内燃
築山
政略
地歴
祖師
低額
師長
東経
経文
多勢
手許
仏画
領民
独唱
年増
厚着
講読
年刊
例規
旧態
軍属
毒薬
水耕
他殺
医術
詩情
投句
職名
豊国
復号
近刊
任官
史書
再送
謝辞
版本
均整
町政
頭領
製氷
高潔
官舎
性根
経皮
実勢
文型
得度
導水
中程
算術
復員
絶世
編制
速効
有史
飼主
総和
受任
判示
主因
精白
熱情
豊年
銅板
博識
墓参
病性
独法
防人
区政
海士
内圧
来歴
外圧
音素
神示
一枝
犬舎
綿花
仏前
訓示
精機
地勢
米価
編物
村営
政争
具象
義足
検地
中綿
音像
院政
現出
永世
仏師
強酸
禁固
堂上
各賞
枝先
角型
益金
証左
日比
国士
術師
確固
図像
暴飲
仮病
政情
眼圧
保税
底質
無精
商務
悲喜
旧名
勝因
余熱
堂内
情弱
張本
精舎
反故
水脈
税調
活版
停留
雑念
重責
性悪
過少
仏性
採録
減算
病因
接頭
停学
可逆
分限
快方
不義
人災
会堂
証票
経鼻
刊本
強情
分枝
居館
引導
兵団
快復
独歩
学制
欠格
混和
町史
夜型
航法
義和
接木
圧雪
銅製
平準
星型
神像
防食
組版
音圧
雑然
重罪
精気
工費
週報
犯科
雪像
謝意
後妻
木像
逆子
局在
文士
民政
性向
仏式
豊漁
一義
減便
布設
連句
複勝
円堂
留任
不精
県版
小桜
質実
失政
悪政
見境
増結
在米
前妻
写像
義勇
検量
改易
高率
河道
貸本
大政
形象
中団
拾得
長久
財形
築港
破風
証文
山際
紙質
切妻
新制
液中
強弁
断酒
保佐
得物
発破
暴投
余罪
技官
原罪
極貧
禁輸
引責
土留
転任
正妻
同率
成程
導管
体術
教導
銅版
科技
現下
圧入
遊興
常圧
酒質
温情
在所
過分
航続
婦長
語義
土師
製塩
節制
銅線
様態
増感
葉脈
総業
故国
会務
解題
高祖
流罪
安居
国師
歴戦
精読
農務
町制
耕起
和布
木型
世情
復唱
線状
禁漁
町税
修身
内示
義夫
築年
得手
情愛
修整
名句
領国
食性
兵舎
物故
行状
肥厚
戦歴
問責
非人
厚底
大検
熱性
測地
急減
時制
独力
気勢
物証
先史
非礼
年比
示現
多型
金粉
心眼
版下
遠因
神性
旧字
成因
府政
政友
在地
検死
後程
資力
近眼
力技
修法
衛士
箱型
竹製
雑事
器質
発禁
暴漢
判子
象形
果報
局舎
板厚
精工
招来
立志
電設
在野
弁士
質店
解像
財運
各個
仮死
造立
通史
減水
学修
喜楽
寄合
破水
万象
脈動
軽費
評者
転貸
混信
雑技
常世
測光
毒男
軽易
雑兵
定演
断章
武神
旧居
総説
領分
現有
複葉
白粉
鉱脈
仮屋
破線
心証
現住
毒気
前歴
事犯
独行
総員
眼内
団交
雑味
白布
金鉱
布引
鉱区
特任
入職
義手
修辞
利確
軍務
武運
山師
父性
武功
死罪
保線
社史
術士
圧政
技芸
経糸
清貧
主税
実益
付則
貯玉
心性
原版
心因
職質
非番
複利
寄宿
仏間
学務
園舎
鉄粉
減資
銅賞
旧館
元肥
修築
百均
領空
検分
復原
導火
全仏
定性
公述
常住
酒精
夢路
回航
検校
曲率
報国
知略
容体
魚粉
検便
照査
減数
本仏
新政
常在
解同
風防
足型
政体
目測
独女
正犯
酸度
変額
職位
減殺
政見
口演
方眼
応札
感得
護法
比定
校務
財投
得心
支弁
眼病
移乗
準則
枝肉
過当
単眼
略号
採水
職工
出禁
逆順
白質
識見
絶交
支城
変型
禁則
歴女
粉状
秒殺
総則
破談
県史
血眼
寺領
混練
限局
費目
続刊
戦費
素因
接道
破竹
過半
国領
殺界
適確
市報
任地
父祖
連接
間断
張子
因数
上布
日豊
銅器
厚子
国情
加増
圧殺
修好
仏門
暴利
造物
産婦
混交
妻帯
職制
不易
海防
金銅
別状
眼目
赤銅
常道
禁城
内製
無税
法益
分銅
線型
発句
弱毒
寄木
検温
係属
口許
有職
検札
独語
財物
横型
増配
弁別
宿営
正夢
言質
大逆
足許
黄銅
同属
採種
略記
有精
内航
本義
総門
応益
足技
現今
府営
弁務
税目
制式
査問
新製
略図
仏光
最貧
氷解
確度
混色
特効
常念
太祖
賀状
体圧
現生
接眼
接線
迷言
公刊
版木
現車
内因
鏡像
非業
追証
残基
高確
書紀
旧軍
重税
事績
版図
素面
逆側
付設
多義
観桜
物損
銀製
陸士
混泳
液面
公武
近在
選句
管状
増備
評決
導通
師父
過給
夢精
選評
鉱毒
青酸
世評
無毒
停波
銅貨
救国
在院
条令
修景
休演
焼損
綿糸
法眼
圧制
字義
用務
解職
負圧
玉堂
圧死
独習
筆圧
減災
復学
士長
官営
初志
因習
変造
厚情
貧者
先任
神領
無勢
有情
本則
歯型
破折
残務
求肥
機織
守旧
白眼
四則
応分
織女
職労
官制
提議
墓守
布目
調性
能開
青眼
基数
倍額
厚志
朝型
受像
圧接
談判
詩編
仏説
適役
単複
内税
県費
業容
多謝
太史
改版
見得
両断
旧交
門脈
厚板
非戦
人士
教条
時政
墓園
語幹
養液
結団
高検
現前
役得
賛意
帯留
多弁
素適
王制
緑肥
逆毛
増分
在世
市価
綿布
貧打
仏心
快便
支保
多能
原義
多価
体性
悲報
前史
再見
好酸
自性
差損
注解
略字
労政
液相
寒桜
略取
独仏
千枝
然程
薬歴
毛質
楽堂
毒草
桜草
仏国
本妻
圧送
常夜
似合
外史
銅鏡
防長
芸歴
同賞
自適
後略
深謝
編年
地粉
心技
左眼
易学
合評
全損
現道
句点
殺法
興信
基体
手織
鉱夫
得失
学則
住設
眼福
旧線
政所
準位
雲居
周航
政談
精確
基線
混用
義眼
特賞
罪名
義民
方略
仏堂
広布
現用
鉄条
枝毛
料額
弓術
移出
通航
小舎
軍略
学史
短評
独眼
貸方
家格
武徳
支隊
南限
急造
自損
羽状
本務
在沖
講員
往古
親政
厚地
詩句
社格
弁証
余話
独活
労基
情婦
同報
起居
短資
採食
山居
部費
楽師
現任
謝金
筆耕
河鹿
母堂
残任
検波
破目
分厚
本態
経管
直情
快作
採草
支川
外因
訓告
検車
法堂
絶海
先妻
精練
弁公
粉引
職長
常民
絶唱
断交
説示
厚顔
経本
強圧
枝川
夢色
紀念
士道
整枝
在阪
総領
上士
害毒
大過
公舎
統語
一統
金脈
先限
外航
快音
黄桜
初犯
下士
紀年
測度
分圧
五経
粉薬
半眼
貸地
仮歯
路程
条数
生得
服属
進士
結句
易者
特則
日永
大枝
魚眼
再刊
手勢
中判
令制
在民
情話
財貨
禁門
採鉱
大経
基台
復命
悪逆
海象
絶筆
比熱
船型
減弱
心経
給費
歴博
高師
常歩
液性
皮製
静態
条理
数独
講中
構音
素読
照応
鉱害
空弁
林務
個店
色情
見性
悪妻
力率
破面
鉱産
旧町
外税
別条
布武
気液
命脈
質点
術語
病型
神在
法術
独言
折損
支族
線条
義兵
土圧
光復
主格
防毒
増車
両義
不興
戦型
赤貧
属名
平価
毒虫
内応
減容
数寄
保定
海技
成句
小史
軍制
共編
証取
休耕
結像
快投
武門
比高
側枝
周術
感興
病勢
雑色
仏文
政事
例証
明許
犯則
再話
王墓
税分
先師
有性
新税
右眼
本営
波型
比準
造山
銅管
独軍
所税
物象
属人
里程
老境
大任
内証
職分
非想
常宿
旧領
作型
理財
点状
移調
守勢
石製
楽士
志気
光堂
仏寺
輪状
検修
逆数
独和
最判
共布
作句
経血
新義
深耕
在校
真情
貯湯
史談
名状
適所
志学
花型
旧国
草堂
経学
身性
検印
英領
修徳
停船
特講
等質
河水
禁令
職住
高枝
夢現
製織
混線
留鳥
破顔
仮令
英独
活弁
都税
逆進
造本
貧農
感状
減光
選鉱
判型
謝謝
平型
道営
商状
減車
罪業
興起
築後
京師
有責
書証
外在
快刀
果断
服毒
神技
断頭
教程
薬務
未修
減員
情人
中耕
条里
独標
減肥
居村
一喜
故地
申述
編地
町境
試技
応能
着圧
益虫
謝絶
山型
肥効
星状
導波
仏独
卒検
天眼
政道
快食
円状
現界
造化
多士
士林
支分
能書
機制
属州
社歴
当限
見張
久方
黄粉
正堂
常置
皮弁
暴政
旧事
主枝
印判
喜色
勢子
脈波
銅鉱
山程
交接
社告
可食
法性
元職
思弁
検眼
総花
輪講
地判
貝毒
貯木
余寒
花夢
区営
内接
資生
応報
快足
兵営
象限
造像
西紀
防雪
南武
内経
絶無
統領
調略
出講
精強
観経
証印
可算
市勢
政商
検者
仏界
毒矢
罪責
接受
強勢
常楽
得得
素焼
縄張
人性
社領
用布
逆止
液量
総見
高質
重態
寺務
基因
気団
天象
村政
故里
表在
現時
総画
細断
同祖
職階
古義
重職
小職
報謝
変状
黄経
命婦
過量
増速
性情
紙版
雪解
粉茶
葉状
句作
毒液
経木
耕種
総状
条虫
原像
講社
航走
平織
布子
増勢
妻女
糸桜
墓群
入構
停年
対句
林政
絶技
禁教
学報
隊舎
確報
弓張
岩質
自任
徳性
仏子
帰任
損切
禁中
義子
強精
導光
書判
講述
救貧
支会
河馬
採炭
音型
日支
粉屋
質料
面状
型名
桜会
織豊
主脈
混植
支台
元型
逆送
対独
軍規
液圧
何程
測線
定在
逆接
旧村
旧臣
印可
低質
布屋
枝道
借財
編修
準州
雑器
村史
雑話
永安
得用
電導
在席
平版
顔型
流造
正価
河下
毒見
犬士
動因
復水
現身
在国
入営
脈管
美技
経脈
花桜
快技
合財
易断
解由
武断
余勢
像高
基肥
財経
素問
武技
造酒
常会
妻役
心術
制酸
務所
付保
転造
混生
低張
河竹
不得
精根
余録
五逆
火勢
仏花
年紀
雑録
旧聞
桜貝
可成
下枝
寄主
検案
備付
雑役
史話
復配
全史
情交
制空
墓制
区検
枝村
血判
非才
本賞
仏領
英資
変移
刷版
情実
燃調
師子
演唱
個物
五常
大略
減法
高士
前句
状勢
未刊
画師
学堂
豊楽
例解
桜湯
初句
重質
差支
断種
遠祖
常春
地際
似顔
造顔
造兵
国許
自得
故実
王統
罪深
別解
強殺
機略
修史
強毒
氷像
銀粉
検測
東総
総湯
空士
旧記
当職
損料
朝護
天格
協演
版面
朝報
親衛
織元
真因
経書
流祖
演台
国勢
飼葉
本証
厚物
文証
質物
移流
余技
倍旧
寄留
演能
試演
仮初
章句
空圧
妻側
空似
転圧
適材
公領
減肉
史略
過客
虫酸
道政
酸類
祖語
軍紀
毒婦
粉物
属領
破軍
金枝
技建
荷造
演色
往事
気脈
粉炭
犯意
終刊
原基
減軽
雑行
保衛
精兵
各編
特損
土耕
告文
師家
例句
厚相
戦技
晴眼
連判
独得
温故
義挙
水毒
良妻
活殺
独資
罪科
兵制
特保
球際
余情
常法
進講
原句
情意
省益
真義
費消
等比
分任
朝堂
解字
術科
新修
魚価
河港
妻君
村境
岩脈
防共
人証
球史
団内
毛織
季報
旧市
米仏
夏型
向性
在園
減色
有報
再製
訓導
外接
同職
河谷
往信
天賞
仏身
検算
改製
多情
堂堂
円型
情夫
大士
毒味
白銅
血幹
木粉
能管
正眼
車格
雑作
急報
現示
白象
士分
自製
唱導
高張
方術
妻面
本因
再築
病識
在城
桜肉
農婦
在室
発災
銀鉱
在天
賞用
減配
銅造
差圧
禁足
測器
技科
情歌
設例
久三
罪過
士卒
防雨
講頭
再議
制電
桜月
整序
重任
弁法
現国
墓相
見仏
採火
復位
得道
告解
絵像
測点
鉱油
挙証
歯状
高性
和独
基布
旧人
赤布
保父
地格
支場
演示
近状
綿雪
総隊
日限
寄航
手提
接心
金精
官設
義長
門衛
市費
枝番
留山
仏祖
石質
制札
総身
町費
編目
切粉
東豊
多肥
太師
軽質
石粉
永生
限外
服制
数検
任国
仮橋
寒肥
混然
交織
像法
風眼
金製
包接
仏軍
税外
武名
徳政
算額
修文
非弁
史伝
型材
断筆
桜守
雑想
往昔
上製
古史
編組
低率
技手
在英
赤眼
検見
弓状
雑考
整容
三増
成務
増倍
天授
家常
旧年
略伝
水師
四囲
内張
祭政
経世
旧都
格技
増白
薬殺
欠測
労資
重修
仮借
情死
精鉱
画布
曲技
面圧
里桜
活仏
類比
素食
牛飼
仏人
出師
説経
対格
妻達
基音
正士
高評
示方
貸間
個食
報身
常体
連破
経線
益益
提要
雑品
再検
略史
布達
性行
信士
容色
厚口
銅色
断想
国幹
条線
毒親
領野
粉食
増生
素的
護民
講武
報土
逆臣
逆様
海容
理非
一脈
明堂
人像
常例
液温
要略
夢先
州境
厚年
犬型
国制
卒制
講究
職別
条規
営造
高判
美質
西経
民航
法句
土製
帰責
開張
非理
法条
助勢
精検
空費
旧港
団信
法義
経国
象眼
政労
職方
道統
減歩
増台
編注
音価
立寄
略解
仮構
財相
正逆
知得
情調
義臣
陽圧
比色
団団
耕土
造波
天測
耕運
測深
球質
造設
答責
毒化
前額
導引
属地
支石
重犯
注型
業報
税理
発条
梨状
接辞
防球
枝折
桜皮
仮植
飼犬
仏英
朝政
残効
師友
全総
初経
雑損
目許
功能
米独
雑節
報賞
因業
益税
手型
枝数
寄金
上師
親任
示指
内妻
助士
桜友
現先
徒士
村税
浅型
興玉
旧主
分脈
護念
暴雨
小象
中堂
精管
宮居
営林
導流
成均
水勢
複文
識語
小堂
予価
元版
精麦
礼堂
検番
航送
送液
性技
各条
整経
堂守
正編
採油
職印
張出
仮象
徳義
入境
大領
再入
混一
麦粉
本報
高堂
身質
産状
外護
現法
草型
仏足
歩留
応手
布置
人税
底版
家居
現成
仏土
正像
定検
固型
夜営
仏和
増多
心像
小勢
資財
居中
歴程
返報
病証
総記
増価
類句
実修
遊歴
再再
自序
絶間
仏神
定圧
雑報
手厚
自弁
性活
旧地
強暴
紀伝
可採
小破
代講
母型
士人
能弁
幹周
余種
教士
側圧
神政
順境
基通
局限
仏頭
初留
外液
鉄構
新採
港則
脈圧
下句
総高
代務
水制
犯歴
後備
綿羊
公序
前程
寄場
旧教
版築
原綿
略説
状元
軍歴
検鏡
保因
航程
下肥
防熱
額絵
質草
際物
用益
罪証
士師
布山
画賛
性比
個票
女犯
今際
順逆
効験
混住
仏果
授章
毒手
明証
増体
判時
練武
綿混
熱証
総集
波導
業歴
応化
武備
修証
教護
情態
総軍
妻戸
経財
桜香
実査
師道
測温
再校
試査
土性
史官
可住
眼玉
区史
中衛
句法
水災
府税
程遠
逆用
油状
評語
放飼
空性
実額
政投
能化
黒眼
本講
古仏
局留
禁軍
交情
合築
現額
布令
墓室
王舎
確勝
公準
春告
巣状
測色
小布
矢状
保肥
独日
家職
任天
営倉
発航
化導
連枝
二河
領導
低価
帰航
調質
木精
義軍
郡制
同断
検束
余日
仏眼
海際
減食
月評
別布
金貸
起句
単性
略名
病毒
寄人
綿業
引接
板張
適中
検液
応談
自領
厚味
解結
集解
格率
枝管
詩史
型絵
水液
早弁
社則
牧舎
航洋
妻板
解氷
社費
織屋
大史
打製
実損
非時
戦備
条目
容共
賞球
構外
逆目
布衣
弁才
社報
造仏
外貿
採得
解夏
総点
桜祭
仏日
代演
増光
貸手
雑歌
百態
子象
動眼
評言
久久
古墓
在級
本師
一得
堂舎
示達
寺格
素木
禁圧
受圧
順接
買増
黒質
河底
軍費
国禁
初編
句意
表布
会告
道祖
官費
常飲
民設
詩型
在団
本復
個的
領解
在番
在官
業師
老妻
税政
明報
通性
混走
仮歌
混乗
神授
字解
政史
興農
在仏
列状
大序
軍営
有識
紙型
節義
基発
明経
世祖
損気
薬毒
神祖
総角
支脈
病舎
物税
楽興
築庭
複音
和仏
型屋
来演
総管
張店
暴追
液冷
武臣
気導
序言
王仏
立居
液果
電測
術野
志民
厚司
炭団
明史
益体
貧苦
快演
易行
勝勢
禁色
手妻
在社
属島
対仏
低確
三態
増圧
燃材
防暑
再四
像面
適作
総有
経略
七祖
情理
余水
地史
教勢
逆玉
故城
絶美
粉質
前件
領置
幹糸
格通
仮数
雑物
造機
白桜
夢告
寄道
両統
進境
勇武
逆修
体技
形像
作仏
塩性
入航
正接
旧慣
原職
家領
減船
仏名
合性
句読
外政
定則
長史
青史
仮宮
確言
綿球
直航
歩測
破調
農舎
修交
都制
衛府
満堂
身許
型板
清規
枝物
大弁
方格
貸元
化仏
経義
政要
熱型
仏飯
正賞
金団
現高
講説
応身
鉱水
法統
音義
像容
日酸
山留
勇断
航戦
入堂
組技
良導
野史
現価
戸境
丸弁
丸損
一殺
外編
移建
逆性
残率
寄手
深在
病像
業過
製綿
車寄
酸鼻
買弁
等張
書堂
正師
夢遊
残夢
国設
素気
確答
変格
弁識
温製
仮親
耳許
検断
眼識
光圧
眼付
余聞
一士
観能
準正
燃圧
字統
国祖
線質
精美
都護
分留
妻入
道術
講学
公許
晴耕
寒証
商報
民情
個品
敗勢
輸注
素生
同師
色粉
枝木
毒麦
玉眼
試製
弁財
種属
口授
義絶
星像
非法
義解
仏伝
常同
示差
地境
逆心
風災
能作
米版
続航
混焼
入舎
新仏
導子
綿入
仏学
和術
太政
増力
空夢
造士
量比
則天
新粉
初桜
酒保
現勢
転句
本幹
初刊
高眼
旅舎
益気
水団
混結
分液
属格
在朝
綿虫
手編
余資
液質
墓下
義心
力演
残液
一妻
上領
武辺
防波
隊務
破口
導術
小像
雑筆
旧社
本属
講式
価数
仏意
制令
旧曲
治政
士民
悪因
仏経
表証
絶体
精器
述部
再調
武略
現年
兵務
精講
業際
仏書
営養
任脈
産貿
粉本
子飼
果粉
眼差
毒魚
情味
綿雲
早報
雑書
会規
放精
官許
貸席
迷夢
研師
許多
必備
中支
経法
多妻
付句
導報
費額
頭囲
解団
故山
鏡検
検使
原鉱
全備
持経
水酸
自修
前眼
性春
許状
給液
対支
軍士
内資
主基
出格
貯油
営内
別製
貸玉
速断
散居
絶家
枝条
王領
春耕
独国
祖型
統覚
貯炭
米比
織地
外報
雑入
雑民
芸備
角状
長講
迷入
細枝
開弁
回状
仏家
赤経
増血
深厚
画境
旧悪
在特
特修
同比
神能
眼界
刀術
和額
薬性
町勢
仏紙
要務
弁官
河面
絶後
非運
報時
設題
厚保
職組
領知
述作
毛状
救主
虫損
金性
中圧
証義
授記
営舎
家祖
現員
本税
一能
下略
品貸
寄食
地象
旧辞
序品
責苦
花容
好個
位格
情強
複本
夏河
夢心
観護
他責
十能
在満
職親
通解
治績
本罪
全判
化現
小編
旧札
歴年
留出
万句
客舎
重弁
原質
通経
旧習
地財
馬格
素破
良能
幹囲
略述
賞美
民際
素話
個個
常数
黒布
太枝
野師
類義
後件
鉄損
政冷
新営
輸銀
筆勢
仏所
政戦
可読
判物
断易
実桜
章程
緑眼
税経
三略
測図
余香
政協
節婦
歩武
保形
州税
分損
工技
参堂
士風
独男
産能
修成
衛研
講元
独文
雑則
羽布
師伝
宿志
声価
個客
再説
真率
経師
告辞
馬防
序数
職群
故紙
自余
各型
古銅
横枝
築成
解表
検数
県制
学祖
木仏
仏徳
河流
三余
出句
能文
寄書
歴研
自暴
羊飼
現当
前非
属官
留別
金仏
星眼
複方
石経
肉粉
天険
引証
舎営
旧日
民居
状景
細型
義戦
桜材
帰経
適者
黄精
張番
際会
昼型
河清
張合
独英
総部
海禁
親授
雑観
出精
停刊
興会
格外
波布
益鳥
太素
折句
破船
圧損
逆夢
鉱量
経伝
示度
検食
報労
番士
船価
悪液
正格
応変
下職
鉄質
曲師
句風
故買
板型
減勢
申状
破約
麦価
知価
比礼
暴悪
検面
液柱
近居
技本
外型
立型
台状
静修
罪種
財神
弁口
在方
敗報
外勢
一張
三士
故知
王師
軽罪
険路
均分
五識
性相
橋際
豊肥
在府
経熱
月余
減率
講時
天志
中質
糸織
春情
生型
素志
勇往
格物
世故
米製
採番
情的
実検
木枝
在台
分属
喜喜
綿実
通志
仏産
師資
居飛
本経
旧高
旧師
余病
仮駅
兵備
来往
休航
構台
適例
適年
支合
転得
政軍
焼殺
要術
音効
仏力
正経
脈流
洋務
逆足
入費
良績
迷鳥
他領
編製
有税
検電
水象
損出
可給
保助
保続
規管
風営
早版
持仏
張三
漢墓
統辞
火術
招月
落枝
才幹
炭質
歩容
物情
採材
可解
正圧
金妻
営門
増版
初祖
文件
快報
時務
黒鉱
断金
精農
招提
相識
積率
寒性
昨報
断橋
貧国
現形
要義
破鏡
余事
六義
物財
得分
速修
得業
率法
世態
両得
総別
弁事
張形
過飲
布橋
焼型
石鉱
復曲
能筆
厚目
変災
逆徒
側条
非非
鼻祖
口布
雑件
毒死
像内
自証
快打
応待
豊家
古枝
兵術
清興
馬耕
護教
日増
老桜
張紙
群居
図象
桜雲
非望
天師
金肥
逆旅
支区
精英
二士
仏器
快美
判所
東航
達示
造岩
三絶
非売
確然
大織
枝打
着歴
雑題
両祖
眼線
支谷
平政
一再
仏母
飼鳥
話型
製番
食毒
祖述
再構
在村
留金
逆理
自判
志料
副編
造精
在高
受寄
家士
制法
逆位
東境
現王
神判
語基
余花
重殺
同勢
混作
竹枝
校史
共修
再挙
典故
百眼
打粉
綿作
経行
現夫
保修
減失
判者
織工
力編
他眼
示教
粉粉
精粉
協応
医制
相判
減等
詩境
雑人
製水
岩河
各版
公墓
太常
貸費
性毛
綿畑
精留
次編
間税
備金
球歴
開堂
仮言
旧城
走性
産額
非命
出率
増上
寄子
銅粉
功過
居然
開版
語勢
歴青
紀聞
象兵
七絶
制水
独禁
独覚
防油
織目
逆木
張物
色版
上眼
立技
歴世
内属
雑志
炭粉
金眼
通弁
直解
妻方
両賞
断案
無責
混注
大版
悲境
海損
酸敗
増兵
効目
香酸
版式
急告
因明
禁衛
移相
動勢
宮保
神統
仏体
復田
解語
居玉
失費
動弁
作興
酸量
単弁
温容
快談
血粉
中仏
指技
学統
略画
修女
具眼
増頭
兵略
主情
故旧
仏者
紙価
精精
基原
白張
義者
営所
政客
親告
道断
非有
走航
休務
親許
招運
所務
地政
適語
乗率
民暴
句友
粉米
布面
三災
序歌
版行
句数
丸編
仮受
産銅
技協
造寺
四職
逆児
堂主
質札
各句
墓道
中張
足囲
旧本
師管
読史
精虫
旧品
暴圧
能会
程程
型付
留日
金政
外性
師表
講書
容顔
総包
応量
冷眼
総兵
道仏
快事
破屋
冬営
早技
解官
規整
頭像
風勢
器財
圧感
属城
長句
往往
不犯
可用
手職
地厚
申報
石基
提題
常常
間貸
労判
実義
言句
非買
自航
製産
情義
治効
村勢
活眼
液色
術数
毒力
版材
空技
観象
在比
布箱
送状
地織
仮根
制海
夕桜
婦道
楽句
無雑
比価
起義
演練
円居
西境
略体
秋興
毒花
救民
精良
採便
分税
職訓
雑仕
仮現
基図
再往
電略
真際
弁道
不識
行賞
犯情
古格
帰営
近因
走資
脈脈
出居
絶島
固技
水肥
通液
現人
直圧
布線
主編
副職
経友
防守
仏仏
性味
鉱質
地圧
漁政
幹道
禁食
実歴
竹粉
黒液
句型
仮字
主述
液便
経史
葉序
現給
伝領
資性
示準
大墓
居家
新増
結綿
火粉
圧覚
復氏
過眼
仏徒
経編
両像
粉青
情合
上編
略章
加判
武事
病質
綿綿
海河
回報
精銅
死際
作条
益友
素首
圧気
妻問
均熱
貧道
夢界
血河
個月
絵型
武経
証得
史詩
特演
句末
礼制
求評
方程
両属
便性
区快
合判
空格
州際
婦徳
条条
造次
親独
星条
特得
水術
仏都
板額
混元
支子
生仏
判形
余光
句題
豆比
旧例
貯食
対質
経箱
枝角
布張
内検
売得
正税
天際
絶息
代脈
印堂
義金
手永
境位
旧里
下情
反航
寄親
三囲
総毛
根基
旧物
口留
経王
転義
常節
取経
能事
逆波
対義
横編
断機
留男
集検
準縄
重囲
曲型
罪数
損額
画技
義気
歴朝
力能
絶勝
陽報
再転
貧毛
毒談
防鹿
悪税
過年
雑益
北寄
式能
旧時
旧観
弁開
横眼
領外
冷性
仏工
内弁
良師
感能
河神
北境
技数
眼鼻
酒毒
岩綿
証上
造字
文検
天資
情願
表編
才略
社判
増高
賞歴
笑殺
編述
個条
内報
個有
光質
好編
深義
造庭
増口
独神
下属
整版
鳥舎
義倉
故殺
採精
総持
複体
過酸
産政
流質
個表
常敗
性来
往航
前貸
質地
中備
禁区
仮焼
酸菜
太織
続演
非職
史都
総観
航運
居木
熱圧
旧説
留湯
復航
手飼
自評
複相
造築
頭状
真像
無仏
非分
局報
両個
性典
歴遊
製成
復食
能格
枝梅
営庭
常談
織糸
授法
師君
知解
復交
暴民
古態
夢記
書損
当額
才識
条章
造悪
桜人
上略
妻室
両河
無圧
側妻
設工
清快
書史
暴勇
中士
輸精
和妻
複弁
属音
墓表
毒害
河図
人眼
正報
余得
検流
余効
細布
暴状
弁箱
宿衛
死毒
説破
複信
精好
故主
眼色
因行
余財
持留
混酸
毒血
無告
増給
単肥
暴対
師説
国状
事歴
罪質
族制
雑税
採物
新史
衛所
素意
過冷
輪留
桜図
術部
職事
南境
弓技
語史
同税
混種
序詩
故老
保保
事略
営外
台型
妻神
解役
常客
面授
個利
変易
両件
緑営
目張
非心
接語
旧守
詩性
永別
象足
次序
興雲
謝状
魚肥
可口
得選
成規
銅価
海境
製表
限時
禁手
詩興
仏製
評注
圧服
造管
基面
雑具
仮足
幹縄
精明
仏手
総序
顔容
測候
師部
張板
同効
地税
調圧
玉製
隊規
断雲
遠略
面容
接手
寺堂
切能
元弁
矢武
定容
永栄
先規
情火
独話
眼張
製麦
来復
手粉
焼造
取義
断首
歴歴
身構
象頭
語格
寄植
弁部
地久
明眼
逆運
識能
現送
世務
西航
口型
留木
真個
出際
質種
粉気
挙示
測角
状箱
略服
復顔
自益
句切
飛程
演員
祖業
英略
仏参
周刊
仏天
提重
役格
銅印
材価
余色
幹音
墓主
適業
入質
銅人
眼元
総省
不確
移居
子桜
編布
個年
独往
戦務
増反
婦選
国基
小過
術衣
全圧
採貝
移用
枝縄
鏡銅
団茶
増炭
損所
別報
神義
経水
破算
雲際
所職
義旗
貧人
独任
徒過
営中
営力
旧情
禁札
枝幹
書志
両妻
厚徳
枝炭
河船
冷評
混流
日布
芸態
雑交
無象
郡領
語序
原肥
適状
達識
精母
折枝
学職
官務
仏面
無酸
給額
個眼
眼路
情性
往者
酒興
雑本
州師
無価
予示
統数
支道
官版
箱師
音容
精解
墓列
半士
新講
団居
採灯
祖法
屋舎
公比
停会
造紙
武弁
略本
適式
口寄
個計
迷児
初職
航測
半解
雑上
道破
版形
布政
張手
氷質
建制
円価
反独
証果