軽傷
旅券
誠心
論考
極論
不敵
下垂
背広
一幕
各党
専決
仕訳
得策
誤植
臨終
奏法
奮起
恩人
守秘
徒党
採寸
地権
訪中
模写
右派
早退
裏道
祝詞
人衆
収用
熟読
専従
行革
卵子
層化
過誤
過密
裏口
海難
宿敵
閉幕
白骨
数段
脳天
閉口
株安
縦長
磁力
模造
激写
勇姿
聖者
王権
内乱
法皇
乱射
両党
前座
進退
降車
誤報
山腹
秘策
郵貯
多層
域内
党派
幼魚
律令
後段
縮減
善玉
主従
退室
亡国
当座
異界
座面
寒暖
小腹
宗門
樹液
席巻
失策
鉄棒
棒状
女系
欠勤
疑義
盛土
卵白
補導
指値
実権
肉棒
干潮
私信
奮発
正装
乳母
護憲
痛手
集権
生卵
本革
残党
節操
熱源
欲情
亡者
大筋
千枚
縦覧
職権
所収
樹種
論戦
皇国
盟友
退役
葉巻
男装
密林
難度
善戦
存命
将兵
乱視
樹氷
吸血
重層
誤記
類推
綿棒
憲兵
番宣
敵視
先刻
満潮
同党
同郷
墓穴
論証
激流
圧延
異人
表装
供物
順延
創生
軽装
頭頂
論集
乱世
異音
成否
大敵
乳牛
若造
磁界
洋裁
軍縮
横穴
染織
間奏
私用
底値
立憲
警視
値札
牛革
小窓
学派
看守
劇画
採卵
盟主
食券
住処
男系
乳歯
異星
訪朝
独善
敵機
論法
秘薬
入射
難治
腹黒
出窓
私有
在勤
独奏
論述
骨材
未熟
改宗
電装
同誌
収受
遺作
低域
割方
胸中
密告
実存
座頭
聖教
特装
五穀
税源
開庁
自認
姉貴
報恩
私権
幼子
意訳
道警
存亡
洗米
各論
強欲
至便
十割
大系
聖衣
街並
遺志
私欲
卵管
秘法
左脳
敵軍
中層
額装
鋼製
庁内
専制
玉座
名優
退官
訳文
厳冬
激情
原著
原寸
外敵
対訳
降参
後遺
本展
退席
訳語
民権
乱文
全権
穀類
冊数
乳化
副詞
姿見
米穀
純潔
背徳
白磁
不純
長尺
拡声
閉経
舌先
無骨
段位
諸悪
乳業
宗主
実寸
知恩
活劇
著述
私道
投降
諸税
結腸
訪米
納経
府庁
視座
遺児
潮時
補選
遠視
呼気
聖女
立腹
情操
高潮
学割
株数
紅玉
興亡
天窓
優等
生乳
看過
蒸着
乱発
草創
望郷
樹形
人骨
乱戦
空論
謝恩
誤訳
背部
片言
胃酸
閉校
否応
降圧
秘術
訳書
除幕
敵兵
異状
論客
接収
延焼
胃痛
画展
厳寒
我流
車券
従兄
激走
筋道
小脳
創薬
早割
果糖
和裁
高域
諸相
私利
盛夏
日射
窓側
目盛
絹糸
敬服
脳性
練乳
傷心
副将
装用
算段
新訳
敵地
幼名
楽座
従妹
無策
点呼
縮図
寸劇
勤行
密売
姿形
探鳥
職域
追認
難色
盛会
誤読
創傷
背任
巣穴
正誤
密会
同庁
私語
半値
多段
乱雑
銀幕
禁欲
礼装
強権
退色
推挙
弱視
洋装
会誌
訳注
水難
拾遺
検針
売値
痛切
失敬
紅潮
自傷
宗祖
同系
敵役
密航
激論
聖水
拝領
創製
不敬
分冊
劇物
幼生
胃液
砂岩
皇統
総覧
救難
枚挙
円熟
早熟
本論
開腹
幕下
腹巻
多難
操船
株高
針路
左胸
入党
秘仏
納会
異能
投射
家裁
未収
異母
策士
異聞
私財
血盟
木簡
権勢
縦型
胃薬
認印
並走
古株
純血
京劇
革製
暖地
一存
従姉
臨戦
乱流
尊大
私人
純水
晩夏
寸評
組閣
権化
散骨
若衆
軍拡
秒針
処世
味処
若頭
開創
西域
座薬
細密
操法
退行
創部
推力
木片
難破
潮位
討死
追討
買値
胸肉
合憲
赤潮
沿海
奏上
熟考
映写
春巻
半券
兵装
捨象
分派
染付
樹上
閉山
看破
磁化
初値
入閣
再臨
磁束
寸断
反骨
尊像
臨席
血潮
私情
高射
勤王
同源
胸板
太后
恩義
暖気
魚探
幕臣
自警
密生
呼出
密漁
補講
激白
臨月
別腹
乳糖
探険
簡保
樹勢
物権
質権
試供
内幕
切干
自供
批難
乳輪
純然
聖体
若妻
奏功
食洗
婦警
配筋
幕間
貴兄
筋目
公論
教派
座学
厳然
肉片
空域
早晩
頭骨
骨粉
供出
純額
品詞
卵形
腹心
諸費
胸筋
秘所
遺失
存立
県域
除毛
官憲
食傷
手筋
視角
納金
幼鳥
下衆
腹水
存外
道庁
宝刀
内勤
各層
亡失
市警
自著
紙片
整腸
権能
射的
策動
山域
相承
拝金
頂部
暴論
美乳
寸分
尊王
垂木
退所
諸法
純増
多糖
尊師
便覧
純銀
将官
胸像
終幕
旧宅
三尊
魚座
点訳
熱傷
次巻
模式
供花
尊皇
鼻筋
製鋼
若気
同値
高覧
貴国
背水
舌側
層群
修論
背信
収差
乱丁
補間
思潮
劇薬
従弟
茶系
若芽
除隊
追善
勇退
我先
帰納
暖色
私法
推量
適否
前納
郷士
裏声
縦糸
染物
結党
異説
受傷
届書
院展
試論
警務
紅型
難局
秘技
断腸
割礼
連装
光臨
穴馬
収得
操車
装花
一系
要覧
糖化
蔵相
各巻
復党
小骨
裏書
胸骨
堂宇
退路
金権
券面
賀詞
去就
退位
潮目
各班
各派
秘部
盟約
認容
金棒
諸将
郵船
善処
新劇
変奏
学系
乱打
胸毛
難産
警棒
異方
地誌
八宝
宗務
米株
無欲
有難
骨肉
後背
筆舌
星系
宅内
降誕
蒸散
骨頂
警笛
乱心
古傷
魚卵
尺玉
夕映
大枚
私腹
荷担
飲泉
気骨
遺留
世尊
拝命
内密
政庁
物納
愛欲
晩期
片時
敵方
筋子
無糖
異体
完納
胸痛
敵将
戦傷
国権
国論
巻線
複層
幕営
座右
節穴
会衆
補遺
一難
連座
歴訪
著明
分納
巻貝
興収
忠犬
干満
密談
劇評
痛覚
男衆
相補
聖徒
樹状
自尊
激似
気胸
誤飲
縦列
川筋
私費
大乱
音訳
丸干
三寸
層状
着座
母系
原論
分署
簡裁
探鉱
論題
全訳
退部
正視
聖句
争乱
胸倉
座像
勤皇
並立
序論
駅裏
上奏
胃内
計装
片棒
創発
経穴
検視
縦線
液糖
皇軍
同展
政敵
米系
増派
臨死
暖流
善導
骨量
本源
速射
古銭
完訳
株元
激高
巻数
砂州
無私
白系
熟達
文銭
異存
敵前
敵側
拝礼
神宝
異教
貴君
要否
吸物
酒乱
専心
若君
別巻
探勝
存否
分詞
製糖
未済
切片
通巻
亡父
延納
楽劇
恩賞
自閉
異義
腹囲
層間
身障
誌名
穀倉
肉欲
眼蔵
班員
姿態
諸手
野朗
町筋
退店
異同
前巻
刻限
晩生
幼保
形鋼
首班
諸元
両班
新著
域外
塩蔵
情欲
全庁
他党
真我
出処
着装
通奏
段上
国難
着姿
線源
筋骨
良否
片親
別宅
着尺
探題
探傷
検収
丸棒
初潮
傷寒
谷筋
尊者
段数
筋痛
単層
就役
律動
若布
大胸
車座
皇紀
骨頭
陸域
人並
無銭
美装
断乳
論告
連署
官署
中骨
密書
幕屋
操体
異郷
序奏
値引
砂上
来庁
十干
骨組
誤答
解党
純化
密造
詞書
骨身
三権
遺徳
青筋
臓物
特盛
晩春
多収
厳命
本宅
訳詞
臨検
縮合
採否
乱調
両派
光背
成層
私案
朝敵
自論
舌戦
打刻
重装
新派
諸家
共創
権原
諸事
追補
名宝
優性
主著
弁舌
夜警
軍装
発奮
新潮
腸骨
片耳
誤射
腹側
黒革
口承
創氏
当否
補整
漢訳
異型
奏楽
敵失
尊属
処断
登庁
訳出
砂質
簡明
降灰
討幕
断裁
臨書
針状
胸水
電視
優男
閣内
心痛
臣従
秘録
存置
墓誌
降着
近著
諸点
大著
激熱
書展
筋電
音律
羽裏
日劇
署内
難敵
衆目
党利
退勤
町衆
基層
始値
無賃
健胃
加除
民党
分骨
特論
収率
幕政
拝察
座主
次善
洗口
乱読
皇祖
武骨
毒針
座金
奏効
父系
備忘
前著
地割
幼体
各誌
党略
樹下
仁君
米誌
好著
補機
入幕
縮刷
米俵
党名
棒術
暗刻
密命
大株
背側
流砂
在郷
共訳
球筋
蚕糸
所論
笑覧
割腹
針先
防潮
訳本
宅老
紅組
私室
専横
至言
俳画
横腹
座高
敵性
寸志
遺訓
立論
改訳
私心
横棒
鋼線
樹間
信認
胸囲
口裏
拝受
法難
試射
密通
日割
諸語
窓外
卒乳
危急
難曲
五臓
忘年
身銭
子株
除算
史劇
樹幹
労賃
右胸
真裏
済度
暗視
連勤
閉門
補色
大権
段組
健忘
皇道
底砂
聖師
幼時
補語
骨法
認否
親株
争論
骨化
配糖
激賞
臨調
高段
降級
外勤
密使
異才
警防
牛骨
絹本
舌下
中背
優品
盛期
談論
喜捨
加糖
在処
舌状
若鳥
本著
党議
葉裏
並存
腹案
筋群
閉場
茶樹
諸派
諸子
水層
月割
万障
我欲
天覧
丸窓
旧蔵
尊顔
知将
卵型
追熟
外乱
中巻
創案
衛視
異化
通宝
補記
法論
連系
諸共
木骨
私兵
疑心
他宗
勇将
純益
数詞
水密
新値
展観
党勢
皇宮
視程
角層
暖機
磁極
層序
空亡
視差
盛者
門派
紙巻
文展
風裏
脳室
乳用
貴下
土層
危難
全層
株間
遺文
公署
木灰
警句
対論
射幸
鏡視
史論
専行
装画
紙背
直垂
日銭
自署
承服
裏板
株屋
聖別
同権
他誌
衆徒
傷物
善神
登熟
誤判
針穴
捨石
部将
正否
射線
私営
座骨
推算
秘史
異株
下穴
私家
外層
戦域
操練
各段
幼心
片眼
刻字
受洗
大難
補任
至心
俳号
名泉
不納
上背
延着
幕閣
直筋
草姿
川砂
小潮
死蔵
各庁
棒銀
節供
序幕
将星
背板
宣下
船賃
衆議
棒針
視能
文机
柱穴
異見
笑劇
万難
律義
源頭
首座
登拝
竹簡
晩報
巻紙
染毛
最賃
近郷
家並
衆道
諸王
協奏
裏紙
予納
劇作
老若
耳穴
典座
棒鋼
短針
熱砂
神将
寺域
初乳
親潮
捨身
層内
県展
来臨
仮訳
痛打
遺灰
眼視
幼木
社割
観潮
荷姿
閉庁
胃弱
聖道
諸天
回腸
経腸
縦隊
皇孫
著効
刀傷
性骨
全株
中潮
修補
縮退
延性
難化
傷薬
同視
暗幕
諸本
水干
裏見
善後
全卵
異言
諸堂
不善
挙党
粉乳
大恩
敬具
詩誌
主筋
拝所
検認
層雲
熟度
査収
貸株
異父
自存
縦穴
密植
分針
点棒
委縮
部衆
異本
除夜
敬神
低値
多宝
翌春
不孝
年並
虫垂
食紅
生傷
裏白
泉温
衆知
支署
炭層
風姿
訳詩
裁可
遺愛
湯処
万策
皇民
難燃
論難
破骨
供覧
鼻骨
個装
花姿
老視
除法
数論
色欲
臨地
取捨
気障
月並
閉院
同派
座員
禁裏
心棒
金砂
墓域
尺骨
郷社
穴蔵
全段
巻尺
粉糖
背反
外寸
背高
丸秘
片輪
長針
諸種
処暑
乱後
小誌
鋼橋
銅銭
大窓
院宣
敵討
退潮
遺臣
作劇
縦笛
紅桜
内層
退庁
俳聖
蚕種
敵中
本券
空幕
宣布
乳量
肺病
外延
親展
俳誌
申訳
老樹
裏切
詞章
激発
巻取
深窓
元値
貴種
長座
難事
同仁
全党
筋層
自若
鉄系
線刻
退縮
特認
忘我
警衛
字源
罪障
値打
町誌
骨片
層別
全脳
乱筆
私記
熟期
補食
装荷
挙筋
名訳
系外
腸間
片身
退転
声域
降任
入庁
背教
貴官
開胸
通詞
聖会
卵生
複座
詩論
砂層
法源
本宗
磁針
玉鋼
純減
巻号
蔵置
洗眼
卵液
孝養
聖都
尊父
至芸
立党
郷村
腹圧
新穀
乱造
探針
船腹
至適
誤配
討入
小難
聖性
平幕
欲目
利敵
干草
諸州
骨芽
私製
豆蔵
絵詞
除染
後刻
乱行
補数
晩節
並進
放縦
火宅
絹布
法座
諸方
楽派
痛飲
城域
垂下
補論
除光
皇朝
池泉
午后
家筋
小供
精勤
中脳
開宗
窓下
無段
縦棒
純銅
紅顔
立退
宝字
手巻
砂像
林泉
父権
胸高
乳清
灰分
諸行
毛針
曲尺
不忠
純系
宝典
筆洗
神皇
分収
包蔵
欲深
誤信
層厚
京染
天蚕
秘教
派出
上覧
盛装
党費
宗徒
宅録
呼名
専権
臨機
秘事
乳管
恩愛
収税
退歩
建値
青潮
糸巻
垂線
牛筋
遺命
経巻
上策
断簡
物干
神権
樹園
長机
革質
無権
承前
老骨
私論
恩典
防砂
権門
紅毛
腹中
宿善
横筋
金座
将補
勤番
鉄片
十善
補体
有姿
来宅
聖像
群論
言訳
女難
諸宗
退居
割印
貴会
雪片
肺臓
数刻
旅装
諸所
一視
本署
数秘
糖衣
供血
多値
諸神
人絹
聖化
担税
異字
補植
短尺
潮間
善管
乱脈
上善
頂門
訪台
時論
毒劇
暮色
異所
諸願
手傷
装輪
冷厳
穀雨
納本
千筋
諸尊
熱延
眼筋
極値
裏作
育樹
消磁
若魚
骨骨
参勤
除災
背子
臨空
鉄泉
乳白
入域
根株
保革
他律
閉止
降服
系内
章段
明晩
飛灰
著色
電探
難行
補筆
退館
仏敵
刻苦
失権
下乳
底層
層流
林班
退園
王后
後納
流亡
冷延
役宅
制憲
卒展
型染
古層
潮干
供応
歌論
単座
絵姿
己心
砂型
私益
穴径
受納
異境
装薬
貴校
浅層
灰白
律詩
空腸
陸将
相異
銭金
俵型
注腸
裏毛
経論
増値
後腹
旧幕
村域
至聖
別納
翌期
山砂
敵情
公党
軍律
筋量
経机
現認
取穴
幸若
縮景
運針
調乳
宗族
諸表
補注
諸経
閣外
虫卵
納刀
胃散
降機
料簡
切株
諸病
守将
宝鏡
幼若
間脳
車賃
腹上
棒線
兵乱
万巻
針箱
論究
聖断
至当
困苦
仁者
類従
花棒
語派
鼻閉
座視
白糖
巻雲
再論
骨質
幕板
遺存
野蚕
部派
筋書
鋼球
皇神
大后
看取
欲動
岩層
医専
口舌
似姿
親骨
追納
複視
自党
朗唱
高窓
展張
痛苦
裏物
補液
皇家
火難
百穴
気宇
小異
尊号
劇化
舌根
異伝
納札
精糖
始源
秘曲
大紅
指穴
裏窓
腹面
種銭
蚕豆
序詞
諸隊
聖日
我見
降海
裏布
白絹
補血
人皇
推参
創菜
両胸
棒茶
派内
照覧
肺野
暖帯
無脳
律速
樹枝
助郷
通覧
空将
半刻
寒紅
焼骨
若枝
旅姿
極域
慣熟
銭貨
敵船
腹切
異相
前胸
幕命
腹芸
天尊
時針
当庁
油層
段段
従容
胸下
防染
諸学
諸士
指呼
推選
低糖
境域
諸力
私説
肉盛
私書
投映
術策
貴家
再認
政論
切傷
仁政
客将
仁術
聖印
難路
消退
視学
円窓
幕見
防縮
異景
欲界
異類
欲得
幕軍
割水
著聞
大補
密議
裏本
退校
左党
宝印
仏頂
開存
忘恩
対座
右肺
列聖
角棒
我我
航宙
国庁
各署
閉式
神論
樹体
速筋
接敵
満座
片肺
悪銭
処務
大欲
図巻
論敵
金将
一処
乳質
角穴
私宅
家郷
熱誠
宣命
諸族
無届
諸役
盛業
肺門
党務
夜討
善心
傷者
巻道
紅絹
縦筋
皇宗
痛点
模刻
海将
南宗
棒材
宗内
困民
純綿
難役
売筋
下策
許否
解糖
羊革
善事
危地
宗論
同著
多党
簡約
腹式
貴誌
針葉
寸借
骨塩
丸穴
外域
縦波
有段
裏店
班会
場裏
諸処
他派
専管
補水
独我
党人
腸薬
熟議
羊腸
同腹
欲心
女権
遺領
善果
中尊
実射
同株
単収
氷穴
緑樹
河骨
宮座
初層
満株
鋼業
激悪
補作
創新
単糖
賃銀
秘文
磁区
家蔵
警世
腹骨
染液
忠勤
背理
宗会
方寸
紅軍
町割
諸道
豊乳
敵本
志操
卵酒
皇都
肺魚
海幕
寸鉄
諸書
座興
反党
済生
後補
利欲
警策
塩干
革装
私選
焼亡
至尊
女衆
立后
諸山
展着
聖刻
討手
直裁
善因
承気
強盛
論派
遺風
秘本
上潮
老将
補湯
諸公
胸式
班田
酸洗
聖上
樹姿
穀粉
女脳
笑納
純林
若党
健脳
善女
他郷
飛砂
遺残
良著
左肺
棒球
干犯
商権
業腹
法系
筋金
脳底
出郷
雑俳
段取
卵母
秘中
絹地
四恩
同寸
裁許
紅旗
番衆
除数
至純
座浴
裏打
陽刻
魚骨
諸味
赤誠
全冊
伝奏
蚕業
骨相
小割
縮約
郷友
善業
紅木
検層
熟視
北窓
反収
蚕食
石棒
一腹
俳文
止痛
手染
社宝
段幕
敬白
諸芸
推考
失認
不仁
幼果
乳肉
胃病
肺葉
亡妻
三密
無筋
単装
盛花
潮水
聖衆
党側
蒸物
合冊
宝形
長巻
仏恩
正派
染工
正看
背泳
切創
在庁
至善
層位
縦目
純毛
楽聖
脳外
背肉
馬革
胸先
同筋
面映
自派
弁座
細片
論師
我意
雨降
針目
腸液
内供
旧訳
昼勤
長潮
系群
地券
毛並
臨休
勤評
花片
反訳
頂芽
転座
孝心
登降
拝火
顔筋
処長
胸前
男脳
原泉
職層
干害
探見
客筋
拝顔
黄熟
帯磁
大冊
展転
府域
糖業
暗紅
義認
両誌
曲射
諸物
山盛
諸寺
歌誌
湯銭
合巻
諸白
書割
前派
変針
組討
間尺
座式
裏番
晩冬
舌骨
個我
党外
宝前
陸幕
視度
胃管
呼声
肺経
胃経
母権
遺著
訳読
幕舎
表革
潮受
玉将
糖液
協創
中穴
敬体
公傷
就位
等値
紀律
後奏
吸玉
南窓
党紀
並置
従犯
角筋
骨灰
肺気
類否
助勤
激暑
茶論
除目
肉骨
天恩
新券
付論
若死
補題
少欲
神拝
垂幕
真否
骨堂
射角
補職
対敵
我利
敵城
潮上
活舌
蔵米
教宣
骨角
看経
洗物
垂訓
給源
開巻
砂中
過納
首巻
年割
芸域
本裁
新論
片葉
激短
配座
実収
立射
副担
劇毒
異和
春暖
乗除
銀銭
相論
馬乳
万聖
敵勢
補説
諸生
終段
初訳
城将
異食
腹肉
片雲
巻名
炭俵
並品
俵物
卵色
口銭
教論
貝層
地卵
吸口
善用
存念
座乗
従卒
私版
割竹
別除
母后
収音
段通
割注
奏聞
乱売
転宅
歌聖
紅灯
詩劇
本冊
縦深
見処
延引
裏年
専断
俳書
性善
金筋
小党
党争
諸官
座付
有権
半裁
針広
波源
尊貴
帯筋
穴居
布片
郷名
諸姉
庁用
有痛
暖水
肺内
老幼
聖祭
悲傷
己未
小我
砂色
恩情
画層
寸時
赤筋
腹身
校異
独尊
創面
背圧
眼痛
卵割
黒染
暮雪
筋注
刻本
旧派
画聖
鋼棒
採納
片務
聖音
場処
治乱
主敵
牛舌
縦組
遺民
脳圧
呼号
郷党
宙空
紅赤
腹下
舌技
党史
院派
親拝
友党
幼顔
広済
背痛
乳酒
種卵
異装
私観
敵手
天宙
射干
火除
胸底
縦割
底穴
段畑
革底
呼集
皇親
英詞
出銭
后宮
当誌
区割
中値
母樹
筋雲
貴意
翌晩
孝女
遺精
座元
新皇
不届
詩聖
雪割
旧株
割下
単射
引窓
骨幹
時衆
英姿
高承
私訳
条鋼
党則
土盛
腹蔵
会盟
暮春
終映
法域
直尺
除水
水割
非我
羊乳
皇弟
権実
骨導
党友
明視
背走
盛器
異時
主尊
株立
金針
俳論
不乱
食樹
冷暖
机間
本党
看視
系属
処処
題詞
聖務
円頂
秘義
白幕
金欲
銀針
党規
長幼
尺側
郡庁
万骨
国憲
横段
訳解
難船
満干
祖宗
干葉
賃率
誤写
層倍
乱神
逆潮
除痛
安座
訪英
優賞
幼妻
操演
何党
舎密
全納
蔵経
至情
骨箱
忘失
宿賃
検潮
私傷
保善
舌痛
借銭
遺制
激速
放卵
諸社
済世
乳状
紅粉
教権
将器
幕領
輪宝
白筋
定訳
段築
木裏
複刻
酒盛
値域
推知
潮力
干天
段鼻
製革
仏訳
工専
宗団
座中
寒卵
並足
厳父
樹型
変乱
絹物
学窓
磁土
誠忠
乱軍
賃銭
焼討
急派
干魚
根域
実視
異材
同座
毛筋
貴所
英系
尺寸
石片
探湯
宝相
講論
皇上
元宝
往訪
低段
骨女
並製
秋蚕
頂角
女皇
班内
年若
筋原
再拝
潮下
郷民
割算
遺業
静座
供試
行論
宗法
原乳
諸軍
至道
貴台
供進
胃気
拝賀
幼君
通背
潮解
印刻
合従
量詞
誤伝
胸章
弓射
動座
万宝
創外
安危
通論
経筋
腹節
片状
派川
伝存
兵権
帯鋼
洗腸
私評
若石
開窓
下刻
蔵版
皇漢
代将
宿将
中腸
両肺
氷片
同刻
副署
尊前
絹製
遺子
洗液
割木
船窓
推断
秘方
矢傷
忠心
春蚕
書巻
輪蔵
指骨
熱論
承句
書聖
宗風
異風
銀宝
粉骨
純色
定善
激派
同宗
寸言
供人
鋼中
筋合
残敵
内障
層理
筋性
竹棒
創憲
私意
大忠
切捨
片羽
図誌
漢俳
形姿
樹根
人欲
老熟
退座
操行
風系
小胸
聖代
液卵
去私
腹満
主我
収取
最優
机下
脳病
劇詩
自刻
筋交
模本
広筋
明窓
政派
筋系
遺事
推賞
自宗
鋼玉
黒棒
展性
重訳
花染
上将
修善
寸感
諸量
吸取
足背
入段
晩方
書論
誤導
採訪
両署
銀将
預所
郵券
泉場
遺宝
乳人
私考
借覧
密行
人我
女尊
尊勝
感恩
暮夜
射光
手背
劇界
英誌
生絹
聖画
操典
策戦
割線
私印
尺余
卵価
散善
晩熟
尊名
文段
右片
済民
青背
神供
宅造
諸港
内奏
刻石
欲生
小著
立姿
展延
帰庁
心腹
窓面
前脳
旧劇
訳業
探梅
模作
新収
小欲
拝復
男尊
恩重
縮少
納額
岩座
諸教
閣老
紅皮
庭樹
認許
正系
激音
異数
降給
権教
難平
暖海
窓台
連尺
最密
晩食
豊熟
除虫
乳棒
医聖
承役
片持
賞詞
合衆
転針
背腹
木賃
樹名
補則
死灰
激特
各冊
集覧
国補
寺銭
密厳
高論
郷校
細砂
難字
納音
射術
異文
視唱
異学
映劇
潮入
別派
適訳
赤腹
絹雲
聖業
針毛
素片
画論
訪独
能仁
善言
正庁
各値
秋映
手並
集乳
列座
小善
勤仕
染土
干出
論断
店賃
小冊
画派
自裁
乳色
筋論
劇用
左片
連奏
蒸焼
東密
異神
諸諸
官展
幼葉
傷兵
雑劇
師恩
私署
向背
諸色
黄卵
将領
視写
頂相
直納
乳様
木舌
幼弱
補法
諸郡
砂土
略装
棒型
採暖
乳中
垂加
連担
貝割
野干
脳化
卵用
葉姿
難語
染筆
乱波
用捨
操向
世系
別異
晩学
直巻
盛物
対潮
異域
宝器
操機
下肺
大論
後座
背黒
感奮
革帯
灰緑
権臣
片腹
社論
虫干
論功
敗亡
軍権
歯並
洗体
亡兄
船蔵
和刻
預貸
初源
末座
巻次
閉業
受認
洗張
盛名
両系
論憲
郷学
訳例
本絹
腹背
補益
貴地
応射
真値
葉片
段板
署所
両舌
縦画
層板
画巻
筋内
引潮
樹神
片岩
絹綿
仮骨
心裏
暮雨
朗朗
固縮
高閣
将卒
潮湯
臨幸
骨部
残片
後難
裏革
乱費
木割
下訳
平絹
腸線
皇運
呼間
総革
並太
水盛
鋼船
足並
諸村
原詞
聖主
定論
腹鳴
腹子
骨器
創流
副乳
原腸
肉穴
先棒
割球
晩発
皇典
試補
郷人
樹医
高糖
書冊
創隊
座方
探信
洗場
家論
異心
海退
肺性
待針
夕勤
激勝
反幕
俳風
説論
供米
臨模
警乗
官権
詞花
女腹
数層
前垂
従兵
絵絹
針子
三障
周密
樹樹
帯裏
郷帳
風窓
深傷
勤修
済済
半片
巻石
日収
石裏
権頭
皮層
旧著
暖衣
小棒
俳話
冊立
洗骨
徳操
延線
姿絵
盛観
警手
鉄穴
巻舌
熱射
私史
純分
角巻
開映
衆望
照片
北宗
穴数
分庁
先熟
片歌
訳経
私蔵
道蔵
仏座
羽尺
幼樹
日展
論著
聖潔
氷蔵
層数
弁棒
上刻
補巻
命泉
貴学
連銭
己等
快著
染分
聖学
純美
幼童
祭詞
俳味
高著
円背
盛年
朝幕
垂示
指腹
段物
訪仏
鉄砂
花蔵
皇徳
針数
雲頂
精誠
退薬
要論
晩茶
聖語
証誠
幼主
精忠
詩巻
厚恩
薬樹
二律
居処
水論
舌頭
五障
諸民
盛事
行巻
寸刻
自蔵
軍忠
諸論
留針
寸土
定座
新補
納糖
大骨
舌音
創見
気腹
密事
紅筆
棒先
巻毛
植穴
訳名
院庁
胸腹
幼気
裏用
側衆
同異
朝恩
密宗
胸内
中幕
暮方
会座
外窓
台覧
収公
君恩
技展
日除
秘図
家憲
腹足
三后
延発
疑点
私戦
異腹
見幕
孝弟
独訳
貴見
朝暮
会敵
単段
若馬
定収
胸乳
縦令
蒸器
尊堂
拝詞
楽善
巻首
胃体
退勢
腹話
女紅
雨域
蔵店
皇命
聖具
除地
無善
徳俵
皇権
降納
延延
軍警
聖誕
座技
情処
衆参
裏芸
退紅
的射
背革
口腹
座所
業障
代納
夕潮
残灰
追腹
片辺
水腹
諸党
諸用
日延
尊家
赤舌
紅包
胸側
胸当
盛砂
諸像
遺例
縦径
蒸暑
内済
創唱
各処
骨気
閉居
展色
験潮
不承
洗身
貴著
泉中
聖恩
単簡
権道
険難
盛苦
誤球
農蚕
朝憲
諸司
精鋼
論蔵
尊神
洗湯
身装
灰土
追銭
座業
尊命
刻文
練絹
権令
討究
染師
分党
出退
砂虫
秋収
絹織
屋並
店並
乱雲
難文
段銭
異花
名論
各幕
心障
難場
洋紅
張筋
密画
角窓
射座
胃底
災異
私度
角背
熟字
守株
異土
仮宅
段別
処士
変域
言詞
背節
筋芽
体認
自創
潮満
頂版
幼芽
先皇
内胸
頭割
王乳
舌筋
存生
敵状
竹割
男腹
補虫
洗卵
劇変
旧恩
建策
正値
転宗
乱破
潮境
残映
私党
諸部
秘口
著録
宗意
国訳
激伝
敬重
原穴
民警
余論
聖父
聖油
補陽
承引
異朝
優女
才巻
機窓
難訓
探測
銀装
垂心
老優
選穴
気層
弟宅
頂礼
金穴
聖将
乳期
経腹
各郷
別班
針棒
百穀
絹業
穀食
難件
全射
背身
異都
寸心
赤卵
同班
議奏
著増
胸裏
割卵
至正
中舌
私行
誤文
刻像
開展
染紙
将相
差延
出座
党類
害敵
預保
元株
帯姿
降将
全姿
精穀
棒引
諸門
銭箱
権幕
市聖
刻下
財欲
乳神
背皮
座下
売券
紅染
亡君
追視
私通
納受
暮秋
右乳
革色
映演
延金
蚕児
難義
無洗
節奏
厳存
俵形
疑団
寸景
物我
本権
軍乱
学恩
神異
続映
著大
成聖
割面
幼者
閣員
郵務
塩俵
中郵
厳秘
所従
国警
王党
法敵
酸模
紅地
右腹
衆善
銭道
欲念
六欲
社署
糖原
退局
潮止
諸策
国恩
穴道
取灰
帯革
判詞
宗女
密殺
供食
乳切
日域
中胸
補処
異熟
語論
誤想
真券
暖国
頭株
創築
党政
立処
純計
鉄銭
潮合
異曲
補薬
頂天
拝承
統裁
入潮
大異
貴書
紙砂
大腹
転呼
秘酒
尊容
樹芸
降職
遺筆
操短
卵水
親裁
後傷
宗社
諸徳
弱敵
平射
厳正
秘結
塩卵
批正
脳表
全誌
創口
地異
晩産
卵内
呼量
欲棒
収授
呼息
年層
風骨
乱逆
刻版
劇痛
将家
認罪
存疑
熟覧
私産
常若
同巻
初巻
針魚
武警
適熟
敗将
術創
熟畑
法認
衆力
全乳
筋束
裏戸
整除
左乳
師承
歯舌
引幕
大卵
切窓
補入
腹当
群系
潮気
痛棒
座内
棒大
漢簡
語誌
首鋼
行装
関銭
姿容
片思
乱臣
郷関
糖量
旧券
手簡
皇恩
筋悪
憲問
蔵風
訳著
舌代
諸式
先聖
退下
奮然
異極
厳達
域値
馬背
耳裏
各系
秘命
出腹
宝引
仏供
裏編
縦板
奏鳴
乱声
来署
権高
両乳
法権
板片
縦管
密計
寸話
私注
厳護
美洗
射乳
本株
若蔵
班給
半枚
鳥卵
実否
午刻
女敵
党軍
能否
主潮
国劇
皇考
骨板
自装
別系
左腹
仁心
暖室
黄染
黒絹
私寺
尊兄
後胸
砂鉱
編針
看聞
延数
優速
染布
存心
白革
党主
座本
縦材
降番
急難
異版
眼裏
皮筋
宝算
看客
女専
拝外
男権
裏銀
鉱層
欲天
半疑
残胃
黒卵
筋立
取巻
穴石
筋腹
諸例
遠射
割材
灰黒
禁域
片糸
残遺
血胸
紅雨
男姿
砂風
紅糸
銭取
刻刻
縮率
宮腹
側筋
副尺
劇談
除病
重恩
看話
筋中
転補
創共
訳述
亡弟
水幕
誌代
沿路
財革
口供
庁務
暖候
不熟
善福
逆探
潮害
胃角
貴軍
捨値
山論
晩材
至人
革包
九泉
米銭
洗管
蔵入
句論
存意
私議
異事
高処
寸尺
舌長
異業
聖運
高権
側背
穴糸
針術
半座
除石
穴銭
探照
事訳
散銭