豪邸
禅宗
甘酢
蛇行
厳粛
壮観
更迭
陥没
疎外
核酸
気筒
併記
涼風
喪主
無臭
崇敬
銃口
地肌
旋盤
粛清
異臭
荘園
達磨
廃材
防疫
淑女
年貢
稼業
応酬
水栓
懇話
逐次
吉祥
遍歴
充血
惰性
義塾
往診
可塑
庶務
盲点
寡黙
懐古
猫背
小銃
別邸
機銃
銃器
軽症
渦中
壮年
遮音
棋譜
窓枠
山肌
棚卸
口唇
罷免
猫耳
旗艦
総帥
喪服
偽名
逸材
廃案
軟調
厄年
唯物
懸垂
左遷
銃声
菌糸
羅漢
高尚
叙情
小柳
連荘
叙述
藻類
併願
残忍
附帯
紡績
頻出
履物
融和
悲壮
母艦
疎遠
無菌
老廃
渇水
一抹
火鉢
冷徹
幕僚
脳症
竜神
四隅
汁物
塁打
俸給
醜態
急逝
収賄
附近
全廃
弾劾
懇切
宝珠
貫徹
苦渋
軟化
廃屋
擬音
壮行
碁盤
岩肌
一喝
軟水
銃殺
杉林
妄言
井筒
抄録
諸侯
廃油
盲人
刃先
享年
覇気
革靴
災厄
甚平
廃液
上肢
入塾
走塁
真菌
報奨
献花
鼻緒
洞穴
塑性
偏重
症候
艦載
融雪
喪中
竜宮
殉職
廃刊
触診
醜悪
桟敷
忍術
酷暑
融解
貞操
念珠
門扉
諸刃
疎水
廃物
嫡男
艦橋
逐一
戸棚
岩礁
釣堀
銃士
儒学
併発
愁傷
枠組
嫌疑
外堀
謁見
冷媒
琴線
渇望
飛竜
生垣
顕示
急患
靴底
枢軸
慶事
自薦
哀悼
叙勲
呈示
侯爵
砕石
忍法
秋津
胆汁
撲殺
山猫
亜麻
仙石
懐妊
詐取
悠長
退廃
据付
渉外
鈴虫
石窯
酢豚
襟元
凡庸
白痴
中庸
銘木
抄本
白亜
盲腸
号俸
扶桑
廃品
析出
霜月
遮熱
暴騰
弊店
泥水
防臭
木酢
小瓶
菌類
長閑
往還
耳栓
頻尿
聴診
廃寺
音韻
語弊
外枠
懇意
謹製
擬態
廃水
俊足
自浄
公邸
遷宮
攻殻
自刃
霊媒
索敵
据置
寮生
靴屋
不肖
顕正
一徹
俊敏
堕胎
勅語
憤怒
年譜
曹長
銃刀
偏屈
報償
嫡子
端緒
艦内
尚早
豪傑
拙著
勧奨
珠算
嫌煙
花茎
不浄
慶弔
銃身
座礁
棚板
勅使
偏食
人肌
軟禁
殉教
茶寮
拒食
寡婦
詩吟
泰平
碁石
融点
有閑
木枠
借款
頑強
石棺
屯田
銃剣
顕現
勅令
私塾
大枠
灰汁
他薦
静粛
偏在
安寧
併走
空堀
沸点
神仙
汁粉
梅酢
弔問
一隅
折衷
浸漬
改廃
併殺
述懐
銘板
吸殻
褒章
恩賜
煮沸
別枠
再診
花柳
嫡出
還流
弔辞
水泡
返戻
偽札
仙骨
猟銃
禅僧
妥結
紛糾
勅命
出廷
窮状
盲信
壮麗
釣場
子爵
万遍
窯業
荒涼
一睡
落款
尼僧
謙譲
拙速
俊英
不貞
譜代
斎宮
別棟
肌質
泰山
享楽
雪駄
昇竜
下賜
釣人
朝貢
剛健
土瓶
入渓
軍閥
緒戦
病菌
逓信
内診
開栓
藩邸
純朴
興亜
軟質
銃砲
海溝
白猫
火竜
全盲
江上
下唇
納棺
誓願
敵艦
白蛇
釣船
肌身
玉藻
洞門
鉢巻
傑出
出奔
凹部
堪忍
廃道
義肢
本塁
酢飯
散逸
偏狭
奔流
懐柔
化繊
環礁
冷涼
毒蛇
舶来
釣法
海猿
累進
爵位
対艦
挿管
反核
本懐
坪庭
竹筒
幸甚
根茎
尼寺
両刃
入寮
次亜
内堀
釣魚
廃城
鉢物
鉄瓶
寡占
扉絵
粛正
廃部
屯所
銘茶
涼感
全寮
歌仙
半襟
核種
誤診
主賓
回診
文盲
贈賄
寛解
赤痢
藻場
渋皮
犬猿
雨傘
蛇腹
愁訴
多寡
統帥
教唆
顕微
平癒
貴賓
歯槽
竹酢
懸濁
木肌
艦上
村塾
勅願
渡渉
酌量
密偵
水瓶
唯識
禅定
偏愛
厄除
遷座
剛毛
偽証
枠外
禍根
拙宅
瓶詰
弔慰
英傑
田浦
払戻
薫風
正弦
霜柱
猿人
御幣
宵山
野猿
王侯
腐臭
渦潮
殉死
猿楽
土塀
廃村
窯跡
生臭
租界
吟行
茎葉
褒賞
亜流
暗礁
渋味
損耗
准将
紡織
公僕
懐紙
把持
浄霊
騰落
汁気
求償
賓館
墨汁
銘文
宵宮
靴箱
漸次
核爆
弔事
妄信
尚書
泥炭
弔電
国賓
尚宮
艦砲
首塚
上唇
菌床
英俊
謹賀
朴葉
古窯
甚句
水琴
鼻汁
襟足
献呈
難渋
寮長
尊崇
釣鐘
亜門
襟首
茶漬
竜頭
索道
痴態
浅漬
薫製
酒瓶
明倫
愉悦
邸内
逸失
併売
貢物
泰然
竜胆
激甚
猫舌
米酢
渦巻
白竜
刃傷
藻塩
放逐
浄財
廃番
薫陶
奉献
窮乏
軟便
人垣
併存
角栓
惨禍
軟部
儒者
砕氷
青竜
釣友
併結
鉢花
喝破
挿話
境涯
不斉
尚武
扶持
頻回
風洞
傘寿
拝謁
菌株
回旋
暗譜
荘内
猫砂
閑話
白刃
出棺
臭素
木琴
詔書
自邸
偽書
嫡流
斎王
進塁
脱硫
上忍
賓客
清祥
硬軟
卵殻
拘泥
肌寒
貧窮
寮歌
漆芸
上弦
艦首
詔勅
銘仙
豪壮
媒質
白肌
閑居
雪洞
枠順
私邸
製缶
混紡
惰眠
恭順
廃熱
学寮
病診
偏心
下弦
併行
戦禍
附録
鏡筒
釣瓶
駄馬
剛体
撤兵
凸部
後肢
靴音
歯磨
母猫
竹垣
真核
首肯
学閥
韻律
舶用
大瓶
軟派
落慶
挟撃
残塁
寛仁
青垣
竜骨
頻脈
勲功
駄賃
鉢底
麻黄
地租
挿画
山猿
憤死
謄写
猫又
合繊
蛇紋
覇道
外患
虚妄
猫目
妄執
飛蚊
粘菌
厄神
存廃
杉板
拙作
選奨
醜聞
庶子
前肢
姻族
小猿
玉垣
替刃
剖検
奉還
吟詠
漁礁
時宜
生菌
魚礁
献納
漸進
廃虚
枠線
偽計
湯沸
泥土
黒漆
参禅
柔肌
棟札
義憤
酪酸
累代
都督
献本
享有
衷心
剛腕
周旋
暁星
統轄
食酢
患児
臭化
乗艦
併催
黒竜
森羅
軍靴
殊勲
保菌
把手
殉難
乳汁
外殻
拙稿
拙文
当塾
塁間
猿山
番傘
竜門
開廷
献体
海竜
偏執
国慶
癒合
午睡
水鉢
土鈴
献策
怪傑
租借
銃後
押忍
大鉢
泥流
遮水
女傑
塁審
菌体
泥岩
剛直
軸索
亜科
淑徳
繊毛
紡糸
悠然
逓減
頑健
培土
洞内
仙女
硝煙
准尉
図譜
口渇
貞淑
劇症
通塾
江湖
着艦
調弦
元栓
霜降
経塚
寮母
寡聞
患畜
但書
麻実
融着
漠然
右隅
色盲
青臭
還俗
頑迷
嗣子
漸減
勅許
禅譲
武勲
快癒
慶祝
邸跡
災禍
左隅
斎行
旋法
概括
人倫
拙攻
内偵
憤激
透徹
空疎
管弦
戻入
女囚
翼竜
海猫
韻文
無銘
寮費
網棚
開扉
雪柳
臭覚
廃用
抄訳
麻袋
仙腸
銘記
美醜
擬制
津液
天涯
泰斗
無窮
儒家
憂愁
爆砕
鉢形
偏波
彰義
堀端
下忍
禅語
外溝
種菌
神竜
陸曹
斗瓶
杉材
死臭
片刃
宮邸
遷延
争訟
彫塑
奇矯
成猫
赤枠
上溝
軟体
亜目
権衡
虜囚
徹甲
隅角
乾漆
釣銭
菌数
核燃
附子
孫呉
減俸
板塀
伯仲
併科
禅院
茶筒
中忍
拙僧
賜杯
叙任
大筒
壮烈
銘品
官幣
壮健
塑像
土竜
茶殻
苦汁
寄棟
蛍火
反騰
海蛇
筒型
舟艇
不祥
漆塗
剛力
駄弁
日伯
初霜
奉斎
呉竹
誓文
山懐
猫柳
兵曹
窯変
菌根
酷薄
貯槽
連騰
坪数
狂奔
丙午
頻拍
捕囚
壮士
醜女
連珠
練磨
三猿
脳汁
梅鉢
維摩
手肌
附票
肌理
懐胎
蛇神
老荘
藩閥
駄犬
凸版
公租
台枠
石塀
仙洞
廃園
壮快
伯楽
廃坑
本艦
雲竜
艇長
盲検
棟内
周溝
徒渉
短銃
核内
禍福
家猫
銃火
仙境
硝化
上靴
病症
塾頭
艇庫
酢水
皇妃
竜飛
側索
棟木
碁聖
元勲
本症
賜姓
偽薬
摩羅
争覇
荘重
麻糸
厄災
三弦
靴店
僚機
受忍
附加
呉音
懐刀
詰碁
繭玉
喪家
薪窯
艦名
諭旨
逐条
艦尾
砲艦
老翁
国賠
口琴
厄日
併給
新患
酷寒
出刃
詐術
猫型
津津
糾合
盲従
廃除
猫足
慶賀
抄紙
大艦
棟数
偽作
砂泥
迷妄
席亭
遍在
密栓
渉猟
俊秀
家譜
御柳
予診
矢筒
亜型
継嗣
加硫
騰貴
魔竜
天羅
廃置
釣針
附置
多羅
親猫
謹啓
泥臭
軟鉄
洋傘
悠悠
寮内
奉幣
空缶
塊茎
銘醸
中垣
還幸
貞節
唯心
悪疫
迅雷
大慶
建坪
窃取
小猫
堕天
採譜
斉射
巧拙
本厄
枠連
凶刃
山渓
香酢
遊悠
偏平
仙郷
秘抄
泥縄
漸近
油槽
乱麻
津浪
仙術
歌垣
脈診
前厄
神韻
陥入
併任
献灯
視診
旅愁
窮迫
閑人
升目
褐藻
一泡
清渓
擬古
逸物
庶流
憤然
熊猫
詰襟
蛍雪
褐変
疎林
老猫
衡平
深甚
謹厳
本邸
懸架
塚山
茶渋
汗臭
廃炉
同妃
乳鉢
涼味
炭窯
参酌
門閥
星霜
媒染
併録
悪弊
開襟
後厄
廃家
金瓶
木棺
懸想
勲位
春暁
謹呈
叙位
和琴
金泥
原核
漸増
懐徳
併置
肥培
手酌
弔意
竜兵
廃船
附記
自艦
鉄扉
住棟
等閑
記譜
薬缶
硫安
充用
塩漬
堀跡
鉢植
閑職
金竜
懐剣
角瓶
霜害
喪神
放逸
駅逓
発艦
硝石
潮汁
寡作
菌種
花鉢
逓増
逐語
私淑
擬装
斉一
傑物
旧弊
叙階
尚侍
消泡
春愁
弓弦
東遷
放銃
拙劣
妄念
履帯
春宵
塁上
地溝
僚船
興廃
大宰
斎院
酢物
水堀
冷汁
甚六
船艇
吟遊
附設
痴話
蛍石
杉玉
押韻
旅荘
猫草
例幣
悠遊
電顕
玉竜
従僕
底泥
搾汁
妄語
銃床
筋症
竜種
浄書
尉官
刃文
遷化
披針
緑藻
泡状
逸文
刃紋
旋削
堀池
貞心
疎明
魔羅
外筒
玉璽
痴情
旧邸
植菌
減耗
銃座
塗抹
待宵
悲憤
窯場
旧譜
渋面
懐旧
十傑
根鉢
摩滅
中扉
江山
栽植
仙界
薄刃
麻縄
音譜
安閑
忍冬
酒仙
廷臣
鉢土
斎主
茎頂
堀割
角竜
服喪
刻銘
顕性
代診
慶福
瓶子
各棟
廃嫡
糾明
懇請
美粧
艦体
内筒
禅林
准看
太枠
錬磨
猶子
譜例
貴妃
督励
醜男
防刃
雪肌
刃部
艦爆
疫神
銃創
元宵
泥田
摩尼
黒枠
後逸
菌核
非訟
寡兵
艦攻
廃酸
枢要
春慶
真麻
廃位
軽侮
単核
還御
忍辱
研摩
添附
有症
熱核
軟毛
買戻
脱亜
雌猫
新艇
増枠
雲泥
大猿
美猫
痴人
遍照
勅諭
愉楽
渓山
木靴
艦種
前栽
空瓶
殉国
同枠
軟性
大喪
防塁
分屯
全艦
幣殿
花珠
附随
偏位
安逸
詐害
覇業
湯槽
懸魚
禅堂
雄猫
赤猫
糸杉
説諭
厚朴
月琴
桟道
叙景
脱硝
亜炭
得喪
宝瓶
巨艦
御璽
廃藩
醸酒
中棚
安祥
鉄琴
騰勢
顕教
窮余
累乗
呉越
青猫
老杉
唯今
下枠
各艦
献杯
海曹
端渓
遅霜
漸化
併読
凸型
方偏
茎数
勅書
臭味
通暁
太尉
枠材
渋染
多核
新涼
抹香
製靴
松韻
完徹
校尉
白猿
併映
挿木
大柳
逸走
凹面
胸襟
薫香
森閑
凹地
嫌中
屯倉
雄壮
損賠
魚竜
春泥
風琴
麦汁
患難
生漆
筒部
余弦
緑泥
雲斎
恭敬
鈴口
侮日
弦月
猫毛
廃仏
泥質
泥状
増患
泥中
下隅
在銘
閉廷
艦戦
造幣
大厄
凹型
暁天
麻混
詐偽
鈴懸
窮極
陥凹
附表
画塾
男臭
同艦
花傘
塾員
仙薬
患側
剛球
漆工
軟鋼
筒先
猫語
興禅
釣舟
舌禍
正妃
上隅
誓詞
北棟
偽悪
喪章
本譜
融液
甚助
薫物
核子
上槽
南棟
閑寂
潔斎
退廷
逐電
筆塚
茶亭
丙種
防菌
尿症
岩棚
山窯
寮監
磨製
同慶
渦流
迎賓
鋼索
繭糸
僚友
棚機
忍従
不偏
老醜
尿瓶
清閑
紅殻
併載
一尉
併修
筒形
緒言
皿鉢
村荘
軟白
衡量
予鈴
釣糸
巨竜
唇弁
退寮
赤竜
還相
蚊遣
累犯
髄核
中瓶
叙事
日附
禅門
悠基
献辞
感懐
猫飯
后妃
勅旨
畝間
祥雲
係累
凹版
深鉢
出稼
渦状
銃猟
懐手
薬瓶
焼杉
有茎
少壮
僧尼
呈茶
竜眼
黒塀
外旋
石塁
献堂
泥船
多汁
猿若
霊枢
斎戒
累次
大喝
附着
旋光
暁光
築窯
浦里
披講
東棟
朱漆
唯我
厄病
原猿
洞院
早逝
窮民
勲等
凹状
襟巻
内廷
地竜
蛇皮
砕波
抄造
子猿
枠数
拙論
読譜
襟章
足駄
渋茶
葉茎
翁草
総枠
桃缶
将帥
尚古
貢納
茎茶
渇愛
詐病
泰西
懐炉
水茎
入廷
金枠
崇文
泥道
陸尉
僚艦
嫌嫌
邪竜
繊度
顕熱
魚偏
惰弱
内旋
西棟
金塚
俊才
国璽
師叔
球茎
枢密
呈色
凸面
魚臭
霜夜
受勲
貞女
禅的
杉皮
渓畔
片麻
吸汁
磨墨
記銘
枠番
登窯
麻紙
出隅
粛然
玄翁
造礁
醜状
銃眼
枢機
清汁
荷駄
油臭
筒内
肉茎
都尉
進貢
軟投
唐桟
禅尼
大剛
短靴
褐炭
累層
曹達
傘屋
密勅
質朴
挿図
鈍麻
頻用
激臭
本菌
猫族
肌目
荘田
望診
日嗣
早暁
蛇女
泥地
剛勇
尼公
廃版
廃鉱
端艇
大竜
神諭
腹症
寡頭
紙筒
奔馬
風韻
払暁
開塾
抄出
元妃
閑雅
猫車
厄難
凸状
千塚
禅学
刃長
廃帝
私憤
飛曹
偏角
海泥
求核
印譜
建艦
償金
花筒
操艦
駄句
剛胆
液汁
真猿
前扉
銀鈴
金蛇
軟腐
廃刀
珠数
嫡孫
缶入
靴墨
礁湖
壌土
旋毛
上枠
吟社
勅額
神璽
糸柳
幣束
二尉
黒蛇
経筒
総譜
碁会
族譜
碑銘
芋茎
洪積
国幣
渇仰
沸石
竜脚
帰艦
軟球
揚琴
大棟
隠忍
謹言
卵肌
暁月
増槽
猿顔
弦音
艦底
蛇穴
丸襟
後嗣
呉汁
家塾
砕土
苦衷
丙子
法嗣
斉王
酢漬
隅部
降霜
紅藻
壮挙
人偏
竜華
戦渦
懸隔
鳥竜
官窯
盆棚
福猫
幽囚
耳塚
泡立
倒叙
縦溝
釣技
東漸
木偏
廃疾
戻橋
傘袋
嗣業
対症
核出
内核
靴跡
浄火
神杉
蛇王
炎竜
詩抄
亜属
大患
夢猫
蚊柱
前核
情痴
脚韻
大珠
三尉
柳都
蛇尾
鬼殻
三献
弔詞
欧亜
塾講
試釣
擬木
怪猫
入釣
顕密
獣疫
閑談
妄説
挿花
入洞
茶猫
唯美
肌水
深閑
退艦
偽膜
土窯
雪譜
名窯
余慶
五倫
琴柱
偽金
升麻
因循
顕揚
棚下
内殻
竜舞
浅鉢
悠揚
起泡
色漆
物臭
馬鈴
訟務
駄本
衆寡
釣合
精索
累年
愛銃
杉菜
朱泥
減菌
休閑
繁閑
酌婦
廃立
整肌
督戦
短艇
減摩
漆絵
中栓
核膜
木鉢
海尉
汁液
昇叙
門塀
升形
租鉱
舶載
画譜
不磨
軟岩
窮境
蛇体
含硫
小溝
銘花
銃兵
奮迅
麻地
捕逸
玉繭
艇身
水偵
矯風
露顕
艇速
一竜
本棟
印泥
升米
女仙
家宰
譜法
単艦
鉄鉢
疎植
多肢
白泡
世嗣
群盲
生津
忍草
宵月
菌群
羅宇
茶瓶
蚊屋
竜騎
譜表
気韻
無涯
神垣
核果
併営
偽史
疎密
衣鉢
附図
発憤
窮奇
秋霜
広漠
銘刀
上棚
紡毛
前枠
拙訳
核力
窮理
月猫
禅者
竜剣
盲者
貝汁
独酌
陸棚
浦風
失陥
浄信
王塚
宰領
溝川
菌血
角逐
横桟
恋猫
褒状
泥海
練塀
蚊取
黄禍
逸出
独吟
豆汁
一肌
丸鉢
水藻
荘官
三曹
大詔
蛍袋
閑吟
升席
泡銭
桟木
竜女
貴顕
涼気
呈味
妄動
庶人
褐虫
弔花
偽典
繊月
寡夫
両艦
公妃
白枠
塀際
浄妙
唇形
媒酌
晩霜
懇望
盲僧
叙爵
閑暇
天麻
遊惰
平鉢
赤酢
浄衣
浄血
宵祭
排菌
大扉
活栓
抗核
本俸
誓紙
男汁
黄麻
詩仙
青枠
後患
双刃
呼鈴
殻長
菌液
仙丹
奉呈
泥染
消渇
縦枠
銀猫
対償
奉遷
献眼
油症
租特
遍満
悠遠
虞犯
権帥
南禅
累増
梅漬
堅忍
風媒
鈍磨
枠工
艇内
河伯
偏流
索漠
外刃
柳腰
竜口
慶寿
勲記
累加
誓言
鼻栓
貞潔
廃都
猿石
靴型
皮靴
渋紙
溶菌
猫板
斉家
棚氷
唯信
柳営
置碁
露霜
鉄枠
仙翁
入隅
桃核
罷出
光刃
山繭
逓送
空尉
帰塁
土臭
汚臭
緒論
禅画
焼刃
集患
霊璽
京津
痴愚
造艦
僕射
写譜
俊傑
当荘
鐘銘
紡機
渓水
提琴
列侯
広壮
筒子
款項
靴先
塾代
飼猫
羅天
醜業
卒塾
寝棺
偽称
遊吟
醜怪
遍昭
核熱
女偏
銃手
藩儒
閑古
表慶
古塚
磨滅
封禅
銀泥
琴座
金鈴
逸楽
苦吟
船殻
泡雪
幻肢
邸前
伯領
逓倍
飢渇
宵待
宮垣
取戻
罷業
親疎
酬恩
白泥
御寮
缶汁
公憤
御慶
城塁
附合
満珠
披見
碁敵
逐年
釣書
准后
追懐
蛇革
唇音
酒槽
摩天
石刃
刃筋
頒価
患肢
陪塚
猿神
逓次
頭韻
味覇
肌面
茎菜
猿害
生酢
惰力
田紳
軟条
懸仏
休廷
釣客
泥坊
稼得
儒仏
艦影
差戻
片肌
軒猿
禅家
偏移
附与
鳴弦
切診
遊仙
低臭
乾酪
禅味
犬儒
最頻
朝霜
騰蛇
猿面
特薦
靴裏
酒臭
酷電
塾主
珠芽
外挿
竜笛
松琴
正嫡
猫顔
剛気
猫額
岩垣
下附
亜鈴
閑却
仙花
下緒
弔鐘
閑閑
痴気
殉情
懇志
阻喪
丙申
泡影
壮丁
天壌
食缶
回盲
手偏
挿頭
健祥
半盲
溝跡
白珠
霜雪
空曹
弔文
回勅
謹告
伏竜
禍事
柳桜
囚徒
坪量
平叙
泥足
蛇身
水蛇
筆禍
薫蒸
垣間
猫脚
均斉
黄竜
杉葉
電鈴
謙抑
汚肌
遷幸
砕岩
画仙
累算
民窯
共沸
蛇矛
登仙
嫌米
円唇
呉書
血臭
患家
無核
茶棚
姫塚
風伯
精汁
塑造
殿塚
殻斗
馬寮
主茎
祥月
樹肌
悲愁
惨酷
臭液
下僚
新柳
棚割
乳臭
強剛
核型
方伯
花殻
扉口
升酒
累損
渦動
索条
煙筒
尚歯
角鉢
特融
猫手
鉢皿
顕名
銘銘
扶翼
皇嗣
併入
圧砕
軍帥
蛇管
眼症
弊風
糸偏
被殻
病弊
稲塚
尿臭
釣手
銃隊
柳色
廃艦
延坪
泥壁
唯唯
殉愛
友垣
釣台
庶幾
駄駄
粛軍
砕片
竜脈
牛疫
離礁
肌力
印璽
通弊
懇情
浄福
併称
禅室
条溝
塁壁
孤塁
疫痢
偽経
雨靴
抄物
暴戻
廃退
扶植
奴僕
爆窃
崇仏
夏肌
貢租
偽色
紅竜
羅針
内懐
祈誓
亭号
官爵
偽王
巨核
硝安
輪禍
缶底
田租
羅城
水砕
公賓
勅勘
軟膜
煙硝
薫煙
一廃
塾名
銘版
山洞
吟唱
船艦
茎先
新邸
糾問
古拙
白襟
曲譜
花仙
鼻唇
款名
韻脚
白杉
忍刀
上履
吐竜
月俸
貢進
謹直
除臭
旋転
秋涼
偏奇
外核
微睡
乳酪
達摩
有核
初窯
孤愁
家僕
廃滅
亭侯
速醸
暁雲
鋳肌
迭立
航艦
入貢
隠逸
米杉
苦患
空閑
仮枠
汽缶
懐郷
貴紳
総轄
脱殻
蚕棚
矢塚
整斉
銀傘
遺詔
菌量
解砕
野猫
釣殿
別抄
奇禍
逸事
盲導
儒官
塚穴
寝刃
排泥
蚕繭
核的
個艦
碁界
嗣法
拙守
振鈴
朽廃
離塁
朱唇
浄罪
塩析
還住
来診
藻草
空漠
窮鳥
隅丸
必釣
金偏
抜殻
消閑
累卵
霜花
壮齢
黒肌
艦政
口偏
江辺
曹士
保塁
儒生
側扉
帰寮
憂患
浄行
老壮
早碁
蛇性
忠僕
顕然
酢卵
死菌
幹肌
傑僧
連衡
殉節
続騰
二曹
肌感
賠責
廃兵
好尚
五覇
金幣
撃砕
醜行
叙法
盲動
退塾
告諭
中枠
窯主
軟飯
潜竜
飢死
塩汁
竜蛇
飾棚
古漬
韻書
洞道
斎庭
地核
暁鐘
忍苦
閉扉
駅鈴
入棺
製麻
罷工
繰戻
崇祖
老尼
賜金
缶内
懇篤
嫌忌
禅風
廃語
竜脳
浦波
廷吏
隅柱
旋網
附議
渋色
披裂
回析
麻畑
呈上
耳殻
泥色
痛憤
斎会
併有
盤渉
田翁
酷刑
索然
小蛇
披歴
水禍
炎蛇
索具
虫偏
尚友
亜聖
開析
懸橋
猿子
採泥
石枠
刃幅
衷情
壮美
涼秋
突沸
曹司
書痴
逸機
釣橋
奉勅
呉下
献詠
臭木
麻取
蛇柄
吸江
和猫
禍害
浄楽
棟別
鉢金
賢俊
缶切
殉葬
疎略
猫女
窯内
偉勲
結索
抽挿
幣制
諸肌
泥砂
顕色
剖出
寮舎
渋渋
肯認
障泥
透塀
送呈
渓声
赤漆
青麻
塾舎
逸散
扉裏
剣禅
正銘
韻母
土偏
酷吏
割戻
千緒
土肌
渡伯
重患
翁舞
廷内
銘鑑
附会
抗拒
人傑
垂柳
霜葉
打弦
巨杉
持碁
火砕
刃口
巣枠
雲珠
筆筒
剛強
碁所
壮途
実艦
解撤
献物
宵寝
半睡
軟座
韻字
懲悪
磨石
雲肌
庶政
池亭
夜盲
塾中
擬声
誓書
竜天
愁思
窃視
洋琴
局麻
禍神
木履
茶禅
裕度
女猫
弊館
祥福
盲愛
風霜
奔騰
匠塾
霜天
鉄索
石核
亭子
違棚
奈麻
老僕
謹聴
棺内
自賠
稼行
鳥銃
石棚
勅選
磨砕
参稼
連吟
賞勲
漸新
琴糸
顕界
天爵
間充
平棚
原藻
唯仏
逸民
捜一
偽印
偽足
地刃
叙説
仙籍
刃元
花譜
顕一
不堪
列仙
打栓
撃壌
金珠
履践
芽柳
砕米
木栓
恭賀
幣物
藩侯
内患
朴歯
傑人
母猿
貞門
激憤
老猿
押弦
頑是
火筒
陶棺
繊手
俗臭
漬菜
勲爵
応竜
摩損
附言
顕幽
琴曲
蛇毒
銅羅
大儒
小閑
勅任
顕官
弾琴
肺患
刀刃
高吟
顕職
斉民
艦群
醜名
玉珠
竜尾
挟箱
苦厄
斎日
勅号
江畔
衆庶
奥襟
後肌
憂憤
襟裏
秀吟
勅定
和衷
勅題
疎隔
逸史
仏勅
封泥
弔旗
図顕
自叙
芋汁
赤杉
黒靴
銃把
本誓
酸茎
暁方
彫漆
扉側
金猫
夕涼
洪範
開傘
畝幅
土漠
寡言
女忍
追窮
剛腹
屯営
繊獣
堕罪
我浄
酷烈
擬死
麻裏
殻頂
朴刀
併立
北隅
石琴
分轄
君侯
賞賜
青窯
媒材
白靴
馬槽
江水
飾緒
閑地
牛酪
荷棚
授爵
赤肌
渦糸
呈出
急診
機捜
翼弦
鈴掛
隅肉
糸枠
絵肌
庭隅
登竜
廃合
安禅
指診
焼戻
盲進
閉殻
柳花
湯漬
機宜
修禅
大幣
洞然
真症
郷紳
駄温
涼夜
廃県
雪蛍
肌膚
薬臭
耗弱
火偏
車枠
追弔
寡少
読唇
打碁
除霜
筒音
鉢数
靴工
杉折
主顕
花忍
扶正
浄域
渓間
寛厚
瓶口
小棚
礁池
石肌
騎銃
布靴
耐摩
白麻
亭亭
違勅
若肌
所懐
核質
気附
長逝
混醸
収繭
玄竜
病患
併進
青蛇
一曹
盲児
英艦
黄肌
壮図
羅文
家扶
核外
屯集
軟泥
在廷
斎服
紳商
桟留
箱柳
蛍草
石偏
尾筒
餓飢
荒漠
杉重
卒寮
黄汁
訓諭
衛尉
暴竜
雅叙
艦齢
喪心
茎節
弔歌
禅話
属僚
核化
寧日
腐儒
離艦
泥絵
矯激
隠顕
魚棚
菌界
父猫
台襟
懸造
鯨塚
筒口
赤蛇
沈吟
原索
閥族
拝呈
水霜
薫習
泥層
廃市
人爵
紅唇
涼性
漆液
開披
生繭
縦渦
抱懐
桟俵
銃傷
塁状
飢寒
乾繭
受附
筒鳥
令嗣
羅紋
主索
外扉
疎漏
謹書
恭謙
儒林
漠漠
繊弱
詐話
壮志
遍計
宜秋
師伯
桜漬
海蛍
皮溝
砕破
顕国
茎立
柳芽
黒泥
悼辞
仙髄
喝道
盲判
在伯
法幣
愁嘆
聖仙
竜灯
内槽
禅房
学僕
洪恩
早霜
煩多
犬臭
襟髪
闘竜
雪靴
充員
献言
徹宵
勅裁
幽愁
毒刃
廃石
熊棚
花唇
愁然
近麻
謹白
擬製
際涯
訟廷
正診
謹厚
北寮
造顕
渓口
擬革
艦外
貞婦
乱刃
泥川
朴直
刃渡
手懸
木棚
菌食
谷懐
銃丸
水溝
拙悪
放吟
愛妃
竜池
小筒
木塀
拐取
天汁
増菌
単枠
立琴
仮睡
絹傘
棟門
素懐
寛典
畝織
艦側
仙客
敬謙
満遍
懸詞
丸枠
平刃
大屯
奨金
対診
帥宮
傑士
購求
名渓
叙上
斉軍
拙筆
襟度
愁色
壮語
伏鉢
泥靴
名吟
凸起
切韻
薬粧
襟先
駄物
准母
拙戦
邸外
儒医
恭倹
玉琴
出瓶
和臭
水塚
紙肌
梅瓶
今暁
蛍狩
寛厳
琴歌
菌状
勘忍
天倫
偽電
甘汁
同韻
板扉
泥化
嫡妻
宅診
鉱泥
瓶類
積弊
古靴
別懇
多祥
朗吟
赤核
漆紙
還送
浄業
神鈴
喪葬
神蛇
襟口
循行
遷任
洪大
薬棚
害菌
韻鏡
懸子
鉄拐
小括
偏導
渓床
確診
彰徳
遮風
宰判
溝板
衣偏
儒臣
松杉
倒懸
奔出
雪盲
妄人
東寮
賜暇
将曹
共栓
田荘
虫媒
韻尾
麻幹
姫蛍
下履
壮者
渋扇
朱儒
両江
鉢型
弊履
旋条
朝涼
凸坊
脳溝
弊政
竜盤
禅法
顕生
寡人
邪仙
菊鉢
猫頭
閑適
木銃
片偏
惰気
味盲
猿滑
窯炉
文藻
襲爵
耐刃
邸地
旗亭
和紡