委員会
自動車
自転車
主人公
図書館
研究所
商取引
出来事
地下鉄
事業者
委員長
研究会
飲食店
世界中
歯医者
真面目
大学院
研究者
市役所
事業所
期間中
旅行記
問題点
日本酒
写真集
正社員
理事長
医薬品
研究室
発売日
代理店
有名人
運転手
商品名
動物園
今年度
体育館
当事者
太陽光
全日本
発表会
次世代
同級生
勉強会
暗号化
運動会
中心部
新商品
文字列
所有者
定休日
短時間
代表者
美少女
組合員
医学部
理事会
水族館
予定日
化合物
用語集
日用品
事実上
交流会
発電所
主題歌
登山口
下半身
家庭用
大部分
代理人
電話帳
短期間
取引所
会社員
回答者
相談所
工作員
先進国
県知事
知名度
全世界
来年度
一時期
放送局
集中力
取引先
文化祭
研究科
発売中
野球部
注意点
科学者
使用者
写真館
公開中
作曲家
遊歩道
漢方薬
四半期
長期間
少子化
遊園地
大使館
乗用車
開発者
予想外
研究員
大都市
生放送
意見書
古本屋
写真家
上半身
三味線
歩行者
出身者
多様化
前年度
安心感
出身地
仕事中
実用化
真夜中
本年度
近代化
教習所
生物学
旅行者
起業家
工事中
入学式
問題集
商品化
代表作
一人旅
正当化
動植物
植物園
思春期
作品集
活動中
大集合
海岸線
一体化
相手方
期間内
部活動
事業主
小売業
様子見
来場者
本部長
地上波
開会式
都市部
自動化
生活者
上級者
物理学
自由度
新発売
工学部
練習場
合理化
仕事場
進行中
開放感
待合室
生意気
研究家
生命力
手作業
登山者
作業員
風物詩
放送中
他人事
教育長
人気者
部屋数
感想文
農作物
町役場
安定感
安定所
新年度
意地悪
古事記
科学館
中古品
作業中
農作業
行動力
開発中
小動物
原動力
学園祭
歯科医
原作者
元首相
花言葉
文学部
都知事
音楽祭
安定化
内定者
電気代
具体化
出発点
自由化
家庭内
開始日
文庫本
一部分
真正面
作業所
七福神
第一線
白血病
野球場
注目度
高度化
相談員
顔写真
新登場
合言葉
小道具
食事会
生命体
耳鼻科
出発日
次回作
後頭部
運動場
親近感
落語家
体育祭
活動家
地球人
上半期
体育会
新時代
外科医
大公開
学習者
心意気
活発化
等身大
使用人
交通局
身勝手
相談者
三十路
定食屋
運転者
日記帳
万年筆
同年代
高速化
予定者
乗組員
作品名
角部屋
運転中
決算書
発送日
同時代
仕事人
中長期
新世界
同業者
絵葉書
農業者
開始時
配送先
小部屋
茶道具
進学校
練習中
弱体化
多方面
正会員
仕様書
注文日
電子化
着心地
歩道橋
高感度
開業医
発行者
休館日
大流行
役員会
間取図
水平線
美少年
配当金
工作物
事業化
一本化
福音書
工業用
期待感
実業家
見放題
新学期
世話人
前夜祭
北西部
向上心
手荷物
高級車
温度計
事業場
教育者
実力者
地平線
想定外
白血球
落花生
予定表
一元化
理学部
入場者
集合体
練習会
屋形船
新世代
用水路
人一倍
子宮内
流行語
思想家
県内外
南西部
文学者
赤血球
行進曲
大都会
作業場
血小板
作曲者
表面化
転校生
定年後
細分化
北東部
学会員
十字路
都心部
次年度
実生活
寺子屋
文学館
宿場町
年度内
集客力
地理院
氷点下
談話室
計算式
定形外
数学者
同行者
農学部
発起人
玉手箱
社会部
家庭科
使命感
手仕事
進行形
全国区
病原体
洋食屋