可能性
事務所
基本的
個人的
大統領
美術館
居酒屋
弁護士
保育園
消費者
本格的
事務局
報告書
新幹線
公務員
活性化
政治家
保護者
不可能
経営者
効果的
出版社
消費税
文化財
講演会
精神的
芸能人
経験者
美容室
営業日
税理士
歴史的
証明書
保険料
未経験
所在地
技術者
投資家
総合的
必要性
安全性
指導者
営業所
印象的
責任者
編集部
政治的
不適切
伝統的
出演者
不可欠
美容院
製造業
講習会
国際的
効率的
重要性
建築物
方向性
工務店
最大限
現時点
民営化
正確性
現実的
技術的
保育所
留学生
半導体
幹事長
資料館
年賀状
無意識
決定版
建築家
航空機
最低限
自家製
非公開
犯罪者
精神科
高品質
予備校
研修会
新製品
交通費
個性的
対象外
主義者
業務用
最寄駅
教職員
典型的
低価格
実質的
保険者
対象者
説得力
編集者
編集長
暴力団
会計士
高血圧
救急車
総選挙
高性能
多様性
高画質
質問者
居心地
利便性
効率化
小麦粉
日常的
人件費
支持率
管理費
非表示
入居者
有意義
香具師
非営利
機能性
保証金
無責任
方程式
準決勝
管理職
最小限
医師会
血液型
居場所
建造物
生産性
不利益
絶対的
再開発
再利用
芸能界
人間性
強制的
基本法
建設業
保健所
建築士
所得税
安定性
最適化
想像力
本質的
戦略的
直接的
競技場
合格者
技術力
基準法
解像度
限定版
最新版
情報量
栄養素
栄養士
保証人
保険金
留守番
個人差
参加費
右衛門
準備中
指導員
出版物
芸術家
保育士
日本製
美容師
構造物
過半数
高機能
情報化
全国版
法人税
製作所
申告書
番外編
絶好調
有効性
合唱団
基地外
婦人科
予約制
授業料
体験版
非常識
関連性
消防団
価格帯
不快感
機能的
受賞者
資本金
限度額
情報局
世界史
無条件
生活費
助教授
食中毒
似顔絵
在学中
停留所
災害時
標準的
世紀末
事業費
常識的
表現力
支持者
構成員
支部長
再起動
感情的
相続税
内容量
現在地
神経質
組織的
労務士
乗務員
有用性
過去問
標準化
保険証
出張所
受講者
未対応
関西弁
調査会
非正規
移動中
精力的
前年比
紀元前
共益費
新技術
衛生士
能力者
市職員
国際化
報告会
所得者
女性用
資格者
会員制
絶望的
精神病
適正化
付属品
相当額
有識者
本格化
平均的
祖父母
住民税
研修医
不可解
感受性
清潔感
再発見
短編集
新世紀
罪悪感
寄生虫
保険法
年会費
美術品
同性愛
多機能
招待状
消費量
検察官
支配人
意識的
関係性
現行犯
武道館
自衛官
救世主
予告編
経歴書
無防備
合計額
雑貨屋
正常化
酸化物
修道院
自給率
研究費
製作者
研修生
不規則
居住者
雑木林
精神力
無表情
不合格
気管支
整合性
非日常
守護神
無制限
構造的
助産師
工事費
事業団
責任感
低所得
業務上
現代的
非課税
総集編
全体像
支配者
運転士
低気圧
自営業
義務者
評議員
注意報
通気性
成長率
断熱材
現金化
社労士
代議士
増改築
知識人
史上初
防止法
飛行士
雑記帳
明確化
制作者
武士道
寄付金
停止中
志望校
中国製
受容体
失業率
流動性
正当性
逆効果
国際法
弁護人
保健室
判断力
新機能
保留中
演出家
複数人
不整脈
無所属
解決法
組織化
暴走族
金属製
求職者
刊行物
人物像
植物性
支店長
社会性
調教師
支配下
感謝祭
新人賞
行財政
芸術的
不条理
光熱費
製品名
効果音
受講料
在校生
弁当箱
再発行
田舎者
留意点
国際線
再評価
財務相
在来線
合理性
安保理
非公式
好印象
設計図
製品化
暴力的
具現化
製造元
禁止法
対象物
実用性
直営店
停車駅
競技会
評議会
標準語
法務局
解説書
事務員
性犯罪
測定器
芸術祭
栄養価
利益率
読解力
許可証
文学賞
特別賞
保証書
営業部
正義感
仮想化
記者団
複合機
教育費
消防車
統計的
解説者
備長炭
告別式
保守的
少年団
予備軍
同一性
合格率
感謝状
投票率
義務化
無造作
大前提
受益者
美意識
事務室
成功率
輸出入
建設的
市民税
新興国
弁護団
保健師
構造体
資料室
主任者
基地局
調理師
大動脈
必然性
複数回
高学歴
職員室
容積率
調査員
衛生的
授賞式
演技力
原則的
面接官
限定的
輸入車
資料集
小型化
不適当
道州制
事故死
高評価
自意識
調査士
健常者
集団的
総務部
弁理士
物質的
予防法
営業中
総務課
氷河期
中性子
独自性
準備金
無修正
登録制
情熱的
現代語
一体型
委任状
再構成
婦人服
統計学
表示順
高気圧
確信犯
指導力
旧市街
総本山
地方税
自主性
団体戦
先天性
血液中
確実性
無機質
無限大
志願者
代表格
経営学
営業職
日程表
輸入品
得意先
直輸入
外断熱
学術的
高得点
現実味
主体性
公会堂
居住地
再出発
居住用
歴史学
性教育
得意技
実効性
最新刊
貸付金
個人名
張本人
現代史
養育費
博士号
政治学
近現代
非売品
混合物
大航海
公共性
議事堂
快適性
評価書
無効化
非線形
断続的
小型犬
過労死
事故車
定時制
無期限
総動員
高水準
保育料
大本営
動物性
競技者
演説会
気象台
低学歴
前日比
再生産
調査団