著作権
誕生日
障害者
看護師
専門店
担当者
専門家
容疑者
遺伝子
従業員
温暖化
郵便局
裁判所
大規模
冷蔵庫
子供達
選手権
経済的
私自身
補助金
価値観
航空券
放射線
展覧会
衆議院
展示会
映画館
存在感
検討中
危険性
専門医
候補者
演奏会
警察官
著作物
小規模
時刻表
同窓会
難易度
裁判官
経済学
宅配便
評論家
住宅街
警察署
皇太子
住宅地
映画化
領収書
専門的
忘年会
勤務地
情報誌
看護婦
立候補
裁判員
論理的
時代劇
筋肉痛
映画祭
最高裁
展示場
将来的
所有権
非常勤
生態系
写真展
提供元
危機感
乳幼児
一覧表
退職金
内視鏡
経験値
呼吸器
指揮者
再確認
神経痛
週刊誌
電磁波
加盟店
税務署
有権者
障害児
外資系
従量制
最優先
参政権
従事者
理論的
準優勝
温泉郷
乗車券
訪問者
特派員
宗教的
神秘的
接骨院
予約権
財産権
座談会
衆院選
探検隊
警備員
否定的
作品展
貴金属
勤務先
再認識
背番号
再就職
負担金
温泉街
官公庁
一段落
消防署
対処法
放射性
高収入
批判的
指揮官
小冊子
協奏曲
商品券
座布団
専門職
方法論
郵便物
土下座
創業者
代名詞
操作性
裁判長
脳卒中
情報源
収容所
脳神経
展示室
反対派
放射能
重要視
入場券
血糖値
宇宙船
全盛期
洗面所
整理券
危険物
権力者
純利益
上映会
優先的
専門性
博覧会
法律上
乳製品
少数派
諸外国
開幕戦
時系列
最盛期
平均値
金銭的
臨場感
感染者
特別展
深呼吸
就職先
納税者
諸事情
水蒸気
障害物
再検討
天皇制
純米酒
正統派
染色体
私生活
主導権
段階的
選挙権
未確認
優勝者
議決権
天守閣
心臓病
基準値
意欲的
死亡率
将来性
可視化
割引券
対応策
処分場
観覧車
演奏家
革新的
賃貸借
合衆国
大聖堂
独創的
問題視
備忘録
認知度
討論会
純資産
月刊誌
従兄弟
創造性
従業者
創造的
上層部
視覚的
体系的
勤労者
優等生
届出書
太陽系
実力派
形容詞
親孝行
広葉樹
映像化
加盟国
伝染病
遊覧船
反射的
探査機
優位性
創始者
進化論
定期券
生演奏
預言者
小論文
経済力
果樹園
深刻化
洗面台
危険度
生理痛
不純物
人形劇
将軍家
危機的
物産展
処理場
著作者
街路樹
再処理
退職後
特許権
宣教師
看護士
雨模様
下腹部
神経系
借地権
屋根裏
高密度
熱処理
来訪者
負傷者
総裁選
退職者
独裁者
四重奏
誕生会
創造力
貴重品
券売機
多数派
訪問着
演奏者
過激派
延長線
当日券
自尊心
広報誌
保存料
勤務医
異次元
展開中
呼吸法
革命的
経済性
担当相
参拝者
経済界
拡張子
死亡者
幼少期
大納言
針葉樹
目論見
横断幕
背景色
簡素化
負担額
復刻版
幼児期
未亡人
回数券
自衛権
批評家
担当医
水資源
深層水
降水量
収録曲
保守派
展示物
用心棒
同盟国
商標権
技術系